[2026-05-14T00:57:49.951+0000][gc,init] CardTable entry size: 512
[2026-05-14T00:57:49.952+0000][gc     ] Using G1
[2026-05-14T00:57:49.969+0000][gc,init] Version: 21.0.10+7-LTS (release)
[2026-05-14T00:57:49.969+0000][gc,init] CPUs: 2 total, 2 available
[2026-05-14T00:57:49.970+0000][gc,init] Memory: 3732M
[2026-05-14T00:57:49.970+0000][gc,init] Large Page Support: Disabled
[2026-05-14T00:57:49.970+0000][gc,init] NUMA Support: Disabled
[2026-05-14T00:57:49.970+0000][gc,init] Compressed Oops: Enabled (32-bit)
[2026-05-14T00:57:49.970+0000][gc,init] Heap Region Size: 1M
[2026-05-14T00:57:49.970+0000][gc,init] Heap Min Capacity: 1G
[2026-05-14T00:57:49.970+0000][gc,init] Heap Initial Capacity: 1G
[2026-05-14T00:57:49.970+0000][gc,init] Heap Max Capacity: 1G
[2026-05-14T00:57:49.970+0000][gc,init] Pre-touch: Disabled
[2026-05-14T00:57:49.970+0000][gc,init] Parallel Workers: 2
[2026-05-14T00:57:49.970+0000][gc,init] Concurrent Workers: 1
[2026-05-14T00:57:49.970+0000][gc,init] Concurrent Refinement Workers: 2
[2026-05-14T00:57:49.970+0000][gc,init] Periodic GC: Disabled
[2026-05-14T00:57:50.369+0000][gc,metaspace] CDS archive(s) mapped at: [0x00007fb60e000000-0x00007fb60ebad000-0x00007fb60ebad000), size 12242944, SharedBaseAddress: 0x00007fb60e000000, ArchiveRelocationMode: 1.
[2026-05-14T00:57:50.369+0000][gc,metaspace] Compressed class space mapped at: 0x00007fb612000000-0x00007fb652000000, reserved size: 1073741824
[2026-05-14T00:57:50.369+0000][gc,metaspace] Narrow klass base: 0x00007fb60e000000, Narrow klass shift: 0, Narrow klass range: 0x100000000
[2026-05-14T00:57:59.369+0000][gc,start    ] GC(0) Pause Young (Normal) (G1 Evacuation Pause)
[2026-05-14T00:57:59.370+0000][gc,task     ] GC(0) Using 2 workers of 2 for evacuation
[2026-05-14T00:57:59.415+0000][gc,phases   ] GC(0)   Pre Evacuate Collection Set: 0.44ms
[2026-05-14T00:57:59.415+0000][gc,phases   ] GC(0)   Merge Heap Roots: 0.11ms
[2026-05-14T00:57:59.415+0000][gc,phases   ] GC(0)   Evacuate Collection Set: 41.60ms
[2026-05-14T00:57:59.415+0000][gc,phases   ] GC(0)   Post Evacuate Collection Set: 3.16ms
[2026-05-14T00:57:59.415+0000][gc,phases   ] GC(0)   Other: 0.25ms
[2026-05-14T00:57:59.415+0000][gc,heap     ] GC(0) Eden regions: 51->0(44)
[2026-05-14T00:57:59.415+0000][gc,heap     ] GC(0) Survivor regions: 0->7(7)
[2026-05-14T00:57:59.415+0000][gc,heap     ] GC(0) Old regions: 1->3
[2026-05-14T00:57:59.415+0000][gc,heap     ] GC(0) Humongous regions: 0->0
[2026-05-14T00:57:59.415+0000][gc,metaspace] GC(0) Metaspace: 15443K(15680K)->15443K(15680K) NonClass: 13691K(13824K)->13691K(13824K) Class: 1751K(1856K)->1751K(1856K)
[2026-05-14T00:57:59.416+0000][gc          ] GC(0) Pause Young (Normal) (G1 Evacuation Pause) 51M->9M(1024M) 46.035ms
[2026-05-14T00:57:59.416+0000][gc,cpu      ] GC(0) User=0.02s Sys=0.01s Real=0.05s
[2026-05-14T00:58:00.934+0000][gc,start    ] GC(1) Pause Young (Concurrent Start) (Metadata GC Threshold)
[2026-05-14T00:58:00.934+0000][gc,task     ] GC(1) Using 2 workers of 2 for evacuation
[2026-05-14T00:58:00.971+0000][gc,phases   ] GC(1)   Pre Evacuate Collection Set: 0.53ms
[2026-05-14T00:58:00.971+0000][gc,phases   ] GC(1)   Merge Heap Roots: 0.05ms
[2026-05-14T00:58:00.971+0000][gc,phases   ] GC(1)   Evacuate Collection Set: 34.79ms
[2026-05-14T00:58:00.971+0000][gc,phases   ] GC(1)   Post Evacuate Collection Set: 1.29ms
[2026-05-14T00:58:00.971+0000][gc,phases   ] GC(1)   Other: 0.14ms
[2026-05-14T00:58:00.971+0000][gc,heap     ] GC(1) Eden regions: 17->0(50)
[2026-05-14T00:58:00.971+0000][gc,heap     ] GC(1) Survivor regions: 7->1(7)
[2026-05-14T00:58:00.971+0000][gc,heap     ] GC(1) Old regions: 3->10
[2026-05-14T00:58:00.971+0000][gc,heap     ] GC(1) Humongous regions: 0->0
[2026-05-14T00:58:00.971+0000][gc,metaspace] GC(1) Metaspace: 21243K(21504K)->21243K(21504K) NonClass: 18643K(18816K)->18643K(18816K) Class: 2600K(2688K)->2600K(2688K)
[2026-05-14T00:58:00.971+0000][gc          ] GC(1) Pause Young (Concurrent Start) (Metadata GC Threshold) 26M->10M(1024M) 37.117ms
[2026-05-14T00:58:00.971+0000][gc,cpu      ] GC(1) User=0.02s Sys=0.00s Real=0.03s
[2026-05-14T00:58:00.971+0000][gc          ] GC(2) Concurrent Mark Cycle
[2026-05-14T00:58:00.971+0000][gc,marking  ] GC(2) Concurrent Scan Root Regions
[2026-05-14T00:58:01.018+0000][gc,marking  ] GC(2) Concurrent Scan Root Regions 47.219ms
[2026-05-14T00:58:01.018+0000][gc,marking  ] GC(2) Concurrent Mark
[2026-05-14T00:58:01.018+0000][gc,marking  ] GC(2) Concurrent Mark From Roots
[2026-05-14T00:58:01.018+0000][gc,task     ] GC(2) Using 1 workers of 1 for marking
[2026-05-14T00:58:01.077+0000][gc,marking  ] GC(2) Concurrent Mark From Roots 58.945ms
[2026-05-14T00:58:01.077+0000][gc,marking  ] GC(2) Concurrent Preclean
[2026-05-14T00:58:01.077+0000][gc,marking  ] GC(2) Concurrent Preclean 0.021ms
[2026-05-14T00:58:01.077+0000][gc,start    ] GC(2) Pause Remark
[2026-05-14T00:58:01.082+0000][gc          ] GC(2) Pause Remark 10M->10M(1024M) 4.410ms
[2026-05-14T00:58:01.082+0000][gc,cpu      ] GC(2) User=0.00s Sys=0.00s Real=0.00s
[2026-05-14T00:58:01.082+0000][gc,marking  ] GC(2) Concurrent Mark 63.927ms
[2026-05-14T00:58:01.082+0000][gc,marking  ] GC(2) Concurrent Rebuild Remembered Sets and Scrub Regions
[2026-05-14T00:58:01.099+0000][gc,marking  ] GC(2) Concurrent Rebuild Remembered Sets and Scrub Regions 16.993ms
[2026-05-14T00:58:01.100+0000][gc,start    ] GC(2) Pause Cleanup
[2026-05-14T00:58:01.101+0000][gc          ] GC(2) Pause Cleanup 11M->11M(1024M) 0.258ms
[2026-05-14T00:58:01.101+0000][gc,cpu      ] GC(2) User=0.00s Sys=0.00s Real=0.00s
[2026-05-14T00:58:01.101+0000][gc,marking  ] GC(2) Concurrent Clear Claimed Marks
[2026-05-14T00:58:01.101+0000][gc,marking  ] GC(2) Concurrent Clear Claimed Marks 0.039ms
[2026-05-14T00:58:01.101+0000][gc,marking  ] GC(2) Concurrent Cleanup for Next Mark
[2026-05-14T00:58:01.138+0000][gc,marking  ] GC(2) Concurrent Cleanup for Next Mark 36.908ms
[2026-05-14T00:58:01.138+0000][gc          ] GC(2) Concurrent Mark Cycle 166.705ms
[2026-05-14T00:58:06.130+0000][gc,start    ] GC(3) Pause Young (Normal) (G1 Evacuation Pause)
[2026-05-14T00:58:06.131+0000][gc,task     ] GC(3) Using 2 workers of 2 for evacuation
[2026-05-14T00:58:06.164+0000][gc,phases   ] GC(3)   Pre Evacuate Collection Set: 0.29ms
[2026-05-14T00:58:06.164+0000][gc,phases   ] GC(3)   Merge Heap Roots: 0.06ms
[2026-05-14T00:58:06.165+0000][gc,phases   ] GC(3)   Evacuate Collection Set: 31.21ms
[2026-05-14T00:58:06.165+0000][gc,phases   ] GC(3)   Post Evacuate Collection Set: 1.61ms
[2026-05-14T00:58:06.165+0000][gc,phases   ] GC(3)   Other: 0.30ms
[2026-05-14T00:58:06.165+0000][gc,heap     ] GC(3) Eden regions: 50->0(45)
[2026-05-14T00:58:06.165+0000][gc,heap     ] GC(3) Survivor regions: 1->6(7)
[2026-05-14T00:58:06.166+0000][gc,heap     ] GC(3) Old regions: 10->10
[2026-05-14T00:58:06.166+0000][gc,heap     ] GC(3) Humongous regions: 0->0
[2026-05-14T00:58:06.166+0000][gc,metaspace] GC(3) Metaspace: 34277K(34688K)->34277K(34688K) NonClass: 30314K(30528K)->30314K(30528K) Class: 3962K(4160K)->3962K(4160K)
[2026-05-14T00:58:06.166+0000][gc          ] GC(3) Pause Young (Normal) (G1 Evacuation Pause) 60M->15M(1024M) 35.691ms
[2026-05-14T00:58:06.166+0000][gc,cpu      ] GC(3) User=0.02s Sys=0.00s Real=0.04s
[2026-05-14T00:58:06.768+0000][gc,start    ] GC(4) Pause Young (Concurrent Start) (Metadata GC Threshold)
[2026-05-14T00:58:06.768+0000][gc,task     ] GC(4) Using 2 workers of 2 for evacuation
[2026-05-14T00:58:06.804+0000][gc,phases   ] GC(4)   Pre Evacuate Collection Set: 0.30ms
[2026-05-14T00:58:06.804+0000][gc,phases   ] GC(4)   Merge Heap Roots: 0.08ms
[2026-05-14T00:58:06.805+0000][gc,phases   ] GC(4)   Evacuate Collection Set: 32.89ms
[2026-05-14T00:58:06.805+0000][gc,phases   ] GC(4)   Post Evacuate Collection Set: 2.79ms
[2026-05-14T00:58:06.805+0000][gc,phases   ] GC(4)   Other: 0.18ms
[2026-05-14T00:58:06.805+0000][gc,heap     ] GC(4) Eden regions: 7->0(70)
[2026-05-14T00:58:06.805+0000][gc,heap     ] GC(4) Survivor regions: 6->1(7)
[2026-05-14T00:58:06.806+0000][gc,heap     ] GC(4) Old regions: 10->16
[2026-05-14T00:58:06.806+0000][gc,heap     ] GC(4) Humongous regions: 0->0
[2026-05-14T00:58:06.806+0000][gc,metaspace] GC(4) Metaspace: 35696K(36096K)->35696K(36096K) NonClass: 31546K(31744K)->31546K(31744K) Class: 4150K(4352K)->4150K(4352K)
[2026-05-14T00:58:06.806+0000][gc          ] GC(4) Pause Young (Concurrent Start) (Metadata GC Threshold) 21M->16M(1024M) 38.247ms
[2026-05-14T00:58:06.806+0000][gc          ] GC(5) Concurrent Mark Cycle
[2026-05-14T00:58:06.806+0000][gc,marking  ] GC(5) Concurrent Scan Root Regions
[2026-05-14T00:58:06.807+0000][gc,cpu      ] GC(4) User=0.02s Sys=0.01s Real=0.04s
[2026-05-14T00:58:06.844+0000][gc,marking  ] GC(5) Concurrent Scan Root Regions 37.192ms
[2026-05-14T00:58:06.844+0000][gc,marking  ] GC(5) Concurrent Mark
[2026-05-14T00:58:06.844+0000][gc,marking  ] GC(5) Concurrent Mark From Roots
[2026-05-14T00:58:06.845+0000][gc,task     ] GC(5) Using 1 workers of 1 for marking
[2026-05-14T00:58:06.937+0000][gc,marking  ] GC(5) Concurrent Mark From Roots 92.677ms
[2026-05-14T00:58:06.937+0000][gc,marking  ] GC(5) Concurrent Preclean
[2026-05-14T00:58:06.937+0000][gc,marking  ] GC(5) Concurrent Preclean 0.254ms
[2026-05-14T00:58:06.947+0000][gc,start    ] GC(5) Pause Remark
[2026-05-14T00:58:06.968+0000][gc          ] GC(5) Pause Remark 18M->18M(1024M) 21.044ms
[2026-05-14T00:58:06.968+0000][gc,cpu      ] GC(5) User=0.01s Sys=0.01s Real=0.02s
[2026-05-14T00:58:06.970+0000][gc,marking  ] GC(5) Concurrent Mark 126.248ms
[2026-05-14T00:58:06.970+0000][gc,marking  ] GC(5) Concurrent Rebuild Remembered Sets and Scrub Regions
[2026-05-14T00:58:07.120+0000][gc,marking  ] GC(5) Concurrent Rebuild Remembered Sets and Scrub Regions 149.444ms
[2026-05-14T00:58:07.130+0000][gc,start    ] GC(5) Pause Cleanup
[2026-05-14T00:58:07.131+0000][gc          ] GC(5) Pause Cleanup 19M->19M(1024M) 1.007ms
[2026-05-14T00:58:07.132+0000][gc,cpu      ] GC(5) User=0.00s Sys=0.00s Real=0.00s
[2026-05-14T00:58:07.133+0000][gc,marking  ] GC(5) Concurrent Clear Claimed Marks
[2026-05-14T00:58:07.133+0000][gc,marking  ] GC(5) Concurrent Clear Claimed Marks 0.329ms
[2026-05-14T00:58:07.133+0000][gc,marking  ] GC(5) Concurrent Cleanup for Next Mark
[2026-05-14T00:58:07.162+0000][gc,marking  ] GC(5) Concurrent Cleanup for Next Mark 29.115ms
[2026-05-14T00:58:07.162+0000][gc          ] GC(5) Concurrent Mark Cycle 356.202ms
[2026-05-14T00:58:36.066+0000][gc,start    ] GC(6) Pause Young (Prepare Mixed) (G1 Evacuation Pause)
[2026-05-14T00:58:36.067+0000][gc,task     ] GC(6) Using 2 workers of 2 for evacuation
[2026-05-14T00:58:36.124+0000][gc,phases   ] GC(6)   Pre Evacuate Collection Set: 5.71ms
[2026-05-14T00:58:36.124+0000][gc,phases   ] GC(6)   Merge Heap Roots: 0.28ms
[2026-05-14T00:58:36.124+0000][gc,phases   ] GC(6)   Evacuate Collection Set: 44.07ms
[2026-05-14T00:58:36.124+0000][gc,phases   ] GC(6)   Post Evacuate Collection Set: 7.59ms
[2026-05-14T00:58:36.124+0000][gc,phases   ] GC(6)   Other: 0.25ms
[2026-05-14T00:58:36.124+0000][gc,heap     ] GC(6) Eden regions: 61->0(43)
[2026-05-14T00:58:36.124+0000][gc,heap     ] GC(6) Survivor regions: 1->8(8)
[2026-05-14T00:58:36.124+0000][gc,heap     ] GC(6) Old regions: 16->17
[2026-05-14T00:58:36.124+0000][gc,heap     ] GC(6) Humongous regions: 156->156
[2026-05-14T00:58:36.124+0000][gc,metaspace] GC(6) Metaspace: 44626K(45440K)->44626K(45440K) NonClass: 39380K(39808K)->39380K(39808K) Class: 5246K(5632K)->5246K(5632K)
[2026-05-14T00:58:36.125+0000][gc          ] GC(6) Pause Young (Prepare Mixed) (G1 Evacuation Pause) 233M->180M(1024M) 58.436ms
[2026-05-14T00:58:36.125+0000][gc,cpu      ] GC(6) User=0.03s Sys=0.05s Real=0.06s
[2026-05-14T01:00:02.149+0000][gc,start    ] GC(7) Pause Young (Mixed) (G1 Evacuation Pause)
[2026-05-14T01:00:02.155+0000][gc,task     ] GC(7) Using 2 workers of 2 for evacuation
[2026-05-14T01:00:02.334+0000][gc,phases   ] GC(7)   Pre Evacuate Collection Set: 0.49ms
[2026-05-14T01:00:02.334+0000][gc,phases   ] GC(7)   Merge Heap Roots: 0.12ms
[2026-05-14T01:00:02.334+0000][gc,phases   ] GC(7)   Evacuate Collection Set: 174.37ms
[2026-05-14T01:00:02.334+0000][gc,phases   ] GC(7)   Post Evacuate Collection Set: 4.00ms
[2026-05-14T01:00:02.334+0000][gc,phases   ] GC(7)   Other: 0.15ms
[2026-05-14T01:00:02.334+0000][gc,heap     ] GC(7) Eden regions: 43->0(56)
[2026-05-14T01:00:02.334+0000][gc,heap     ] GC(7) Survivor regions: 8->4(7)
[2026-05-14T01:00:02.335+0000][gc,heap     ] GC(7) Old regions: 17->25
[2026-05-14T01:00:02.335+0000][gc,heap     ] GC(7) Humongous regions: 156->156
[2026-05-14T01:00:02.335+0000][gc,metaspace] GC(7) Metaspace: 47751K(48832K)->47751K(48832K) NonClass: 42046K(42624K)->42046K(42624K) Class: 5704K(6208K)->5704K(6208K)
[2026-05-14T01:00:02.335+0000][gc          ] GC(7) Pause Young (Mixed) (G1 Evacuation Pause) 223M->184M(1024M) 185.172ms
[2026-05-14T01:00:02.335+0000][gc,cpu      ] GC(7) User=0.06s Sys=0.01s Real=0.19s
[2026-05-14T01:01:23.747+0000][gc,start    ] GC(8) Pause Young (Normal) (G1 Evacuation Pause)
[2026-05-14T01:01:23.755+0000][gc,task     ] GC(8) Using 2 workers of 2 for evacuation
[2026-05-14T01:01:23.820+0000][gc,phases   ] GC(8)   Pre Evacuate Collection Set: 2.86ms
[2026-05-14T01:01:23.820+0000][gc,phases   ] GC(8)   Merge Heap Roots: 0.16ms
[2026-05-14T01:01:23.820+0000][gc,phases   ] GC(8)   Evacuate Collection Set: 60.42ms
[2026-05-14T01:01:23.820+0000][gc,phases   ] GC(8)   Post Evacuate Collection Set: 1.73ms
[2026-05-14T01:01:23.820+0000][gc,phases   ] GC(8)   Other: 0.21ms
[2026-05-14T01:01:23.820+0000][gc,heap     ] GC(8) Eden regions: 50->0(52)
[2026-05-14T01:01:23.820+0000][gc,heap     ] GC(8) Survivor regions: 4->7(7)
[2026-05-14T01:01:23.820+0000][gc,heap     ] GC(8) Old regions: 25->25
[2026-05-14T01:01:23.820+0000][gc,heap     ] GC(8) Humongous regions: 156->156
[2026-05-14T01:01:23.820+0000][gc,metaspace] GC(8) Metaspace: 49655K(50752K)->49655K(50752K) NonClass: 43826K(44416K)->43826K(44416K) Class: 5829K(6336K)->5829K(6336K)
[2026-05-14T01:01:23.821+0000][gc          ] GC(8) Pause Young (Normal) (G1 Evacuation Pause) 234M->187M(1024M) 73.035ms
[2026-05-14T01:01:23.821+0000][gc,cpu      ] GC(8) User=0.04s Sys=0.02s Real=0.07s
[2026-05-14T01:03:05.784+0000][gc,start    ] GC(9) Pause Young (Normal) (G1 Evacuation Pause)
[2026-05-14T01:03:05.784+0000][gc,task     ] GC(9) Using 2 workers of 2 for evacuation
[2026-05-14T01:03:05.841+0000][gc,phases   ] GC(9)   Pre Evacuate Collection Set: 0.59ms
[2026-05-14T01:03:05.842+0000][gc,phases   ] GC(9)   Merge Heap Roots: 0.19ms
[2026-05-14T01:03:05.842+0000][gc,phases   ] GC(9)   Evacuate Collection Set: 54.72ms
[2026-05-14T01:03:05.842+0000][gc,phases   ] GC(9)   Post Evacuate Collection Set: 1.89ms
[2026-05-14T01:03:05.842+0000][gc,phases   ] GC(9)   Other: 0.13ms
[2026-05-14T01:03:05.842+0000][gc,heap     ] GC(9) Eden regions: 50->0(75)
[2026-05-14T01:03:05.842+0000][gc,heap     ] GC(9) Survivor regions: 7->8(8)
[2026-05-14T01:03:05.842+0000][gc,heap     ] GC(9) Old regions: 25->28
[2026-05-14T01:03:05.842+0000][gc,heap     ] GC(9) Humongous regions: 156->156
[2026-05-14T01:03:05.842+0000][gc,metaspace] GC(9) Metaspace: 49962K(51072K)->49962K(51072K) NonClass: 44130K(44736K)->44130K(44736K) Class: 5831K(6336K)->5831K(6336K)
[2026-05-14T01:03:05.842+0000][gc          ] GC(9) Pause Young (Normal) (G1 Evacuation Pause) 237M->191M(1024M) 57.866ms
[2026-05-14T01:03:05.842+0000][gc,cpu      ] GC(9) User=0.04s Sys=0.01s Real=0.05s
[2026-05-14T01:04:13.395+0000][gc,start    ] GC(10) Pause Young (Normal) (G1 Evacuation Pause)
[2026-05-14T01:04:13.396+0000][gc,task     ] GC(10) Using 2 workers of 2 for evacuation
[2026-05-14T01:04:13.598+0000][gc,mmu      ] GC(10) MMU target violated: 201.0ms (200.0ms/201.0ms)
[2026-05-14T01:04:13.598+0000][gc,phases   ] GC(10)   Pre Evacuate Collection Set: 0.74ms
[2026-05-14T01:04:13.598+0000][gc,phases   ] GC(10)   Merge Heap Roots: 0.66ms
[2026-05-14T01:04:13.598+0000][gc,phases   ] GC(10)   Evacuate Collection Set: 177.53ms
[2026-05-14T01:04:13.598+0000][gc,phases   ] GC(10)   Post Evacuate Collection Set: 22.87ms
[2026-05-14T01:04:13.598+0000][gc,phases   ] GC(10)   Other: 0.24ms
[2026-05-14T01:04:13.599+0000][gc,heap     ] GC(10) Eden regions: 52->0(62)
[2026-05-14T01:04:13.599+0000][gc,heap     ] GC(10) Survivor regions: 8->5(8)
[2026-05-14T01:04:13.599+0000][gc,heap     ] GC(10) Old regions: 28->30
[2026-05-14T01:04:13.599+0000][gc,heap     ] GC(10) Humongous regions: 156->156
[2026-05-14T01:04:13.599+0000][gc,metaspace] GC(10) Metaspace: 50534K(51648K)->50534K(51648K) NonClass: 44631K(45248K)->44631K(45248K) Class: 5902K(6400K)->5902K(6400K)
[2026-05-14T01:04:13.599+0000][gc          ] GC(10) Pause Young (Normal) (G1 Evacuation Pause) 243M->190M(1024M) 203.172ms
[2026-05-14T01:04:13.599+0000][gc,cpu      ] GC(10) User=0.17s Sys=0.02s Real=0.20s
[2026-05-14T01:04:26.667+0000][gc,start    ] GC(11) Pause Young (Normal) (G1 Evacuation Pause)
[2026-05-14T01:04:26.667+0000][gc,task     ] GC(11) Using 2 workers of 2 for evacuation
[2026-05-14T01:04:26.708+0000][gc,phases   ] GC(11)   Pre Evacuate Collection Set: 0.36ms
[2026-05-14T01:04:26.708+0000][gc,phases   ] GC(11)   Merge Heap Roots: 0.21ms
[2026-05-14T01:04:26.708+0000][gc,phases   ] GC(11)   Evacuate Collection Set: 39.44ms
[2026-05-14T01:04:26.708+0000][gc,phases   ] GC(11)   Post Evacuate Collection Set: 1.24ms
[2026-05-14T01:04:26.708+0000][gc,phases   ] GC(11)   Other: 0.09ms
[2026-05-14T01:04:26.708+0000][gc,heap     ] GC(11) Eden regions: 46->0(86)
[2026-05-14T01:04:26.708+0000][gc,heap     ] GC(11) Survivor regions: 5->6(7)
[2026-05-14T01:04:26.708+0000][gc,heap     ] GC(11) Old regions: 30->33
[2026-05-14T01:04:26.708+0000][gc,heap     ] GC(11) Humongous regions: 156->156
[2026-05-14T01:04:26.708+0000][gc,metaspace] GC(11) Metaspace: 50663K(51776K)->50663K(51776K) NonClass: 44760K(45376K)->44760K(45376K) Class: 5902K(6400K)->5902K(6400K)
[2026-05-14T01:04:26.708+0000][gc          ] GC(11) Pause Young (Normal) (G1 Evacuation Pause) 236M->194M(1024M) 41.679ms
[2026-05-14T01:04:26.708+0000][gc,cpu      ] GC(11) User=0.04s Sys=0.00s Real=0.04s
[2026-05-14T01:06:45.023+0000][gc,start    ] GC(12) Pause Young (Normal) (G1 Evacuation Pause)
[2026-05-14T01:06:45.040+0000][gc,task     ] GC(12) Using 2 workers of 2 for evacuation
[2026-05-14T01:06:45.073+0000][gc,phases   ] GC(12)   Pre Evacuate Collection Set: 2.01ms
[2026-05-14T01:06:45.074+0000][gc,phases   ] GC(12)   Merge Heap Roots: 0.17ms
[2026-05-14T01:06:45.074+0000][gc,phases   ] GC(12)   Evacuate Collection Set: 27.60ms
[2026-05-14T01:06:45.074+0000][gc,phases   ] GC(12)   Post Evacuate Collection Set: 2.61ms
[2026-05-14T01:06:45.074+0000][gc,phases   ] GC(12)   Other: 0.64ms
[2026-05-14T01:06:45.074+0000][gc,heap     ] GC(12) Eden regions: 71->0(141)
[2026-05-14T01:06:45.074+0000][gc,heap     ] GC(12) Survivor regions: 6->6(10)
[2026-05-14T01:06:45.074+0000][gc,heap     ] GC(12) Old regions: 33->35
[2026-05-14T01:06:45.074+0000][gc,heap     ] GC(12) Humongous regions: 156->156
[2026-05-14T01:06:45.074+0000][gc,metaspace] GC(12) Metaspace: 50738K(51904K)->50738K(51904K) NonClass: 44835K(45504K)->44835K(45504K) Class: 5903K(6400K)->5903K(6400K)
[2026-05-14T01:06:45.074+0000][gc          ] GC(12) Pause Young (Normal) (G1 Evacuation Pause) 265M->195M(1024M) 50.928ms
[2026-05-14T01:06:45.074+0000][gc,cpu      ] GC(12) User=0.03s Sys=0.01s Real=0.06s
[2026-05-14T01:11:31.188+0000][gc,start    ] GC(13) Pause Young (Normal) (G1 Evacuation Pause)
[2026-05-14T01:11:31.190+0000][gc,task     ] GC(13) Using 2 workers of 2 for evacuation
[2026-05-14T01:11:31.287+0000][gc,phases   ] GC(13)   Pre Evacuate Collection Set: 0.83ms
[2026-05-14T01:11:31.288+0000][gc,phases   ] GC(13)   Merge Heap Roots: 0.48ms
[2026-05-14T01:11:31.288+0000][gc,phases   ] GC(13)   Evacuate Collection Set: 91.24ms
[2026-05-14T01:11:31.288+0000][gc,phases   ] GC(13)   Post Evacuate Collection Set: 3.52ms
[2026-05-14T01:11:31.288+0000][gc,phases   ] GC(13)   Other: 1.10ms
[2026-05-14T01:11:31.288+0000][gc,heap     ] GC(13) Eden regions: 126->0(110)
[2026-05-14T01:11:31.288+0000][gc,heap     ] GC(13) Survivor regions: 6->12(17)
[2026-05-14T01:11:31.288+0000][gc,heap     ] GC(13) Old regions: 35->35
[2026-05-14T01:11:31.288+0000][gc,heap     ] GC(13) Humongous regions: 156->156
[2026-05-14T01:11:31.288+0000][gc,metaspace] GC(13) Metaspace: 50796K(51904K)->50796K(51904K) NonClass: 44888K(45504K)->44888K(45504K) Class: 5908K(6400K)->5908K(6400K)
[2026-05-14T01:11:31.288+0000][gc          ] GC(13) Pause Young (Normal) (G1 Evacuation Pause) 321M->202M(1024M) 99.953ms
[2026-05-14T01:11:31.288+0000][gc,cpu      ] GC(13) User=0.07s Sys=0.02s Real=0.10s
[2026-05-14T01:16:27.797+0000][gc,start    ] GC(14) Pause Young (Normal) (G1 Evacuation Pause)
[2026-05-14T01:16:27.799+0000][gc,task     ] GC(14) Using 2 workers of 2 for evacuation
[2026-05-14T01:16:27.883+0000][gc,phases   ] GC(14)   Pre Evacuate Collection Set: 0.45ms
[2026-05-14T01:16:27.883+0000][gc,phases   ] GC(14)   Merge Heap Roots: 0.38ms
[2026-05-14T01:16:27.883+0000][gc,phases   ] GC(14)   Evacuate Collection Set: 82.61ms
[2026-05-14T01:16:27.883+0000][gc,phases   ] GC(14)   Post Evacuate Collection Set: 1.08ms
[2026-05-14T01:16:27.883+0000][gc,phases   ] GC(14)   Other: 0.27ms
[2026-05-14T01:16:27.884+0000][gc,heap     ] GC(14) Eden regions: 129->0(119)
[2026-05-14T01:16:27.884+0000][gc,heap     ] GC(14) Survivor regions: 12->16(18)
[2026-05-14T01:16:27.884+0000][gc,heap     ] GC(14) Old regions: 35->38
[2026-05-14T01:16:27.884+0000][gc,heap     ] GC(14) Humongous regions: 156->156
[2026-05-14T01:16:27.884+0000][gc,metaspace] GC(14) Metaspace: 50853K(51968K)->50853K(51968K) NonClass: 44945K(45568K)->44945K(45568K) Class: 5908K(6400K)->5908K(6400K)
[2026-05-14T01:16:27.884+0000][gc          ] GC(14) Pause Young (Normal) (G1 Evacuation Pause) 331M->209M(1024M) 86.379ms
[2026-05-14T01:16:27.884+0000][gc,cpu      ] GC(14) User=0.08s Sys=0.01s Real=0.09s
[2026-05-14T01:20:55.416+0000][gc,start    ] GC(15) Pause Young (Normal) (G1 Evacuation Pause)
[2026-05-14T01:20:55.416+0000][gc,task     ] GC(15) Using 2 workers of 2 for evacuation
[2026-05-14T01:20:55.503+0000][gc,phases   ] GC(15)   Pre Evacuate Collection Set: 2.83ms
[2026-05-14T01:20:55.503+0000][gc,phases   ] GC(15)   Merge Heap Roots: 0.30ms
[2026-05-14T01:20:55.503+0000][gc,phases   ] GC(15)   Evacuate Collection Set: 55.64ms
[2026-05-14T01:20:55.503+0000][gc,phases   ] GC(15)   Post Evacuate Collection Set: 27.68ms
[2026-05-14T01:20:55.503+0000][gc,phases   ] GC(15)   Other: 0.15ms
[2026-05-14T01:20:55.503+0000][gc,heap     ] GC(15) Eden regions: 116->0(269)
[2026-05-14T01:20:55.503+0000][gc,heap     ] GC(15) Survivor regions: 16->9(17)
[2026-05-14T01:20:55.503+0000][gc,heap     ] GC(15) Old regions: 38->50
[2026-05-14T01:20:55.503+0000][gc,heap     ] GC(15) Humongous regions: 156->156
[2026-05-14T01:20:55.503+0000][gc,metaspace] GC(15) Metaspace: 50871K(51968K)->50871K(51968K) NonClass: 44963K(45568K)->44963K(45568K) Class: 5908K(6400K)->5908K(6400K)
[2026-05-14T01:20:55.504+0000][gc          ] GC(15) Pause Young (Normal) (G1 Evacuation Pause) 325M->214M(1024M) 87.689ms
[2026-05-14T01:20:55.504+0000][gc,cpu      ] GC(15) User=0.08s Sys=0.01s Real=0.09s
[2026-05-14T01:33:20.761+0000][gc,start    ] GC(16) Pause Young (Normal) (G1 Evacuation Pause)
[2026-05-14T01:33:20.762+0000][gc,task     ] GC(16) Using 2 workers of 2 for evacuation
[2026-05-14T01:33:20.879+0000][gc,phases   ] GC(16)   Pre Evacuate Collection Set: 10.19ms
[2026-05-14T01:33:20.879+0000][gc,phases   ] GC(16)   Merge Heap Roots: 0.25ms
[2026-05-14T01:33:20.879+0000][gc,phases   ] GC(16)   Evacuate Collection Set: 104.28ms
[2026-05-14T01:33:20.879+0000][gc,phases   ] GC(16)   Post Evacuate Collection Set: 1.44ms
[2026-05-14T01:33:20.879+0000][gc,phases   ] GC(16)   Other: 0.99ms
[2026-05-14T01:33:20.879+0000][gc,heap     ] GC(16) Eden regions: 317->0(134)
[2026-05-14T01:33:20.879+0000][gc,heap     ] GC(16) Survivor regions: 9->24(41)
[2026-05-14T01:33:20.879+0000][gc,heap     ] GC(16) Old regions: 50->50
[2026-05-14T01:33:20.879+0000][gc,heap     ] GC(16) Humongous regions: 156->156
[2026-05-14T01:33:20.879+0000][gc,metaspace] GC(16) Metaspace: 50954K(52032K)->50954K(52032K) NonClass: 45045K(45632K)->45045K(45632K) Class: 5908K(6400K)->5908K(6400K)
[2026-05-14T01:33:20.879+0000][gc          ] GC(16) Pause Young (Normal) (G1 Evacuation Pause) 531M->229M(1024M) 118.223ms
[2026-05-14T01:33:20.879+0000][gc,cpu      ] GC(16) User=0.12s Sys=0.05s Real=0.12s
[2026-05-14T01:38:59.012+0000][gc,start    ] GC(17) Pause Young (Normal) (G1 Evacuation Pause)
[2026-05-14T01:38:59.028+0000][gc,task     ] GC(17) Using 2 workers of 2 for evacuation
[2026-05-14T01:38:59.134+0000][gc,phases   ] GC(17)   Pre Evacuate Collection Set: 2.89ms
[2026-05-14T01:38:59.134+0000][gc,phases   ] GC(17)   Merge Heap Roots: 0.33ms
[2026-05-14T01:38:59.134+0000][gc,phases   ] GC(17)   Evacuate Collection Set: 83.14ms
[2026-05-14T01:38:59.134+0000][gc,phases   ] GC(17)   Post Evacuate Collection Set: 18.79ms
[2026-05-14T01:38:59.134+0000][gc,phases   ] GC(17)   Other: 0.33ms
[2026-05-14T01:38:59.134+0000][gc,heap     ] GC(17) Eden regions: 144->0(243)
[2026-05-14T01:38:59.134+0000][gc,heap     ] GC(17) Survivor regions: 24->8(21)
[2026-05-14T01:38:59.134+0000][gc,heap     ] GC(17) Old regions: 50->71
[2026-05-14T01:38:59.134+0000][gc,heap     ] GC(17) Humongous regions: 156->156
[2026-05-14T01:38:59.134+0000][gc,metaspace] GC(17) Metaspace: 50962K(52096K)->50962K(52096K) NonClass: 45054K(45696K)->45054K(45696K) Class: 5908K(6400K)->5908K(6400K)
[2026-05-14T01:38:59.134+0000][gc          ] GC(17) Pause Young (Normal) (G1 Evacuation Pause) 373M->234M(1024M) 122.198ms
[2026-05-14T01:38:59.134+0000][gc,cpu      ] GC(17) User=0.10s Sys=0.06s Real=0.13s
[2026-05-14T01:49:02.655+0000][gc,start    ] GC(18) Pause Young (Normal) (G1 Evacuation Pause)
[2026-05-14T01:49:02.672+0000][gc,task     ] GC(18) Using 2 workers of 2 for evacuation
[2026-05-14T01:49:02.903+0000][gc,mmu      ] GC(18) MMU target violated: 201.0ms (200.0ms/201.0ms)
[2026-05-14T01:49:02.903+0000][gc,phases   ] GC(18)   Pre Evacuate Collection Set: 3.22ms
[2026-05-14T01:49:02.903+0000][gc,phases   ] GC(18)   Merge Heap Roots: 0.27ms
[2026-05-14T01:49:02.903+0000][gc,phases   ] GC(18)   Evacuate Collection Set: 225.09ms
[2026-05-14T01:49:02.903+0000][gc,phases   ] GC(18)   Post Evacuate Collection Set: 1.49ms
[2026-05-14T01:49:02.903+0000][gc,phases   ] GC(18)   Other: 0.56ms
[2026-05-14T01:49:02.903+0000][gc,heap     ] GC(18) Eden regions: 254->0(30)
[2026-05-14T01:49:02.903+0000][gc,heap     ] GC(18) Survivor regions: 8->21(33)
[2026-05-14T01:49:02.903+0000][gc,heap     ] GC(18) Old regions: 71->71
[2026-05-14T01:49:02.903+0000][gc,heap     ] GC(18) Humongous regions: 156->156
[2026-05-14T01:49:02.903+0000][gc,metaspace] GC(18) Metaspace: 51017K(52160K)->51017K(52160K) NonClass: 45108K(45760K)->45108K(45760K) Class: 5908K(6400K)->5908K(6400K)
[2026-05-14T01:49:02.903+0000][gc          ] GC(18) Pause Young (Normal) (G1 Evacuation Pause) 488M->247M(1024M) 247.887ms
[2026-05-14T01:49:02.903+0000][gc,cpu      ] GC(18) User=0.09s Sys=0.11s Real=0.24s
[2026-05-14T01:50:09.707+0000][gc,start    ] GC(19) Pause Young (Normal) (G1 Evacuation Pause)
[2026-05-14T01:50:09.707+0000][gc,task     ] GC(19) Using 2 workers of 2 for evacuation
[2026-05-14T01:50:09.777+0000][gc,phases   ] GC(19)   Pre Evacuate Collection Set: 1.30ms
[2026-05-14T01:50:09.777+0000][gc,phases   ] GC(19)   Merge Heap Roots: 0.17ms
[2026-05-14T01:50:09.777+0000][gc,phases   ] GC(19)   Evacuate Collection Set: 65.08ms
[2026-05-14T01:50:09.777+0000][gc,phases   ] GC(19)   Post Evacuate Collection Set: 2.83ms
[2026-05-14T01:50:09.777+0000][gc,phases   ] GC(19)   Other: 0.13ms
[2026-05-14T01:50:09.777+0000][gc,heap     ] GC(19) Eden regions: 30->0(257)
[2026-05-14T01:50:09.777+0000][gc,heap     ] GC(19) Survivor regions: 21->4(7)
[2026-05-14T01:50:09.777+0000][gc,heap     ] GC(19) Old regions: 71->92
[2026-05-14T01:50:09.777+0000][gc,heap     ] GC(19) Humongous regions: 156->156
[2026-05-14T01:50:09.777+0000][gc,metaspace] GC(19) Metaspace: 51018K(52160K)->51018K(52160K) NonClass: 45109K(45760K)->45109K(45760K) Class: 5908K(6400K)->5908K(6400K)
[2026-05-14T01:50:09.777+0000][gc          ] GC(19) Pause Young (Normal) (G1 Evacuation Pause) 277M->251M(1024M) 69.857ms
[2026-05-14T01:50:09.777+0000][gc,cpu      ] GC(19) User=0.07s Sys=0.02s Real=0.07s
[2026-05-14T02:00:24.397+0000][gc,start    ] GC(20) Pause Young (Normal) (G1 Evacuation Pause)
[2026-05-14T02:00:24.404+0000][gc,task     ] GC(20) Using 2 workers of 2 for evacuation
[2026-05-14T02:00:24.491+0000][gc,phases   ] GC(20)   Pre Evacuate Collection Set: 6.01ms
[2026-05-14T02:00:24.491+0000][gc,phases   ] GC(20)   Merge Heap Roots: 0.54ms
[2026-05-14T02:00:24.491+0000][gc,phases   ] GC(20)   Evacuate Collection Set: 68.35ms
[2026-05-14T02:00:24.491+0000][gc,phases   ] GC(20)   Post Evacuate Collection Set: 8.62ms
[2026-05-14T02:00:24.492+0000][gc,phases   ] GC(20)   Other: 5.99ms
[2026-05-14T02:00:24.492+0000][gc,heap     ] GC(20) Eden regions: 266->0(170)
[2026-05-14T02:00:24.492+0000][gc,heap     ] GC(20) Survivor regions: 4->15(34)
[2026-05-14T02:00:24.492+0000][gc,heap     ] GC(20) Old regions: 92->92
[2026-05-14T02:00:24.492+0000][gc,heap     ] GC(20) Humongous regions: 156->156
[2026-05-14T02:00:24.492+0000][gc,metaspace] GC(20) Metaspace: 51174K(52288K)->51174K(52288K) NonClass: 45235K(45824K)->45235K(45824K) Class: 5939K(6464K)->5939K(6464K)
[2026-05-14T02:00:24.493+0000][gc          ] GC(20) Pause Young (Normal) (G1 Evacuation Pause) 517M->262M(1024M) 96.190ms
[2026-05-14T02:00:24.493+0000][gc,cpu      ] GC(20) User=0.07s Sys=0.04s Real=0.09s
[2026-05-14T02:07:14.208+0000][gc,start    ] GC(21) Pause Young (Normal) (G1 Evacuation Pause)
[2026-05-14T02:07:14.214+0000][gc,task     ] GC(21) Using 2 workers of 2 for evacuation
[2026-05-14T02:07:14.278+0000][gc,phases   ] GC(21)   Pre Evacuate Collection Set: 2.59ms
[2026-05-14T02:07:14.278+0000][gc,phases   ] GC(21)   Merge Heap Roots: 0.24ms
[2026-05-14T02:07:14.278+0000][gc,phases   ] GC(21)   Evacuate Collection Set: 58.16ms
[2026-05-14T02:07:14.278+0000][gc,phases   ] GC(21)   Post Evacuate Collection Set: 2.38ms
[2026-05-14T02:07:14.278+0000][gc,phases   ] GC(21)   Other: 0.81ms
[2026-05-14T02:07:14.278+0000][gc,heap     ] GC(21) Eden regions: 174->0(424)
[2026-05-14T02:07:14.278+0000][gc,heap     ] GC(21) Survivor regions: 15->6(24)
[2026-05-14T02:07:14.278+0000][gc,heap     ] GC(21) Old regions: 92->105
[2026-05-14T02:07:14.278+0000][gc,heap     ] GC(21) Humongous regions: 156->156
[2026-05-14T02:07:14.278+0000][gc,metaspace] GC(21) Metaspace: 51197K(52288K)->51197K(52288K) NonClass: 45258K(45824K)->45258K(45824K) Class: 5939K(6464K)->5939K(6464K)
[2026-05-14T02:07:14.279+0000][gc          ] GC(21) Pause Young (Normal) (G1 Evacuation Pause) 436M->266M(1024M) 70.954ms
[2026-05-14T02:07:14.279+0000][gc,cpu      ] GC(21) User=0.06s Sys=0.04s Real=0.07s
[2026-05-14T02:25:27.165+0000][gc,start    ] GC(22) Pause Young (Normal) (G1 Evacuation Pause)
[2026-05-14T02:25:27.171+0000][gc,task     ] GC(22) Using 2 workers of 2 for evacuation
[2026-05-14T02:25:27.264+0000][gc,phases   ] GC(22)   Pre Evacuate Collection Set: 15.37ms
[2026-05-14T02:25:27.264+0000][gc,phases   ] GC(22)   Merge Heap Roots: 0.55ms
[2026-05-14T02:25:27.264+0000][gc,phases   ] GC(22)   Evacuate Collection Set: 72.64ms
[2026-05-14T02:25:27.264+0000][gc,phases   ] GC(22)   Post Evacuate Collection Set: 3.07ms
[2026-05-14T02:25:27.265+0000][gc,phases   ] GC(22)   Other: 0.97ms
[2026-05-14T02:25:27.265+0000][gc,heap     ] GC(22) Eden regions: 462->0(285)
[2026-05-14T02:25:27.265+0000][gc,heap     ] GC(22) Survivor regions: 6->20(59)
[2026-05-14T02:25:27.265+0000][gc,heap     ] GC(22) Old regions: 105->105
[2026-05-14T02:25:27.265+0000][gc,heap     ] GC(22) Humongous regions: 156->156
[2026-05-14T02:25:27.265+0000][gc,metaspace] GC(22) Metaspace: 51231K(52416K)->51231K(52416K) NonClass: 45292K(45952K)->45292K(45952K) Class: 5939K(6464K)->5939K(6464K)
[2026-05-14T02:25:27.266+0000][gc          ] GC(22) Pause Young (Normal) (G1 Evacuation Pause) 728M->279M(1024M) 100.497ms
[2026-05-14T02:25:27.266+0000][gc,cpu      ] GC(22) User=0.10s Sys=0.04s Real=0.10s
[2026-05-14T02:37:48.898+0000][gc,start    ] GC(23) Pause Young (Normal) (G1 Evacuation Pause)
[2026-05-14T02:37:48.918+0000][gc,task     ] GC(23) Using 2 workers of 2 for evacuation
[2026-05-14T02:37:49.082+0000][gc,phases   ] GC(23)   Pre Evacuate Collection Set: 4.61ms
[2026-05-14T02:37:49.082+0000][gc,phases   ] GC(23)   Merge Heap Roots: 0.37ms
[2026-05-14T02:37:49.082+0000][gc,phases   ] GC(23)   Evacuate Collection Set: 157.17ms
[2026-05-14T02:37:49.082+0000][gc,phases   ] GC(23)   Post Evacuate Collection Set: 1.61ms
[2026-05-14T02:37:49.082+0000][gc,phases   ] GC(23)   Other: 0.46ms
[2026-05-14T02:37:49.082+0000][gc,heap     ] GC(23) Eden regions: 313->0(203)
[2026-05-14T02:37:49.082+0000][gc,heap     ] GC(23) Survivor regions: 20->31(42)
[2026-05-14T02:37:49.082+0000][gc,heap     ] GC(23) Old regions: 105->105
[2026-05-14T02:37:49.082+0000][gc,heap     ] GC(23) Humongous regions: 156->156
[2026-05-14T02:37:49.082+0000][gc,metaspace] GC(23) Metaspace: 51252K(52416K)->51252K(52416K) NonClass: 45313K(45952K)->45313K(45952K) Class: 5939K(6464K)->5939K(6464K)
[2026-05-14T02:37:49.082+0000][gc          ] GC(23) Pause Young (Normal) (G1 Evacuation Pause) 592M->291M(1024M) 184.542ms
[2026-05-14T02:37:49.082+0000][gc,cpu      ] GC(23) User=0.12s Sys=0.18s Real=0.18s
[2026-05-14T02:46:32.219+0000][gc,start    ] GC(24) Pause Young (Normal) (G1 Evacuation Pause)
[2026-05-14T02:46:32.236+0000][gc,task     ] GC(24) Using 2 workers of 2 for evacuation
[2026-05-14T02:46:32.332+0000][gc,phases   ] GC(24)   Pre Evacuate Collection Set: 2.42ms
[2026-05-14T02:46:32.332+0000][gc,phases   ] GC(24)   Merge Heap Roots: 0.26ms
[2026-05-14T02:46:32.332+0000][gc,phases   ] GC(24)   Evacuate Collection Set: 74.46ms
[2026-05-14T02:46:32.332+0000][gc,phases   ] GC(24)   Post Evacuate Collection Set: 18.63ms
[2026-05-14T02:46:32.332+0000][gc,phases   ] GC(24)   Other: 0.42ms
[2026-05-14T02:46:32.332+0000][gc,heap     ] GC(24) Eden regions: 222->0(291)
[2026-05-14T02:46:32.332+0000][gc,heap     ] GC(24) Survivor regions: 31->22(32)
[2026-05-14T02:46:32.332+0000][gc,heap     ] GC(24) Old regions: 105->123
[2026-05-14T02:46:32.332+0000][gc,heap     ] GC(24) Humongous regions: 156->156
[2026-05-14T02:46:32.332+0000][gc,metaspace] GC(24) Metaspace: 51256K(52416K)->51256K(52416K) NonClass: 45317K(45952K)->45317K(45952K) Class: 5939K(6464K)->5939K(6464K)
[2026-05-14T02:46:32.332+0000][gc          ] GC(24) Pause Young (Normal) (G1 Evacuation Pause) 513M->299M(1024M) 113.040ms
[2026-05-14T02:46:32.332+0000][gc,cpu      ] GC(24) User=0.13s Sys=0.01s Real=0.11s
[2026-05-14T02:57:49.169+0000][gc,start    ] GC(25) Pause Young (Normal) (G1 Evacuation Pause)
[2026-05-14T02:57:49.171+0000][gc,task     ] GC(25) Using 2 workers of 2 for evacuation
[2026-05-14T02:57:49.282+0000][gc,phases   ] GC(25)   Pre Evacuate Collection Set: 3.59ms
[2026-05-14T02:57:49.282+0000][gc,phases   ] GC(25)   Merge Heap Roots: 0.29ms
[2026-05-14T02:57:49.282+0000][gc,phases   ] GC(25)   Evacuate Collection Set: 80.43ms
[2026-05-14T02:57:49.282+0000][gc,phases   ] GC(25)   Post Evacuate Collection Set: 26.34ms
[2026-05-14T02:57:49.282+0000][gc,phases   ] GC(25)   Other: 0.42ms
[2026-05-14T02:57:49.282+0000][gc,heap     ] GC(25) Eden regions: 287->0(313)
[2026-05-14T02:57:49.282+0000][gc,heap     ] GC(25) Survivor regions: 22->24(39)
[2026-05-14T02:57:49.282+0000][gc,heap     ] GC(25) Old regions: 123->134
[2026-05-14T02:57:49.282+0000][gc,heap     ] GC(25) Humongous regions: 156->156
[2026-05-14T02:57:49.282+0000][gc,metaspace] GC(25) Metaspace: 51263K(52416K)->51263K(52416K) NonClass: 45324K(45952K)->45324K(45952K) Class: 5939K(6464K)->5939K(6464K)
[2026-05-14T02:57:49.282+0000][gc          ] GC(25) Pause Young (Normal) (G1 Evacuation Pause) 586M->313M(1024M) 112.578ms
[2026-05-14T02:57:49.282+0000][gc,cpu      ] GC(25) User=0.13s Sys=0.02s Real=0.11s
[2026-05-14T03:10:13.984+0000][gc,start    ] GC(26) Pause Young (Normal) (G1 Evacuation Pause)
[2026-05-14T03:10:13.994+0000][gc,task     ] GC(26) Using 2 workers of 2 for evacuation
[2026-05-14T03:10:14.188+0000][gc,phases   ] GC(26)   Pre Evacuate Collection Set: 7.73ms
[2026-05-14T03:10:14.189+0000][gc,phases   ] GC(26)   Merge Heap Roots: 0.60ms
[2026-05-14T03:10:14.189+0000][gc,phases   ] GC(26)   Evacuate Collection Set: 173.81ms
[2026-05-14T03:10:14.189+0000][gc,phases   ] GC(26)   Post Evacuate Collection Set: 8.15ms
[2026-05-14T03:10:14.189+0000][gc,phases   ] GC(26)   Other: 3.21ms
[2026-05-14T03:10:14.189+0000][gc,heap     ] GC(26) Eden regions: 311->0(300)
[2026-05-14T03:10:14.189+0000][gc,heap     ] GC(26) Survivor regions: 24->18(42)
[2026-05-14T03:10:14.189+0000][gc,heap     ] GC(26) Old regions: 134->143
[2026-05-14T03:10:14.189+0000][gc,heap     ] GC(26) Humongous regions: 156->156
[2026-05-14T03:10:14.190+0000][gc,metaspace] GC(26) Metaspace: 51375K(52480K)->51375K(52480K) NonClass: 45422K(46016K)->45422K(46016K) Class: 5952K(6464K)->5952K(6464K)
[2026-05-14T03:10:14.190+0000][gc          ] GC(26) Pause Young (Normal) (G1 Evacuation Pause) 624M->315M(1024M) 206.607ms
[2026-05-14T03:10:14.191+0000][gc,cpu      ] GC(26) User=0.08s Sys=0.20s Real=0.21s
[2026-05-14T03:21:44.429+0000][gc,start    ] GC(27) Pause Young (Normal) (G1 Evacuation Pause)
[2026-05-14T03:21:44.446+0000][gc,task     ] GC(27) Using 2 workers of 2 for evacuation
[2026-05-14T03:21:44.532+0000][gc,phases   ] GC(27)   Pre Evacuate Collection Set: 5.50ms
[2026-05-14T03:21:44.532+0000][gc,phases   ] GC(27)   Merge Heap Roots: 0.61ms
[2026-05-14T03:21:44.532+0000][gc,phases   ] GC(27)   Evacuate Collection Set: 77.35ms
[2026-05-14T03:21:44.532+0000][gc,phases   ] GC(27)   Post Evacuate Collection Set: 1.82ms
[2026-05-14T03:21:44.532+0000][gc,phases   ] GC(27)   Other: 0.41ms
[2026-05-14T03:21:44.532+0000][gc,heap     ] GC(27) Eden regions: 285->0(362)
[2026-05-14T03:21:44.532+0000][gc,heap     ] GC(27) Survivor regions: 18->17(38)
[2026-05-14T03:21:44.532+0000][gc,heap     ] GC(27) Old regions: 143->143
[2026-05-14T03:21:44.532+0000][gc,heap     ] GC(27) Humongous regions: 156->156
[2026-05-14T03:21:44.532+0000][gc,metaspace] GC(27) Metaspace: 51380K(52480K)->51380K(52480K) NonClass: 45427K(46016K)->45427K(46016K) Class: 5952K(6464K)->5952K(6464K)
[2026-05-14T03:21:44.532+0000][gc          ] GC(27) Pause Young (Normal) (G1 Evacuation Pause) 600M->314M(1024M) 102.935ms
[2026-05-14T03:21:44.532+0000][gc,cpu      ] GC(27) User=0.05s Sys=0.10s Real=0.10s
[2026-05-14T03:36:32.661+0000][gc,start    ] GC(28) Pause Young (Normal) (G1 Evacuation Pause)
[2026-05-14T03:36:32.663+0000][gc,task     ] GC(28) Using 2 workers of 2 for evacuation
[2026-05-14T03:36:32.728+0000][gc,phases   ] GC(28)   Pre Evacuate Collection Set: 1.89ms
[2026-05-14T03:36:32.728+0000][gc,phases   ] GC(28)   Merge Heap Roots: 0.22ms
[2026-05-14T03:36:32.728+0000][gc,phases   ] GC(28)   Evacuate Collection Set: 60.81ms
[2026-05-14T03:36:32.728+0000][gc,phases   ] GC(28)   Post Evacuate Collection Set: 1.65ms
[2026-05-14T03:36:32.728+0000][gc,phases   ] GC(28)   Other: 0.41ms
[2026-05-14T03:36:32.728+0000][gc,heap     ] GC(28) Eden regions: 365->0(463)
[2026-05-14T03:36:32.728+0000][gc,heap     ] GC(28) Survivor regions: 17->15(48)
[2026-05-14T03:36:32.728+0000][gc,heap     ] GC(28) Old regions: 143->143
[2026-05-14T03:36:32.728+0000][gc,heap     ] GC(28) Humongous regions: 156->156
[2026-05-14T03:36:32.728+0000][gc,metaspace] GC(28) Metaspace: 51388K(52480K)->51388K(52480K) NonClass: 45435K(46016K)->45435K(46016K) Class: 5952K(6464K)->5952K(6464K)
[2026-05-14T03:36:32.728+0000][gc          ] GC(28) Pause Young (Normal) (G1 Evacuation Pause) 679M->312M(1024M) 66.437ms
[2026-05-14T03:36:32.728+0000][gc,cpu      ] GC(28) User=0.04s Sys=0.08s Real=0.07s
[2026-05-14T03:55:30.568+0000][gc,start    ] GC(29) Pause Young (Normal) (G1 Evacuation Pause)
[2026-05-14T03:55:30.589+0000][gc,task     ] GC(29) Using 2 workers of 2 for evacuation
[2026-05-14T03:55:30.641+0000][gc,phases   ] GC(29)   Pre Evacuate Collection Set: 2.07ms
[2026-05-14T03:55:30.641+0000][gc,phases   ] GC(29)   Merge Heap Roots: 0.31ms
[2026-05-14T03:55:30.641+0000][gc,phases   ] GC(29)   Evacuate Collection Set: 47.68ms
[2026-05-14T03:55:30.641+0000][gc,phases   ] GC(29)   Post Evacuate Collection Set: 1.73ms
[2026-05-14T03:55:30.641+0000][gc,phases   ] GC(29)   Other: 0.32ms
[2026-05-14T03:55:30.641+0000][gc,heap     ] GC(29) Eden regions: 467->0(597)
[2026-05-14T03:55:30.641+0000][gc,heap     ] GC(29) Survivor regions: 15->17(61)
[2026-05-14T03:55:30.641+0000][gc,heap     ] GC(29) Old regions: 143->143
[2026-05-14T03:55:30.641+0000][gc,heap     ] GC(29) Humongous regions: 156->156
[2026-05-14T03:55:30.641+0000][gc,metaspace] GC(29) Metaspace: 51403K(52480K)->51403K(52480K) NonClass: 45450K(46016K)->45450K(46016K) Class: 5952K(6464K)->5952K(6464K)
[2026-05-14T03:55:30.641+0000][gc          ] GC(29) Pause Young (Normal) (G1 Evacuation Pause) 779M->315M(1024M) 73.460ms
[2026-05-14T03:55:30.641+0000][gc,cpu      ] GC(29) User=0.06s Sys=0.04s Real=0.07s
