[2026-05-14T00:33:55.487+0000][gc,init] CardTable entry size: 512
[2026-05-14T00:33:55.487+0000][gc     ] Using G1
[2026-05-14T00:33:55.509+0000][gc,init] Version: 21.0.10+7-LTS (release)
[2026-05-14T00:33:55.509+0000][gc,init] CPUs: 2 total, 2 available
[2026-05-14T00:33:55.509+0000][gc,init] Memory: 3732M
[2026-05-14T00:33:55.509+0000][gc,init] Large Page Support: Disabled
[2026-05-14T00:33:55.509+0000][gc,init] NUMA Support: Disabled
[2026-05-14T00:33:55.509+0000][gc,init] Compressed Oops: Enabled (32-bit)
[2026-05-14T00:33:55.509+0000][gc,init] Heap Region Size: 1M
[2026-05-14T00:33:55.509+0000][gc,init] Heap Min Capacity: 1G
[2026-05-14T00:33:55.509+0000][gc,init] Heap Initial Capacity: 1G
[2026-05-14T00:33:55.509+0000][gc,init] Heap Max Capacity: 1G
[2026-05-14T00:33:55.509+0000][gc,init] Pre-touch: Disabled
[2026-05-14T00:33:55.509+0000][gc,init] Parallel Workers: 2
[2026-05-14T00:33:55.509+0000][gc,init] Concurrent Workers: 1
[2026-05-14T00:33:55.509+0000][gc,init] Concurrent Refinement Workers: 2
[2026-05-14T00:33:55.509+0000][gc,init] Periodic GC: Disabled
[2026-05-14T00:33:55.871+0000][gc,metaspace] CDS archive(s) mapped at: [0x00007fe82e000000-0x00007fe82ebad000-0x00007fe82ebad000), size 12242944, SharedBaseAddress: 0x00007fe82e000000, ArchiveRelocationMode: 1.
[2026-05-14T00:33:55.871+0000][gc,metaspace] Compressed class space mapped at: 0x00007fe832000000-0x00007fe872000000, reserved size: 1073741824
[2026-05-14T00:33:55.872+0000][gc,metaspace] Narrow klass base: 0x00007fe82e000000, Narrow klass shift: 0, Narrow klass range: 0x100000000
[2026-05-14T00:34:02.511+0000][gc,start    ] GC(0) Pause Young (Normal) (G1 Evacuation Pause)
[2026-05-14T00:34:02.511+0000][gc,task     ] GC(0) Using 2 workers of 2 for evacuation
[2026-05-14T00:34:02.560+0000][gc,phases   ] GC(0)   Pre Evacuate Collection Set: 0.95ms
[2026-05-14T00:34:02.560+0000][gc,phases   ] GC(0)   Merge Heap Roots: 0.13ms
[2026-05-14T00:34:02.561+0000][gc,phases   ] GC(0)   Evacuate Collection Set: 44.63ms
[2026-05-14T00:34:02.561+0000][gc,phases   ] GC(0)   Post Evacuate Collection Set: 2.68ms
[2026-05-14T00:34:02.562+0000][gc,phases   ] GC(0)   Other: 0.66ms
[2026-05-14T00:34:02.562+0000][gc,heap     ] GC(0) Eden regions: 51->0(44)
[2026-05-14T00:34:02.562+0000][gc,heap     ] GC(0) Survivor regions: 0->7(7)
[2026-05-14T00:34:02.563+0000][gc,heap     ] GC(0) Old regions: 1->2
[2026-05-14T00:34:02.563+0000][gc,heap     ] GC(0) Humongous regions: 0->0
[2026-05-14T00:34:02.563+0000][gc,metaspace] GC(0) Metaspace: 15503K(15744K)->15503K(15744K) NonClass: 13744K(13888K)->13744K(13888K) Class: 1759K(1856K)->1759K(1856K)
[2026-05-14T00:34:02.563+0000][gc          ] GC(0) Pause Young (Normal) (G1 Evacuation Pause) 51M->8M(1024M) 52.530ms
[2026-05-14T00:34:02.563+0000][gc,cpu      ] GC(0) User=0.03s Sys=0.01s Real=0.06s
[2026-05-14T00:34:03.913+0000][gc,start    ] GC(1) Pause Young (Concurrent Start) (Metadata GC Threshold)
[2026-05-14T00:34:03.914+0000][gc,task     ] GC(1) Using 2 workers of 2 for evacuation
[2026-05-14T00:34:03.938+0000][gc,phases   ] GC(1)   Pre Evacuate Collection Set: 0.32ms
[2026-05-14T00:34:03.939+0000][gc,phases   ] GC(1)   Merge Heap Roots: 0.05ms
[2026-05-14T00:34:03.939+0000][gc,phases   ] GC(1)   Evacuate Collection Set: 22.73ms
[2026-05-14T00:34:03.939+0000][gc,phases   ] GC(1)   Post Evacuate Collection Set: 1.30ms
[2026-05-14T00:34:03.939+0000][gc,phases   ] GC(1)   Other: 0.31ms
[2026-05-14T00:34:03.939+0000][gc,heap     ] GC(1) Eden regions: 17->0(49)
[2026-05-14T00:34:03.940+0000][gc,heap     ] GC(1) Survivor regions: 7->2(7)
[2026-05-14T00:34:03.940+0000][gc,heap     ] GC(1) Old regions: 2->10
[2026-05-14T00:34:03.940+0000][gc,heap     ] GC(1) Humongous regions: 0->0
[2026-05-14T00:34:03.940+0000][gc,metaspace] GC(1) Metaspace: 21272K(21504K)->21272K(21504K) NonClass: 18672K(18816K)->18672K(18816K) Class: 2599K(2688K)->2599K(2688K)
[2026-05-14T00:34:03.940+0000][gc          ] GC(1) Pause Young (Concurrent Start) (Metadata GC Threshold) 25M->10M(1024M) 27.234ms
[2026-05-14T00:34:03.940+0000][gc,cpu      ] GC(1) User=0.02s Sys=0.00s Real=0.03s
[2026-05-14T00:34:03.940+0000][gc          ] GC(2) Concurrent Mark Cycle
[2026-05-14T00:34:03.941+0000][gc,marking  ] GC(2) Concurrent Scan Root Regions
[2026-05-14T00:34:03.969+0000][gc,marking  ] GC(2) Concurrent Scan Root Regions 28.015ms
[2026-05-14T00:34:03.969+0000][gc,marking  ] GC(2) Concurrent Mark
[2026-05-14T00:34:03.969+0000][gc,marking  ] GC(2) Concurrent Mark From Roots
[2026-05-14T00:34:03.969+0000][gc,task     ] GC(2) Using 1 workers of 1 for marking
[2026-05-14T00:34:03.994+0000][gc,marking  ] GC(2) Concurrent Mark From Roots 24.725ms
[2026-05-14T00:34:03.994+0000][gc,marking  ] GC(2) Concurrent Preclean
[2026-05-14T00:34:03.994+0000][gc,marking  ] GC(2) Concurrent Preclean 0.018ms
[2026-05-14T00:34:03.994+0000][gc,start    ] GC(2) Pause Remark
[2026-05-14T00:34:04.002+0000][gc          ] GC(2) Pause Remark 11M->11M(1024M) 8.447ms
[2026-05-14T00:34:04.003+0000][gc,cpu      ] GC(2) User=0.00s Sys=0.00s Real=0.00s
[2026-05-14T00:34:04.003+0000][gc,marking  ] GC(2) Concurrent Mark 34.218ms
[2026-05-14T00:34:04.003+0000][gc,marking  ] GC(2) Concurrent Rebuild Remembered Sets and Scrub Regions
[2026-05-14T00:34:04.031+0000][gc,marking  ] GC(2) Concurrent Rebuild Remembered Sets and Scrub Regions 27.336ms
[2026-05-14T00:34:04.031+0000][gc,start    ] GC(2) Pause Cleanup
[2026-05-14T00:34:04.032+0000][gc          ] GC(2) Pause Cleanup 11M->11M(1024M) 0.345ms
[2026-05-14T00:34:04.032+0000][gc,cpu      ] GC(2) User=0.00s Sys=0.00s Real=0.00s
[2026-05-14T00:34:04.032+0000][gc,marking  ] GC(2) Concurrent Clear Claimed Marks
[2026-05-14T00:34:04.032+0000][gc,marking  ] GC(2) Concurrent Clear Claimed Marks 0.193ms
[2026-05-14T00:34:04.033+0000][gc,marking  ] GC(2) Concurrent Cleanup for Next Mark
[2026-05-14T00:34:04.102+0000][gc,marking  ] GC(2) Concurrent Cleanup for Next Mark 69.790ms
[2026-05-14T00:34:04.104+0000][gc          ] GC(2) Concurrent Mark Cycle 163.060ms
[2026-05-14T00:34:10.130+0000][gc,start    ] GC(3) Pause Young (Normal) (G1 Evacuation Pause)
[2026-05-14T00:34:10.131+0000][gc,task     ] GC(3) Using 2 workers of 2 for evacuation
[2026-05-14T00:34:10.202+0000][gc,phases   ] GC(3)   Pre Evacuate Collection Set: 0.27ms
[2026-05-14T00:34:10.202+0000][gc,phases   ] GC(3)   Merge Heap Roots: 0.09ms
[2026-05-14T00:34:10.202+0000][gc,phases   ] GC(3)   Evacuate Collection Set: 69.03ms
[2026-05-14T00:34:10.203+0000][gc,phases   ] GC(3)   Post Evacuate Collection Set: 1.53ms
[2026-05-14T00:34:10.203+0000][gc,phases   ] GC(3)   Other: 0.29ms
[2026-05-14T00:34:10.203+0000][gc,heap     ] GC(3) Eden regions: 49->0(45)
[2026-05-14T00:34:10.204+0000][gc,heap     ] GC(3) Survivor regions: 2->6(7)
[2026-05-14T00:34:10.204+0000][gc,heap     ] GC(3) Old regions: 10->10
[2026-05-14T00:34:10.204+0000][gc,heap     ] GC(3) Humongous regions: 0->0
[2026-05-14T00:34:10.204+0000][gc,metaspace] GC(3) Metaspace: 33864K(34304K)->33864K(34304K) NonClass: 29959K(30208K)->29959K(30208K) Class: 3905K(4096K)->3905K(4096K)
[2026-05-14T00:34:10.204+0000][gc          ] GC(3) Pause Young (Normal) (G1 Evacuation Pause) 59M->14M(1024M) 73.795ms
[2026-05-14T00:34:10.204+0000][gc,cpu      ] GC(3) User=0.04s Sys=0.00s Real=0.08s
[2026-05-14T00:34:11.069+0000][gc,start    ] GC(4) Pause Young (Concurrent Start) (Metadata GC Threshold)
[2026-05-14T00:34:11.070+0000][gc,task     ] GC(4) Using 2 workers of 2 for evacuation
[2026-05-14T00:34:11.147+0000][gc,phases   ] GC(4)   Pre Evacuate Collection Set: 0.32ms
[2026-05-14T00:34:11.147+0000][gc,phases   ] GC(4)   Merge Heap Roots: 0.08ms
[2026-05-14T00:34:11.147+0000][gc,phases   ] GC(4)   Evacuate Collection Set: 74.32ms
[2026-05-14T00:34:11.147+0000][gc,phases   ] GC(4)   Post Evacuate Collection Set: 2.23ms
[2026-05-14T00:34:11.147+0000][gc,phases   ] GC(4)   Other: 0.19ms
[2026-05-14T00:34:11.147+0000][gc,heap     ] GC(4) Eden regions: 8->0(64)
[2026-05-14T00:34:11.147+0000][gc,heap     ] GC(4) Survivor regions: 6->1(7)
[2026-05-14T00:34:11.147+0000][gc,heap     ] GC(4) Old regions: 10->15
[2026-05-14T00:34:11.147+0000][gc,heap     ] GC(4) Humongous regions: 0->0
[2026-05-14T00:34:11.147+0000][gc,metaspace] GC(4) Metaspace: 35696K(36096K)->35696K(36096K) NonClass: 31544K(31744K)->31544K(31744K) Class: 4152K(4352K)->4152K(4352K)
[2026-05-14T00:34:11.147+0000][gc          ] GC(4) Pause Young (Concurrent Start) (Metadata GC Threshold) 22M->15M(1024M) 77.496ms
[2026-05-14T00:34:11.147+0000][gc,cpu      ] GC(4) User=0.03s Sys=0.00s Real=0.08s
[2026-05-14T00:34:11.147+0000][gc          ] GC(5) Concurrent Mark Cycle
[2026-05-14T00:34:11.147+0000][gc,marking  ] GC(5) Concurrent Scan Root Regions
[2026-05-14T00:34:11.164+0000][gc,marking  ] GC(5) Concurrent Scan Root Regions 16.879ms
[2026-05-14T00:34:11.165+0000][gc,marking  ] GC(5) Concurrent Mark
[2026-05-14T00:34:11.165+0000][gc,marking  ] GC(5) Concurrent Mark From Roots
[2026-05-14T00:34:11.166+0000][gc,task     ] GC(5) Using 1 workers of 1 for marking
[2026-05-14T00:34:11.362+0000][gc,marking  ] GC(5) Concurrent Mark From Roots 196.779ms
[2026-05-14T00:34:11.363+0000][gc,marking  ] GC(5) Concurrent Preclean
[2026-05-14T00:34:11.364+0000][gc,marking  ] GC(5) Concurrent Preclean 1.821ms
[2026-05-14T00:34:11.374+0000][gc,start    ] GC(5) Pause Remark
[2026-05-14T00:34:11.426+0000][gc          ] GC(5) Pause Remark 18M->18M(1024M) 51.488ms
[2026-05-14T00:34:11.426+0000][gc,cpu      ] GC(5) User=0.02s Sys=0.00s Real=0.05s
[2026-05-14T00:34:11.440+0000][gc,marking  ] GC(5) Concurrent Mark 274.342ms
[2026-05-14T00:34:11.441+0000][gc,marking  ] GC(5) Concurrent Rebuild Remembered Sets and Scrub Regions
[2026-05-14T00:34:11.499+0000][gc,marking  ] GC(5) Concurrent Rebuild Remembered Sets and Scrub Regions 58.139ms
[2026-05-14T00:34:11.520+0000][gc,start    ] GC(5) Pause Cleanup
[2026-05-14T00:34:11.521+0000][gc          ] GC(5) Pause Cleanup 19M->19M(1024M) 0.280ms
[2026-05-14T00:34:11.521+0000][gc,cpu      ] GC(5) User=0.00s Sys=0.00s Real=0.00s
[2026-05-14T00:34:11.524+0000][gc,marking  ] GC(5) Concurrent Clear Claimed Marks
[2026-05-14T00:34:11.524+0000][gc,marking  ] GC(5) Concurrent Clear Claimed Marks 0.251ms
[2026-05-14T00:34:11.524+0000][gc,marking  ] GC(5) Concurrent Cleanup for Next Mark
[2026-05-14T00:34:11.559+0000][gc,marking  ] GC(5) Concurrent Cleanup for Next Mark 35.380ms
[2026-05-14T00:34:11.559+0000][gc          ] GC(5) Concurrent Mark Cycle 412.038ms
[2026-05-14T00:34:16.783+0000][gc,start    ] GC(6) Pause Young (Prepare Mixed) (G1 Evacuation Pause)
[2026-05-14T00:34:16.784+0000][gc,task     ] GC(6) Using 2 workers of 2 for evacuation
[2026-05-14T00:34:16.855+0000][gc,phases   ] GC(6)   Pre Evacuate Collection Set: 1.15ms
[2026-05-14T00:34:16.855+0000][gc,phases   ] GC(6)   Merge Heap Roots: 1.45ms
[2026-05-14T00:34:16.855+0000][gc,phases   ] GC(6)   Evacuate Collection Set: 63.60ms
[2026-05-14T00:34:16.855+0000][gc,phases   ] GC(6)   Post Evacuate Collection Set: 3.18ms
[2026-05-14T00:34:16.855+0000][gc,phases   ] GC(6)   Other: 1.62ms
[2026-05-14T00:34:16.855+0000][gc,heap     ] GC(6) Eden regions: 50->0(44)
[2026-05-14T00:34:16.855+0000][gc,heap     ] GC(6) Survivor regions: 1->7(7)
[2026-05-14T00:34:16.855+0000][gc,heap     ] GC(6) Old regions: 15->17
[2026-05-14T00:34:16.855+0000][gc,heap     ] GC(6) Humongous regions: 129->129
[2026-05-14T00:34:16.856+0000][gc,metaspace] GC(6) Metaspace: 42999K(43840K)->42999K(43840K) NonClass: 37916K(38400K)->37916K(38400K) Class: 5082K(5440K)->5082K(5440K)
[2026-05-14T00:34:16.856+0000][gc          ] GC(6) Pause Young (Prepare Mixed) (G1 Evacuation Pause) 194M->152M(1024M) 73.659ms
[2026-05-14T00:34:16.856+0000][gc,cpu      ] GC(6) User=0.03s Sys=0.00s Real=0.08s
[2026-05-14T00:34:49.130+0000][gc,start    ] GC(7) Pause Young (Mixed) (G1 Evacuation Pause)
[2026-05-14T00:34:49.131+0000][gc,task     ] GC(7) Using 2 workers of 2 for evacuation
[2026-05-14T00:34:49.171+0000][gc,phases   ] GC(7)   Pre Evacuate Collection Set: 0.41ms
[2026-05-14T00:34:49.171+0000][gc,phases   ] GC(7)   Merge Heap Roots: 0.12ms
[2026-05-14T00:34:49.171+0000][gc,phases   ] GC(7)   Evacuate Collection Set: 37.17ms
[2026-05-14T00:34:49.171+0000][gc,phases   ] GC(7)   Post Evacuate Collection Set: 2.03ms
[2026-05-14T00:34:49.171+0000][gc,phases   ] GC(7)   Other: 0.10ms
[2026-05-14T00:34:49.171+0000][gc,heap     ] GC(7) Eden regions: 44->0(50)
[2026-05-14T00:34:49.171+0000][gc,heap     ] GC(7) Survivor regions: 7->4(7)
[2026-05-14T00:34:49.171+0000][gc,heap     ] GC(7) Old regions: 17->25
[2026-05-14T00:34:49.171+0000][gc,heap     ] GC(7) Humongous regions: 129->129
[2026-05-14T00:34:49.171+0000][gc,metaspace] GC(7) Metaspace: 47424K(48448K)->47424K(48448K) NonClass: 41765K(42368K)->41765K(42368K) Class: 5658K(6080K)->5658K(6080K)
[2026-05-14T00:34:49.171+0000][gc          ] GC(7) Pause Young (Mixed) (G1 Evacuation Pause) 196M->156M(1024M) 41.797ms
[2026-05-14T00:34:49.171+0000][gc,cpu      ] GC(7) User=0.03s Sys=0.01s Real=0.04s
[2026-05-14T00:36:39.705+0000][gc,start    ] GC(8) Pause Young (Normal) (G1 Evacuation Pause)
[2026-05-14T00:36:39.710+0000][gc,task     ] GC(8) Using 2 workers of 2 for evacuation
[2026-05-14T00:36:39.740+0000][gc,phases   ] GC(8)   Pre Evacuate Collection Set: 1.61ms
[2026-05-14T00:36:39.740+0000][gc,phases   ] GC(8)   Merge Heap Roots: 0.15ms
[2026-05-14T00:36:39.740+0000][gc,phases   ] GC(8)   Evacuate Collection Set: 26.96ms
[2026-05-14T00:36:39.740+0000][gc,phases   ] GC(8)   Post Evacuate Collection Set: 1.48ms
[2026-05-14T00:36:39.740+0000][gc,phases   ] GC(8)   Other: 0.21ms
[2026-05-14T00:36:39.740+0000][gc,heap     ] GC(8) Eden regions: 47->0(67)
[2026-05-14T00:36:39.740+0000][gc,heap     ] GC(8) Survivor regions: 4->6(7)
[2026-05-14T00:36:39.740+0000][gc,heap     ] GC(8) Old regions: 25->25
[2026-05-14T00:36:39.740+0000][gc,heap     ] GC(8) Humongous regions: 129->129
[2026-05-14T00:36:39.740+0000][gc,metaspace] GC(8) Metaspace: 48729K(49728K)->48729K(49728K) NonClass: 43051K(43584K)->43051K(43584K) Class: 5677K(6144K)->5677K(6144K)
[2026-05-14T00:36:39.740+0000][gc          ] GC(8) Pause Young (Normal) (G1 Evacuation Pause) 203M->158M(1024M) 35.242ms
[2026-05-14T00:36:39.740+0000][gc,cpu      ] GC(8) User=0.02s Sys=0.01s Real=0.03s
[2026-05-14T00:39:17.806+0000][gc,start    ] GC(9) Pause Young (Normal) (G1 Evacuation Pause)
[2026-05-14T00:39:17.808+0000][gc,task     ] GC(9) Using 2 workers of 2 for evacuation
[2026-05-14T00:39:17.840+0000][gc,phases   ] GC(9)   Pre Evacuate Collection Set: 1.45ms
[2026-05-14T00:39:17.840+0000][gc,phases   ] GC(9)   Merge Heap Roots: 0.20ms
[2026-05-14T00:39:17.841+0000][gc,phases   ] GC(9)   Evacuate Collection Set: 29.04ms
[2026-05-14T00:39:17.841+0000][gc,phases   ] GC(9)   Post Evacuate Collection Set: 1.20ms
[2026-05-14T00:39:17.841+0000][gc,phases   ] GC(9)   Other: 0.70ms
[2026-05-14T00:39:17.841+0000][gc,heap     ] GC(9) Eden regions: 65->0(372)
[2026-05-14T00:39:17.841+0000][gc,heap     ] GC(9) Survivor regions: 6->3(9)
[2026-05-14T00:39:17.842+0000][gc,heap     ] GC(9) Old regions: 25->27
[2026-05-14T00:39:17.842+0000][gc,heap     ] GC(9) Humongous regions: 129->129
[2026-05-14T00:39:17.842+0000][gc,metaspace] GC(9) Metaspace: 49117K(50112K)->49117K(50112K) NonClass: 43417K(43968K)->43417K(43968K) Class: 5699K(6144K)->5699K(6144K)
[2026-05-14T00:39:17.842+0000][gc          ] GC(9) Pause Young (Normal) (G1 Evacuation Pause) 223M->158M(1024M) 36.239ms
[2026-05-14T00:39:17.842+0000][gc,cpu      ] GC(9) User=0.03s Sys=0.01s Real=0.03s
[2026-05-14T00:54:58.406+0000][gc,start    ] GC(10) Pause Young (Normal) (G1 Evacuation Pause)
[2026-05-14T00:54:58.407+0000][gc,task     ] GC(10) Using 2 workers of 2 for evacuation
[2026-05-14T00:54:58.527+0000][gc,phases   ] GC(10)   Pre Evacuate Collection Set: 23.69ms
[2026-05-14T00:54:58.527+0000][gc,phases   ] GC(10)   Merge Heap Roots: 0.62ms
[2026-05-14T00:54:58.527+0000][gc,phases   ] GC(10)   Evacuate Collection Set: 92.93ms
[2026-05-14T00:54:58.527+0000][gc,phases   ] GC(10)   Post Evacuate Collection Set: 2.59ms
[2026-05-14T00:54:58.527+0000][gc,phases   ] GC(10)   Other: 0.36ms
[2026-05-14T00:54:58.527+0000][gc,heap     ] GC(10) Eden regions: 362->0(169)
[2026-05-14T00:54:58.528+0000][gc,heap     ] GC(10) Survivor regions: 3->9(46)
[2026-05-14T00:54:58.528+0000][gc,heap     ] GC(10) Old regions: 27->27
[2026-05-14T00:54:58.528+0000][gc,heap     ] GC(10) Humongous regions: 129->129
[2026-05-14T00:54:58.528+0000][gc,metaspace] GC(10) Metaspace: 50193K(51328K)->50193K(51328K) NonClass: 44312K(44928K)->44312K(44928K) Class: 5880K(6400K)->5880K(6400K)
[2026-05-14T00:54:58.528+0000][gc          ] GC(10) Pause Young (Normal) (G1 Evacuation Pause) 520M->164M(1024M) 121.142ms
[2026-05-14T00:54:58.528+0000][gc,cpu      ] GC(10) User=0.06s Sys=0.10s Real=0.12s
[2026-05-14T00:54:59.281+0000][gc,heap,exit] Heap
[2026-05-14T00:54:59.281+0000][gc,heap,exit]  garbage-first heap   total 1048576K, used 182602K [0x00000000c0000000, 0x0000000100000000)
[2026-05-14T00:54:59.281+0000][gc,heap,exit]   region size 1024K, 23 young (23552K), 9 survivors (9216K)
[2026-05-14T00:54:59.281+0000][gc,heap,exit]  Metaspace       used 50878K, committed 52032K, reserved 1114112K
[2026-05-14T00:54:59.281+0000][gc,heap,exit]   class space    used 6004K, committed 6528K, reserved 1048576K
