[2026-05-13T16:16:32.622+0000][gc,init] CardTable entry size: 512
[2026-05-13T16:16:32.622+0000][gc     ] Using G1
[2026-05-13T16:16:32.636+0000][gc,init] Version: 21.0.10+7-LTS (release)
[2026-05-13T16:16:32.636+0000][gc,init] CPUs: 2 total, 2 available
[2026-05-13T16:16:32.636+0000][gc,init] Memory: 3732M
[2026-05-13T16:16:32.636+0000][gc,init] Large Page Support: Disabled
[2026-05-13T16:16:32.636+0000][gc,init] NUMA Support: Disabled
[2026-05-13T16:16:32.636+0000][gc,init] Compressed Oops: Enabled (32-bit)
[2026-05-13T16:16:32.636+0000][gc,init] Heap Region Size: 1M
[2026-05-13T16:16:32.636+0000][gc,init] Heap Min Capacity: 1G
[2026-05-13T16:16:32.636+0000][gc,init] Heap Initial Capacity: 1G
[2026-05-13T16:16:32.636+0000][gc,init] Heap Max Capacity: 1G
[2026-05-13T16:16:32.636+0000][gc,init] Pre-touch: Disabled
[2026-05-13T16:16:32.636+0000][gc,init] Parallel Workers: 2
[2026-05-13T16:16:32.636+0000][gc,init] Concurrent Workers: 1
[2026-05-13T16:16:32.636+0000][gc,init] Concurrent Refinement Workers: 2
[2026-05-13T16:16:32.636+0000][gc,init] Periodic GC: Disabled
[2026-05-13T16:16:32.911+0000][gc,metaspace] CDS archive(s) mapped at: [0x00007f3623000000-0x00007f3623bad000-0x00007f3623bad000), size 12242944, SharedBaseAddress: 0x00007f3623000000, ArchiveRelocationMode: 1.
[2026-05-13T16:16:32.912+0000][gc,metaspace] Compressed class space mapped at: 0x00007f3627000000-0x00007f3667000000, reserved size: 1073741824
[2026-05-13T16:16:32.912+0000][gc,metaspace] Narrow klass base: 0x00007f3623000000, Narrow klass shift: 0, Narrow klass range: 0x100000000
[2026-05-13T16:16:39.072+0000][gc,start    ] GC(0) Pause Young (Normal) (G1 Evacuation Pause)
[2026-05-13T16:16:39.075+0000][gc,task     ] GC(0) Using 2 workers of 2 for evacuation
[2026-05-13T16:16:39.207+0000][gc,phases   ] GC(0)   Pre Evacuate Collection Set: 0.98ms
[2026-05-13T16:16:39.208+0000][gc,phases   ] GC(0)   Merge Heap Roots: 0.09ms
[2026-05-13T16:16:39.208+0000][gc,phases   ] GC(0)   Evacuate Collection Set: 124.04ms
[2026-05-13T16:16:39.208+0000][gc,phases   ] GC(0)   Post Evacuate Collection Set: 7.20ms
[2026-05-13T16:16:39.208+0000][gc,phases   ] GC(0)   Other: 2.91ms
[2026-05-13T16:16:39.208+0000][gc,heap     ] GC(0) Eden regions: 51->0(44)
[2026-05-13T16:16:39.209+0000][gc,heap     ] GC(0) Survivor regions: 0->7(7)
[2026-05-13T16:16:39.209+0000][gc,heap     ] GC(0) Old regions: 1->2
[2026-05-13T16:16:39.209+0000][gc,heap     ] GC(0) Humongous regions: 0->0
[2026-05-13T16:16:39.209+0000][gc,metaspace] GC(0) Metaspace: 15090K(15360K)->15090K(15360K) NonClass: 13375K(13504K)->13375K(13504K) Class: 1714K(1856K)->1714K(1856K)
[2026-05-13T16:16:39.210+0000][gc          ] GC(0) Pause Young (Normal) (G1 Evacuation Pause) 51M->8M(1024M) 137.769ms
[2026-05-13T16:16:39.210+0000][gc,cpu      ] GC(0) User=0.03s Sys=0.01s Real=0.14s
[2026-05-13T16:16:41.109+0000][gc,start    ] GC(1) Pause Young (Concurrent Start) (Metadata GC Threshold)
[2026-05-13T16:16:41.110+0000][gc,task     ] GC(1) Using 2 workers of 2 for evacuation
[2026-05-13T16:16:41.167+0000][gc,phases   ] GC(1)   Pre Evacuate Collection Set: 0.31ms
[2026-05-13T16:16:41.167+0000][gc,phases   ] GC(1)   Merge Heap Roots: 0.05ms
[2026-05-13T16:16:41.169+0000][gc,phases   ] GC(1)   Evacuate Collection Set: 53.97ms
[2026-05-13T16:16:41.169+0000][gc,phases   ] GC(1)   Post Evacuate Collection Set: 2.63ms
[2026-05-13T16:16:41.169+0000][gc,phases   ] GC(1)   Other: 0.35ms
[2026-05-13T16:16:41.169+0000][gc,heap     ] GC(1) Eden regions: 18->0(50)
[2026-05-13T16:16:41.169+0000][gc,heap     ] GC(1) Survivor regions: 7->1(7)
[2026-05-13T16:16:41.170+0000][gc,heap     ] GC(1) Old regions: 2->10
[2026-05-13T16:16:41.170+0000][gc,heap     ] GC(1) Humongous regions: 0->0
[2026-05-13T16:16:41.170+0000][gc,metaspace] GC(1) Metaspace: 21271K(21504K)->21271K(21504K) NonClass: 18674K(18816K)->18674K(18816K) Class: 2596K(2688K)->2596K(2688K)
[2026-05-13T16:16:41.170+0000][gc          ] GC(1) Pause Young (Concurrent Start) (Metadata GC Threshold) 26M->10M(1024M) 60.946ms
[2026-05-13T16:16:41.170+0000][gc          ] GC(2) Concurrent Mark Cycle
[2026-05-13T16:16:41.171+0000][gc,marking  ] GC(2) Concurrent Scan Root Regions
[2026-05-13T16:16:41.171+0000][gc,cpu      ] GC(1) User=0.03s Sys=0.00s Real=0.06s
[2026-05-13T16:16:41.195+0000][gc,marking  ] GC(2) Concurrent Scan Root Regions 24.080ms
[2026-05-13T16:16:41.195+0000][gc,marking  ] GC(2) Concurrent Mark
[2026-05-13T16:16:41.195+0000][gc,marking  ] GC(2) Concurrent Mark From Roots
[2026-05-13T16:16:41.195+0000][gc,task     ] GC(2) Using 1 workers of 1 for marking
[2026-05-13T16:16:41.211+0000][gc,marking  ] GC(2) Concurrent Mark From Roots 15.915ms
[2026-05-13T16:16:41.211+0000][gc,marking  ] GC(2) Concurrent Preclean
[2026-05-13T16:16:41.211+0000][gc,marking  ] GC(2) Concurrent Preclean 0.020ms
[2026-05-13T16:16:41.211+0000][gc,start    ] GC(2) Pause Remark
[2026-05-13T16:16:41.220+0000][gc          ] GC(2) Pause Remark 10M->10M(1024M) 8.212ms
[2026-05-13T16:16:41.220+0000][gc,cpu      ] GC(2) User=0.00s Sys=0.00s Real=0.01s
[2026-05-13T16:16:41.220+0000][gc,marking  ] GC(2) Concurrent Mark 25.182ms
[2026-05-13T16:16:41.220+0000][gc,marking  ] GC(2) Concurrent Rebuild Remembered Sets and Scrub Regions
[2026-05-13T16:16:41.232+0000][gc,marking  ] GC(2) Concurrent Rebuild Remembered Sets and Scrub Regions 11.565ms
[2026-05-13T16:16:41.233+0000][gc,start    ] GC(2) Pause Cleanup
[2026-05-13T16:16:41.234+0000][gc          ] GC(2) Pause Cleanup 10M->10M(1024M) 0.931ms
[2026-05-13T16:16:41.234+0000][gc,cpu      ] GC(2) User=0.00s Sys=0.00s Real=0.00s
[2026-05-13T16:16:41.235+0000][gc,marking  ] GC(2) Concurrent Clear Claimed Marks
[2026-05-13T16:16:41.235+0000][gc,marking  ] GC(2) Concurrent Clear Claimed Marks 0.209ms
[2026-05-13T16:16:41.235+0000][gc,marking  ] GC(2) Concurrent Cleanup for Next Mark
[2026-05-13T16:16:41.302+0000][gc,marking  ] GC(2) Concurrent Cleanup for Next Mark 66.175ms
[2026-05-13T16:16:41.302+0000][gc          ] GC(2) Concurrent Mark Cycle 131.223ms
[2026-05-13T16:16:47.246+0000][gc,start    ] GC(3) Pause Young (Normal) (G1 Evacuation Pause)
[2026-05-13T16:16:47.252+0000][gc,task     ] GC(3) Using 2 workers of 2 for evacuation
[2026-05-13T16:16:47.296+0000][gc,phases   ] GC(3)   Pre Evacuate Collection Set: 0.33ms
[2026-05-13T16:16:47.296+0000][gc,phases   ] GC(3)   Merge Heap Roots: 0.09ms
[2026-05-13T16:16:47.296+0000][gc,phases   ] GC(3)   Evacuate Collection Set: 39.09ms
[2026-05-13T16:16:47.296+0000][gc,phases   ] GC(3)   Post Evacuate Collection Set: 4.00ms
[2026-05-13T16:16:47.296+0000][gc,phases   ] GC(3)   Other: 0.51ms
[2026-05-13T16:16:47.296+0000][gc,heap     ] GC(3) Eden regions: 50->0(45)
[2026-05-13T16:16:47.296+0000][gc,heap     ] GC(3) Survivor regions: 1->6(7)
[2026-05-13T16:16:47.296+0000][gc,heap     ] GC(3) Old regions: 10->10
[2026-05-13T16:16:47.296+0000][gc,heap     ] GC(3) Humongous regions: 0->0
[2026-05-13T16:16:47.296+0000][gc,metaspace] GC(3) Metaspace: 32513K(32960K)->32513K(32960K) NonClass: 28751K(28992K)->28751K(28992K) Class: 3761K(3968K)->3761K(3968K)
[2026-05-13T16:16:47.296+0000][gc          ] GC(3) Pause Young (Normal) (G1 Evacuation Pause) 60M->14M(1024M) 50.007ms
[2026-05-13T16:16:47.296+0000][gc,cpu      ] GC(3) User=0.02s Sys=0.00s Real=0.05s
[2026-05-13T16:16:48.889+0000][gc,start    ] GC(4) Pause Young (Concurrent Start) (GCLocker Initiated GC)
[2026-05-13T16:16:48.889+0000][gc,task     ] GC(4) Using 2 workers of 2 for evacuation
[2026-05-13T16:16:48.974+0000][gc,phases   ] GC(4)   Pre Evacuate Collection Set: 0.28ms
[2026-05-13T16:16:48.974+0000][gc,phases   ] GC(4)   Merge Heap Roots: 0.06ms
[2026-05-13T16:16:48.974+0000][gc,phases   ] GC(4)   Evacuate Collection Set: 81.99ms
[2026-05-13T16:16:48.974+0000][gc,phases   ] GC(4)   Post Evacuate Collection Set: 2.19ms
[2026-05-13T16:16:48.974+0000][gc,phases   ] GC(4)   Other: 0.11ms
[2026-05-13T16:16:48.974+0000][gc,heap     ] GC(4) Eden regions: 14->0(53)
[2026-05-13T16:16:48.974+0000][gc,heap     ] GC(4) Survivor regions: 6->2(7)
[2026-05-13T16:16:48.974+0000][gc,heap     ] GC(4) Old regions: 10->15
[2026-05-13T16:16:48.974+0000][gc,heap     ] GC(4) Humongous regions: 0->0
[2026-05-13T16:16:48.974+0000][gc,metaspace] GC(4) Metaspace: 35722K(36224K)->35722K(36224K) NonClass: 31568K(31872K)->31568K(31872K) Class: 4154K(4352K)->4154K(4352K)
[2026-05-13T16:16:48.974+0000][gc          ] GC(4) Pause Young (Concurrent Start) (GCLocker Initiated GC) 28M->15M(1024M) 84.993ms
[2026-05-13T16:16:48.974+0000][gc,cpu      ] GC(4) User=0.03s Sys=0.00s Real=0.08s
[2026-05-13T16:16:48.976+0000][gc          ] GC(5) Concurrent Mark Cycle
[2026-05-13T16:16:48.976+0000][gc,marking  ] GC(5) Concurrent Scan Root Regions
[2026-05-13T16:16:49.013+0000][gc,marking  ] GC(5) Concurrent Scan Root Regions 37.283ms
[2026-05-13T16:16:49.014+0000][gc,marking  ] GC(5) Concurrent Mark
[2026-05-13T16:16:49.014+0000][gc,marking  ] GC(5) Concurrent Mark From Roots
[2026-05-13T16:16:49.014+0000][gc,task     ] GC(5) Using 1 workers of 1 for marking
[2026-05-13T16:16:49.155+0000][gc,marking  ] GC(5) Concurrent Mark From Roots 141.575ms
[2026-05-13T16:16:49.156+0000][gc,marking  ] GC(5) Concurrent Preclean
[2026-05-13T16:16:49.156+0000][gc,marking  ] GC(5) Concurrent Preclean 0.110ms
[2026-05-13T16:16:49.156+0000][gc,start    ] GC(5) Pause Remark
[2026-05-13T16:16:49.182+0000][gc          ] GC(5) Pause Remark 17M->17M(1024M) 26.139ms
[2026-05-13T16:16:49.182+0000][gc,cpu      ] GC(5) User=0.01s Sys=0.00s Real=0.03s
[2026-05-13T16:16:49.184+0000][gc,marking  ] GC(5) Concurrent Mark 170.109ms
[2026-05-13T16:16:49.184+0000][gc,marking  ] GC(5) Concurrent Rebuild Remembered Sets and Scrub Regions
[2026-05-13T16:16:49.249+0000][gc,marking  ] GC(5) Concurrent Rebuild Remembered Sets and Scrub Regions 64.898ms
[2026-05-13T16:16:49.249+0000][gc,start    ] GC(5) Pause Cleanup
[2026-05-13T16:16:49.250+0000][gc          ] GC(5) Pause Cleanup 18M->18M(1024M) 0.585ms
[2026-05-13T16:16:49.250+0000][gc,cpu      ] GC(5) User=0.00s Sys=0.00s Real=0.00s
[2026-05-13T16:16:49.250+0000][gc,marking  ] GC(5) Concurrent Clear Claimed Marks
[2026-05-13T16:16:49.250+0000][gc,marking  ] GC(5) Concurrent Clear Claimed Marks 0.055ms
[2026-05-13T16:16:49.250+0000][gc,marking  ] GC(5) Concurrent Cleanup for Next Mark
[2026-05-13T16:16:49.271+0000][gc,marking  ] GC(5) Concurrent Cleanup for Next Mark 21.254ms
[2026-05-13T16:16:49.271+0000][gc          ] GC(5) Concurrent Mark Cycle 295.629ms
[2026-05-13T16:16:56.494+0000][gc,start    ] GC(6) Pause Young (Prepare Mixed) (G1 Evacuation Pause)
[2026-05-13T16:16:56.494+0000][gc,task     ] GC(6) Using 2 workers of 2 for evacuation
[2026-05-13T16:16:56.631+0000][gc,phases   ] GC(6)   Pre Evacuate Collection Set: 0.40ms
[2026-05-13T16:16:56.631+0000][gc,phases   ] GC(6)   Merge Heap Roots: 0.32ms
[2026-05-13T16:16:56.631+0000][gc,phases   ] GC(6)   Evacuate Collection Set: 133.91ms
[2026-05-13T16:16:56.631+0000][gc,phases   ] GC(6)   Post Evacuate Collection Set: 2.46ms
[2026-05-13T16:16:56.631+0000][gc,phases   ] GC(6)   Other: 0.11ms
[2026-05-13T16:16:56.631+0000][gc,heap     ] GC(6) Eden regions: 49->0(44)
[2026-05-13T16:16:56.631+0000][gc,heap     ] GC(6) Survivor regions: 2->7(7)
[2026-05-13T16:16:56.631+0000][gc,heap     ] GC(6) Old regions: 15->16
[2026-05-13T16:16:56.631+0000][gc,heap     ] GC(6) Humongous regions: 0->0
[2026-05-13T16:16:56.631+0000][gc,metaspace] GC(6) Metaspace: 42799K(43712K)->42799K(43712K) NonClass: 37744K(38272K)->37744K(38272K) Class: 5055K(5440K)->5055K(5440K)
[2026-05-13T16:16:56.631+0000][gc          ] GC(6) Pause Young (Prepare Mixed) (G1 Evacuation Pause) 64M->22M(1024M) 137.531ms
[2026-05-13T16:16:56.631+0000][gc,cpu      ] GC(6) User=0.02s Sys=0.00s Real=0.14s
[2026-05-13T16:17:46.064+0000][gc,start    ] GC(7) Pause Young (Mixed) (G1 Evacuation Pause)
[2026-05-13T16:17:46.065+0000][gc,task     ] GC(7) Using 2 workers of 2 for evacuation
[2026-05-13T16:17:46.085+0000][gc,phases   ] GC(7)   Pre Evacuate Collection Set: 0.86ms
[2026-05-13T16:17:46.085+0000][gc,phases   ] GC(7)   Merge Heap Roots: 0.13ms
[2026-05-13T16:17:46.085+0000][gc,phases   ] GC(7)   Evacuate Collection Set: 16.97ms
[2026-05-13T16:17:46.085+0000][gc,phases   ] GC(7)   Post Evacuate Collection Set: 1.68ms
[2026-05-13T16:17:46.085+0000][gc,phases   ] GC(7)   Other: 0.12ms
[2026-05-13T16:17:46.085+0000][gc,heap     ] GC(7) Eden regions: 44->0(48)
[2026-05-13T16:17:46.085+0000][gc,heap     ] GC(7) Survivor regions: 7->3(7)
[2026-05-13T16:17:46.085+0000][gc,heap     ] GC(7) Old regions: 16->23
[2026-05-13T16:17:46.085+0000][gc,heap     ] GC(7) Humongous regions: 129->129
[2026-05-13T16:17:46.085+0000][gc,metaspace] GC(7) Metaspace: 47464K(48576K)->47464K(48576K) NonClass: 41813K(42432K)->41813K(42432K) Class: 5650K(6144K)->5650K(6144K)
[2026-05-13T16:17:46.085+0000][gc          ] GC(7) Pause Young (Mixed) (G1 Evacuation Pause) 195M->154M(1024M) 21.712ms
[2026-05-13T16:17:46.086+0000][gc,cpu      ] GC(7) User=0.03s Sys=0.00s Real=0.02s
[2026-05-13T16:23:14.490+0000][gc,start    ] GC(8) Pause Young (Normal) (G1 Evacuation Pause)
[2026-05-13T16:23:14.507+0000][gc,task     ] GC(8) Using 2 workers of 2 for evacuation
[2026-05-13T16:23:14.527+0000][gc,phases   ] GC(8)   Pre Evacuate Collection Set: 2.21ms
[2026-05-13T16:23:14.527+0000][gc,phases   ] GC(8)   Merge Heap Roots: 0.32ms
[2026-05-13T16:23:14.527+0000][gc,phases   ] GC(8)   Evacuate Collection Set: 15.68ms
[2026-05-13T16:23:14.527+0000][gc,phases   ] GC(8)   Post Evacuate Collection Set: 1.65ms
[2026-05-13T16:23:14.527+0000][gc,phases   ] GC(8)   Other: 0.14ms
[2026-05-13T16:23:14.527+0000][gc,heap     ] GC(8) Eden regions: 48->0(74)
[2026-05-13T16:23:14.527+0000][gc,heap     ] GC(8) Survivor regions: 3->4(7)
[2026-05-13T16:23:14.527+0000][gc,heap     ] GC(8) Old regions: 23->23
[2026-05-13T16:23:14.527+0000][gc,heap     ] GC(8) Humongous regions: 129->129
[2026-05-13T16:23:14.527+0000][gc,metaspace] GC(8) Metaspace: 48321K(49408K)->48321K(49408K) NonClass: 42642K(43264K)->42642K(43264K) Class: 5678K(6144K)->5678K(6144K)
[2026-05-13T16:23:14.527+0000][gc          ] GC(8) Pause Young (Normal) (G1 Evacuation Pause) 202M->155M(1024M) 36.404ms
[2026-05-13T16:23:14.527+0000][gc,cpu      ] GC(8) User=0.02s Sys=0.01s Real=0.04s
[2026-05-13T16:24:17.899+0000][gc,heap,exit] Heap
[2026-05-13T16:24:17.915+0000][gc,heap,exit]  garbage-first heap   total 1048576K, used 182825K [0x00000000c0000000, 0x0000000100000000)
[2026-05-13T16:24:17.915+0000][gc,heap,exit]   region size 1024K, 27 young (27648K), 4 survivors (4096K)
[2026-05-13T16:24:17.915+0000][gc,heap,exit]  Metaspace       used 49036K, committed 50176K, reserved 1114112K
[2026-05-13T16:24:17.915+0000][gc,heap,exit]   class space    used 5838K, committed 6336K, reserved 1048576K
