[2026-05-13T16:51:09.850+0000][gc,init] CardTable entry size: 512
[2026-05-13T16:51:09.850+0000][gc     ] Using G1
[2026-05-13T16:51:09.867+0000][gc,init] Version: 21.0.10+7-LTS (release)
[2026-05-13T16:51:09.867+0000][gc,init] CPUs: 2 total, 2 available
[2026-05-13T16:51:09.867+0000][gc,init] Memory: 3732M
[2026-05-13T16:51:09.867+0000][gc,init] Large Page Support: Disabled
[2026-05-13T16:51:09.867+0000][gc,init] NUMA Support: Disabled
[2026-05-13T16:51:09.867+0000][gc,init] Compressed Oops: Enabled (32-bit)
[2026-05-13T16:51:09.867+0000][gc,init] Heap Region Size: 1M
[2026-05-13T16:51:09.867+0000][gc,init] Heap Min Capacity: 1G
[2026-05-13T16:51:09.867+0000][gc,init] Heap Initial Capacity: 1G
[2026-05-13T16:51:09.867+0000][gc,init] Heap Max Capacity: 1G
[2026-05-13T16:51:09.867+0000][gc,init] Pre-touch: Disabled
[2026-05-13T16:51:09.867+0000][gc,init] Parallel Workers: 2
[2026-05-13T16:51:09.867+0000][gc,init] Concurrent Workers: 1
[2026-05-13T16:51:09.867+0000][gc,init] Concurrent Refinement Workers: 2
[2026-05-13T16:51:09.867+0000][gc,init] Periodic GC: Disabled
[2026-05-13T16:51:10.149+0000][gc,metaspace] CDS archive(s) mapped at: [0x00007fa152000000-0x00007fa152bad000-0x00007fa152bad000), size 12242944, SharedBaseAddress: 0x00007fa152000000, ArchiveRelocationMode: 1.
[2026-05-13T16:51:10.149+0000][gc,metaspace] Compressed class space mapped at: 0x00007fa156000000-0x00007fa196000000, reserved size: 1073741824
[2026-05-13T16:51:10.149+0000][gc,metaspace] Narrow klass base: 0x00007fa152000000, Narrow klass shift: 0, Narrow klass range: 0x100000000
[2026-05-13T16:51:12.557+0000][gc,start    ] GC(0) Pause Young (Normal) (G1 Evacuation Pause)
[2026-05-13T16:51:12.558+0000][gc,task     ] GC(0) Using 2 workers of 2 for evacuation
[2026-05-13T16:51:12.574+0000][gc,phases   ] GC(0)   Pre Evacuate Collection Set: 0.25ms
[2026-05-13T16:51:12.575+0000][gc,phases   ] GC(0)   Merge Heap Roots: 0.08ms
[2026-05-13T16:51:12.575+0000][gc,phases   ] GC(0)   Evacuate Collection Set: 14.50ms
[2026-05-13T16:51:12.575+0000][gc,phases   ] GC(0)   Post Evacuate Collection Set: 1.24ms
[2026-05-13T16:51:12.575+0000][gc,phases   ] GC(0)   Other: 0.65ms
[2026-05-13T16:51:12.575+0000][gc,heap     ] GC(0) Eden regions: 51->0(44)
[2026-05-13T16:51:12.575+0000][gc,heap     ] GC(0) Survivor regions: 0->7(7)
[2026-05-13T16:51:12.576+0000][gc,heap     ] GC(0) Old regions: 1->3
[2026-05-13T16:51:12.576+0000][gc,heap     ] GC(0) Humongous regions: 0->0
[2026-05-13T16:51:12.576+0000][gc,metaspace] GC(0) Metaspace: 15134K(15360K)->15134K(15360K) NonClass: 13405K(13504K)->13405K(13504K) Class: 1729K(1856K)->1729K(1856K)
[2026-05-13T16:51:12.576+0000][gc          ] GC(0) Pause Young (Normal) (G1 Evacuation Pause) 51M->9M(1024M) 19.017ms
[2026-05-13T16:51:12.577+0000][gc,cpu      ] GC(0) User=0.02s Sys=0.01s Real=0.01s
[2026-05-13T16:51:18.122+0000][gc,start    ] GC(1) Pause Young (Concurrent Start) (Metadata GC Threshold)
[2026-05-13T16:51:18.123+0000][gc,task     ] GC(1) Using 2 workers of 2 for evacuation
[2026-05-13T16:51:18.136+0000][gc,phases   ] GC(1)   Pre Evacuate Collection Set: 0.55ms
[2026-05-13T16:51:18.136+0000][gc,phases   ] GC(1)   Merge Heap Roots: 0.18ms
[2026-05-13T16:51:18.136+0000][gc,phases   ] GC(1)   Evacuate Collection Set: 11.38ms
[2026-05-13T16:51:18.136+0000][gc,phases   ] GC(1)   Post Evacuate Collection Set: 0.76ms
[2026-05-13T16:51:18.136+0000][gc,phases   ] GC(1)   Other: 0.82ms
[2026-05-13T16:51:18.136+0000][gc,heap     ] GC(1) Eden regions: 18->0(50)
[2026-05-13T16:51:18.136+0000][gc,heap     ] GC(1) Survivor regions: 7->1(7)
[2026-05-13T16:51:18.136+0000][gc,heap     ] GC(1) Old regions: 3->10
[2026-05-13T16:51:18.136+0000][gc,heap     ] GC(1) Humongous regions: 0->0
[2026-05-13T16:51:18.136+0000][gc,metaspace] GC(1) Metaspace: 21246K(21504K)->21246K(21504K) NonClass: 18644K(18752K)->18644K(18752K) Class: 2602K(2752K)->2602K(2752K)
[2026-05-13T16:51:18.137+0000][gc          ] GC(1) Pause Young (Concurrent Start) (Metadata GC Threshold) 26M->10M(1024M) 14.649ms
[2026-05-13T16:51:18.137+0000][gc,cpu      ] GC(1) User=0.02s Sys=0.00s Real=0.01s
[2026-05-13T16:51:18.139+0000][gc          ] GC(2) Concurrent Mark Cycle
[2026-05-13T16:51:18.139+0000][gc,marking  ] GC(2) Concurrent Scan Root Regions
[2026-05-13T16:51:18.153+0000][gc,marking  ] GC(2) Concurrent Scan Root Regions 13.848ms
[2026-05-13T16:51:18.153+0000][gc,marking  ] GC(2) Concurrent Mark
[2026-05-13T16:51:18.153+0000][gc,marking  ] GC(2) Concurrent Mark From Roots
[2026-05-13T16:51:18.153+0000][gc,task     ] GC(2) Using 1 workers of 1 for marking
[2026-05-13T16:51:18.169+0000][gc,marking  ] GC(2) Concurrent Mark From Roots 15.717ms
[2026-05-13T16:51:18.169+0000][gc,marking  ] GC(2) Concurrent Preclean
[2026-05-13T16:51:18.169+0000][gc,marking  ] GC(2) Concurrent Preclean 0.165ms
[2026-05-13T16:51:18.171+0000][gc,start    ] GC(2) Pause Remark
[2026-05-13T16:51:18.175+0000][gc          ] GC(2) Pause Remark 11M->11M(1024M) 4.576ms
[2026-05-13T16:51:18.175+0000][gc,cpu      ] GC(2) User=0.01s Sys=0.00s Real=0.00s
[2026-05-13T16:51:18.176+0000][gc,marking  ] GC(2) Concurrent Mark 22.596ms
[2026-05-13T16:51:18.176+0000][gc,marking  ] GC(2) Concurrent Rebuild Remembered Sets and Scrub Regions
[2026-05-13T16:51:18.186+0000][gc,marking  ] GC(2) Concurrent Rebuild Remembered Sets and Scrub Regions 10.492ms
[2026-05-13T16:51:18.186+0000][gc,start    ] GC(2) Pause Cleanup
[2026-05-13T16:51:18.187+0000][gc          ] GC(2) Pause Cleanup 11M->11M(1024M) 0.236ms
[2026-05-13T16:51:18.187+0000][gc,cpu      ] GC(2) User=0.00s Sys=0.00s Real=0.00s
[2026-05-13T16:51:18.187+0000][gc,marking  ] GC(2) Concurrent Clear Claimed Marks
[2026-05-13T16:51:18.187+0000][gc,marking  ] GC(2) Concurrent Clear Claimed Marks 0.195ms
[2026-05-13T16:51:18.187+0000][gc,marking  ] GC(2) Concurrent Cleanup for Next Mark
[2026-05-13T16:51:18.204+0000][gc,marking  ] GC(2) Concurrent Cleanup for Next Mark 16.540ms
[2026-05-13T16:51:18.204+0000][gc          ] GC(2) Concurrent Mark Cycle 64.895ms
[2026-05-13T16:51:20.015+0000][gc,start    ] GC(3) Pause Young (Normal) (G1 Evacuation Pause)
[2026-05-13T16:51:20.015+0000][gc,task     ] GC(3) Using 2 workers of 2 for evacuation
[2026-05-13T16:51:20.027+0000][gc,phases   ] GC(3)   Pre Evacuate Collection Set: 0.30ms
[2026-05-13T16:51:20.027+0000][gc,phases   ] GC(3)   Merge Heap Roots: 0.07ms
[2026-05-13T16:51:20.027+0000][gc,phases   ] GC(3)   Evacuate Collection Set: 10.17ms
[2026-05-13T16:51:20.027+0000][gc,phases   ] GC(3)   Post Evacuate Collection Set: 1.06ms
[2026-05-13T16:51:20.027+0000][gc,phases   ] GC(3)   Other: 0.15ms
[2026-05-13T16:51:20.027+0000][gc,heap     ] GC(3) Eden regions: 50->0(45)
[2026-05-13T16:51:20.027+0000][gc,heap     ] GC(3) Survivor regions: 1->6(7)
[2026-05-13T16:51:20.027+0000][gc,heap     ] GC(3) Old regions: 10->10
[2026-05-13T16:51:20.027+0000][gc,heap     ] GC(3) Humongous regions: 0->0
[2026-05-13T16:51:20.027+0000][gc,metaspace] GC(3) Metaspace: 34240K(34688K)->34240K(34688K) NonClass: 30277K(30528K)->30277K(30528K) Class: 3963K(4160K)->3963K(4160K)
[2026-05-13T16:51:20.027+0000][gc          ] GC(3) Pause Young (Normal) (G1 Evacuation Pause) 60M->15M(1024M) 12.060ms
[2026-05-13T16:51:20.027+0000][gc,cpu      ] GC(3) User=0.02s Sys=0.00s Real=0.02s
[2026-05-13T16:51:20.339+0000][gc,start    ] GC(4) Pause Young (Concurrent Start) (Metadata GC Threshold)
[2026-05-13T16:51:20.339+0000][gc,task     ] GC(4) Using 2 workers of 2 for evacuation
[2026-05-13T16:51:20.364+0000][gc,phases   ] GC(4)   Pre Evacuate Collection Set: 0.50ms
[2026-05-13T16:51:20.364+0000][gc,phases   ] GC(4)   Merge Heap Roots: 0.07ms
[2026-05-13T16:51:20.364+0000][gc,phases   ] GC(4)   Evacuate Collection Set: 22.64ms
[2026-05-13T16:51:20.365+0000][gc,phases   ] GC(4)   Post Evacuate Collection Set: 1.22ms
[2026-05-13T16:51:20.365+0000][gc,phases   ] GC(4)   Other: 0.15ms
[2026-05-13T16:51:20.365+0000][gc,heap     ] GC(4) Eden regions: 7->0(76)
[2026-05-13T16:51:20.365+0000][gc,heap     ] GC(4) Survivor regions: 6->1(7)
[2026-05-13T16:51:20.365+0000][gc,heap     ] GC(4) Old regions: 10->15
[2026-05-13T16:51:20.365+0000][gc,heap     ] GC(4) Humongous regions: 0->0
[2026-05-13T16:51:20.366+0000][gc,metaspace] GC(4) Metaspace: 35749K(36160K)->35749K(36160K) NonClass: 31582K(31808K)->31582K(31808K) Class: 4166K(4352K)->4166K(4352K)
[2026-05-13T16:51:20.366+0000][gc          ] GC(4) Pause Young (Concurrent Start) (Metadata GC Threshold) 22M->15M(1024M) 26.537ms
[2026-05-13T16:51:20.366+0000][gc,cpu      ] GC(4) User=0.03s Sys=0.00s Real=0.02s
[2026-05-13T16:51:20.370+0000][gc          ] GC(5) Concurrent Mark Cycle
[2026-05-13T16:51:20.370+0000][gc,marking  ] GC(5) Concurrent Scan Root Regions
[2026-05-13T16:51:20.387+0000][gc,marking  ] GC(5) Concurrent Scan Root Regions 16.834ms
[2026-05-13T16:51:20.387+0000][gc,marking  ] GC(5) Concurrent Mark
[2026-05-13T16:51:20.387+0000][gc,marking  ] GC(5) Concurrent Mark From Roots
[2026-05-13T16:51:20.387+0000][gc,task     ] GC(5) Using 1 workers of 1 for marking
[2026-05-13T16:51:20.452+0000][gc,marking  ] GC(5) Concurrent Mark From Roots 65.368ms
[2026-05-13T16:51:20.453+0000][gc,marking  ] GC(5) Concurrent Preclean
[2026-05-13T16:51:20.453+0000][gc,marking  ] GC(5) Concurrent Preclean 0.081ms
[2026-05-13T16:51:20.453+0000][gc,start    ] GC(5) Pause Remark
[2026-05-13T16:51:20.460+0000][gc          ] GC(5) Pause Remark 17M->17M(1024M) 6.801ms
[2026-05-13T16:51:20.460+0000][gc,cpu      ] GC(5) User=0.01s Sys=0.00s Real=0.01s
[2026-05-13T16:51:20.460+0000][gc,marking  ] GC(5) Concurrent Mark 73.330ms
[2026-05-13T16:51:20.460+0000][gc,marking  ] GC(5) Concurrent Rebuild Remembered Sets and Scrub Regions
[2026-05-13T16:51:20.473+0000][gc,marking  ] GC(5) Concurrent Rebuild Remembered Sets and Scrub Regions 12.949ms
[2026-05-13T16:51:20.474+0000][gc,start    ] GC(5) Pause Cleanup
[2026-05-13T16:51:20.474+0000][gc          ] GC(5) Pause Cleanup 18M->18M(1024M) 0.334ms
[2026-05-13T16:51:20.474+0000][gc,cpu      ] GC(5) User=0.00s Sys=0.00s Real=0.00s
[2026-05-13T16:51:20.474+0000][gc,marking  ] GC(5) Concurrent Clear Claimed Marks
[2026-05-13T16:51:20.475+0000][gc,marking  ] GC(5) Concurrent Clear Claimed Marks 0.194ms
[2026-05-13T16:51:20.475+0000][gc,marking  ] GC(5) Concurrent Cleanup for Next Mark
[2026-05-13T16:51:20.480+0000][gc,marking  ] GC(5) Concurrent Cleanup for Next Mark 4.848ms
[2026-05-13T16:51:20.480+0000][gc          ] GC(5) Concurrent Mark Cycle 109.954ms
[2026-05-13T16:51:52.665+0000][gc,start    ] GC(6) Pause Young (Prepare Mixed) (G1 Evacuation Pause)
[2026-05-13T16:51:52.665+0000][gc,task     ] GC(6) Using 2 workers of 2 for evacuation
[2026-05-13T16:51:52.712+0000][gc,phases   ] GC(6)   Pre Evacuate Collection Set: 0.37ms
[2026-05-13T16:51:52.713+0000][gc,phases   ] GC(6)   Merge Heap Roots: 0.13ms
[2026-05-13T16:51:52.713+0000][gc,phases   ] GC(6)   Evacuate Collection Set: 44.16ms
[2026-05-13T16:51:52.713+0000][gc,phases   ] GC(6)   Post Evacuate Collection Set: 2.56ms
[2026-05-13T16:51:52.713+0000][gc,phases   ] GC(6)   Other: 0.19ms
[2026-05-13T16:51:52.713+0000][gc,heap     ] GC(6) Eden regions: 70->0(50)
[2026-05-13T16:51:52.713+0000][gc,heap     ] GC(6) Survivor regions: 1->9(9)
[2026-05-13T16:51:52.713+0000][gc,heap     ] GC(6) Old regions: 15->16
[2026-05-13T16:51:52.713+0000][gc,heap     ] GC(6) Humongous regions: 156->156
[2026-05-13T16:51:52.713+0000][gc,metaspace] GC(6) Metaspace: 45329K(46272K)->45329K(46272K) NonClass: 40025K(40576K)->40025K(40576K) Class: 5304K(5696K)->5304K(5696K)
[2026-05-13T16:51:52.713+0000][gc          ] GC(6) Pause Young (Prepare Mixed) (G1 Evacuation Pause) 241M->180M(1024M) 48.050ms
[2026-05-13T16:51:52.713+0000][gc,cpu      ] GC(6) User=0.03s Sys=0.01s Real=0.05s
[2026-05-13T16:56:16.704+0000][gc,start    ] GC(7) Pause Young (Mixed) (G1 Evacuation Pause)
[2026-05-13T16:56:16.721+0000][gc,task     ] GC(7) Using 2 workers of 2 for evacuation
[2026-05-13T16:56:16.773+0000][gc,phases   ] GC(7)   Pre Evacuate Collection Set: 0.85ms
[2026-05-13T16:56:16.773+0000][gc,phases   ] GC(7)   Merge Heap Roots: 0.17ms
[2026-05-13T16:56:16.773+0000][gc,phases   ] GC(7)   Evacuate Collection Set: 49.23ms
[2026-05-13T16:56:16.773+0000][gc,phases   ] GC(7)   Post Evacuate Collection Set: 1.70ms
[2026-05-13T16:56:16.773+0000][gc,phases   ] GC(7)   Other: 0.19ms
[2026-05-13T16:56:16.773+0000][gc,heap     ] GC(7) Eden regions: 50->0(56)
[2026-05-13T16:56:16.773+0000][gc,heap     ] GC(7) Survivor regions: 9->3(8)
[2026-05-13T16:56:16.773+0000][gc,heap     ] GC(7) Old regions: 16->24
[2026-05-13T16:56:16.773+0000][gc,heap     ] GC(7) Humongous regions: 156->156
[2026-05-13T16:56:16.774+0000][gc,metaspace] GC(7) Metaspace: 47318K(48320K)->47318K(48320K) NonClass: 41810K(42368K)->41810K(42368K) Class: 5508K(5952K)->5508K(5952K)
[2026-05-13T16:56:16.774+0000][gc          ] GC(7) Pause Young (Mixed) (G1 Evacuation Pause) 230M->182M(1024M) 69.353ms
[2026-05-13T16:56:16.774+0000][gc,cpu      ] GC(7) User=0.04s Sys=0.03s Real=0.07s
[2026-05-13T16:58:04.106+0000][gc,heap,exit] Heap
[2026-05-13T16:58:04.106+0000][gc,heap,exit]  garbage-first heap   total 1048576K, used 224711K [0x00000000c0000000, 0x0000000100000000)
[2026-05-13T16:58:04.106+0000][gc,heap,exit]   region size 1024K, 40 young (40960K), 3 survivors (3072K)
[2026-05-13T16:58:04.106+0000][gc,heap,exit]  Metaspace       used 48563K, committed 49600K, reserved 1114112K
[2026-05-13T16:58:04.106+0000][gc,heap,exit]   class space    used 5742K, committed 6208K, reserved 1048576K
