[2026-05-19T16:30:05.534+0000][gc,init] CardTable entry size: 512
[2026-05-19T16:30:05.535+0000][gc     ] Using G1
[2026-05-19T16:30:05.584+0000][gc,init] Version: 21.0.10+7-LTS (release)
[2026-05-19T16:30:05.584+0000][gc,init] CPUs: 2 total, 2 available
[2026-05-19T16:30:05.584+0000][gc,init] Memory: 3732M
[2026-05-19T16:30:05.584+0000][gc,init] Large Page Support: Disabled
[2026-05-19T16:30:05.584+0000][gc,init] NUMA Support: Disabled
[2026-05-19T16:30:05.584+0000][gc,init] Compressed Oops: Enabled (32-bit)
[2026-05-19T16:30:05.584+0000][gc,init] Heap Region Size: 1M
[2026-05-19T16:30:05.584+0000][gc,init] Heap Min Capacity: 1G
[2026-05-19T16:30:05.584+0000][gc,init] Heap Initial Capacity: 1G
[2026-05-19T16:30:05.584+0000][gc,init] Heap Max Capacity: 1G
[2026-05-19T16:30:05.584+0000][gc,init] Pre-touch: Disabled
[2026-05-19T16:30:05.584+0000][gc,init] Parallel Workers: 2
[2026-05-19T16:30:05.584+0000][gc,init] Concurrent Workers: 1
[2026-05-19T16:30:05.584+0000][gc,init] Concurrent Refinement Workers: 2
[2026-05-19T16:30:05.584+0000][gc,init] Periodic GC: Disabled
[2026-05-19T16:30:06.168+0000][gc,metaspace] CDS archive(s) mapped at: [0x00007f5dd3000000-0x00007f5dd3bad000-0x00007f5dd3bad000), size 12242944, SharedBaseAddress: 0x00007f5dd3000000, ArchiveRelocationMode: 1.
[2026-05-19T16:30:06.168+0000][gc,metaspace] Compressed class space mapped at: 0x00007f5dd7000000-0x00007f5e17000000, reserved size: 1073741824
[2026-05-19T16:30:06.168+0000][gc,metaspace] Narrow klass base: 0x00007f5dd3000000, Narrow klass shift: 0, Narrow klass range: 0x100000000
[2026-05-19T16:30:13.105+0000][gc,start    ] GC(0) Pause Young (Normal) (G1 Evacuation Pause)
[2026-05-19T16:30:13.106+0000][gc,task     ] GC(0) Using 2 workers of 2 for evacuation
[2026-05-19T16:30:13.158+0000][gc,phases   ] GC(0)   Pre Evacuate Collection Set: 0.30ms
[2026-05-19T16:30:13.159+0000][gc,phases   ] GC(0)   Merge Heap Roots: 0.11ms
[2026-05-19T16:30:13.159+0000][gc,phases   ] GC(0)   Evacuate Collection Set: 46.28ms
[2026-05-19T16:30:13.159+0000][gc,phases   ] GC(0)   Post Evacuate Collection Set: 5.06ms
[2026-05-19T16:30:13.159+0000][gc,phases   ] GC(0)   Other: 1.17ms
[2026-05-19T16:30:13.159+0000][gc,heap     ] GC(0) Eden regions: 51->0(44)
[2026-05-19T16:30:13.160+0000][gc,heap     ] GC(0) Survivor regions: 0->7(7)
[2026-05-19T16:30:13.160+0000][gc,heap     ] GC(0) Old regions: 1->3
[2026-05-19T16:30:13.160+0000][gc,heap     ] GC(0) Humongous regions: 0->0
[2026-05-19T16:30:13.160+0000][gc,metaspace] GC(0) Metaspace: 15493K(15744K)->15493K(15744K) NonClass: 13740K(13888K)->13740K(13888K) Class: 1753K(1856K)->1753K(1856K)
[2026-05-19T16:30:13.160+0000][gc          ] GC(0) Pause Young (Normal) (G1 Evacuation Pause) 51M->9M(1024M) 55.286ms
[2026-05-19T16:30:13.161+0000][gc,cpu      ] GC(0) User=0.02s Sys=0.01s Real=0.06s
[2026-05-19T16:30:14.811+0000][gc,start    ] GC(1) Pause Young (Concurrent Start) (Metadata GC Threshold)
[2026-05-19T16:30:14.811+0000][gc,task     ] GC(1) Using 2 workers of 2 for evacuation
[2026-05-19T16:30:14.831+0000][gc,phases   ] GC(1)   Pre Evacuate Collection Set: 0.29ms
[2026-05-19T16:30:14.831+0000][gc,phases   ] GC(1)   Merge Heap Roots: 0.05ms
[2026-05-19T16:30:14.831+0000][gc,phases   ] GC(1)   Evacuate Collection Set: 18.07ms
[2026-05-19T16:30:14.831+0000][gc,phases   ] GC(1)   Post Evacuate Collection Set: 1.24ms
[2026-05-19T16:30:14.831+0000][gc,phases   ] GC(1)   Other: 0.15ms
[2026-05-19T16:30:14.831+0000][gc,heap     ] GC(1) Eden regions: 17->0(50)
[2026-05-19T16:30:14.831+0000][gc,heap     ] GC(1) Survivor regions: 7->1(7)
[2026-05-19T16:30:14.831+0000][gc,heap     ] GC(1) Old regions: 3->10
[2026-05-19T16:30:14.831+0000][gc,heap     ] GC(1) Humongous regions: 0->0
[2026-05-19T16:30:14.831+0000][gc,metaspace] GC(1) Metaspace: 21273K(21504K)->21273K(21504K) NonClass: 18677K(18816K)->18677K(18816K) Class: 2595K(2688K)->2595K(2688K)
[2026-05-19T16:30:14.831+0000][gc          ] GC(1) Pause Young (Concurrent Start) (Metadata GC Threshold) 25M->10M(1024M) 20.140ms
[2026-05-19T16:30:14.831+0000][gc          ] GC(2) Concurrent Mark Cycle
[2026-05-19T16:30:14.831+0000][gc,marking  ] GC(2) Concurrent Scan Root Regions
[2026-05-19T16:30:14.831+0000][gc,cpu      ] GC(1) User=0.02s Sys=0.00s Real=0.02s
[2026-05-19T16:30:14.839+0000][gc,marking  ] GC(2) Concurrent Scan Root Regions 7.647ms
[2026-05-19T16:30:14.839+0000][gc,marking  ] GC(2) Concurrent Mark
[2026-05-19T16:30:14.839+0000][gc,marking  ] GC(2) Concurrent Mark From Roots
[2026-05-19T16:30:14.839+0000][gc,task     ] GC(2) Using 1 workers of 1 for marking
[2026-05-19T16:30:14.846+0000][gc,marking  ] GC(2) Concurrent Mark From Roots 7.718ms
[2026-05-19T16:30:14.846+0000][gc,marking  ] GC(2) Concurrent Preclean
[2026-05-19T16:30:14.846+0000][gc,marking  ] GC(2) Concurrent Preclean 0.018ms
[2026-05-19T16:30:14.849+0000][gc,start    ] GC(2) Pause Remark
[2026-05-19T16:30:14.857+0000][gc          ] GC(2) Pause Remark 10M->10M(1024M) 7.922ms
[2026-05-19T16:30:14.857+0000][gc,cpu      ] GC(2) User=0.01s Sys=0.00s Real=0.01s
[2026-05-19T16:30:14.858+0000][gc,marking  ] GC(2) Concurrent Mark 18.966ms
[2026-05-19T16:30:14.858+0000][gc,marking  ] GC(2) Concurrent Rebuild Remembered Sets and Scrub Regions
[2026-05-19T16:30:14.878+0000][gc,marking  ] GC(2) Concurrent Rebuild Remembered Sets and Scrub Regions 20.793ms
[2026-05-19T16:30:14.881+0000][gc,start    ] GC(2) Pause Cleanup
[2026-05-19T16:30:14.881+0000][gc          ] GC(2) Pause Cleanup 10M->10M(1024M) 0.209ms
[2026-05-19T16:30:14.881+0000][gc,cpu      ] GC(2) User=0.00s Sys=0.00s Real=0.00s
[2026-05-19T16:30:14.881+0000][gc,marking  ] GC(2) Concurrent Clear Claimed Marks
[2026-05-19T16:30:14.881+0000][gc,marking  ] GC(2) Concurrent Clear Claimed Marks 0.041ms
[2026-05-19T16:30:14.881+0000][gc,marking  ] GC(2) Concurrent Cleanup for Next Mark
[2026-05-19T16:30:14.918+0000][gc,marking  ] GC(2) Concurrent Cleanup for Next Mark 36.958ms
[2026-05-19T16:30:14.918+0000][gc          ] GC(2) Concurrent Mark Cycle 87.551ms
[2026-05-19T16:30:21.367+0000][gc,start    ] GC(3) Pause Young (Normal) (G1 Evacuation Pause)
[2026-05-19T16:30:21.367+0000][gc,task     ] GC(3) Using 2 workers of 2 for evacuation
[2026-05-19T16:30:21.402+0000][gc,phases   ] GC(3)   Pre Evacuate Collection Set: 3.15ms
[2026-05-19T16:30:21.402+0000][gc,phases   ] GC(3)   Merge Heap Roots: 0.08ms
[2026-05-19T16:30:21.402+0000][gc,phases   ] GC(3)   Evacuate Collection Set: 29.28ms
[2026-05-19T16:30:21.402+0000][gc,phases   ] GC(3)   Post Evacuate Collection Set: 1.62ms
[2026-05-19T16:30:21.402+0000][gc,phases   ] GC(3)   Other: 0.35ms
[2026-05-19T16:30:21.403+0000][gc,heap     ] GC(3) Eden regions: 50->0(45)
[2026-05-19T16:30:21.403+0000][gc,heap     ] GC(3) Survivor regions: 1->6(7)
[2026-05-19T16:30:21.403+0000][gc,heap     ] GC(3) Old regions: 10->10
[2026-05-19T16:30:21.403+0000][gc,heap     ] GC(3) Humongous regions: 0->0
[2026-05-19T16:30:21.403+0000][gc,metaspace] GC(3) Metaspace: 32457K(32832K)->32457K(32832K) NonClass: 28711K(28928K)->28711K(28928K) Class: 3745K(3904K)->3745K(3904K)
[2026-05-19T16:30:21.403+0000][gc          ] GC(3) Pause Young (Normal) (G1 Evacuation Pause) 60M->14M(1024M) 36.466ms
[2026-05-19T16:30:21.403+0000][gc,cpu      ] GC(3) User=0.02s Sys=0.00s Real=0.04s
[2026-05-19T16:30:23.634+0000][gc,start    ] GC(4) Pause Young (Concurrent Start) (Metadata GC Threshold)
[2026-05-19T16:30:23.635+0000][gc,task     ] GC(4) Using 2 workers of 2 for evacuation
[2026-05-19T16:30:23.707+0000][gc,phases   ] GC(4)   Pre Evacuate Collection Set: 0.29ms
[2026-05-19T16:30:23.707+0000][gc,phases   ] GC(4)   Merge Heap Roots: 0.06ms
[2026-05-19T16:30:23.707+0000][gc,phases   ] GC(4)   Evacuate Collection Set: 70.22ms
[2026-05-19T16:30:23.708+0000][gc,phases   ] GC(4)   Post Evacuate Collection Set: 1.35ms
[2026-05-19T16:30:23.708+0000][gc,phases   ] GC(4)   Other: 0.26ms
[2026-05-19T16:30:23.708+0000][gc,heap     ] GC(4) Eden regions: 18->0(65)
[2026-05-19T16:30:23.708+0000][gc,heap     ] GC(4) Survivor regions: 6->2(7)
[2026-05-19T16:30:23.708+0000][gc,heap     ] GC(4) Old regions: 10->15
[2026-05-19T16:30:23.708+0000][gc,heap     ] GC(4) Humongous regions: 0->0
[2026-05-19T16:30:23.708+0000][gc,metaspace] GC(4) Metaspace: 35535K(35968K)->35535K(35968K) NonClass: 31415K(31680K)->31415K(31680K) Class: 4120K(4288K)->4120K(4288K)
[2026-05-19T16:30:23.708+0000][gc          ] GC(4) Pause Young (Concurrent Start) (Metadata GC Threshold) 31M->15M(1024M) 73.931ms
[2026-05-19T16:30:23.709+0000][gc          ] GC(5) Concurrent Mark Cycle
[2026-05-19T16:30:23.709+0000][gc,marking  ] GC(5) Concurrent Scan Root Regions
[2026-05-19T16:30:23.711+0000][gc,cpu      ] GC(4) User=0.02s Sys=0.00s Real=0.08s
[2026-05-19T16:30:23.736+0000][gc,marking  ] GC(5) Concurrent Scan Root Regions 27.794ms
[2026-05-19T16:30:23.737+0000][gc,marking  ] GC(5) Concurrent Mark
[2026-05-19T16:30:23.737+0000][gc,marking  ] GC(5) Concurrent Mark From Roots
[2026-05-19T16:30:23.737+0000][gc,task     ] GC(5) Using 1 workers of 1 for marking
[2026-05-19T16:30:23.786+0000][gc,marking  ] GC(5) Concurrent Mark From Roots 49.545ms
[2026-05-19T16:30:23.787+0000][gc,marking  ] GC(5) Concurrent Preclean
[2026-05-19T16:30:23.787+0000][gc,marking  ] GC(5) Concurrent Preclean 0.265ms
[2026-05-19T16:30:23.787+0000][gc,start    ] GC(5) Pause Remark
[2026-05-19T16:30:23.805+0000][gc          ] GC(5) Pause Remark 17M->17M(1024M) 18.044ms
[2026-05-19T16:30:23.806+0000][gc,cpu      ] GC(5) User=0.01s Sys=0.00s Real=0.02s
[2026-05-19T16:30:23.807+0000][gc,marking  ] GC(5) Concurrent Mark 70.586ms
[2026-05-19T16:30:23.808+0000][gc,marking  ] GC(5) Concurrent Rebuild Remembered Sets and Scrub Regions
[2026-05-19T16:30:23.844+0000][gc,marking  ] GC(5) Concurrent Rebuild Remembered Sets and Scrub Regions 36.457ms
[2026-05-19T16:30:23.846+0000][gc,start    ] GC(5) Pause Cleanup
[2026-05-19T16:30:23.846+0000][gc          ] GC(5) Pause Cleanup 18M->18M(1024M) 0.439ms
[2026-05-19T16:30:23.846+0000][gc,cpu      ] GC(5) User=0.00s Sys=0.00s Real=0.00s
[2026-05-19T16:30:23.848+0000][gc,marking  ] GC(5) Concurrent Clear Claimed Marks
[2026-05-19T16:30:23.849+0000][gc,marking  ] GC(5) Concurrent Clear Claimed Marks 0.316ms
[2026-05-19T16:30:23.849+0000][gc,marking  ] GC(5) Concurrent Cleanup for Next Mark
[2026-05-19T16:30:23.854+0000][gc,marking  ] GC(5) Concurrent Cleanup for Next Mark 5.515ms
[2026-05-19T16:30:23.855+0000][gc          ] GC(5) Concurrent Mark Cycle 146.726ms
[2026-05-19T16:30:29.911+0000][gc,start    ] GC(6) Pause Young (Prepare Mixed) (G1 Evacuation Pause)
[2026-05-19T16:30:29.911+0000][gc,task     ] GC(6) Using 2 workers of 2 for evacuation
[2026-05-19T16:30:30.003+0000][gc,phases   ] GC(6)   Pre Evacuate Collection Set: 0.45ms
[2026-05-19T16:30:30.003+0000][gc,phases   ] GC(6)   Merge Heap Roots: 0.11ms
[2026-05-19T16:30:30.003+0000][gc,phases   ] GC(6)   Evacuate Collection Set: 87.05ms
[2026-05-19T16:30:30.003+0000][gc,phases   ] GC(6)   Post Evacuate Collection Set: 3.73ms
[2026-05-19T16:30:30.003+0000][gc,phases   ] GC(6)   Other: 0.25ms
[2026-05-19T16:30:30.003+0000][gc,heap     ] GC(6) Eden regions: 55->0(43)
[2026-05-19T16:30:30.003+0000][gc,heap     ] GC(6) Survivor regions: 2->8(8)
[2026-05-19T16:30:30.003+0000][gc,heap     ] GC(6) Old regions: 15->15
[2026-05-19T16:30:30.003+0000][gc,heap     ] GC(6) Humongous regions: 0->0
[2026-05-19T16:30:30.004+0000][gc,metaspace] GC(6) Metaspace: 43296K(44096K)->43296K(44096K) NonClass: 38191K(38656K)->38191K(38656K) Class: 5105K(5440K)->5105K(5440K)
[2026-05-19T16:30:30.004+0000][gc          ] GC(6) Pause Young (Prepare Mixed) (G1 Evacuation Pause) 70M->22M(1024M) 92.587ms
[2026-05-19T16:30:30.004+0000][gc,cpu      ] GC(6) User=0.03s Sys=0.00s Real=0.09s
[2026-05-19T16:30:38.794+0000][gc,start    ] GC(7) Pause Young (Mixed) (G1 Evacuation Pause)
[2026-05-19T16:30:38.795+0000][gc,task     ] GC(7) Using 2 workers of 2 for evacuation
[2026-05-19T16:30:38.842+0000][gc,phases   ] GC(7)   Pre Evacuate Collection Set: 0.42ms
[2026-05-19T16:30:38.842+0000][gc,phases   ] GC(7)   Merge Heap Roots: 0.12ms
[2026-05-19T16:30:38.842+0000][gc,phases   ] GC(7)   Evacuate Collection Set: 44.65ms
[2026-05-19T16:30:38.842+0000][gc,phases   ] GC(7)   Post Evacuate Collection Set: 2.35ms
[2026-05-19T16:30:38.842+0000][gc,phases   ] GC(7)   Other: 0.10ms
[2026-05-19T16:30:38.842+0000][gc,heap     ] GC(7) Eden regions: 43->0(53)
[2026-05-19T16:30:38.842+0000][gc,heap     ] GC(7) Survivor regions: 8->4(7)
[2026-05-19T16:30:38.842+0000][gc,heap     ] GC(7) Old regions: 15->23
[2026-05-19T16:30:38.842+0000][gc,heap     ] GC(7) Humongous regions: 135->129
[2026-05-19T16:30:38.843+0000][gc,metaspace] GC(7) Metaspace: 47905K(48960K)->47905K(48960K) NonClass: 42202K(42816K)->42202K(42816K) Class: 5702K(6144K)->5702K(6144K)
[2026-05-19T16:30:38.843+0000][gc          ] GC(7) Pause Young (Mixed) (G1 Evacuation Pause) 200M->154M(1024M) 49.965ms
[2026-05-19T16:30:38.843+0000][gc,cpu      ] GC(7) User=0.04s Sys=0.00s Real=0.05s
[2026-05-19T16:31:24.444+0000][gc,start    ] GC(8) Pause Young (Normal) (G1 Evacuation Pause)
[2026-05-19T16:31:24.467+0000][gc,task     ] GC(8) Using 2 workers of 2 for evacuation
[2026-05-19T16:31:24.481+0000][gc,phases   ] GC(8)   Pre Evacuate Collection Set: 0.56ms
[2026-05-19T16:31:24.481+0000][gc,phases   ] GC(8)   Merge Heap Roots: 0.15ms
[2026-05-19T16:31:24.481+0000][gc,phases   ] GC(8)   Evacuate Collection Set: 12.11ms
[2026-05-19T16:31:24.481+0000][gc,phases   ] GC(8)   Post Evacuate Collection Set: 1.15ms
[2026-05-19T16:31:24.481+0000][gc,phases   ] GC(8)   Other: 0.17ms
[2026-05-19T16:31:24.481+0000][gc,heap     ] GC(8) Eden regions: 47->0(73)
[2026-05-19T16:31:24.481+0000][gc,heap     ] GC(8) Survivor regions: 4->6(7)
[2026-05-19T16:31:24.481+0000][gc,heap     ] GC(8) Old regions: 23->23
[2026-05-19T16:31:24.481+0000][gc,heap     ] GC(8) Humongous regions: 130->130
[2026-05-19T16:31:24.481+0000][gc,metaspace] GC(8) Metaspace: 49573K(50688K)->49573K(50688K) NonClass: 43678K(44288K)->43678K(44288K) Class: 5894K(6400K)->5894K(6400K)
[2026-05-19T16:31:24.481+0000][gc          ] GC(8) Pause Young (Normal) (G1 Evacuation Pause) 202M->158M(1024M) 37.330ms
[2026-05-19T16:31:24.482+0000][gc,cpu      ] GC(8) User=0.02s Sys=0.00s Real=0.04s
[2026-05-19T16:32:22.868+0000][gc,start    ] GC(9) Pause Young (Normal) (G1 Evacuation Pause)
[2026-05-19T16:32:22.869+0000][gc,task     ] GC(9) Using 2 workers of 2 for evacuation
[2026-05-19T16:32:22.939+0000][gc,phases   ] GC(9)   Pre Evacuate Collection Set: 0.51ms
[2026-05-19T16:32:22.940+0000][gc,phases   ] GC(9)   Merge Heap Roots: 0.11ms
[2026-05-19T16:32:22.940+0000][gc,phases   ] GC(9)   Evacuate Collection Set: 68.19ms
[2026-05-19T16:32:22.940+0000][gc,phases   ] GC(9)   Post Evacuate Collection Set: 1.65ms
[2026-05-19T16:32:22.940+0000][gc,phases   ] GC(9)   Other: 0.12ms
[2026-05-19T16:32:22.941+0000][gc,heap     ] GC(9) Eden regions: 71->0(72)
[2026-05-19T16:32:22.941+0000][gc,heap     ] GC(9) Survivor regions: 6->8(10)
[2026-05-19T16:32:22.941+0000][gc,heap     ] GC(9) Old regions: 23->26
[2026-05-19T16:32:22.941+0000][gc,heap     ] GC(9) Humongous regions: 130->130
[2026-05-19T16:32:22.941+0000][gc,metaspace] GC(9) Metaspace: 50700K(51904K)->50700K(51904K) NonClass: 44723K(45376K)->44723K(45376K) Class: 5976K(6528K)->5976K(6528K)
[2026-05-19T16:32:22.941+0000][gc          ] GC(9) Pause Young (Normal) (G1 Evacuation Pause) 229M->163M(1024M) 72.545ms
[2026-05-19T16:32:22.941+0000][gc,cpu      ] GC(9) User=0.04s Sys=0.01s Real=0.08s
[2026-05-19T16:32:32.992+0000][gc,start    ] GC(10) Pause Young (Normal) (G1 Evacuation Pause)
[2026-05-19T16:32:32.993+0000][gc,task     ] GC(10) Using 2 workers of 2 for evacuation
[2026-05-19T16:32:33.035+0000][gc,phases   ] GC(10)   Pre Evacuate Collection Set: 0.46ms
[2026-05-19T16:32:33.035+0000][gc,phases   ] GC(10)   Merge Heap Roots: 0.12ms
[2026-05-19T16:32:33.036+0000][gc,phases   ] GC(10)   Evacuate Collection Set: 40.45ms
[2026-05-19T16:32:33.036+0000][gc,phases   ] GC(10)   Post Evacuate Collection Set: 1.04ms
[2026-05-19T16:32:33.036+0000][gc,phases   ] GC(10)   Other: 0.11ms
[2026-05-19T16:32:33.036+0000][gc,heap     ] GC(10) Eden regions: 72->0(109)
[2026-05-19T16:32:33.036+0000][gc,heap     ] GC(10) Survivor regions: 8->8(10)
[2026-05-19T16:32:33.036+0000][gc,heap     ] GC(10) Old regions: 26->29
[2026-05-19T16:32:33.036+0000][gc,heap     ] GC(10) Humongous regions: 130->130
[2026-05-19T16:32:33.036+0000][gc,metaspace] GC(10) Metaspace: 50913K(52096K)->50913K(52096K) NonClass: 44936K(45568K)->44936K(45568K) Class: 5976K(6528K)->5976K(6528K)
[2026-05-19T16:32:33.036+0000][gc          ] GC(10) Pause Young (Normal) (G1 Evacuation Pause) 235M->166M(1024M) 43.273ms
[2026-05-19T16:32:33.036+0000][gc,cpu      ] GC(10) User=0.04s Sys=0.00s Real=0.04s
[2026-05-19T16:34:11.041+0000][gc,start    ] GC(11) Pause Young (Normal) (G1 Evacuation Pause)
[2026-05-19T16:34:11.044+0000][gc,task     ] GC(11) Using 2 workers of 2 for evacuation
[2026-05-19T16:34:11.190+0000][gc,phases   ] GC(11)   Pre Evacuate Collection Set: 98.27ms
[2026-05-19T16:34:11.190+0000][gc,phases   ] GC(11)   Merge Heap Roots: 0.28ms
[2026-05-19T16:34:11.190+0000][gc,phases   ] GC(11)   Evacuate Collection Set: 45.54ms
[2026-05-19T16:34:11.190+0000][gc,phases   ] GC(11)   Post Evacuate Collection Set: 1.81ms
[2026-05-19T16:34:11.190+0000][gc,phases   ] GC(11)   Other: 0.33ms
[2026-05-19T16:34:11.190+0000][gc,heap     ] GC(11) Eden regions: 108->0(163)
[2026-05-19T16:34:11.190+0000][gc,heap     ] GC(11) Survivor regions: 8->3(15)
[2026-05-19T16:34:11.190+0000][gc,heap     ] GC(11) Old regions: 29->30
[2026-05-19T16:34:11.190+0000][gc,heap     ] GC(11) Humongous regions: 130->130
[2026-05-19T16:34:11.190+0000][gc,metaspace] GC(11) Metaspace: 51412K(52608K)->51412K(52608K) NonClass: 45379K(46016K)->45379K(46016K) Class: 6033K(6592K)->6033K(6592K)
[2026-05-19T16:34:11.190+0000][gc          ] GC(11) Pause Young (Normal) (G1 Evacuation Pause) 274M->162M(1024M) 149.028ms
[2026-05-19T16:34:11.190+0000][gc,cpu      ] GC(11) User=0.04s Sys=0.01s Real=0.15s
[2026-05-19T16:34:12.516+0000][gc,heap,exit] Heap
[2026-05-19T16:34:12.516+0000][gc,heap,exit]  garbage-first heap   total 1048576K, used 177551K [0x00000000c0000000, 0x0000000100000000)
[2026-05-19T16:34:12.516+0000][gc,heap,exit]   region size 1024K, 14 young (14336K), 3 survivors (3072K)
[2026-05-19T16:34:12.516+0000][gc,heap,exit]  Metaspace       used 51847K, committed 53056K, reserved 1114112K
[2026-05-19T16:34:12.516+0000][gc,heap,exit]   class space    used 6145K, committed 6656K, reserved 1048576K
