[2026-05-13T16:25:56.770+0000][gc,init] CardTable entry size: 512
[2026-05-13T16:25:56.770+0000][gc     ] Using G1
[2026-05-13T16:25:56.812+0000][gc,init] Version: 21.0.10+7-LTS (release)
[2026-05-13T16:25:56.812+0000][gc,init] CPUs: 2 total, 2 available
[2026-05-13T16:25:56.812+0000][gc,init] Memory: 3732M
[2026-05-13T16:25:56.812+0000][gc,init] Large Page Support: Disabled
[2026-05-13T16:25:56.812+0000][gc,init] NUMA Support: Disabled
[2026-05-13T16:25:56.812+0000][gc,init] Compressed Oops: Enabled (32-bit)
[2026-05-13T16:25:56.812+0000][gc,init] Heap Region Size: 1M
[2026-05-13T16:25:56.812+0000][gc,init] Heap Min Capacity: 1G
[2026-05-13T16:25:56.812+0000][gc,init] Heap Initial Capacity: 1G
[2026-05-13T16:25:56.812+0000][gc,init] Heap Max Capacity: 1G
[2026-05-13T16:25:56.812+0000][gc,init] Pre-touch: Disabled
[2026-05-13T16:25:56.812+0000][gc,init] Parallel Workers: 2
[2026-05-13T16:25:56.812+0000][gc,init] Concurrent Workers: 1
[2026-05-13T16:25:56.813+0000][gc,init] Concurrent Refinement Workers: 2
[2026-05-13T16:25:56.813+0000][gc,init] Periodic GC: Disabled
[2026-05-13T16:25:57.089+0000][gc,metaspace] CDS archive(s) mapped at: [0x00007f6e7f000000-0x00007f6e7fbad000-0x00007f6e7fbad000), size 12242944, SharedBaseAddress: 0x00007f6e7f000000, ArchiveRelocationMode: 1.
[2026-05-13T16:25:57.089+0000][gc,metaspace] Compressed class space mapped at: 0x00007f6e83000000-0x00007f6ec3000000, reserved size: 1073741824
[2026-05-13T16:25:57.089+0000][gc,metaspace] Narrow klass base: 0x00007f6e7f000000, Narrow klass shift: 0, Narrow klass range: 0x100000000
[2026-05-13T16:26:04.178+0000][gc,start    ] GC(0) Pause Young (Normal) (G1 Evacuation Pause)
[2026-05-13T16:26:04.184+0000][gc,task     ] GC(0) Using 2 workers of 2 for evacuation
[2026-05-13T16:26:04.244+0000][gc,phases   ] GC(0)   Pre Evacuate Collection Set: 1.15ms
[2026-05-13T16:26:04.244+0000][gc,phases   ] GC(0)   Merge Heap Roots: 0.09ms
[2026-05-13T16:26:04.244+0000][gc,phases   ] GC(0)   Evacuate Collection Set: 54.92ms
[2026-05-13T16:26:04.245+0000][gc,phases   ] GC(0)   Post Evacuate Collection Set: 2.99ms
[2026-05-13T16:26:04.246+0000][gc,phases   ] GC(0)   Other: 2.31ms
[2026-05-13T16:26:04.246+0000][gc,heap     ] GC(0) Eden regions: 51->0(44)
[2026-05-13T16:26:04.246+0000][gc,heap     ] GC(0) Survivor regions: 0->7(7)
[2026-05-13T16:26:04.246+0000][gc,heap     ] GC(0) Old regions: 1->3
[2026-05-13T16:26:04.246+0000][gc,heap     ] GC(0) Humongous regions: 0->0
[2026-05-13T16:26:04.247+0000][gc,metaspace] GC(0) Metaspace: 15389K(15616K)->15389K(15616K) NonClass: 13648K(13760K)->13648K(13760K) Class: 1741K(1856K)->1741K(1856K)
[2026-05-13T16:26:04.247+0000][gc          ] GC(0) Pause Young (Normal) (G1 Evacuation Pause) 51M->9M(1024M) 68.888ms
[2026-05-13T16:26:04.247+0000][gc,cpu      ] GC(0) User=0.02s Sys=0.01s Real=0.07s
[2026-05-13T16:26:05.859+0000][gc,start    ] GC(1) Pause Young (Concurrent Start) (Metadata GC Threshold)
[2026-05-13T16:26:05.859+0000][gc,task     ] GC(1) Using 2 workers of 2 for evacuation
[2026-05-13T16:26:05.910+0000][gc,phases   ] GC(1)   Pre Evacuate Collection Set: 3.20ms
[2026-05-13T16:26:05.910+0000][gc,phases   ] GC(1)   Merge Heap Roots: 0.06ms
[2026-05-13T16:26:05.910+0000][gc,phases   ] GC(1)   Evacuate Collection Set: 46.19ms
[2026-05-13T16:26:05.911+0000][gc,phases   ] GC(1)   Post Evacuate Collection Set: 1.54ms
[2026-05-13T16:26:05.911+0000][gc,phases   ] GC(1)   Other: 0.14ms
[2026-05-13T16:26:05.911+0000][gc,heap     ] GC(1) Eden regions: 17->0(50)
[2026-05-13T16:26:05.911+0000][gc,heap     ] GC(1) Survivor regions: 7->1(7)
[2026-05-13T16:26:05.911+0000][gc,heap     ] GC(1) Old regions: 3->9
[2026-05-13T16:26:05.911+0000][gc,heap     ] GC(1) Humongous regions: 0->0
[2026-05-13T16:26:05.912+0000][gc,metaspace] GC(1) Metaspace: 21256K(21504K)->21256K(21504K) NonClass: 18663K(18816K)->18663K(18816K) Class: 2593K(2688K)->2593K(2688K)
[2026-05-13T16:26:05.912+0000][gc          ] GC(1) Pause Young (Concurrent Start) (Metadata GC Threshold) 26M->9M(1024M) 53.065ms
[2026-05-13T16:26:05.912+0000][gc,cpu      ] GC(1) User=0.02s Sys=0.01s Real=0.05s
[2026-05-13T16:26:05.912+0000][gc          ] GC(2) Concurrent Mark Cycle
[2026-05-13T16:26:05.912+0000][gc,marking  ] GC(2) Concurrent Scan Root Regions
[2026-05-13T16:26:05.935+0000][gc,marking  ] GC(2) Concurrent Scan Root Regions 22.900ms
[2026-05-13T16:26:05.935+0000][gc,marking  ] GC(2) Concurrent Mark
[2026-05-13T16:26:05.935+0000][gc,marking  ] GC(2) Concurrent Mark From Roots
[2026-05-13T16:26:05.935+0000][gc,task     ] GC(2) Using 1 workers of 1 for marking
[2026-05-13T16:26:05.947+0000][gc,marking  ] GC(2) Concurrent Mark From Roots 11.556ms
[2026-05-13T16:26:05.947+0000][gc,marking  ] GC(2) Concurrent Preclean
[2026-05-13T16:26:05.947+0000][gc,marking  ] GC(2) Concurrent Preclean 0.020ms
[2026-05-13T16:26:05.948+0000][gc,start    ] GC(2) Pause Remark
[2026-05-13T16:26:05.965+0000][gc          ] GC(2) Pause Remark 10M->10M(1024M) 17.294ms
[2026-05-13T16:26:05.966+0000][gc,cpu      ] GC(2) User=0.00s Sys=0.00s Real=0.01s
[2026-05-13T16:26:05.973+0000][gc,marking  ] GC(2) Concurrent Mark 37.504ms
[2026-05-13T16:26:05.973+0000][gc,marking  ] GC(2) Concurrent Rebuild Remembered Sets and Scrub Regions
[2026-05-13T16:26:05.996+0000][gc,marking  ] GC(2) Concurrent Rebuild Remembered Sets and Scrub Regions 22.912ms
[2026-05-13T16:26:06.022+0000][gc,start    ] GC(2) Pause Cleanup
[2026-05-13T16:26:06.023+0000][gc          ] GC(2) Pause Cleanup 10M->10M(1024M) 1.104ms
[2026-05-13T16:26:06.023+0000][gc,cpu      ] GC(2) User=0.00s Sys=0.00s Real=0.00s
[2026-05-13T16:26:06.024+0000][gc,marking  ] GC(2) Concurrent Clear Claimed Marks
[2026-05-13T16:26:06.024+0000][gc,marking  ] GC(2) Concurrent Clear Claimed Marks 0.199ms
[2026-05-13T16:26:06.024+0000][gc,marking  ] GC(2) Concurrent Cleanup for Next Mark
[2026-05-13T16:26:06.080+0000][gc,marking  ] GC(2) Concurrent Cleanup for Next Mark 56.440ms
[2026-05-13T16:26:06.081+0000][gc          ] GC(2) Concurrent Mark Cycle 168.507ms
[2026-05-13T16:26:10.950+0000][gc,start    ] GC(3) Pause Young (Normal) (G1 Evacuation Pause)
[2026-05-13T16:26:10.952+0000][gc,task     ] GC(3) Using 2 workers of 2 for evacuation
[2026-05-13T16:26:10.981+0000][gc,phases   ] GC(3)   Pre Evacuate Collection Set: 0.99ms
[2026-05-13T16:26:10.981+0000][gc,phases   ] GC(3)   Merge Heap Roots: 0.10ms
[2026-05-13T16:26:10.982+0000][gc,phases   ] GC(3)   Evacuate Collection Set: 26.51ms
[2026-05-13T16:26:10.982+0000][gc,phases   ] GC(3)   Post Evacuate Collection Set: 1.09ms
[2026-05-13T16:26:10.982+0000][gc,phases   ] GC(3)   Other: 0.69ms
[2026-05-13T16:26:10.982+0000][gc,heap     ] GC(3) Eden regions: 50->0(45)
[2026-05-13T16:26:10.982+0000][gc,heap     ] GC(3) Survivor regions: 1->6(7)
[2026-05-13T16:26:10.983+0000][gc,heap     ] GC(3) Old regions: 9->9
[2026-05-13T16:26:10.983+0000][gc,heap     ] GC(3) Humongous regions: 0->0
[2026-05-13T16:26:10.983+0000][gc,metaspace] GC(3) Metaspace: 34228K(34624K)->34228K(34624K) NonClass: 30276K(30528K)->30276K(30528K) Class: 3951K(4096K)->3951K(4096K)
[2026-05-13T16:26:10.983+0000][gc          ] GC(3) Pause Young (Normal) (G1 Evacuation Pause) 59M->14M(1024M) 33.343ms
[2026-05-13T16:26:10.983+0000][gc,cpu      ] GC(3) User=0.02s Sys=0.01s Real=0.03s
[2026-05-13T16:26:11.913+0000][gc,start    ] GC(4) Pause Young (Concurrent Start) (Metadata GC Threshold)
[2026-05-13T16:26:11.913+0000][gc,task     ] GC(4) Using 2 workers of 2 for evacuation
[2026-05-13T16:26:11.936+0000][gc,phases   ] GC(4)   Pre Evacuate Collection Set: 0.34ms
[2026-05-13T16:26:11.936+0000][gc,phases   ] GC(4)   Merge Heap Roots: 0.05ms
[2026-05-13T16:26:11.936+0000][gc,phases   ] GC(4)   Evacuate Collection Set: 20.92ms
[2026-05-13T16:26:11.936+0000][gc,phases   ] GC(4)   Post Evacuate Collection Set: 0.76ms
[2026-05-13T16:26:11.936+0000][gc,phases   ] GC(4)   Other: 0.28ms
[2026-05-13T16:26:11.937+0000][gc,heap     ] GC(4) Eden regions: 7->0(70)
[2026-05-13T16:26:11.937+0000][gc,heap     ] GC(4) Survivor regions: 6->1(7)
[2026-05-13T16:26:11.937+0000][gc,heap     ] GC(4) Old regions: 9->15
[2026-05-13T16:26:11.937+0000][gc,heap     ] GC(4) Humongous regions: 0->0
[2026-05-13T16:26:11.937+0000][gc,metaspace] GC(4) Metaspace: 35597K(35968K)->35597K(35968K) NonClass: 31474K(31680K)->31474K(31680K) Class: 4122K(4288K)->4122K(4288K)
[2026-05-13T16:26:11.937+0000][gc          ] GC(4) Pause Young (Concurrent Start) (Metadata GC Threshold) 21M->15M(1024M) 24.673ms
[2026-05-13T16:26:11.938+0000][gc          ] GC(5) Concurrent Mark Cycle
[2026-05-13T16:26:11.939+0000][gc,marking  ] GC(5) Concurrent Scan Root Regions
[2026-05-13T16:26:11.941+0000][gc,cpu      ] GC(4) User=0.02s Sys=0.00s Real=0.03s
[2026-05-13T16:26:11.946+0000][gc,marking  ] GC(5) Concurrent Scan Root Regions 7.149ms
[2026-05-13T16:26:11.946+0000][gc,marking  ] GC(5) Concurrent Mark
[2026-05-13T16:26:11.946+0000][gc,marking  ] GC(5) Concurrent Mark From Roots
[2026-05-13T16:26:11.946+0000][gc,task     ] GC(5) Using 1 workers of 1 for marking
[2026-05-13T16:26:11.973+0000][gc,marking  ] GC(5) Concurrent Mark From Roots 26.702ms
[2026-05-13T16:26:11.973+0000][gc,marking  ] GC(5) Concurrent Preclean
[2026-05-13T16:26:11.974+0000][gc,marking  ] GC(5) Concurrent Preclean 0.327ms
[2026-05-13T16:26:11.976+0000][gc,start    ] GC(5) Pause Remark
[2026-05-13T16:26:11.989+0000][gc          ] GC(5) Pause Remark 16M->16M(1024M) 12.261ms
[2026-05-13T16:26:11.989+0000][gc,cpu      ] GC(5) User=0.01s Sys=0.00s Real=0.02s
[2026-05-13T16:26:11.989+0000][gc,marking  ] GC(5) Concurrent Mark 43.066ms
[2026-05-13T16:26:11.989+0000][gc,marking  ] GC(5) Concurrent Rebuild Remembered Sets and Scrub Regions
[2026-05-13T16:26:12.001+0000][gc,marking  ] GC(5) Concurrent Rebuild Remembered Sets and Scrub Regions 11.956ms
[2026-05-13T16:26:12.003+0000][gc,start    ] GC(5) Pause Cleanup
[2026-05-13T16:26:12.005+0000][gc          ] GC(5) Pause Cleanup 16M->16M(1024M) 1.928ms
[2026-05-13T16:26:12.005+0000][gc,cpu      ] GC(5) User=0.00s Sys=0.00s Real=0.00s
[2026-05-13T16:26:12.011+0000][gc,marking  ] GC(5) Concurrent Clear Claimed Marks
[2026-05-13T16:26:12.011+0000][gc,marking  ] GC(5) Concurrent Clear Claimed Marks 0.299ms
[2026-05-13T16:26:12.011+0000][gc,marking  ] GC(5) Concurrent Cleanup for Next Mark
[2026-05-13T16:26:12.020+0000][gc,marking  ] GC(5) Concurrent Cleanup for Next Mark 8.472ms
[2026-05-13T16:26:12.020+0000][gc          ] GC(5) Concurrent Mark Cycle 81.550ms
[2026-05-13T16:26:18.470+0000][gc,start    ] GC(6) Pause Young (Prepare Mixed) (G1 Evacuation Pause)
[2026-05-13T16:26:18.470+0000][gc,task     ] GC(6) Using 2 workers of 2 for evacuation
[2026-05-13T16:26:18.530+0000][gc,phases   ] GC(6)   Pre Evacuate Collection Set: 2.27ms
[2026-05-13T16:26:18.530+0000][gc,phases   ] GC(6)   Merge Heap Roots: 0.14ms
[2026-05-13T16:26:18.530+0000][gc,phases   ] GC(6)   Evacuate Collection Set: 55.02ms
[2026-05-13T16:26:18.531+0000][gc,phases   ] GC(6)   Post Evacuate Collection Set: 2.13ms
[2026-05-13T16:26:18.531+0000][gc,phases   ] GC(6)   Other: 0.13ms
[2026-05-13T16:26:18.531+0000][gc,heap     ] GC(6) Eden regions: 50->0(44)
[2026-05-13T16:26:18.531+0000][gc,heap     ] GC(6) Survivor regions: 1->7(7)
[2026-05-13T16:26:18.531+0000][gc,heap     ] GC(6) Old regions: 15->17
[2026-05-13T16:26:18.531+0000][gc,heap     ] GC(6) Humongous regions: 147->147
[2026-05-13T16:26:18.531+0000][gc,metaspace] GC(6) Metaspace: 43468K(44352K)->43468K(44352K) NonClass: 38320K(38848K)->38320K(38848K) Class: 5148K(5504K)->5148K(5504K)
[2026-05-13T16:26:18.531+0000][gc          ] GC(6) Pause Young (Prepare Mixed) (G1 Evacuation Pause) 212M->170M(1024M) 60.855ms
[2026-05-13T16:26:18.531+0000][gc,cpu      ] GC(6) User=0.03s Sys=0.00s Real=0.06s
[2026-05-13T16:27:29.050+0000][gc,start    ] GC(7) Pause Young (Mixed) (G1 Evacuation Pause)
[2026-05-13T16:27:29.050+0000][gc,task     ] GC(7) Using 2 workers of 2 for evacuation
[2026-05-13T16:27:29.592+0000][gc,mmu      ] GC(7) MMU target violated: 201.0ms (200.0ms/201.0ms)
[2026-05-13T16:27:29.592+0000][gc,phases   ] GC(7)   Pre Evacuate Collection Set: 2.51ms
[2026-05-13T16:27:29.592+0000][gc,phases   ] GC(7)   Merge Heap Roots: 4.81ms
[2026-05-13T16:27:29.592+0000][gc,phases   ] GC(7)   Evacuate Collection Set: 524.07ms
[2026-05-13T16:27:29.592+0000][gc,phases   ] GC(7)   Post Evacuate Collection Set: 8.01ms
[2026-05-13T16:27:29.592+0000][gc,phases   ] GC(7)   Other: 2.65ms
[2026-05-13T16:27:29.592+0000][gc,heap     ] GC(7) Eden regions: 44->0(67)
[2026-05-13T16:27:29.592+0000][gc,heap     ] GC(7) Survivor regions: 7->3(7)
[2026-05-13T16:27:29.592+0000][gc,heap     ] GC(7) Old regions: 17->24
[2026-05-13T16:27:29.592+0000][gc,heap     ] GC(7) Humongous regions: 147->147
[2026-05-13T16:27:29.592+0000][gc,metaspace] GC(7) Metaspace: 47928K(49024K)->47928K(49024K) NonClass: 42246K(42880K)->42246K(42880K) Class: 5681K(6144K)->5681K(6144K)
[2026-05-13T16:27:29.592+0000][gc          ] GC(7) Pause Young (Mixed) (G1 Evacuation Pause) 214M->173M(1024M) 542.657ms
[2026-05-13T16:27:29.592+0000][gc,cpu      ] GC(7) User=0.17s Sys=0.03s Real=0.54s
[2026-05-13T16:29:20.346+0000][gc,start    ] GC(8) Pause Young (Normal) (G1 Evacuation Pause)
[2026-05-13T16:29:20.362+0000][gc,task     ] GC(8) Using 2 workers of 2 for evacuation
[2026-05-13T16:29:20.385+0000][gc,phases   ] GC(8)   Pre Evacuate Collection Set: 0.55ms
[2026-05-13T16:29:20.386+0000][gc,phases   ] GC(8)   Merge Heap Roots: 0.24ms
[2026-05-13T16:29:20.386+0000][gc,phases   ] GC(8)   Evacuate Collection Set: 20.83ms
[2026-05-13T16:29:20.386+0000][gc,phases   ] GC(8)   Post Evacuate Collection Set: 1.16ms
[2026-05-13T16:29:20.386+0000][gc,phases   ] GC(8)   Other: 0.22ms
[2026-05-13T16:29:20.386+0000][gc,heap     ] GC(8) Eden regions: 62->0(72)
[2026-05-13T16:29:20.386+0000][gc,heap     ] GC(8) Survivor regions: 3->8(9)
[2026-05-13T16:29:20.386+0000][gc,heap     ] GC(8) Old regions: 24->24
[2026-05-13T16:29:20.386+0000][gc,heap     ] GC(8) Humongous regions: 147->147
[2026-05-13T16:29:20.386+0000][gc,metaspace] GC(8) Metaspace: 50000K(51136K)->50000K(51136K) NonClass: 44131K(44736K)->44131K(44736K) Class: 5869K(6400K)->5869K(6400K)
[2026-05-13T16:29:20.386+0000][gc          ] GC(8) Pause Young (Normal) (G1 Evacuation Pause) 235M->178M(1024M) 39.285ms
[2026-05-13T16:29:20.386+0000][gc,cpu      ] GC(8) User=0.03s Sys=0.01s Real=0.04s
[2026-05-13T16:31:08.688+0000][gc,start    ] GC(9) Pause Young (Normal) (G1 Evacuation Pause)
[2026-05-13T16:31:08.689+0000][gc,task     ] GC(9) Using 2 workers of 2 for evacuation
[2026-05-13T16:31:08.709+0000][gc,phases   ] GC(9)   Pre Evacuate Collection Set: 0.80ms
[2026-05-13T16:31:08.709+0000][gc,phases   ] GC(9)   Merge Heap Roots: 0.14ms
[2026-05-13T16:31:08.709+0000][gc,phases   ] GC(9)   Evacuate Collection Set: 17.68ms
[2026-05-13T16:31:08.709+0000][gc,phases   ] GC(9)   Post Evacuate Collection Set: 0.94ms
[2026-05-13T16:31:08.709+0000][gc,phases   ] GC(9)   Other: 0.11ms
[2026-05-13T16:31:08.710+0000][gc,heap     ] GC(9) Eden regions: 65->0(318)
[2026-05-13T16:31:08.710+0000][gc,heap     ] GC(9) Survivor regions: 8->6(10)
[2026-05-13T16:31:08.710+0000][gc,heap     ] GC(9) Old regions: 24->26
[2026-05-13T16:31:08.710+0000][gc,heap     ] GC(9) Humongous regions: 153->147
[2026-05-13T16:31:08.710+0000][gc,metaspace] GC(9) Metaspace: 51871K(53056K)->51871K(53056K) NonClass: 45746K(46400K)->45746K(46400K) Class: 6124K(6656K)->6124K(6656K)
[2026-05-13T16:31:08.710+0000][gc          ] GC(9) Pause Young (Normal) (G1 Evacuation Pause) 249M->178M(1024M) 22.204ms
[2026-05-13T16:31:08.711+0000][gc,cpu      ] GC(9) User=0.03s Sys=0.00s Real=0.02s
[2026-05-13T16:31:13.861+0000][gc,heap,exit] Heap
[2026-05-13T16:31:13.861+0000][gc,heap,exit]  garbage-first heap   total 1048576K, used 191661K [0x00000000c0000000, 0x0000000100000000)
[2026-05-13T16:31:13.861+0000][gc,heap,exit]   region size 1024K, 15 young (15360K), 6 survivors (6144K)
[2026-05-13T16:31:13.861+0000][gc,heap,exit]  Metaspace       used 52107K, committed 53312K, reserved 1114112K
[2026-05-13T16:31:13.862+0000][gc,heap,exit]   class space    used 6183K, committed 6720K, reserved 1048576K
