[2026-05-14T00:18:18.254+0000][gc,init] CardTable entry size: 512
[2026-05-14T00:18:18.255+0000][gc     ] Using G1
[2026-05-14T00:18:18.281+0000][gc,init] Version: 21.0.10+7-LTS (release)
[2026-05-14T00:18:18.281+0000][gc,init] CPUs: 2 total, 2 available
[2026-05-14T00:18:18.281+0000][gc,init] Memory: 3732M
[2026-05-14T00:18:18.281+0000][gc,init] Large Page Support: Disabled
[2026-05-14T00:18:18.281+0000][gc,init] NUMA Support: Disabled
[2026-05-14T00:18:18.282+0000][gc,init] Compressed Oops: Enabled (32-bit)
[2026-05-14T00:18:18.282+0000][gc,init] Heap Region Size: 1M
[2026-05-14T00:18:18.282+0000][gc,init] Heap Min Capacity: 1G
[2026-05-14T00:18:18.283+0000][gc,init] Heap Initial Capacity: 1G
[2026-05-14T00:18:18.283+0000][gc,init] Heap Max Capacity: 1G
[2026-05-14T00:18:18.284+0000][gc,init] Pre-touch: Disabled
[2026-05-14T00:18:18.284+0000][gc,init] Parallel Workers: 2
[2026-05-14T00:18:18.284+0000][gc,init] Concurrent Workers: 1
[2026-05-14T00:18:18.284+0000][gc,init] Concurrent Refinement Workers: 2
[2026-05-14T00:18:18.284+0000][gc,init] Periodic GC: Disabled
[2026-05-14T00:18:19.352+0000][gc,metaspace] CDS archive(s) mapped at: [0x00007f2419000000-0x00007f2419bad000-0x00007f2419bad000), size 12242944, SharedBaseAddress: 0x00007f2419000000, ArchiveRelocationMode: 1.
[2026-05-14T00:18:19.354+0000][gc,metaspace] Compressed class space mapped at: 0x00007f241d000000-0x00007f245d000000, reserved size: 1073741824
[2026-05-14T00:18:19.354+0000][gc,metaspace] Narrow klass base: 0x00007f2419000000, Narrow klass shift: 0, Narrow klass range: 0x100000000
[2026-05-14T00:18:25.981+0000][gc,start    ] GC(0) Pause Young (Normal) (G1 Evacuation Pause)
[2026-05-14T00:18:25.983+0000][gc,task     ] GC(0) Using 2 workers of 2 for evacuation
[2026-05-14T00:18:26.044+0000][gc,phases   ] GC(0)   Pre Evacuate Collection Set: 0.27ms
[2026-05-14T00:18:26.045+0000][gc,phases   ] GC(0)   Merge Heap Roots: 0.12ms
[2026-05-14T00:18:26.045+0000][gc,phases   ] GC(0)   Evacuate Collection Set: 56.95ms
[2026-05-14T00:18:26.045+0000][gc,phases   ] GC(0)   Post Evacuate Collection Set: 3.18ms
[2026-05-14T00:18:26.045+0000][gc,phases   ] GC(0)   Other: 1.35ms
[2026-05-14T00:18:26.045+0000][gc,heap     ] GC(0) Eden regions: 51->0(44)
[2026-05-14T00:18:26.045+0000][gc,heap     ] GC(0) Survivor regions: 0->7(7)
[2026-05-14T00:18:26.045+0000][gc,heap     ] GC(0) Old regions: 1->2
[2026-05-14T00:18:26.045+0000][gc,heap     ] GC(0) Humongous regions: 0->0
[2026-05-14T00:18:26.045+0000][gc,metaspace] GC(0) Metaspace: 15548K(15808K)->15548K(15808K) NonClass: 13792K(13952K)->13792K(13952K) Class: 1756K(1856K)->1756K(1856K)
[2026-05-14T00:18:26.045+0000][gc          ] GC(0) Pause Young (Normal) (G1 Evacuation Pause) 51M->8M(1024M) 63.603ms
[2026-05-14T00:18:26.045+0000][gc,cpu      ] GC(0) User=0.02s Sys=0.01s Real=0.07s
[2026-05-14T00:18:27.657+0000][gc,start    ] GC(1) Pause Young (Concurrent Start) (Metadata GC Threshold)
[2026-05-14T00:18:27.658+0000][gc,task     ] GC(1) Using 2 workers of 2 for evacuation
[2026-05-14T00:18:27.689+0000][gc,phases   ] GC(1)   Pre Evacuate Collection Set: 0.30ms
[2026-05-14T00:18:27.689+0000][gc,phases   ] GC(1)   Merge Heap Roots: 0.05ms
[2026-05-14T00:18:27.689+0000][gc,phases   ] GC(1)   Evacuate Collection Set: 29.45ms
[2026-05-14T00:18:27.689+0000][gc,phases   ] GC(1)   Post Evacuate Collection Set: 1.35ms
[2026-05-14T00:18:27.689+0000][gc,phases   ] GC(1)   Other: 0.28ms
[2026-05-14T00:18:27.689+0000][gc,heap     ] GC(1) Eden regions: 17->0(49)
[2026-05-14T00:18:27.689+0000][gc,heap     ] GC(1) Survivor regions: 7->2(7)
[2026-05-14T00:18:27.689+0000][gc,heap     ] GC(1) Old regions: 2->10
[2026-05-14T00:18:27.689+0000][gc,heap     ] GC(1) Humongous regions: 0->0
[2026-05-14T00:18:27.689+0000][gc,metaspace] GC(1) Metaspace: 21273K(21504K)->21273K(21504K) NonClass: 18679K(18816K)->18679K(18816K) Class: 2593K(2688K)->2593K(2688K)
[2026-05-14T00:18:27.689+0000][gc          ] GC(1) Pause Young (Concurrent Start) (Metadata GC Threshold) 25M->11M(1024M) 31.979ms
[2026-05-14T00:18:27.689+0000][gc,cpu      ] GC(1) User=0.01s Sys=0.01s Real=0.03s
[2026-05-14T00:18:27.691+0000][gc          ] GC(2) Concurrent Mark Cycle
[2026-05-14T00:18:27.692+0000][gc,marking  ] GC(2) Concurrent Scan Root Regions
[2026-05-14T00:18:27.716+0000][gc,marking  ] GC(2) Concurrent Scan Root Regions 24.014ms
[2026-05-14T00:18:27.716+0000][gc,marking  ] GC(2) Concurrent Mark
[2026-05-14T00:18:27.716+0000][gc,marking  ] GC(2) Concurrent Mark From Roots
[2026-05-14T00:18:27.716+0000][gc,task     ] GC(2) Using 1 workers of 1 for marking
[2026-05-14T00:18:27.736+0000][gc,marking  ] GC(2) Concurrent Mark From Roots 19.494ms
[2026-05-14T00:18:27.736+0000][gc,marking  ] GC(2) Concurrent Preclean
[2026-05-14T00:18:27.736+0000][gc,marking  ] GC(2) Concurrent Preclean 0.017ms
[2026-05-14T00:18:27.739+0000][gc,start    ] GC(2) Pause Remark
[2026-05-14T00:18:27.749+0000][gc          ] GC(2) Pause Remark 11M->11M(1024M) 10.045ms
[2026-05-14T00:18:27.749+0000][gc,cpu      ] GC(2) User=0.01s Sys=0.00s Real=0.01s
[2026-05-14T00:18:27.750+0000][gc,marking  ] GC(2) Concurrent Mark 34.241ms
[2026-05-14T00:18:27.750+0000][gc,marking  ] GC(2) Concurrent Rebuild Remembered Sets and Scrub Regions
[2026-05-14T00:18:27.770+0000][gc,marking  ] GC(2) Concurrent Rebuild Remembered Sets and Scrub Regions 19.394ms
[2026-05-14T00:18:27.771+0000][gc,start    ] GC(2) Pause Cleanup
[2026-05-14T00:18:27.771+0000][gc          ] GC(2) Pause Cleanup 11M->11M(1024M) 0.187ms
[2026-05-14T00:18:27.771+0000][gc,cpu      ] GC(2) User=0.00s Sys=0.00s Real=0.00s
[2026-05-14T00:18:27.771+0000][gc,marking  ] GC(2) Concurrent Clear Claimed Marks
[2026-05-14T00:18:27.771+0000][gc,marking  ] GC(2) Concurrent Clear Claimed Marks 0.037ms
[2026-05-14T00:18:27.771+0000][gc,marking  ] GC(2) Concurrent Cleanup for Next Mark
[2026-05-14T00:18:27.842+0000][gc,marking  ] GC(2) Concurrent Cleanup for Next Mark 71.001ms
[2026-05-14T00:18:27.842+0000][gc          ] GC(2) Concurrent Mark Cycle 150.875ms
[2026-05-14T00:18:33.943+0000][gc,start    ] GC(3) Pause Young (Normal) (G1 Evacuation Pause)
[2026-05-14T00:18:33.946+0000][gc,task     ] GC(3) Using 2 workers of 2 for evacuation
[2026-05-14T00:18:34.003+0000][gc,phases   ] GC(3)   Pre Evacuate Collection Set: 6.53ms
[2026-05-14T00:18:34.004+0000][gc,phases   ] GC(3)   Merge Heap Roots: 0.08ms
[2026-05-14T00:18:34.004+0000][gc,phases   ] GC(3)   Evacuate Collection Set: 43.21ms
[2026-05-14T00:18:34.004+0000][gc,phases   ] GC(3)   Post Evacuate Collection Set: 1.61ms
[2026-05-14T00:18:34.004+0000][gc,phases   ] GC(3)   Other: 5.93ms
[2026-05-14T00:18:34.004+0000][gc,heap     ] GC(3) Eden regions: 49->0(45)
[2026-05-14T00:18:34.004+0000][gc,heap     ] GC(3) Survivor regions: 2->6(7)
[2026-05-14T00:18:34.005+0000][gc,heap     ] GC(3) Old regions: 10->10
[2026-05-14T00:18:34.005+0000][gc,heap     ] GC(3) Humongous regions: 0->0
[2026-05-14T00:18:34.005+0000][gc,metaspace] GC(3) Metaspace: 33903K(34368K)->33903K(34368K) NonClass: 29993K(30272K)->29993K(30272K) Class: 3909K(4096K)->3909K(4096K)
[2026-05-14T00:18:34.005+0000][gc          ] GC(3) Pause Young (Normal) (G1 Evacuation Pause) 60M->15M(1024M) 62.084ms
[2026-05-14T00:18:34.005+0000][gc,cpu      ] GC(3) User=0.02s Sys=0.00s Real=0.07s
[2026-05-14T00:18:34.919+0000][gc,start    ] GC(4) Pause Young (Concurrent Start) (Metadata GC Threshold)
[2026-05-14T00:18:34.919+0000][gc,task     ] GC(4) Using 2 workers of 2 for evacuation
[2026-05-14T00:18:34.999+0000][gc,phases   ] GC(4)   Pre Evacuate Collection Set: 0.82ms
[2026-05-14T00:18:34.999+0000][gc,phases   ] GC(4)   Merge Heap Roots: 0.09ms
[2026-05-14T00:18:34.999+0000][gc,phases   ] GC(4)   Evacuate Collection Set: 75.71ms
[2026-05-14T00:18:34.999+0000][gc,phases   ] GC(4)   Post Evacuate Collection Set: 2.92ms
[2026-05-14T00:18:34.999+0000][gc,phases   ] GC(4)   Other: 0.15ms
[2026-05-14T00:18:34.999+0000][gc,heap     ] GC(4) Eden regions: 8->0(63)
[2026-05-14T00:18:34.999+0000][gc,heap     ] GC(4) Survivor regions: 6->1(7)
[2026-05-14T00:18:34.999+0000][gc,heap     ] GC(4) Old regions: 10->15
[2026-05-14T00:18:34.999+0000][gc,heap     ] GC(4) Humongous regions: 0->0
[2026-05-14T00:18:34.999+0000][gc,metaspace] GC(4) Metaspace: 35673K(36096K)->35673K(36096K) NonClass: 31529K(31744K)->31529K(31744K) Class: 4144K(4352K)->4144K(4352K)
[2026-05-14T00:18:34.999+0000][gc          ] GC(4) Pause Young (Concurrent Start) (Metadata GC Threshold) 22M->15M(1024M) 80.349ms
[2026-05-14T00:18:34.999+0000][gc          ] GC(5) Concurrent Mark Cycle
[2026-05-14T00:18:34.999+0000][gc,marking  ] GC(5) Concurrent Scan Root Regions
[2026-05-14T00:18:34.999+0000][gc,cpu      ] GC(4) User=0.03s Sys=0.00s Real=0.08s
[2026-05-14T00:18:35.062+0000][gc,marking  ] GC(5) Concurrent Scan Root Regions 62.588ms
[2026-05-14T00:18:35.062+0000][gc,marking  ] GC(5) Concurrent Mark
[2026-05-14T00:18:35.062+0000][gc,marking  ] GC(5) Concurrent Mark From Roots
[2026-05-14T00:18:35.062+0000][gc,task     ] GC(5) Using 1 workers of 1 for marking
[2026-05-14T00:18:35.181+0000][gc,marking  ] GC(5) Concurrent Mark From Roots 119.380ms
[2026-05-14T00:18:35.182+0000][gc,marking  ] GC(5) Concurrent Preclean
[2026-05-14T00:18:35.182+0000][gc,marking  ] GC(5) Concurrent Preclean 0.110ms
[2026-05-14T00:18:35.183+0000][gc,start    ] GC(5) Pause Remark
[2026-05-14T00:18:35.210+0000][gc          ] GC(5) Pause Remark 17M->17M(1024M) 26.862ms
[2026-05-14T00:18:35.210+0000][gc,cpu      ] GC(5) User=0.01s Sys=0.00s Real=0.03s
[2026-05-14T00:18:35.210+0000][gc,marking  ] GC(5) Concurrent Mark 147.784ms
[2026-05-14T00:18:35.210+0000][gc,marking  ] GC(5) Concurrent Rebuild Remembered Sets and Scrub Regions
[2026-05-14T00:18:35.242+0000][gc,marking  ] GC(5) Concurrent Rebuild Remembered Sets and Scrub Regions 32.184ms
[2026-05-14T00:18:35.243+0000][gc,start    ] GC(5) Pause Cleanup
[2026-05-14T00:18:35.243+0000][gc          ] GC(5) Pause Cleanup 18M->18M(1024M) 0.221ms
[2026-05-14T00:18:35.243+0000][gc,cpu      ] GC(5) User=0.00s Sys=0.00s Real=0.01s
[2026-05-14T00:18:35.243+0000][gc,marking  ] GC(5) Concurrent Clear Claimed Marks
[2026-05-14T00:18:35.243+0000][gc,marking  ] GC(5) Concurrent Clear Claimed Marks 0.061ms
[2026-05-14T00:18:35.243+0000][gc,marking  ] GC(5) Concurrent Cleanup for Next Mark
[2026-05-14T00:18:35.251+0000][gc,marking  ] GC(5) Concurrent Cleanup for Next Mark 7.896ms
[2026-05-14T00:18:35.251+0000][gc          ] GC(5) Concurrent Mark Cycle 252.158ms
[2026-05-14T00:18:41.210+0000][gc,start    ] GC(6) Pause Young (Prepare Mixed) (G1 Evacuation Pause)
[2026-05-14T00:18:41.210+0000][gc,task     ] GC(6) Using 2 workers of 2 for evacuation
[2026-05-14T00:18:41.287+0000][gc,phases   ] GC(6)   Pre Evacuate Collection Set: 0.32ms
[2026-05-14T00:18:41.287+0000][gc,phases   ] GC(6)   Merge Heap Roots: 0.13ms
[2026-05-14T00:18:41.287+0000][gc,phases   ] GC(6)   Evacuate Collection Set: 71.85ms
[2026-05-14T00:18:41.287+0000][gc,phases   ] GC(6)   Post Evacuate Collection Set: 4.97ms
[2026-05-14T00:18:41.287+0000][gc,phases   ] GC(6)   Other: 0.20ms
[2026-05-14T00:18:41.287+0000][gc,heap     ] GC(6) Eden regions: 50->0(44)
[2026-05-14T00:18:41.287+0000][gc,heap     ] GC(6) Survivor regions: 1->7(7)
[2026-05-14T00:18:41.287+0000][gc,heap     ] GC(6) Old regions: 15->17
[2026-05-14T00:18:41.287+0000][gc,heap     ] GC(6) Humongous regions: 147->147
[2026-05-14T00:18:41.288+0000][gc,metaspace] GC(6) Metaspace: 43496K(44416K)->43496K(44416K) NonClass: 38334K(38848K)->38334K(38848K) Class: 5161K(5568K)->5161K(5568K)
[2026-05-14T00:18:41.288+0000][gc          ] GC(6) Pause Young (Prepare Mixed) (G1 Evacuation Pause) 212M->170M(1024M) 77.806ms
[2026-05-14T00:18:41.288+0000][gc,cpu      ] GC(6) User=0.03s Sys=0.01s Real=0.08s
[2026-05-14T00:19:08.149+0000][gc,start    ] GC(7) Pause Young (Mixed) (G1 Evacuation Pause)
[2026-05-14T00:19:08.149+0000][gc,task     ] GC(7) Using 2 workers of 2 for evacuation
[2026-05-14T00:19:08.174+0000][gc,phases   ] GC(7)   Pre Evacuate Collection Set: 0.66ms
[2026-05-14T00:19:08.174+0000][gc,phases   ] GC(7)   Merge Heap Roots: 0.25ms
[2026-05-14T00:19:08.174+0000][gc,phases   ] GC(7)   Evacuate Collection Set: 21.53ms
[2026-05-14T00:19:08.174+0000][gc,phases   ] GC(7)   Post Evacuate Collection Set: 1.77ms
[2026-05-14T00:19:08.174+0000][gc,phases   ] GC(7)   Other: 0.16ms
[2026-05-14T00:19:08.174+0000][gc,heap     ] GC(7) Eden regions: 44->0(47)
[2026-05-14T00:19:08.174+0000][gc,heap     ] GC(7) Survivor regions: 7->4(7)
[2026-05-14T00:19:08.174+0000][gc,heap     ] GC(7) Old regions: 17->24
[2026-05-14T00:19:08.174+0000][gc,heap     ] GC(7) Humongous regions: 147->147
[2026-05-14T00:19:08.174+0000][gc,metaspace] GC(7) Metaspace: 48298K(49536K)->48298K(49536K) NonClass: 42519K(43200K)->42519K(43200K) Class: 5778K(6336K)->5778K(6336K)
[2026-05-14T00:19:08.174+0000][gc          ] GC(7) Pause Young (Mixed) (G1 Evacuation Pause) 214M->174M(1024M) 24.725ms
[2026-05-14T00:19:08.174+0000][gc,cpu      ] GC(7) User=0.03s Sys=0.01s Real=0.03s
[2026-05-14T00:20:36.381+0000][gc,start    ] GC(8) Pause Young (Normal) (G1 Evacuation Pause)
[2026-05-14T00:20:36.381+0000][gc,task     ] GC(8) Using 2 workers of 2 for evacuation
[2026-05-14T00:20:36.400+0000][gc,phases   ] GC(8)   Pre Evacuate Collection Set: 0.44ms
[2026-05-14T00:20:36.400+0000][gc,phases   ] GC(8)   Merge Heap Roots: 0.16ms
[2026-05-14T00:20:36.400+0000][gc,phases   ] GC(8)   Evacuate Collection Set: 17.09ms
[2026-05-14T00:20:36.400+0000][gc,phases   ] GC(8)   Post Evacuate Collection Set: 1.10ms
[2026-05-14T00:20:36.400+0000][gc,phases   ] GC(8)   Other: 0.10ms
[2026-05-14T00:20:36.400+0000][gc,heap     ] GC(8) Eden regions: 47->0(51)
[2026-05-14T00:20:36.400+0000][gc,heap     ] GC(8) Survivor regions: 4->7(7)
[2026-05-14T00:20:36.400+0000][gc,heap     ] GC(8) Old regions: 24->24
[2026-05-14T00:20:36.400+0000][gc,heap     ] GC(8) Humongous regions: 147->147
[2026-05-14T00:20:36.400+0000][gc,metaspace] GC(8) Metaspace: 49442K(50688K)->49442K(50688K) NonClass: 43619K(44288K)->43619K(44288K) Class: 5823K(6400K)->5823K(6400K)
[2026-05-14T00:20:36.400+0000][gc          ] GC(8) Pause Young (Normal) (G1 Evacuation Pause) 221M->177M(1024M) 19.243ms
[2026-05-14T00:20:36.400+0000][gc,cpu      ] GC(8) User=0.03s Sys=0.00s Real=0.02s
[2026-05-14T00:22:19.372+0000][gc,start    ] GC(9) Pause Young (Normal) (G1 Evacuation Pause)
[2026-05-14T00:22:19.373+0000][gc,task     ] GC(9) Using 2 workers of 2 for evacuation
[2026-05-14T00:22:19.421+0000][gc,phases   ] GC(9)   Pre Evacuate Collection Set: 0.65ms
[2026-05-14T00:22:19.421+0000][gc,phases   ] GC(9)   Merge Heap Roots: 0.50ms
[2026-05-14T00:22:19.421+0000][gc,phases   ] GC(9)   Evacuate Collection Set: 41.99ms
[2026-05-14T00:22:19.421+0000][gc,phases   ] GC(9)   Post Evacuate Collection Set: 4.08ms
[2026-05-14T00:22:19.421+0000][gc,phases   ] GC(9)   Other: 0.29ms
[2026-05-14T00:22:19.421+0000][gc,heap     ] GC(9) Eden regions: 50->0(87)
[2026-05-14T00:22:19.421+0000][gc,heap     ] GC(9) Survivor regions: 7->7(8)
[2026-05-14T00:22:19.421+0000][gc,heap     ] GC(9) Old regions: 24->28
[2026-05-14T00:22:19.421+0000][gc,heap     ] GC(9) Humongous regions: 147->147
[2026-05-14T00:22:19.421+0000][gc,metaspace] GC(9) Metaspace: 49904K(51136K)->49904K(51136K) NonClass: 44078K(44736K)->44078K(44736K) Class: 5825K(6400K)->5825K(6400K)
[2026-05-14T00:22:19.421+0000][gc          ] GC(9) Pause Young (Normal) (G1 Evacuation Pause) 227M->181M(1024M) 48.861ms
[2026-05-14T00:22:19.421+0000][gc,cpu      ] GC(9) User=0.06s Sys=0.01s Real=0.05s
[2026-05-14T00:25:20.202+0000][gc,start    ] GC(10) Pause Young (Normal) (G1 Evacuation Pause)
[2026-05-14T00:25:20.219+0000][gc,task     ] GC(10) Using 2 workers of 2 for evacuation
[2026-05-14T00:25:20.266+0000][gc,phases   ] GC(10)   Pre Evacuate Collection Set: 6.12ms
[2026-05-14T00:25:20.266+0000][gc,phases   ] GC(10)   Merge Heap Roots: 0.30ms
[2026-05-14T00:25:20.266+0000][gc,phases   ] GC(10)   Evacuate Collection Set: 39.00ms
[2026-05-14T00:25:20.266+0000][gc,phases   ] GC(10)   Post Evacuate Collection Set: 1.41ms
[2026-05-14T00:25:20.266+0000][gc,phases   ] GC(10)   Other: 0.44ms
[2026-05-14T00:25:20.266+0000][gc,heap     ] GC(10) Eden regions: 84->0(118)
[2026-05-14T00:25:20.266+0000][gc,heap     ] GC(10) Survivor regions: 7->9(12)
[2026-05-14T00:25:20.266+0000][gc,heap     ] GC(10) Old regions: 28->30
[2026-05-14T00:25:20.266+0000][gc,heap     ] GC(10) Humongous regions: 147->147
[2026-05-14T00:25:20.267+0000][gc,metaspace] GC(10) Metaspace: 50134K(51328K)->50134K(51328K) NonClass: 44303K(44928K)->44303K(44928K) Class: 5831K(6400K)->5831K(6400K)
[2026-05-14T00:25:20.267+0000][gc          ] GC(10) Pause Young (Normal) (G1 Evacuation Pause) 265M->184M(1024M) 64.199ms
[2026-05-14T00:25:20.267+0000][gc,cpu      ] GC(10) User=0.06s Sys=0.02s Real=0.07s
[2026-05-14T00:28:10.440+0000][gc,start    ] GC(11) Pause Young (Normal) (G1 Evacuation Pause)
[2026-05-14T00:28:10.447+0000][gc,task     ] GC(11) Using 2 workers of 2 for evacuation
[2026-05-14T00:28:10.528+0000][gc,phases   ] GC(11)   Pre Evacuate Collection Set: 0.44ms
[2026-05-14T00:28:10.528+0000][gc,phases   ] GC(11)   Merge Heap Roots: 0.26ms
[2026-05-14T00:28:10.528+0000][gc,phases   ] GC(11)   Evacuate Collection Set: 76.33ms
[2026-05-14T00:28:10.528+0000][gc,phases   ] GC(11)   Post Evacuate Collection Set: 3.19ms
[2026-05-14T00:28:10.528+0000][gc,phases   ] GC(11)   Other: 4.20ms
[2026-05-14T00:28:10.528+0000][gc,heap     ] GC(11) Eden regions: 87->0(457)
[2026-05-14T00:28:10.528+0000][gc,heap     ] GC(11) Survivor regions: 9->5(12)
[2026-05-14T00:28:10.528+0000][gc,heap     ] GC(11) Old regions: 30->36
[2026-05-14T00:28:10.528+0000][gc,heap     ] GC(11) Humongous regions: 147->147
[2026-05-14T00:28:10.528+0000][gc,metaspace] GC(11) Metaspace: 51541K(52800K)->51541K(52800K) NonClass: 45464K(46144K)->45464K(46144K) Class: 6077K(6656K)->6077K(6656K)
[2026-05-14T00:28:10.528+0000][gc          ] GC(11) Pause Young (Normal) (G1 Evacuation Pause) 271M->186M(1024M) 87.504ms
[2026-05-14T00:28:10.528+0000][gc,cpu      ] GC(11) User=0.05s Sys=0.00s Real=0.09s
