[2026-05-13T17:04:58.809+0000][gc,init] CardTable entry size: 512
[2026-05-13T17:04:58.810+0000][gc     ] Using G1
[2026-05-13T17:04:58.867+0000][gc,init] Version: 21.0.10+7-LTS (release)
[2026-05-13T17:04:58.867+0000][gc,init] CPUs: 2 total, 2 available
[2026-05-13T17:04:58.867+0000][gc,init] Memory: 3732M
[2026-05-13T17:04:58.867+0000][gc,init] Large Page Support: Disabled
[2026-05-13T17:04:58.867+0000][gc,init] NUMA Support: Disabled
[2026-05-13T17:04:58.867+0000][gc,init] Compressed Oops: Enabled (32-bit)
[2026-05-13T17:04:58.867+0000][gc,init] Heap Region Size: 1M
[2026-05-13T17:04:58.867+0000][gc,init] Heap Min Capacity: 1G
[2026-05-13T17:04:58.867+0000][gc,init] Heap Initial Capacity: 1G
[2026-05-13T17:04:58.867+0000][gc,init] Heap Max Capacity: 1G
[2026-05-13T17:04:58.867+0000][gc,init] Pre-touch: Disabled
[2026-05-13T17:04:58.867+0000][gc,init] Parallel Workers: 2
[2026-05-13T17:04:58.867+0000][gc,init] Concurrent Workers: 1
[2026-05-13T17:04:58.867+0000][gc,init] Concurrent Refinement Workers: 2
[2026-05-13T17:04:58.867+0000][gc,init] Periodic GC: Disabled
[2026-05-13T17:04:59.570+0000][gc,metaspace] CDS archive(s) mapped at: [0x00007f68b8000000-0x00007f68b8bad000-0x00007f68b8bad000), size 12242944, SharedBaseAddress: 0x00007f68b8000000, ArchiveRelocationMode: 1.
[2026-05-13T17:04:59.570+0000][gc,metaspace] Compressed class space mapped at: 0x00007f68bc000000-0x00007f68fc000000, reserved size: 1073741824
[2026-05-13T17:04:59.570+0000][gc,metaspace] Narrow klass base: 0x00007f68b8000000, Narrow klass shift: 0, Narrow klass range: 0x100000000
[2026-05-13T17:05:11.248+0000][gc,start    ] GC(0) Pause Young (Normal) (G1 Evacuation Pause)
[2026-05-13T17:05:11.248+0000][gc,task     ] GC(0) Using 2 workers of 2 for evacuation
[2026-05-13T17:05:11.472+0000][gc,mmu      ] GC(0) MMU target violated: 201.0ms (200.0ms/201.0ms)
[2026-05-13T17:05:11.472+0000][gc,phases   ] GC(0)   Pre Evacuate Collection Set: 0.29ms
[2026-05-13T17:05:11.472+0000][gc,phases   ] GC(0)   Merge Heap Roots: 0.12ms
[2026-05-13T17:05:11.472+0000][gc,phases   ] GC(0)   Evacuate Collection Set: 221.27ms
[2026-05-13T17:05:11.472+0000][gc,phases   ] GC(0)   Post Evacuate Collection Set: 1.89ms
[2026-05-13T17:05:11.472+0000][gc,phases   ] GC(0)   Other: 0.55ms
[2026-05-13T17:05:11.472+0000][gc,heap     ] GC(0) Eden regions: 51->0(44)
[2026-05-13T17:05:11.472+0000][gc,heap     ] GC(0) Survivor regions: 0->7(7)
[2026-05-13T17:05:11.472+0000][gc,heap     ] GC(0) Old regions: 1->2
[2026-05-13T17:05:11.472+0000][gc,heap     ] GC(0) Humongous regions: 0->0
[2026-05-13T17:05:11.472+0000][gc,metaspace] GC(0) Metaspace: 15412K(15680K)->15412K(15680K) NonClass: 13665K(13824K)->13665K(13824K) Class: 1747K(1856K)->1747K(1856K)
[2026-05-13T17:05:11.472+0000][gc          ] GC(0) Pause Young (Normal) (G1 Evacuation Pause) 51M->8M(1024M) 224.708ms
[2026-05-13T17:05:11.472+0000][gc,cpu      ] GC(0) User=0.02s Sys=0.00s Real=0.22s
[2026-05-13T17:05:15.079+0000][gc,start    ] GC(1) Pause Young (Concurrent Start) (Metadata GC Threshold)
[2026-05-13T17:05:15.079+0000][gc,task     ] GC(1) Using 2 workers of 2 for evacuation
[2026-05-13T17:05:15.245+0000][gc,phases   ] GC(1)   Pre Evacuate Collection Set: 0.34ms
[2026-05-13T17:05:15.245+0000][gc,phases   ] GC(1)   Merge Heap Roots: 0.07ms
[2026-05-13T17:05:15.245+0000][gc,phases   ] GC(1)   Evacuate Collection Set: 160.37ms
[2026-05-13T17:05:15.245+0000][gc,phases   ] GC(1)   Post Evacuate Collection Set: 5.19ms
[2026-05-13T17:05:15.245+0000][gc,phases   ] GC(1)   Other: 0.14ms
[2026-05-13T17:05:15.246+0000][gc,heap     ] GC(1) Eden regions: 17->0(49)
[2026-05-13T17:05:15.246+0000][gc,heap     ] GC(1) Survivor regions: 7->2(7)
[2026-05-13T17:05:15.246+0000][gc,heap     ] GC(1) Old regions: 2->9
[2026-05-13T17:05:15.246+0000][gc,heap     ] GC(1) Humongous regions: 0->0
[2026-05-13T17:05:15.246+0000][gc,metaspace] GC(1) Metaspace: 21258K(21504K)->21258K(21504K) NonClass: 18656K(18816K)->18656K(18816K) Class: 2602K(2688K)->2602K(2688K)
[2026-05-13T17:05:15.246+0000][gc          ] GC(1) Pause Young (Concurrent Start) (Metadata GC Threshold) 25M->10M(1024M) 166.793ms
[2026-05-13T17:05:15.246+0000][gc,cpu      ] GC(1) User=0.02s Sys=0.01s Real=0.17s
[2026-05-13T17:05:15.254+0000][gc          ] GC(2) Concurrent Mark Cycle
[2026-05-13T17:05:15.254+0000][gc,marking  ] GC(2) Concurrent Scan Root Regions
[2026-05-13T17:05:15.339+0000][gc,marking  ] GC(2) Concurrent Scan Root Regions 85.308ms
[2026-05-13T17:05:15.339+0000][gc,marking  ] GC(2) Concurrent Mark
[2026-05-13T17:05:15.339+0000][gc,marking  ] GC(2) Concurrent Mark From Roots
[2026-05-13T17:05:15.339+0000][gc,task     ] GC(2) Using 1 workers of 1 for marking
[2026-05-13T17:05:15.380+0000][gc,marking  ] GC(2) Concurrent Mark From Roots 41.122ms
[2026-05-13T17:05:15.380+0000][gc,marking  ] GC(2) Concurrent Preclean
[2026-05-13T17:05:15.380+0000][gc,marking  ] GC(2) Concurrent Preclean 0.018ms
[2026-05-13T17:05:15.417+0000][gc,start    ] GC(2) Pause Remark
[2026-05-13T17:05:15.445+0000][gc          ] GC(2) Pause Remark 10M->10M(1024M) 28.153ms
[2026-05-13T17:05:15.445+0000][gc,cpu      ] GC(2) User=0.01s Sys=0.00s Real=0.03s
[2026-05-13T17:05:15.450+0000][gc,marking  ] GC(2) Concurrent Mark 111.046ms
[2026-05-13T17:05:15.450+0000][gc,marking  ] GC(2) Concurrent Rebuild Remembered Sets and Scrub Regions
[2026-05-13T17:05:15.608+0000][gc,marking  ] GC(2) Concurrent Rebuild Remembered Sets and Scrub Regions 157.413ms
[2026-05-13T17:05:15.620+0000][gc,start    ] GC(2) Pause Cleanup
[2026-05-13T17:05:15.620+0000][gc          ] GC(2) Pause Cleanup 10M->10M(1024M) 0.107ms
[2026-05-13T17:05:15.620+0000][gc,cpu      ] GC(2) User=0.00s Sys=0.00s Real=0.00s
[2026-05-13T17:05:15.621+0000][gc,marking  ] GC(2) Concurrent Clear Claimed Marks
[2026-05-13T17:05:15.621+0000][gc,marking  ] GC(2) Concurrent Clear Claimed Marks 0.046ms
[2026-05-13T17:05:15.621+0000][gc,marking  ] GC(2) Concurrent Cleanup for Next Mark
[2026-05-13T17:05:15.976+0000][gc,marking  ] GC(2) Concurrent Cleanup for Next Mark 355.788ms
[2026-05-13T17:05:15.977+0000][gc          ] GC(2) Concurrent Mark Cycle 722.786ms
[2026-05-13T17:05:33.184+0000][gc,start    ] GC(3) Pause Young (Normal) (G1 Evacuation Pause)
[2026-05-13T17:05:33.185+0000][gc,task     ] GC(3) Using 2 workers of 2 for evacuation
[2026-05-13T17:05:33.263+0000][gc,phases   ] GC(3)   Pre Evacuate Collection Set: 0.30ms
[2026-05-13T17:05:33.263+0000][gc,phases   ] GC(3)   Merge Heap Roots: 0.08ms
[2026-05-13T17:05:33.264+0000][gc,phases   ] GC(3)   Evacuate Collection Set: 66.98ms
[2026-05-13T17:05:33.264+0000][gc,phases   ] GC(3)   Post Evacuate Collection Set: 10.49ms
[2026-05-13T17:05:33.264+0000][gc,phases   ] GC(3)   Other: 0.32ms
[2026-05-13T17:05:33.264+0000][gc,heap     ] GC(3) Eden regions: 49->0(45)
[2026-05-13T17:05:33.265+0000][gc,heap     ] GC(3) Survivor regions: 2->6(7)
[2026-05-13T17:05:33.265+0000][gc,heap     ] GC(3) Old regions: 9->9
[2026-05-13T17:05:33.266+0000][gc,heap     ] GC(3) Humongous regions: 0->0
[2026-05-13T17:05:33.266+0000][gc,metaspace] GC(3) Metaspace: 33967K(34368K)->33967K(34368K) NonClass: 30040K(30272K)->30040K(30272K) Class: 3926K(4096K)->3926K(4096K)
[2026-05-13T17:05:33.266+0000][gc          ] GC(3) Pause Young (Normal) (G1 Evacuation Pause) 59M->14M(1024M) 81.672ms
[2026-05-13T17:05:33.266+0000][gc,cpu      ] GC(3) User=0.02s Sys=0.00s Real=0.08s
[2026-05-13T17:05:34.243+0000][gc,start    ] GC(4) Pause Young (Concurrent Start) (Metadata GC Threshold)
[2026-05-13T17:05:34.243+0000][gc,task     ] GC(4) Using 2 workers of 2 for evacuation
[2026-05-13T17:05:34.266+0000][gc,phases   ] GC(4)   Pre Evacuate Collection Set: 0.29ms
[2026-05-13T17:05:34.266+0000][gc,phases   ] GC(4)   Merge Heap Roots: 0.06ms
[2026-05-13T17:05:34.266+0000][gc,phases   ] GC(4)   Evacuate Collection Set: 21.14ms
[2026-05-13T17:05:34.266+0000][gc,phases   ] GC(4)   Post Evacuate Collection Set: 1.19ms
[2026-05-13T17:05:34.266+0000][gc,phases   ] GC(4)   Other: 0.22ms
[2026-05-13T17:05:34.266+0000][gc,heap     ] GC(4) Eden regions: 7->0(57)
[2026-05-13T17:05:34.266+0000][gc,heap     ] GC(4) Survivor regions: 6->1(7)
[2026-05-13T17:05:34.266+0000][gc,heap     ] GC(4) Old regions: 9->15
[2026-05-13T17:05:34.266+0000][gc,heap     ] GC(4) Humongous regions: 0->0
[2026-05-13T17:05:34.266+0000][gc,metaspace] GC(4) Metaspace: 35455K(35968K)->35455K(35968K) NonClass: 31333K(31616K)->31333K(31616K) Class: 4121K(4352K)->4121K(4352K)
[2026-05-13T17:05:34.266+0000][gc          ] GC(4) Pause Young (Concurrent Start) (Metadata GC Threshold) 21M->15M(1024M) 23.235ms
[2026-05-13T17:05:34.266+0000][gc,cpu      ] GC(4) User=0.02s Sys=0.00s Real=0.03s
[2026-05-13T17:05:34.271+0000][gc          ] GC(5) Concurrent Mark Cycle
[2026-05-13T17:05:34.271+0000][gc,marking  ] GC(5) Concurrent Scan Root Regions
[2026-05-13T17:05:34.413+0000][gc,marking  ] GC(5) Concurrent Scan Root Regions 141.952ms
[2026-05-13T17:05:34.413+0000][gc,marking  ] GC(5) Concurrent Mark
[2026-05-13T17:05:34.413+0000][gc,marking  ] GC(5) Concurrent Mark From Roots
[2026-05-13T17:05:34.413+0000][gc,task     ] GC(5) Using 1 workers of 1 for marking
[2026-05-13T17:05:34.577+0000][gc,marking  ] GC(5) Concurrent Mark From Roots 164.068ms
[2026-05-13T17:05:34.581+0000][gc,marking  ] GC(5) Concurrent Preclean
[2026-05-13T17:05:34.581+0000][gc,marking  ] GC(5) Concurrent Preclean 0.177ms
[2026-05-13T17:05:34.583+0000][gc,start    ] GC(5) Pause Remark
[2026-05-13T17:05:34.600+0000][gc          ] GC(5) Pause Remark 20M->20M(1024M) 17.343ms
[2026-05-13T17:05:34.600+0000][gc,cpu      ] GC(5) User=0.01s Sys=0.00s Real=0.02s
[2026-05-13T17:05:34.601+0000][gc,marking  ] GC(5) Concurrent Mark 188.082ms
[2026-05-13T17:05:34.601+0000][gc,marking  ] GC(5) Concurrent Rebuild Remembered Sets and Scrub Regions
[2026-05-13T17:05:34.653+0000][gc,marking  ] GC(5) Concurrent Rebuild Remembered Sets and Scrub Regions 51.310ms
[2026-05-13T17:05:34.653+0000][gc,start    ] GC(5) Pause Cleanup
[2026-05-13T17:05:34.674+0000][gc          ] GC(5) Pause Cleanup 20M->20M(1024M) 20.861ms
[2026-05-13T17:05:34.674+0000][gc,cpu      ] GC(5) User=0.00s Sys=0.00s Real=0.02s
[2026-05-13T17:05:34.676+0000][gc,marking  ] GC(5) Concurrent Clear Claimed Marks
[2026-05-13T17:05:34.677+0000][gc,marking  ] GC(5) Concurrent Clear Claimed Marks 0.096ms
[2026-05-13T17:05:34.677+0000][gc,marking  ] GC(5) Concurrent Cleanup for Next Mark
[2026-05-13T17:05:34.685+0000][gc,marking  ] GC(5) Concurrent Cleanup for Next Mark 8.885ms
[2026-05-13T17:05:34.686+0000][gc          ] GC(5) Concurrent Mark Cycle 414.519ms
[2026-05-13T17:05:41.339+0000][gc,start    ] GC(6) Pause Young (Normal) (G1 Evacuation Pause)
[2026-05-13T17:05:41.339+0000][gc,task     ] GC(6) Using 2 workers of 2 for evacuation
[2026-05-13T17:05:41.429+0000][gc,phases   ] GC(6)   Pre Evacuate Collection Set: 1.35ms
[2026-05-13T17:05:41.429+0000][gc,phases   ] GC(6)   Merge Heap Roots: 0.12ms
[2026-05-13T17:05:41.429+0000][gc,phases   ] GC(6)   Evacuate Collection Set: 84.56ms
[2026-05-13T17:05:41.429+0000][gc,phases   ] GC(6)   Post Evacuate Collection Set: 3.59ms
[2026-05-13T17:05:41.429+0000][gc,phases   ] GC(6)   Other: 0.15ms
[2026-05-13T17:05:41.429+0000][gc,heap     ] GC(6) Eden regions: 53->0(44)
[2026-05-13T17:05:41.429+0000][gc,heap     ] GC(6) Survivor regions: 1->7(7)
[2026-05-13T17:05:41.429+0000][gc,heap     ] GC(6) Old regions: 15->16
[2026-05-13T17:05:41.429+0000][gc,heap     ] GC(6) Humongous regions: 0->0
[2026-05-13T17:05:41.429+0000][gc,metaspace] GC(6) Metaspace: 43939K(44800K)->43939K(44800K) NonClass: 38756K(39232K)->38756K(39232K) Class: 5182K(5568K)->5182K(5568K)
[2026-05-13T17:05:41.429+0000][gc          ] GC(6) Pause Young (Normal) (G1 Evacuation Pause) 68M->22M(1024M) 90.086ms
[2026-05-13T17:05:41.429+0000][gc,cpu      ] GC(6) User=0.03s Sys=0.00s Real=0.09s
[2026-05-13T17:08:46.234+0000][gc,start    ] GC(7) Pause Young (Normal) (G1 Evacuation Pause)
[2026-05-13T17:08:46.238+0000][gc,task     ] GC(7) Using 2 workers of 2 for evacuation
[2026-05-13T17:08:46.273+0000][gc,phases   ] GC(7)   Pre Evacuate Collection Set: 8.93ms
[2026-05-13T17:08:46.273+0000][gc,phases   ] GC(7)   Merge Heap Roots: 0.41ms
[2026-05-13T17:08:46.273+0000][gc,phases   ] GC(7)   Evacuate Collection Set: 23.28ms
[2026-05-13T17:08:46.273+0000][gc,phases   ] GC(7)   Post Evacuate Collection Set: 1.84ms
[2026-05-13T17:08:46.273+0000][gc,phases   ] GC(7)   Other: 0.34ms
[2026-05-13T17:08:46.273+0000][gc,heap     ] GC(7) Eden regions: 44->0(76)
[2026-05-13T17:08:46.273+0000][gc,heap     ] GC(7) Survivor regions: 7->3(7)
[2026-05-13T17:08:46.273+0000][gc,heap     ] GC(7) Old regions: 16->24
[2026-05-13T17:08:46.273+0000][gc,heap     ] GC(7) Humongous regions: 129->129
[2026-05-13T17:08:46.273+0000][gc,metaspace] GC(7) Metaspace: 48117K(49216K)->48117K(49216K) NonClass: 42443K(43072K)->42443K(43072K) Class: 5673K(6144K)->5673K(6144K)
[2026-05-13T17:08:46.273+0000][gc          ] GC(7) Pause Young (Normal) (G1 Evacuation Pause) 195M->155M(1024M) 38.931ms
[2026-05-13T17:08:46.273+0000][gc,cpu      ] GC(7) User=0.02s Sys=0.03s Real=0.03s
[2026-05-13T17:11:09.674+0000][gc,start    ] GC(8) Pause Young (Normal) (G1 Evacuation Pause)
[2026-05-13T17:11:09.719+0000][gc,task     ] GC(8) Using 2 workers of 2 for evacuation
[2026-05-13T17:11:09.875+0000][gc,phases   ] GC(8)   Pre Evacuate Collection Set: 98.15ms
[2026-05-13T17:11:09.876+0000][gc,phases   ] GC(8)   Merge Heap Roots: 1.12ms
[2026-05-13T17:11:09.876+0000][gc,phases   ] GC(8)   Evacuate Collection Set: 54.89ms
[2026-05-13T17:11:09.876+0000][gc,phases   ] GC(8)   Post Evacuate Collection Set: 1.91ms
[2026-05-13T17:11:09.876+0000][gc,phases   ] GC(8)   Other: 0.19ms
[2026-05-13T17:11:09.877+0000][gc,heap     ] GC(8) Eden regions: 71->0(43)
[2026-05-13T17:11:09.877+0000][gc,heap     ] GC(8) Survivor regions: 3->8(10)
[2026-05-13T17:11:09.877+0000][gc,heap     ] GC(8) Old regions: 24->24
[2026-05-13T17:11:09.878+0000][gc,heap     ] GC(8) Humongous regions: 129->129
[2026-05-13T17:11:09.878+0000][gc,metaspace] GC(8) Metaspace: 49853K(50944K)->49853K(50944K) NonClass: 44043K(44672K)->44043K(44672K) Class: 5810K(6272K)->5810K(6272K)
[2026-05-13T17:11:09.878+0000][gc          ] GC(8) Pause Young (Normal) (G1 Evacuation Pause) 226M->159M(1024M) 204.159ms
[2026-05-13T17:11:09.878+0000][gc,cpu      ] GC(8) User=0.03s Sys=0.00s Real=0.20s
[2026-05-13T17:12:43.733+0000][gc,start    ] GC(9) Pause Young (Normal) (G1 Evacuation Pause)
[2026-05-13T17:12:43.735+0000][gc,task     ] GC(9) Using 2 workers of 2 for evacuation
[2026-05-13T17:12:43.777+0000][gc,phases   ] GC(9)   Pre Evacuate Collection Set: 2.99ms
[2026-05-13T17:12:43.777+0000][gc,phases   ] GC(9)   Merge Heap Roots: 0.46ms
[2026-05-13T17:12:43.777+0000][gc,phases   ] GC(9)   Evacuate Collection Set: 37.33ms
[2026-05-13T17:12:43.777+0000][gc,phases   ] GC(9)   Post Evacuate Collection Set: 0.80ms
[2026-05-13T17:12:43.777+0000][gc,phases   ] GC(9)   Other: 0.12ms
[2026-05-13T17:12:43.777+0000][gc,heap     ] GC(9) Eden regions: 43->0(153)
[2026-05-13T17:12:43.777+0000][gc,heap     ] GC(9) Survivor regions: 8->2(7)
[2026-05-13T17:12:43.777+0000][gc,heap     ] GC(9) Old regions: 24->28
[2026-05-13T17:12:43.777+0000][gc,heap     ] GC(9) Humongous regions: 129->129
[2026-05-13T17:12:43.777+0000][gc,metaspace] GC(9) Metaspace: 49950K(51072K)->49950K(51072K) NonClass: 44134K(44736K)->44134K(44736K) Class: 5815K(6336K)->5815K(6336K)
[2026-05-13T17:12:43.777+0000][gc          ] GC(9) Pause Young (Normal) (G1 Evacuation Pause) 202M->158M(1024M) 43.951ms
[2026-05-13T17:12:43.777+0000][gc,cpu      ] GC(9) User=0.02s Sys=0.01s Real=0.05s
[2026-05-13T17:14:39.142+0000][gc,heap,exit] Heap
[2026-05-13T17:14:39.143+0000][gc,heap,exit]  garbage-first heap   total 1048576K, used 224683K [0x00000000c0000000, 0x0000000100000000)
[2026-05-13T17:14:39.143+0000][gc,heap,exit]   region size 1024K, 63 young (64512K), 2 survivors (2048K)
[2026-05-13T17:14:39.143+0000][gc,heap,exit]  Metaspace       used 51019K, committed 52224K, reserved 1114112K
[2026-05-13T17:14:39.143+0000][gc,heap,exit]   class space    used 6038K, committed 6592K, reserved 1048576K
