[2026-05-13T23:28:25.796+0000][gc,init] CardTable entry size: 512
[2026-05-13T23:28:25.797+0000][gc     ] Using G1
[2026-05-13T23:28:25.817+0000][gc,init] Version: 21.0.10+7-LTS (release)
[2026-05-13T23:28:25.817+0000][gc,init] CPUs: 2 total, 2 available
[2026-05-13T23:28:25.818+0000][gc,init] Memory: 3732M
[2026-05-13T23:28:25.818+0000][gc,init] Large Page Support: Disabled
[2026-05-13T23:28:25.818+0000][gc,init] NUMA Support: Disabled
[2026-05-13T23:28:25.818+0000][gc,init] Compressed Oops: Enabled (32-bit)
[2026-05-13T23:28:25.818+0000][gc,init] Heap Region Size: 1M
[2026-05-13T23:28:25.818+0000][gc,init] Heap Min Capacity: 1G
[2026-05-13T23:28:25.818+0000][gc,init] Heap Initial Capacity: 1G
[2026-05-13T23:28:25.818+0000][gc,init] Heap Max Capacity: 1G
[2026-05-13T23:28:25.818+0000][gc,init] Pre-touch: Disabled
[2026-05-13T23:28:25.818+0000][gc,init] Parallel Workers: 2
[2026-05-13T23:28:25.818+0000][gc,init] Concurrent Workers: 1
[2026-05-13T23:28:25.818+0000][gc,init] Concurrent Refinement Workers: 2
[2026-05-13T23:28:25.818+0000][gc,init] Periodic GC: Disabled
[2026-05-13T23:28:26.336+0000][gc,metaspace] CDS archive(s) mapped at: [0x00007f875f000000-0x00007f875fbad000-0x00007f875fbad000), size 12242944, SharedBaseAddress: 0x00007f875f000000, ArchiveRelocationMode: 1.
[2026-05-13T23:28:26.336+0000][gc,metaspace] Compressed class space mapped at: 0x00007f8763000000-0x00007f87a3000000, reserved size: 1073741824
[2026-05-13T23:28:26.337+0000][gc,metaspace] Narrow klass base: 0x00007f875f000000, Narrow klass shift: 0, Narrow klass range: 0x100000000
[2026-05-13T23:28:33.464+0000][gc,start    ] GC(0) Pause Young (Normal) (G1 Evacuation Pause)
[2026-05-13T23:28:33.467+0000][gc,task     ] GC(0) Using 2 workers of 2 for evacuation
[2026-05-13T23:28:33.545+0000][gc,phases   ] GC(0)   Pre Evacuate Collection Set: 2.64ms
[2026-05-13T23:28:33.545+0000][gc,phases   ] GC(0)   Merge Heap Roots: 0.10ms
[2026-05-13T23:28:33.545+0000][gc,phases   ] GC(0)   Evacuate Collection Set: 71.85ms
[2026-05-13T23:28:33.545+0000][gc,phases   ] GC(0)   Post Evacuate Collection Set: 2.47ms
[2026-05-13T23:28:33.545+0000][gc,phases   ] GC(0)   Other: 2.98ms
[2026-05-13T23:28:33.545+0000][gc,heap     ] GC(0) Eden regions: 51->0(44)
[2026-05-13T23:28:33.545+0000][gc,heap     ] GC(0) Survivor regions: 0->7(7)
[2026-05-13T23:28:33.545+0000][gc,heap     ] GC(0) Old regions: 1->2
[2026-05-13T23:28:33.545+0000][gc,heap     ] GC(0) Humongous regions: 0->0
[2026-05-13T23:28:33.545+0000][gc,metaspace] GC(0) Metaspace: 15485K(15744K)->15485K(15744K) NonClass: 13737K(13888K)->13737K(13888K) Class: 1748K(1856K)->1748K(1856K)
[2026-05-13T23:28:33.545+0000][gc          ] GC(0) Pause Young (Normal) (G1 Evacuation Pause) 51M->8M(1024M) 80.688ms
[2026-05-13T23:28:33.545+0000][gc,cpu      ] GC(0) User=0.02s Sys=0.00s Real=0.08s
[2026-05-13T23:28:35.309+0000][gc,start    ] GC(1) Pause Young (Concurrent Start) (Metadata GC Threshold)
[2026-05-13T23:28:35.310+0000][gc,task     ] GC(1) Using 2 workers of 2 for evacuation
[2026-05-13T23:28:35.343+0000][gc,phases   ] GC(1)   Pre Evacuate Collection Set: 0.31ms
[2026-05-13T23:28:35.343+0000][gc,phases   ] GC(1)   Merge Heap Roots: 0.07ms
[2026-05-13T23:28:35.343+0000][gc,phases   ] GC(1)   Evacuate Collection Set: 29.78ms
[2026-05-13T23:28:35.343+0000][gc,phases   ] GC(1)   Post Evacuate Collection Set: 2.39ms
[2026-05-13T23:28:35.343+0000][gc,phases   ] GC(1)   Other: 0.27ms
[2026-05-13T23:28:35.343+0000][gc,heap     ] GC(1) Eden regions: 17->0(49)
[2026-05-13T23:28:35.343+0000][gc,heap     ] GC(1) Survivor regions: 7->2(7)
[2026-05-13T23:28:35.343+0000][gc,heap     ] GC(1) Old regions: 2->9
[2026-05-13T23:28:35.343+0000][gc,heap     ] GC(1) Humongous regions: 0->0
[2026-05-13T23:28:35.343+0000][gc,metaspace] GC(1) Metaspace: 21281K(21504K)->21281K(21504K) NonClass: 18679K(18816K)->18679K(18816K) Class: 2602K(2688K)->2602K(2688K)
[2026-05-13T23:28:35.343+0000][gc          ] GC(1) Pause Young (Concurrent Start) (Metadata GC Threshold) 25M->10M(1024M) 33.572ms
[2026-05-13T23:28:35.343+0000][gc,cpu      ] GC(1) User=0.02s Sys=0.01s Real=0.03s
[2026-05-13T23:28:35.343+0000][gc          ] GC(2) Concurrent Mark Cycle
[2026-05-13T23:28:35.344+0000][gc,marking  ] GC(2) Concurrent Scan Root Regions
[2026-05-13T23:28:35.365+0000][gc,marking  ] GC(2) Concurrent Scan Root Regions 20.927ms
[2026-05-13T23:28:35.366+0000][gc,marking  ] GC(2) Concurrent Mark
[2026-05-13T23:28:35.366+0000][gc,marking  ] GC(2) Concurrent Mark From Roots
[2026-05-13T23:28:35.367+0000][gc,task     ] GC(2) Using 1 workers of 1 for marking
[2026-05-13T23:28:35.394+0000][gc,marking  ] GC(2) Concurrent Mark From Roots 27.987ms
[2026-05-13T23:28:35.395+0000][gc,marking  ] GC(2) Concurrent Preclean
[2026-05-13T23:28:35.395+0000][gc,marking  ] GC(2) Concurrent Preclean 0.171ms
[2026-05-13T23:28:35.395+0000][gc,start    ] GC(2) Pause Remark
[2026-05-13T23:28:35.404+0000][gc          ] GC(2) Pause Remark 11M->11M(1024M) 8.833ms
[2026-05-13T23:28:35.404+0000][gc,cpu      ] GC(2) User=0.01s Sys=0.01s Real=0.01s
[2026-05-13T23:28:35.404+0000][gc,marking  ] GC(2) Concurrent Mark 38.340ms
[2026-05-13T23:28:35.405+0000][gc,marking  ] GC(2) Concurrent Rebuild Remembered Sets and Scrub Regions
[2026-05-13T23:28:35.410+0000][gc,marking  ] GC(2) Concurrent Rebuild Remembered Sets and Scrub Regions 5.481ms
[2026-05-13T23:28:35.410+0000][gc,start    ] GC(2) Pause Cleanup
[2026-05-13T23:28:35.412+0000][gc          ] GC(2) Pause Cleanup 11M->11M(1024M) 1.825ms
[2026-05-13T23:28:35.413+0000][gc,cpu      ] GC(2) User=0.00s Sys=0.00s Real=0.00s
[2026-05-13T23:28:35.413+0000][gc,marking  ] GC(2) Concurrent Clear Claimed Marks
[2026-05-13T23:28:35.413+0000][gc,marking  ] GC(2) Concurrent Clear Claimed Marks 0.203ms
[2026-05-13T23:28:35.414+0000][gc,marking  ] GC(2) Concurrent Cleanup for Next Mark
[2026-05-13T23:28:35.473+0000][gc,marking  ] GC(2) Concurrent Cleanup for Next Mark 59.681ms
[2026-05-13T23:28:35.475+0000][gc          ] GC(2) Concurrent Mark Cycle 132.311ms
[2026-05-13T23:28:42.309+0000][gc,start    ] GC(3) Pause Young (Normal) (G1 Evacuation Pause)
[2026-05-13T23:28:42.309+0000][gc,task     ] GC(3) Using 2 workers of 2 for evacuation
[2026-05-13T23:28:42.393+0000][gc,phases   ] GC(3)   Pre Evacuate Collection Set: 2.13ms
[2026-05-13T23:28:42.394+0000][gc,phases   ] GC(3)   Merge Heap Roots: 0.06ms
[2026-05-13T23:28:42.394+0000][gc,phases   ] GC(3)   Evacuate Collection Set: 75.13ms
[2026-05-13T23:28:42.394+0000][gc,phases   ] GC(3)   Post Evacuate Collection Set: 5.54ms
[2026-05-13T23:28:42.394+0000][gc,phases   ] GC(3)   Other: 1.01ms
[2026-05-13T23:28:42.394+0000][gc,heap     ] GC(3) Eden regions: 49->0(45)
[2026-05-13T23:28:42.394+0000][gc,heap     ] GC(3) Survivor regions: 2->6(7)
[2026-05-13T23:28:42.394+0000][gc,heap     ] GC(3) Old regions: 9->9
[2026-05-13T23:28:42.394+0000][gc,heap     ] GC(3) Humongous regions: 0->0
[2026-05-13T23:28:42.395+0000][gc,metaspace] GC(3) Metaspace: 33856K(34240K)->33856K(34240K) NonClass: 29942K(30144K)->29942K(30144K) Class: 3914K(4096K)->3914K(4096K)
[2026-05-13T23:28:42.395+0000][gc          ] GC(3) Pause Young (Normal) (G1 Evacuation Pause) 59M->14M(1024M) 85.178ms
[2026-05-13T23:28:42.395+0000][gc,cpu      ] GC(3) User=0.04s Sys=0.00s Real=0.09s
[2026-05-13T23:28:43.711+0000][gc,start    ] GC(4) Pause Young (Concurrent Start) (Metadata GC Threshold)
[2026-05-13T23:28:43.711+0000][gc,task     ] GC(4) Using 2 workers of 2 for evacuation
[2026-05-13T23:28:43.751+0000][gc,phases   ] GC(4)   Pre Evacuate Collection Set: 0.33ms
[2026-05-13T23:28:43.751+0000][gc,phases   ] GC(4)   Merge Heap Roots: 0.05ms
[2026-05-13T23:28:43.751+0000][gc,phases   ] GC(4)   Evacuate Collection Set: 36.16ms
[2026-05-13T23:28:43.751+0000][gc,phases   ] GC(4)   Post Evacuate Collection Set: 2.17ms
[2026-05-13T23:28:43.751+0000][gc,phases   ] GC(4)   Other: 0.31ms
[2026-05-13T23:28:43.751+0000][gc,heap     ] GC(4) Eden regions: 9->0(66)
[2026-05-13T23:28:43.752+0000][gc,heap     ] GC(4) Survivor regions: 6->1(7)
[2026-05-13T23:28:43.752+0000][gc,heap     ] GC(4) Old regions: 9->15
[2026-05-13T23:28:43.752+0000][gc,heap     ] GC(4) Humongous regions: 0->0
[2026-05-13T23:28:43.752+0000][gc,metaspace] GC(4) Metaspace: 35904K(36416K)->35904K(36416K) NonClass: 31752K(32000K)->31752K(32000K) Class: 4151K(4416K)->4151K(4416K)
[2026-05-13T23:28:43.752+0000][gc          ] GC(4) Pause Young (Concurrent Start) (Metadata GC Threshold) 23M->15M(1024M) 41.170ms
[2026-05-13T23:28:43.753+0000][gc          ] GC(5) Concurrent Mark Cycle
[2026-05-13T23:28:43.753+0000][gc,marking  ] GC(5) Concurrent Scan Root Regions
[2026-05-13T23:28:43.753+0000][gc,cpu      ] GC(4) User=0.02s Sys=0.01s Real=0.05s
[2026-05-13T23:28:43.772+0000][gc,marking  ] GC(5) Concurrent Scan Root Regions 19.104ms
[2026-05-13T23:28:43.772+0000][gc,marking  ] GC(5) Concurrent Mark
[2026-05-13T23:28:43.772+0000][gc,marking  ] GC(5) Concurrent Mark From Roots
[2026-05-13T23:28:43.773+0000][gc,task     ] GC(5) Using 1 workers of 1 for marking
[2026-05-13T23:28:43.905+0000][gc,marking  ] GC(5) Concurrent Mark From Roots 132.153ms
[2026-05-13T23:28:43.905+0000][gc,marking  ] GC(5) Concurrent Preclean
[2026-05-13T23:28:43.905+0000][gc,marking  ] GC(5) Concurrent Preclean 0.250ms
[2026-05-13T23:28:43.905+0000][gc,start    ] GC(5) Pause Remark
[2026-05-13T23:28:43.923+0000][gc          ] GC(5) Pause Remark 17M->17M(1024M) 17.931ms
[2026-05-13T23:28:43.924+0000][gc,cpu      ] GC(5) User=0.01s Sys=0.00s Real=0.02s
[2026-05-13T23:28:43.925+0000][gc,marking  ] GC(5) Concurrent Mark 152.995ms
[2026-05-13T23:28:43.926+0000][gc,marking  ] GC(5) Concurrent Rebuild Remembered Sets and Scrub Regions
[2026-05-13T23:28:43.996+0000][gc,marking  ] GC(5) Concurrent Rebuild Remembered Sets and Scrub Regions 70.680ms
[2026-05-13T23:28:43.999+0000][gc,start    ] GC(5) Pause Cleanup
[2026-05-13T23:28:44.000+0000][gc          ] GC(5) Pause Cleanup 17M->17M(1024M) 0.378ms
[2026-05-13T23:28:44.000+0000][gc,cpu      ] GC(5) User=0.00s Sys=0.00s Real=0.00s
[2026-05-13T23:28:44.000+0000][gc,marking  ] GC(5) Concurrent Clear Claimed Marks
[2026-05-13T23:28:44.000+0000][gc,marking  ] GC(5) Concurrent Clear Claimed Marks 0.219ms
[2026-05-13T23:28:44.001+0000][gc,marking  ] GC(5) Concurrent Cleanup for Next Mark
[2026-05-13T23:28:44.011+0000][gc,marking  ] GC(5) Concurrent Cleanup for Next Mark 10.213ms
[2026-05-13T23:28:44.011+0000][gc          ] GC(5) Concurrent Mark Cycle 258.913ms
[2026-05-13T23:28:49.851+0000][gc,start    ] GC(6) Pause Young (Normal) (G1 Evacuation Pause)
[2026-05-13T23:28:49.852+0000][gc,task     ] GC(6) Using 2 workers of 2 for evacuation
[2026-05-13T23:28:49.916+0000][gc,phases   ] GC(6)   Pre Evacuate Collection Set: 0.33ms
[2026-05-13T23:28:49.916+0000][gc,phases   ] GC(6)   Merge Heap Roots: 0.10ms
[2026-05-13T23:28:49.916+0000][gc,phases   ] GC(6)   Evacuate Collection Set: 58.23ms
[2026-05-13T23:28:49.916+0000][gc,phases   ] GC(6)   Post Evacuate Collection Set: 5.26ms
[2026-05-13T23:28:49.916+0000][gc,phases   ] GC(6)   Other: 0.33ms
[2026-05-13T23:28:49.916+0000][gc,heap     ] GC(6) Eden regions: 58->0(43)
[2026-05-13T23:28:49.916+0000][gc,heap     ] GC(6) Survivor regions: 1->8(8)
[2026-05-13T23:28:49.916+0000][gc,heap     ] GC(6) Old regions: 15->16
[2026-05-13T23:28:49.916+0000][gc,heap     ] GC(6) Humongous regions: 0->0
[2026-05-13T23:28:49.916+0000][gc,metaspace] GC(6) Metaspace: 44060K(44992K)->44060K(44992K) NonClass: 38871K(39424K)->38871K(39424K) Class: 5189K(5568K)->5189K(5568K)
[2026-05-13T23:28:49.916+0000][gc          ] GC(6) Pause Young (Normal) (G1 Evacuation Pause) 73M->23M(1024M) 64.790ms
[2026-05-13T23:28:49.916+0000][gc,cpu      ] GC(6) User=0.04s Sys=0.01s Real=0.07s
[2026-05-13T23:30:09.564+0000][gc,start    ] GC(7) Pause Young (Normal) (G1 Evacuation Pause)
[2026-05-13T23:30:09.580+0000][gc,task     ] GC(7) Using 2 workers of 2 for evacuation
[2026-05-13T23:30:09.718+0000][gc,phases   ] GC(7)   Pre Evacuate Collection Set: 0.87ms
[2026-05-13T23:30:09.718+0000][gc,phases   ] GC(7)   Merge Heap Roots: 0.82ms
[2026-05-13T23:30:09.718+0000][gc,phases   ] GC(7)   Evacuate Collection Set: 131.54ms
[2026-05-13T23:30:09.718+0000][gc,phases   ] GC(7)   Post Evacuate Collection Set: 4.50ms
[2026-05-13T23:30:09.718+0000][gc,phases   ] GC(7)   Other: 0.11ms
[2026-05-13T23:30:09.718+0000][gc,heap     ] GC(7) Eden regions: 43->0(75)
[2026-05-13T23:30:09.718+0000][gc,heap     ] GC(7) Survivor regions: 8->3(7)
[2026-05-13T23:30:09.718+0000][gc,heap     ] GC(7) Old regions: 16->24
[2026-05-13T23:30:09.718+0000][gc,heap     ] GC(7) Humongous regions: 129->129
[2026-05-13T23:30:09.718+0000][gc,metaspace] GC(7) Metaspace: 47515K(48512K)->47515K(48512K) NonClass: 41912K(42496K)->41912K(42496K) Class: 5602K(6016K)->5602K(6016K)
[2026-05-13T23:30:09.718+0000][gc          ] GC(7) Pause Young (Normal) (G1 Evacuation Pause) 195M->155M(1024M) 153.947ms
[2026-05-13T23:30:09.718+0000][gc,cpu      ] GC(7) User=0.03s Sys=0.03s Real=0.15s
[2026-05-13T23:34:50.156+0000][gc,start    ] GC(8) Pause Young (Normal) (G1 Evacuation Pause)
[2026-05-13T23:34:50.172+0000][gc,task     ] GC(8) Using 2 workers of 2 for evacuation
[2026-05-13T23:34:50.198+0000][gc,phases   ] GC(8)   Pre Evacuate Collection Set: 2.94ms
[2026-05-13T23:34:50.198+0000][gc,phases   ] GC(8)   Merge Heap Roots: 1.96ms
[2026-05-13T23:34:50.198+0000][gc,phases   ] GC(8)   Evacuate Collection Set: 18.77ms
[2026-05-13T23:34:50.198+0000][gc,phases   ] GC(8)   Post Evacuate Collection Set: 1.40ms
[2026-05-13T23:34:50.198+0000][gc,phases   ] GC(8)   Other: 0.28ms
[2026-05-13T23:34:50.198+0000][gc,heap     ] GC(8) Eden regions: 71->0(609)
[2026-05-13T23:34:50.198+0000][gc,heap     ] GC(8) Survivor regions: 3->5(10)
[2026-05-13T23:34:50.198+0000][gc,heap     ] GC(8) Old regions: 24->24
[2026-05-13T23:34:50.198+0000][gc,heap     ] GC(8) Humongous regions: 129->129
[2026-05-13T23:34:50.198+0000][gc,metaspace] GC(8) Metaspace: 49596K(50752K)->49596K(50752K) NonClass: 43795K(44480K)->43795K(44480K) Class: 5801K(6272K)->5801K(6272K)
[2026-05-13T23:34:50.198+0000][gc          ] GC(8) Pause Young (Normal) (G1 Evacuation Pause) 226M->157M(1024M) 41.540ms
[2026-05-13T23:34:50.198+0000][gc,cpu      ] GC(8) User=0.03s Sys=0.00s Real=0.04s
[2026-05-13T23:55:38.624+0000][gc,start    ] GC(9) Pause Young (Normal) (G1 Evacuation Pause)
[2026-05-13T23:55:38.625+0000][gc,task     ] GC(9) Using 2 workers of 2 for evacuation
[2026-05-13T23:55:38.965+0000][gc,mmu      ] GC(9) MMU target violated: 201.0ms (200.0ms/201.0ms)
[2026-05-13T23:55:38.965+0000][gc,phases   ] GC(9)   Pre Evacuate Collection Set: 60.14ms
[2026-05-13T23:55:38.965+0000][gc,phases   ] GC(9)   Merge Heap Roots: 0.60ms
[2026-05-13T23:55:38.965+0000][gc,phases   ] GC(9)   Evacuate Collection Set: 272.60ms
[2026-05-13T23:55:38.965+0000][gc,phases   ] GC(9)   Post Evacuate Collection Set: 6.60ms
[2026-05-13T23:55:38.965+0000][gc,phases   ] GC(9)   Other: 0.69ms
[2026-05-13T23:55:38.966+0000][gc,heap     ] GC(9) Eden regions: 580->0(38)
[2026-05-13T23:55:38.966+0000][gc,heap     ] GC(9) Survivor regions: 5->19(74)
[2026-05-13T23:55:38.966+0000][gc,heap     ] GC(9) Old regions: 24->24
[2026-05-13T23:55:38.966+0000][gc,heap     ] GC(9) Humongous regions: 147->147
[2026-05-13T23:55:38.966+0000][gc,metaspace] GC(9) Metaspace: 52645K(53888K)->52645K(53888K) NonClass: 46456K(47104K)->46456K(47104K) Class: 6189K(6784K)->6189K(6784K)
[2026-05-13T23:55:38.966+0000][gc          ] GC(9) Pause Young (Normal) (G1 Evacuation Pause) 755M->189M(1024M) 341.818ms
[2026-05-13T23:55:38.966+0000][gc,cpu      ] GC(9) User=0.11s Sys=0.26s Real=0.34s
[2026-05-13T23:56:14.404+0000][gc,start    ] GC(10) Pause Young (Normal) (G1 Evacuation Pause)
[2026-05-13T23:56:14.404+0000][gc,task     ] GC(10) Using 2 workers of 2 for evacuation
[2026-05-13T23:56:14.525+0000][gc,phases   ] GC(10)   Pre Evacuate Collection Set: 17.20ms
[2026-05-13T23:56:14.526+0000][gc,phases   ] GC(10)   Merge Heap Roots: 0.16ms
[2026-05-13T23:56:14.526+0000][gc,phases   ] GC(10)   Evacuate Collection Set: 102.28ms
[2026-05-13T23:56:14.526+0000][gc,phases   ] GC(10)   Post Evacuate Collection Set: 1.29ms
[2026-05-13T23:56:14.526+0000][gc,phases   ] GC(10)   Other: 0.09ms
[2026-05-13T23:56:14.526+0000][gc,heap     ] GC(10) Eden regions: 35->0(109)
[2026-05-13T23:56:14.526+0000][gc,heap     ] GC(10) Survivor regions: 19->2(7)
[2026-05-13T23:56:14.526+0000][gc,heap     ] GC(10) Old regions: 24->42
[2026-05-13T23:56:14.526+0000][gc,heap     ] GC(10) Humongous regions: 147->147
[2026-05-13T23:56:14.526+0000][gc,metaspace] GC(10) Metaspace: 52647K(53888K)->52647K(53888K) NonClass: 46458K(47104K)->46458K(47104K) Class: 6189K(6784K)->6189K(6784K)
[2026-05-13T23:56:14.526+0000][gc          ] GC(10) Pause Young (Normal) (G1 Evacuation Pause) 224M->190M(1024M) 121.804ms
[2026-05-13T23:56:14.526+0000][gc,cpu      ] GC(10) User=0.05s Sys=0.02s Real=0.12s
[2026-05-13T23:59:59.226+0000][gc,start    ] GC(11) Pause Young (Normal) (G1 Evacuation Pause)
[2026-05-13T23:59:59.242+0000][gc,task     ] GC(11) Using 2 workers of 2 for evacuation
[2026-05-13T23:59:59.312+0000][gc,phases   ] GC(11)   Pre Evacuate Collection Set: 3.07ms
[2026-05-13T23:59:59.313+0000][gc,phases   ] GC(11)   Merge Heap Roots: 0.24ms
[2026-05-13T23:59:59.313+0000][gc,phases   ] GC(11)   Evacuate Collection Set: 65.54ms
[2026-05-13T23:59:59.313+0000][gc,phases   ] GC(11)   Post Evacuate Collection Set: 0.84ms
[2026-05-13T23:59:59.313+0000][gc,phases   ] GC(11)   Other: 0.23ms
[2026-05-13T23:59:59.314+0000][gc,heap     ] GC(11) Eden regions: 106->0(89)
[2026-05-13T23:59:59.314+0000][gc,heap     ] GC(11) Survivor regions: 2->7(14)
[2026-05-13T23:59:59.314+0000][gc,heap     ] GC(11) Old regions: 42->42
[2026-05-13T23:59:59.314+0000][gc,heap     ] GC(11) Humongous regions: 147->147
[2026-05-13T23:59:59.314+0000][gc,metaspace] GC(11) Metaspace: 52906K(54208K)->52906K(54208K) NonClass: 46652K(47360K)->46652K(47360K) Class: 6254K(6848K)->6254K(6848K)
[2026-05-13T23:59:59.315+0000][gc          ] GC(11) Pause Young (Normal) (G1 Evacuation Pause) 296M->195M(1024M) 88.355ms
[2026-05-13T23:59:59.315+0000][gc,cpu      ] GC(11) User=0.03s Sys=0.04s Real=0.09s
[2026-05-14T00:03:02.071+0000][gc,start    ] GC(12) Pause Young (Normal) (G1 Evacuation Pause)
[2026-05-14T00:03:02.088+0000][gc,task     ] GC(12) Using 2 workers of 2 for evacuation
[2026-05-14T00:03:02.119+0000][gc,phases   ] GC(12)   Pre Evacuate Collection Set: 0.77ms
[2026-05-14T00:03:02.119+0000][gc,phases   ] GC(12)   Merge Heap Roots: 0.38ms
[2026-05-14T00:03:02.119+0000][gc,phases   ] GC(12)   Evacuate Collection Set: 28.95ms
[2026-05-14T00:03:02.119+0000][gc,phases   ] GC(12)   Post Evacuate Collection Set: 1.18ms
[2026-05-14T00:03:02.119+0000][gc,phases   ] GC(12)   Other: 0.20ms
[2026-05-14T00:03:02.119+0000][gc,heap     ] GC(12) Eden regions: 84->0(72)
[2026-05-14T00:03:02.119+0000][gc,heap     ] GC(12) Survivor regions: 7->12(12)
[2026-05-14T00:03:02.119+0000][gc,heap     ] GC(12) Old regions: 42->44
[2026-05-14T00:03:02.119+0000][gc,heap     ] GC(12) Humongous regions: 147->147
[2026-05-14T00:03:02.119+0000][gc,metaspace] GC(12) Metaspace: 52926K(54208K)->52926K(54208K) NonClass: 46672K(47360K)->46672K(47360K) Class: 6254K(6848K)->6254K(6848K)
[2026-05-14T00:03:02.119+0000][gc          ] GC(12) Pause Young (Normal) (G1 Evacuation Pause) 279M->202M(1024M) 48.006ms
[2026-05-14T00:03:02.119+0000][gc,cpu      ] GC(12) User=0.06s Sys=0.00s Real=0.05s
[2026-05-14T00:04:25.983+0000][gc,start    ] GC(13) Pause Young (Normal) (G1 Evacuation Pause)
[2026-05-14T00:04:25.984+0000][gc,task     ] GC(13) Using 2 workers of 2 for evacuation
[2026-05-14T00:04:26.012+0000][gc,phases   ] GC(13)   Pre Evacuate Collection Set: 0.35ms
[2026-05-14T00:04:26.012+0000][gc,phases   ] GC(13)   Merge Heap Roots: 0.29ms
[2026-05-14T00:04:26.012+0000][gc,phases   ] GC(13)   Evacuate Collection Set: 26.05ms
[2026-05-14T00:04:26.012+0000][gc,phases   ] GC(13)   Post Evacuate Collection Set: 0.88ms
[2026-05-14T00:04:26.012+0000][gc,phases   ] GC(13)   Other: 0.28ms
[2026-05-14T00:04:26.012+0000][gc,heap     ] GC(13) Eden regions: 39->0(222)
[2026-05-14T00:04:26.012+0000][gc,heap     ] GC(13) Survivor regions: 12->4(7)
[2026-05-14T00:04:26.012+0000][gc,heap     ] GC(13) Old regions: 44->52
[2026-05-14T00:04:26.012+0000][gc,heap     ] GC(13) Humongous regions: 147->147
[2026-05-14T00:04:26.012+0000][gc,metaspace] GC(13) Metaspace: 52936K(54208K)->52936K(54208K) NonClass: 46681K(47360K)->46681K(47360K) Class: 6254K(6848K)->6254K(6848K)
[2026-05-14T00:04:26.014+0000][gc          ] GC(13) Pause Young (Normal) (G1 Evacuation Pause) 241M->202M(1024M) 30.335ms
[2026-05-14T00:04:26.014+0000][gc,cpu      ] GC(13) User=0.05s Sys=0.00s Real=0.03s
[2026-05-14T00:13:29.112+0000][gc,start    ] GC(14) Pause Young (Normal) (G1 Evacuation Pause)
[2026-05-14T00:13:29.129+0000][gc,task     ] GC(14) Using 2 workers of 2 for evacuation
[2026-05-14T00:13:29.246+0000][gc,phases   ] GC(14)   Pre Evacuate Collection Set: 3.05ms
[2026-05-14T00:13:29.246+0000][gc,phases   ] GC(14)   Merge Heap Roots: 0.21ms
[2026-05-14T00:13:29.247+0000][gc,phases   ] GC(14)   Evacuate Collection Set: 112.49ms
[2026-05-14T00:13:29.247+0000][gc,phases   ] GC(14)   Post Evacuate Collection Set: 1.00ms
[2026-05-14T00:13:29.247+0000][gc,phases   ] GC(14)   Other: 0.20ms
[2026-05-14T00:13:29.247+0000][gc,heap     ] GC(14) Eden regions: 247->0(106)
[2026-05-14T00:13:29.247+0000][gc,heap     ] GC(14) Survivor regions: 4->15(32)
[2026-05-14T00:13:29.248+0000][gc,heap     ] GC(14) Old regions: 52->52
[2026-05-14T00:13:29.248+0000][gc,heap     ] GC(14) Humongous regions: 147->147
[2026-05-14T00:13:29.248+0000][gc,metaspace] GC(14) Metaspace: 52984K(54336K)->52984K(54336K) NonClass: 46730K(47488K)->46730K(47488K) Class: 6254K(6848K)->6254K(6848K)
[2026-05-14T00:13:29.248+0000][gc          ] GC(14) Pause Young (Normal) (G1 Evacuation Pause) 449M->213M(1024M) 136.011ms
[2026-05-14T00:13:29.249+0000][gc,cpu      ] GC(14) User=0.08s Sys=0.08s Real=0.14s
[2026-05-14T00:16:04.932+0000][gc,heap,exit] Heap
[2026-05-14T00:16:04.933+0000][gc,heap,exit]  garbage-first heap   total 1048576K, used 308114K [0x00000000c0000000, 0x0000000100000000)
[2026-05-14T00:16:04.933+0000][gc,heap,exit]   region size 1024K, 102 young (104448K), 15 survivors (15360K)
[2026-05-14T00:16:04.933+0000][gc,heap,exit]  Metaspace       used 53817K, committed 55168K, reserved 1114112K
[2026-05-14T00:16:04.933+0000][gc,heap,exit]   class space    used 6440K, committed 7040K, reserved 1048576K
