[2026-05-18T16:33:05.472+0000][gc,init] CardTable entry size: 512
[2026-05-18T16:33:05.473+0000][gc     ] Using G1
[2026-05-18T16:33:05.499+0000][gc,init] Version: 21.0.10+7-LTS (release)
[2026-05-18T16:33:05.499+0000][gc,init] CPUs: 2 total, 2 available
[2026-05-18T16:33:05.499+0000][gc,init] Memory: 3732M
[2026-05-18T16:33:05.499+0000][gc,init] Large Page Support: Disabled
[2026-05-18T16:33:05.499+0000][gc,init] NUMA Support: Disabled
[2026-05-18T16:33:05.499+0000][gc,init] Compressed Oops: Enabled (32-bit)
[2026-05-18T16:33:05.499+0000][gc,init] Heap Region Size: 1M
[2026-05-18T16:33:05.499+0000][gc,init] Heap Min Capacity: 1G
[2026-05-18T16:33:05.499+0000][gc,init] Heap Initial Capacity: 1G
[2026-05-18T16:33:05.499+0000][gc,init] Heap Max Capacity: 1G
[2026-05-18T16:33:05.499+0000][gc,init] Pre-touch: Disabled
[2026-05-18T16:33:05.499+0000][gc,init] Parallel Workers: 2
[2026-05-18T16:33:05.499+0000][gc,init] Concurrent Workers: 1
[2026-05-18T16:33:05.499+0000][gc,init] Concurrent Refinement Workers: 2
[2026-05-18T16:33:05.499+0000][gc,init] Periodic GC: Disabled
[2026-05-18T16:33:05.754+0000][gc,metaspace] CDS archive(s) mapped at: [0x00007ff4fe000000-0x00007ff4febad000-0x00007ff4febad000), size 12242944, SharedBaseAddress: 0x00007ff4fe000000, ArchiveRelocationMode: 1.
[2026-05-18T16:33:05.754+0000][gc,metaspace] Compressed class space mapped at: 0x00007ff502000000-0x00007ff542000000, reserved size: 1073741824
[2026-05-18T16:33:05.754+0000][gc,metaspace] Narrow klass base: 0x00007ff4fe000000, Narrow klass shift: 0, Narrow klass range: 0x100000000
[2026-05-18T16:33:15.296+0000][gc,start    ] GC(0) Pause Young (Normal) (G1 Evacuation Pause)
[2026-05-18T16:33:15.297+0000][gc,task     ] GC(0) Using 2 workers of 2 for evacuation
[2026-05-18T16:33:15.346+0000][gc,phases   ] GC(0)   Pre Evacuate Collection Set: 0.29ms
[2026-05-18T16:33:15.346+0000][gc,phases   ] GC(0)   Merge Heap Roots: 0.12ms
[2026-05-18T16:33:15.346+0000][gc,phases   ] GC(0)   Evacuate Collection Set: 44.13ms
[2026-05-18T16:33:15.346+0000][gc,phases   ] GC(0)   Post Evacuate Collection Set: 4.63ms
[2026-05-18T16:33:15.346+0000][gc,phases   ] GC(0)   Other: 0.31ms
[2026-05-18T16:33:15.346+0000][gc,heap     ] GC(0) Eden regions: 51->0(44)
[2026-05-18T16:33:15.346+0000][gc,heap     ] GC(0) Survivor regions: 0->7(7)
[2026-05-18T16:33:15.346+0000][gc,heap     ] GC(0) Old regions: 1->2
[2026-05-18T16:33:15.346+0000][gc,heap     ] GC(0) Humongous regions: 0->0
[2026-05-18T16:33:15.346+0000][gc,metaspace] GC(0) Metaspace: 15523K(15744K)->15523K(15744K) NonClass: 13758K(13888K)->13758K(13888K) Class: 1764K(1856K)->1764K(1856K)
[2026-05-18T16:33:15.346+0000][gc          ] GC(0) Pause Young (Normal) (G1 Evacuation Pause) 51M->8M(1024M) 50.068ms
[2026-05-18T16:33:15.346+0000][gc,cpu      ] GC(0) User=0.01s Sys=0.01s Real=0.05s
[2026-05-18T16:33:17.347+0000][gc,start    ] GC(1) Pause Young (Concurrent Start) (Metadata GC Threshold)
[2026-05-18T16:33:17.347+0000][gc,task     ] GC(1) Using 2 workers of 2 for evacuation
[2026-05-18T16:33:17.448+0000][gc,phases   ] GC(1)   Pre Evacuate Collection Set: 0.78ms
[2026-05-18T16:33:17.448+0000][gc,phases   ] GC(1)   Merge Heap Roots: 1.96ms
[2026-05-18T16:33:17.448+0000][gc,phases   ] GC(1)   Evacuate Collection Set: 96.42ms
[2026-05-18T16:33:17.449+0000][gc,phases   ] GC(1)   Post Evacuate Collection Set: 1.22ms
[2026-05-18T16:33:17.449+0000][gc,phases   ] GC(1)   Other: 0.12ms
[2026-05-18T16:33:17.449+0000][gc,heap     ] GC(1) Eden regions: 17->0(49)
[2026-05-18T16:33:17.449+0000][gc,heap     ] GC(1) Survivor regions: 7->2(7)
[2026-05-18T16:33:17.449+0000][gc,heap     ] GC(1) Old regions: 2->9
[2026-05-18T16:33:17.449+0000][gc,heap     ] GC(1) Humongous regions: 0->0
[2026-05-18T16:33:17.450+0000][gc,metaspace] GC(1) Metaspace: 21270K(21504K)->21270K(21504K) NonClass: 18668K(18816K)->18668K(18816K) Class: 2602K(2688K)->2602K(2688K)
[2026-05-18T16:33:17.450+0000][gc          ] GC(1) Pause Young (Concurrent Start) (Metadata GC Threshold) 25M->10M(1024M) 102.556ms
[2026-05-18T16:33:17.450+0000][gc,cpu      ] GC(1) User=0.02s Sys=0.01s Real=0.10s
[2026-05-18T16:33:17.450+0000][gc          ] GC(2) Concurrent Mark Cycle
[2026-05-18T16:33:17.450+0000][gc,marking  ] GC(2) Concurrent Scan Root Regions
[2026-05-18T16:33:17.489+0000][gc,marking  ] GC(2) Concurrent Scan Root Regions 38.086ms
[2026-05-18T16:33:17.489+0000][gc,marking  ] GC(2) Concurrent Mark
[2026-05-18T16:33:17.489+0000][gc,marking  ] GC(2) Concurrent Mark From Roots
[2026-05-18T16:33:17.489+0000][gc,task     ] GC(2) Using 1 workers of 1 for marking
[2026-05-18T16:33:17.511+0000][gc,marking  ] GC(2) Concurrent Mark From Roots 22.284ms
[2026-05-18T16:33:17.512+0000][gc,marking  ] GC(2) Concurrent Preclean
[2026-05-18T16:33:17.512+0000][gc,marking  ] GC(2) Concurrent Preclean 0.179ms
[2026-05-18T16:33:17.519+0000][gc,start    ] GC(2) Pause Remark
[2026-05-18T16:33:17.531+0000][gc          ] GC(2) Pause Remark 10M->10M(1024M) 12.210ms
[2026-05-18T16:33:17.534+0000][gc,cpu      ] GC(2) User=0.01s Sys=0.00s Real=0.02s
[2026-05-18T16:33:17.534+0000][gc,marking  ] GC(2) Concurrent Mark 45.622ms
[2026-05-18T16:33:17.535+0000][gc,marking  ] GC(2) Concurrent Rebuild Remembered Sets and Scrub Regions
[2026-05-18T16:33:17.542+0000][gc,marking  ] GC(2) Concurrent Rebuild Remembered Sets and Scrub Regions 7.424ms
[2026-05-18T16:33:17.544+0000][gc,start    ] GC(2) Pause Cleanup
[2026-05-18T16:33:17.545+0000][gc          ] GC(2) Pause Cleanup 10M->10M(1024M) 0.297ms
[2026-05-18T16:33:17.545+0000][gc,cpu      ] GC(2) User=0.00s Sys=0.00s Real=0.00s
[2026-05-18T16:33:17.545+0000][gc,marking  ] GC(2) Concurrent Clear Claimed Marks
[2026-05-18T16:33:17.545+0000][gc,marking  ] GC(2) Concurrent Clear Claimed Marks 0.199ms
[2026-05-18T16:33:17.545+0000][gc,marking  ] GC(2) Concurrent Cleanup for Next Mark
[2026-05-18T16:33:17.626+0000][gc,marking  ] GC(2) Concurrent Cleanup for Next Mark 80.426ms
[2026-05-18T16:33:17.626+0000][gc          ] GC(2) Concurrent Mark Cycle 175.905ms
[2026-05-18T16:33:23.252+0000][gc,start    ] GC(3) Pause Young (Normal) (G1 Evacuation Pause)
[2026-05-18T16:33:23.252+0000][gc,task     ] GC(3) Using 2 workers of 2 for evacuation
[2026-05-18T16:33:23.281+0000][gc,phases   ] GC(3)   Pre Evacuate Collection Set: 0.28ms
[2026-05-18T16:33:23.281+0000][gc,phases   ] GC(3)   Merge Heap Roots: 0.06ms
[2026-05-18T16:33:23.281+0000][gc,phases   ] GC(3)   Evacuate Collection Set: 26.60ms
[2026-05-18T16:33:23.281+0000][gc,phases   ] GC(3)   Post Evacuate Collection Set: 1.30ms
[2026-05-18T16:33:23.281+0000][gc,phases   ] GC(3)   Other: 0.09ms
[2026-05-18T16:33:23.281+0000][gc,heap     ] GC(3) Eden regions: 49->0(45)
[2026-05-18T16:33:23.281+0000][gc,heap     ] GC(3) Survivor regions: 2->6(7)
[2026-05-18T16:33:23.281+0000][gc,heap     ] GC(3) Old regions: 9->9
[2026-05-18T16:33:23.281+0000][gc,heap     ] GC(3) Humongous regions: 0->0
[2026-05-18T16:33:23.281+0000][gc,metaspace] GC(3) Metaspace: 32376K(32768K)->32376K(32768K) NonClass: 28632K(28864K)->28632K(28864K) Class: 3743K(3904K)->3743K(3904K)
[2026-05-18T16:33:23.281+0000][gc          ] GC(3) Pause Young (Normal) (G1 Evacuation Pause) 59M->14M(1024M) 28.647ms
[2026-05-18T16:33:23.281+0000][gc,cpu      ] GC(3) User=0.03s Sys=0.00s Real=0.03s
[2026-05-18T16:33:28.390+0000][gc,start    ] GC(4) Pause Young (Concurrent Start) (Metadata GC Threshold)
[2026-05-18T16:33:28.391+0000][gc,task     ] GC(4) Using 2 workers of 2 for evacuation
[2026-05-18T16:33:28.507+0000][gc,phases   ] GC(4)   Pre Evacuate Collection Set: 29.52ms
[2026-05-18T16:33:28.507+0000][gc,phases   ] GC(4)   Merge Heap Roots: 0.12ms
[2026-05-18T16:33:28.507+0000][gc,phases   ] GC(4)   Evacuate Collection Set: 83.62ms
[2026-05-18T16:33:28.507+0000][gc,phases   ] GC(4)   Post Evacuate Collection Set: 3.10ms
[2026-05-18T16:33:28.507+0000][gc,phases   ] GC(4)   Other: 0.34ms
[2026-05-18T16:33:28.508+0000][gc,heap     ] GC(4) Eden regions: 17->0(59)
[2026-05-18T16:33:28.508+0000][gc,heap     ] GC(4) Survivor regions: 6->2(7)
[2026-05-18T16:33:28.508+0000][gc,heap     ] GC(4) Old regions: 9->15
[2026-05-18T16:33:28.508+0000][gc,heap     ] GC(4) Humongous regions: 0->0
[2026-05-18T16:33:28.508+0000][gc,metaspace] GC(4) Metaspace: 35620K(36096K)->35620K(36096K) NonClass: 31471K(31744K)->31471K(31744K) Class: 4149K(4352K)->4149K(4352K)
[2026-05-18T16:33:28.508+0000][gc          ] GC(4) Pause Young (Concurrent Start) (Metadata GC Threshold) 30M->15M(1024M) 117.201ms
[2026-05-18T16:33:28.508+0000][gc          ] GC(5) Concurrent Mark Cycle
[2026-05-18T16:33:28.508+0000][gc,marking  ] GC(5) Concurrent Scan Root Regions
[2026-05-18T16:33:28.508+0000][gc,cpu      ] GC(4) User=0.04s Sys=0.00s Real=0.11s
[2026-05-18T16:33:28.554+0000][gc,marking  ] GC(5) Concurrent Scan Root Regions 45.972ms
[2026-05-18T16:33:28.554+0000][gc,marking  ] GC(5) Concurrent Mark
[2026-05-18T16:33:28.554+0000][gc,marking  ] GC(5) Concurrent Mark From Roots
[2026-05-18T16:33:28.554+0000][gc,task     ] GC(5) Using 1 workers of 1 for marking
[2026-05-18T16:33:28.646+0000][gc,marking  ] GC(5) Concurrent Mark From Roots 91.990ms
[2026-05-18T16:33:28.646+0000][gc,marking  ] GC(5) Concurrent Preclean
[2026-05-18T16:33:28.646+0000][gc,marking  ] GC(5) Concurrent Preclean 0.102ms
[2026-05-18T16:33:28.650+0000][gc,start    ] GC(5) Pause Remark
[2026-05-18T16:33:28.695+0000][gc          ] GC(5) Pause Remark 17M->17M(1024M) 45.073ms
[2026-05-18T16:33:28.695+0000][gc,cpu      ] GC(5) User=0.02s Sys=0.00s Real=0.04s
[2026-05-18T16:33:28.696+0000][gc,marking  ] GC(5) Concurrent Mark 141.334ms
[2026-05-18T16:33:28.696+0000][gc,marking  ] GC(5) Concurrent Rebuild Remembered Sets and Scrub Regions
[2026-05-18T16:33:28.793+0000][gc,marking  ] GC(5) Concurrent Rebuild Remembered Sets and Scrub Regions 97.080ms
[2026-05-18T16:33:28.793+0000][gc,start    ] GC(5) Pause Cleanup
[2026-05-18T16:33:28.794+0000][gc          ] GC(5) Pause Cleanup 17M->17M(1024M) 1.168ms
[2026-05-18T16:33:28.794+0000][gc,cpu      ] GC(5) User=0.00s Sys=0.00s Real=0.00s
[2026-05-18T16:33:28.798+0000][gc,marking  ] GC(5) Concurrent Clear Claimed Marks
[2026-05-18T16:33:28.798+0000][gc,marking  ] GC(5) Concurrent Clear Claimed Marks 0.090ms
[2026-05-18T16:33:28.798+0000][gc,marking  ] GC(5) Concurrent Cleanup for Next Mark
[2026-05-18T16:33:28.830+0000][gc,marking  ] GC(5) Concurrent Cleanup for Next Mark 32.113ms
[2026-05-18T16:33:28.830+0000][gc          ] GC(5) Concurrent Mark Cycle 322.117ms
[2026-05-18T16:33:35.930+0000][gc,start    ] GC(6) Pause Young (Normal) (G1 Evacuation Pause)
[2026-05-18T16:33:35.930+0000][gc,task     ] GC(6) Using 2 workers of 2 for evacuation
[2026-05-18T16:33:36.025+0000][gc,phases   ] GC(6)   Pre Evacuate Collection Set: 0.47ms
[2026-05-18T16:33:36.026+0000][gc,phases   ] GC(6)   Merge Heap Roots: 0.11ms
[2026-05-18T16:33:36.026+0000][gc,phases   ] GC(6)   Evacuate Collection Set: 88.68ms
[2026-05-18T16:33:36.026+0000][gc,phases   ] GC(6)   Post Evacuate Collection Set: 6.05ms
[2026-05-18T16:33:36.026+0000][gc,phases   ] GC(6)   Other: 0.35ms
[2026-05-18T16:33:36.027+0000][gc,heap     ] GC(6) Eden regions: 54->0(44)
[2026-05-18T16:33:36.027+0000][gc,heap     ] GC(6) Survivor regions: 2->7(7)
[2026-05-18T16:33:36.027+0000][gc,heap     ] GC(6) Old regions: 15->16
[2026-05-18T16:33:36.027+0000][gc,heap     ] GC(6) Humongous regions: 9->9
[2026-05-18T16:33:36.027+0000][gc,metaspace] GC(6) Metaspace: 44317K(45312K)->44317K(45312K) NonClass: 39089K(39680K)->39089K(39680K) Class: 5228K(5632K)->5228K(5632K)
[2026-05-18T16:33:36.027+0000][gc          ] GC(6) Pause Young (Normal) (G1 Evacuation Pause) 78M->31M(1024M) 97.820ms
[2026-05-18T16:33:36.028+0000][gc,cpu      ] GC(6) User=0.02s Sys=0.01s Real=0.10s
[2026-05-18T16:33:48.679+0000][gc,start    ] GC(7) Pause Young (Normal) (G1 Evacuation Pause)
[2026-05-18T16:33:48.681+0000][gc,task     ] GC(7) Using 2 workers of 2 for evacuation
[2026-05-18T16:33:48.800+0000][gc,phases   ] GC(7)   Pre Evacuate Collection Set: 8.16ms
[2026-05-18T16:33:48.800+0000][gc,phases   ] GC(7)   Merge Heap Roots: 0.11ms
[2026-05-18T16:33:48.800+0000][gc,phases   ] GC(7)   Evacuate Collection Set: 108.04ms
[2026-05-18T16:33:48.800+0000][gc,phases   ] GC(7)   Post Evacuate Collection Set: 2.53ms
[2026-05-18T16:33:48.800+0000][gc,phases   ] GC(7)   Other: 0.12ms
[2026-05-18T16:33:48.800+0000][gc,heap     ] GC(7) Eden regions: 44->0(57)
[2026-05-18T16:33:48.800+0000][gc,heap     ] GC(7) Survivor regions: 7->4(7)
[2026-05-18T16:33:48.800+0000][gc,heap     ] GC(7) Old regions: 16->24
[2026-05-18T16:33:48.800+0000][gc,heap     ] GC(7) Humongous regions: 144->138
[2026-05-18T16:33:48.800+0000][gc,metaspace] GC(7) Metaspace: 48934K(50176K)->48934K(50176K) NonClass: 43042K(43712K)->43042K(43712K) Class: 5891K(6464K)->5891K(6464K)
[2026-05-18T16:33:48.800+0000][gc          ] GC(7) Pause Young (Normal) (G1 Evacuation Pause) 210M->164M(1024M) 121.252ms
[2026-05-18T16:33:48.800+0000][gc,cpu      ] GC(7) User=0.10s Sys=0.01s Real=0.13s
[2026-05-18T16:34:13.703+0000][gc,start    ] GC(8) Pause Young (Normal) (G1 Evacuation Pause)
[2026-05-18T16:34:13.704+0000][gc,task     ] GC(8) Using 2 workers of 2 for evacuation
[2026-05-18T16:34:13.747+0000][gc,phases   ] GC(8)   Pre Evacuate Collection Set: 0.87ms
[2026-05-18T16:34:13.747+0000][gc,phases   ] GC(8)   Merge Heap Roots: 0.13ms
[2026-05-18T16:34:13.747+0000][gc,phases   ] GC(8)   Evacuate Collection Set: 38.82ms
[2026-05-18T16:34:13.747+0000][gc,phases   ] GC(8)   Post Evacuate Collection Set: 3.15ms
[2026-05-18T16:34:13.747+0000][gc,phases   ] GC(8)   Other: 0.18ms
[2026-05-18T16:34:13.747+0000][gc,heap     ] GC(8) Eden regions: 52->0(60)
[2026-05-18T16:34:13.747+0000][gc,heap     ] GC(8) Survivor regions: 4->7(7)
[2026-05-18T16:34:13.747+0000][gc,heap     ] GC(8) Old regions: 24->24
[2026-05-18T16:34:13.747+0000][gc,heap     ] GC(8) Humongous regions: 139->139
[2026-05-18T16:34:13.747+0000][gc,metaspace] GC(8) Metaspace: 50766K(52096K)->50766K(52096K) NonClass: 44640K(45376K)->44640K(45376K) Class: 6126K(6720K)->6126K(6720K)
[2026-05-18T16:34:13.747+0000][gc          ] GC(8) Pause Young (Normal) (G1 Evacuation Pause) 217M->168M(1024M) 43.562ms
[2026-05-18T16:34:13.747+0000][gc,cpu      ] GC(8) User=0.03s Sys=0.00s Real=0.04s
[2026-05-18T16:34:18.443+0000][gc,start    ] GC(9) Pause Young (Normal) (G1 Evacuation Pause)
[2026-05-18T16:34:18.443+0000][gc,task     ] GC(9) Using 2 workers of 2 for evacuation
[2026-05-18T16:34:18.487+0000][gc,phases   ] GC(9)   Pre Evacuate Collection Set: 0.40ms
[2026-05-18T16:34:18.487+0000][gc,phases   ] GC(9)   Merge Heap Roots: 0.12ms
[2026-05-18T16:34:18.487+0000][gc,phases   ] GC(9)   Evacuate Collection Set: 41.35ms
[2026-05-18T16:34:18.487+0000][gc,phases   ] GC(9)   Post Evacuate Collection Set: 1.69ms
[2026-05-18T16:34:18.487+0000][gc,phases   ] GC(9)   Other: 0.13ms
[2026-05-18T16:34:18.487+0000][gc,heap     ] GC(9) Eden regions: 59->0(102)
[2026-05-18T16:34:18.487+0000][gc,heap     ] GC(9) Survivor regions: 7->7(9)
[2026-05-18T16:34:18.487+0000][gc,heap     ] GC(9) Old regions: 24->27
[2026-05-18T16:34:18.487+0000][gc,heap     ] GC(9) Humongous regions: 139->139
[2026-05-18T16:34:18.487+0000][gc,metaspace] GC(9) Metaspace: 51179K(52480K)->51179K(52480K) NonClass: 45053K(45760K)->45053K(45760K) Class: 6126K(6720K)->6126K(6720K)
[2026-05-18T16:34:18.487+0000][gc          ] GC(9) Pause Young (Normal) (G1 Evacuation Pause) 227M->172M(1024M) 44.026ms
[2026-05-18T16:34:18.487+0000][gc,cpu      ] GC(9) User=0.04s Sys=0.00s Real=0.04s
[2026-05-18T16:34:26.275+0000][gc,start    ] GC(10) Pause Young (Normal) (G1 Evacuation Pause)
[2026-05-18T16:34:26.292+0000][gc,task     ] GC(10) Using 2 workers of 2 for evacuation
[2026-05-18T16:34:26.371+0000][gc,phases   ] GC(10)   Pre Evacuate Collection Set: 1.19ms
[2026-05-18T16:34:26.371+0000][gc,phases   ] GC(10)   Merge Heap Roots: 0.14ms
[2026-05-18T16:34:26.371+0000][gc,phases   ] GC(10)   Evacuate Collection Set: 70.84ms
[2026-05-18T16:34:26.371+0000][gc,phases   ] GC(10)   Post Evacuate Collection Set: 6.44ms
[2026-05-18T16:34:26.371+0000][gc,phases   ] GC(10)   Other: 0.15ms
[2026-05-18T16:34:26.372+0000][gc,heap     ] GC(10) Eden regions: 103->0(108)
[2026-05-18T16:34:26.372+0000][gc,heap     ] GC(10) Survivor regions: 7->13(14)
[2026-05-18T16:34:26.372+0000][gc,heap     ] GC(10) Old regions: 27->27
[2026-05-18T16:34:26.372+0000][gc,heap     ] GC(10) Humongous regions: 139->139
[2026-05-18T16:34:26.372+0000][gc,metaspace] GC(10) Metaspace: 51529K(52800K)->51529K(52800K) NonClass: 45381K(46080K)->45381K(46080K) Class: 6147K(6720K)->6147K(6720K)
[2026-05-18T16:34:26.372+0000][gc          ] GC(10) Pause Young (Normal) (G1 Evacuation Pause) 275M->178M(1024M) 96.278ms
[2026-05-18T16:34:26.372+0000][gc,cpu      ] GC(10) User=0.10s Sys=0.01s Real=0.10s
[2026-05-18T16:34:33.892+0000][gc,start    ] GC(11) Pause Young (Normal) (G1 Evacuation Pause)
[2026-05-18T16:34:33.892+0000][gc,task     ] GC(11) Using 2 workers of 2 for evacuation
[2026-05-18T16:34:33.934+0000][gc,phases   ] GC(11)   Pre Evacuate Collection Set: 0.52ms
[2026-05-18T16:34:33.934+0000][gc,phases   ] GC(11)   Merge Heap Roots: 0.13ms
[2026-05-18T16:34:33.934+0000][gc,phases   ] GC(11)   Evacuate Collection Set: 39.43ms
[2026-05-18T16:34:33.934+0000][gc,phases   ] GC(11)   Post Evacuate Collection Set: 1.15ms
[2026-05-18T16:34:33.934+0000][gc,phases   ] GC(11)   Other: 0.12ms
[2026-05-18T16:34:33.934+0000][gc,heap     ] GC(11) Eden regions: 110->0(231)
[2026-05-18T16:34:33.934+0000][gc,heap     ] GC(11) Survivor regions: 13->7(16)
[2026-05-18T16:34:33.934+0000][gc,heap     ] GC(11) Old regions: 27->29
[2026-05-18T16:34:33.934+0000][gc,heap     ] GC(11) Humongous regions: 139->139
[2026-05-18T16:34:33.934+0000][gc,metaspace] GC(11) Metaspace: 51673K(52928K)->51673K(52928K) NonClass: 45524K(46208K)->45524K(46208K) Class: 6149K(6720K)->6149K(6720K)
[2026-05-18T16:34:33.934+0000][gc          ] GC(11) Pause Young (Normal) (G1 Evacuation Pause) 288M->174M(1024M) 41.705ms
[2026-05-18T16:34:33.934+0000][gc,cpu      ] GC(11) User=0.03s Sys=0.01s Real=0.04s
[2026-05-18T16:34:43.186+0000][gc,start    ] GC(12) Pause Young (Normal) (G1 Evacuation Pause)
[2026-05-18T16:34:43.187+0000][gc,task     ] GC(12) Using 2 workers of 2 for evacuation
[2026-05-18T16:34:43.237+0000][gc,phases   ] GC(12)   Pre Evacuate Collection Set: 0.89ms
[2026-05-18T16:34:43.237+0000][gc,phases   ] GC(12)   Merge Heap Roots: 0.16ms
[2026-05-18T16:34:43.237+0000][gc,phases   ] GC(12)   Evacuate Collection Set: 47.49ms
[2026-05-18T16:34:43.237+0000][gc,phases   ] GC(12)   Post Evacuate Collection Set: 1.17ms
[2026-05-18T16:34:43.237+0000][gc,phases   ] GC(12)   Other: 0.28ms
[2026-05-18T16:34:43.237+0000][gc,heap     ] GC(12) Eden regions: 215->0(388)
[2026-05-18T16:34:43.238+0000][gc,heap     ] GC(12) Survivor regions: 7->9(28)
[2026-05-18T16:34:43.238+0000][gc,heap     ] GC(12) Old regions: 29->29
[2026-05-18T16:34:43.238+0000][gc,heap     ] GC(12) Humongous regions: 139->139
[2026-05-18T16:34:43.238+0000][gc,metaspace] GC(12) Metaspace: 51840K(53056K)->51840K(53056K) NonClass: 45691K(46336K)->45691K(46336K) Class: 6149K(6720K)->6149K(6720K)
[2026-05-18T16:34:43.238+0000][gc          ] GC(12) Pause Young (Normal) (G1 Evacuation Pause) 389M->176M(1024M) 51.987ms
[2026-05-18T16:34:43.239+0000][gc,cpu      ] GC(12) User=0.04s Sys=0.00s Real=0.05s
[2026-05-18T16:35:02.105+0000][gc,start    ] GC(13) Pause Young (Normal) (G1 Evacuation Pause)
[2026-05-18T16:35:02.105+0000][gc,task     ] GC(13) Using 2 workers of 2 for evacuation
[2026-05-18T16:35:02.208+0000][gc,phases   ] GC(13)   Pre Evacuate Collection Set: 12.42ms
[2026-05-18T16:35:02.208+0000][gc,phases   ] GC(13)   Merge Heap Roots: 0.55ms
[2026-05-18T16:35:02.208+0000][gc,phases   ] GC(13)   Evacuate Collection Set: 85.08ms
[2026-05-18T16:35:02.208+0000][gc,phases   ] GC(13)   Post Evacuate Collection Set: 3.37ms
[2026-05-18T16:35:02.209+0000][gc,phases   ] GC(13)   Other: 1.01ms
[2026-05-18T16:35:02.209+0000][gc,heap     ] GC(13) Eden regions: 390->0(511)
[2026-05-18T16:35:02.209+0000][gc,heap     ] GC(13) Survivor regions: 9->8(50)
[2026-05-18T16:35:02.209+0000][gc,heap     ] GC(13) Old regions: 29->29
[2026-05-18T16:35:02.209+0000][gc,heap     ] GC(13) Humongous regions: 139->139
[2026-05-18T16:35:02.210+0000][gc,metaspace] GC(13) Metaspace: 51942K(53248K)->51942K(53248K) NonClass: 45787K(46528K)->45787K(46528K) Class: 6154K(6720K)->6154K(6720K)
[2026-05-18T16:35:02.210+0000][gc          ] GC(13) Pause Young (Normal) (G1 Evacuation Pause) 566M->175M(1024M) 105.266ms
[2026-05-18T16:35:02.210+0000][gc,cpu      ] GC(13) User=0.06s Sys=0.02s Real=0.10s
[2026-05-18T16:44:20.739+0000][gc,start    ] GC(14) Pause Young (Normal) (G1 Evacuation Pause)
[2026-05-18T16:44:20.740+0000][gc,task     ] GC(14) Using 2 workers of 2 for evacuation
[2026-05-18T16:44:20.788+0000][gc,phases   ] GC(14)   Pre Evacuate Collection Set: 2.88ms
[2026-05-18T16:44:20.788+0000][gc,phases   ] GC(14)   Merge Heap Roots: 0.33ms
[2026-05-18T16:44:20.788+0000][gc,phases   ] GC(14)   Evacuate Collection Set: 42.76ms
[2026-05-18T16:44:20.789+0000][gc,phases   ] GC(14)   Post Evacuate Collection Set: 1.64ms
[2026-05-18T16:44:20.789+0000][gc,phases   ] GC(14)   Other: 0.79ms
[2026-05-18T16:44:20.789+0000][gc,heap     ] GC(14) Eden regions: 508->0(601)
[2026-05-18T16:44:20.789+0000][gc,heap     ] GC(14) Survivor regions: 8->13(65)
[2026-05-18T16:44:20.790+0000][gc,heap     ] GC(14) Old regions: 29->29
[2026-05-18T16:44:20.790+0000][gc,heap     ] GC(14) Humongous regions: 139->139
[2026-05-18T16:44:20.790+0000][gc,metaspace] GC(14) Metaspace: 52948K(54208K)->52948K(54208K) NonClass: 46713K(47424K)->46713K(47424K) Class: 6235K(6784K)->6235K(6784K)
[2026-05-18T16:44:20.790+0000][gc          ] GC(14) Pause Young (Normal) (G1 Evacuation Pause) 683M->180M(1024M) 50.995ms
[2026-05-18T16:44:20.790+0000][gc,cpu      ] GC(14) User=0.06s Sys=0.02s Real=0.06s
[2026-05-18T16:51:39.931+0000][gc,heap,exit] Heap
[2026-05-18T16:51:39.932+0000][gc,heap,exit]  garbage-first heap   total 1048576K, used 386855K [0x00000000c0000000, 0x0000000100000000)
[2026-05-18T16:51:39.932+0000][gc,heap,exit]   region size 1024K, 205 young (209920K), 13 survivors (13312K)
[2026-05-18T16:51:39.932+0000][gc,heap,exit]  Metaspace       used 53991K, committed 55360K, reserved 1114112K
[2026-05-18T16:51:39.932+0000][gc,heap,exit]   class space    used 6454K, committed 7040K, reserved 1048576K
