[2026-05-13T03:56:35.648+0000][gc,init] CardTable entry size: 512
[2026-05-13T03:56:35.648+0000][gc     ] Using G1
[2026-05-13T03:56:35.666+0000][gc,init] Version: 21.0.10+7-LTS (release)
[2026-05-13T03:56:35.666+0000][gc,init] CPUs: 2 total, 2 available
[2026-05-13T03:56:35.666+0000][gc,init] Memory: 3732M
[2026-05-13T03:56:35.666+0000][gc,init] Large Page Support: Disabled
[2026-05-13T03:56:35.666+0000][gc,init] NUMA Support: Disabled
[2026-05-13T03:56:35.666+0000][gc,init] Compressed Oops: Enabled (32-bit)
[2026-05-13T03:56:35.666+0000][gc,init] Heap Region Size: 1M
[2026-05-13T03:56:35.666+0000][gc,init] Heap Min Capacity: 1G
[2026-05-13T03:56:35.666+0000][gc,init] Heap Initial Capacity: 1G
[2026-05-13T03:56:35.666+0000][gc,init] Heap Max Capacity: 1G
[2026-05-13T03:56:35.666+0000][gc,init] Pre-touch: Disabled
[2026-05-13T03:56:35.666+0000][gc,init] Parallel Workers: 2
[2026-05-13T03:56:35.666+0000][gc,init] Concurrent Workers: 1
[2026-05-13T03:56:35.666+0000][gc,init] Concurrent Refinement Workers: 2
[2026-05-13T03:56:35.666+0000][gc,init] Periodic GC: Disabled
[2026-05-13T03:56:35.885+0000][gc,metaspace] CDS archive(s) mapped at: [0x00007f02c4000000-0x00007f02c4bad000-0x00007f02c4bad000), size 12242944, SharedBaseAddress: 0x00007f02c4000000, ArchiveRelocationMode: 1.
[2026-05-13T03:56:35.885+0000][gc,metaspace] Compressed class space mapped at: 0x00007f02c8000000-0x00007f0308000000, reserved size: 1073741824
[2026-05-13T03:56:35.885+0000][gc,metaspace] Narrow klass base: 0x00007f02c4000000, Narrow klass shift: 0, Narrow klass range: 0x100000000
[2026-05-13T03:56:40.927+0000][gc,start    ] GC(0) Pause Young (Normal) (G1 Evacuation Pause)
[2026-05-13T03:56:40.928+0000][gc,task     ] GC(0) Using 2 workers of 2 for evacuation
[2026-05-13T03:56:40.961+0000][gc,phases   ] GC(0)   Pre Evacuate Collection Set: 0.39ms
[2026-05-13T03:56:40.961+0000][gc,phases   ] GC(0)   Merge Heap Roots: 0.10ms
[2026-05-13T03:56:40.961+0000][gc,phases   ] GC(0)   Evacuate Collection Set: 29.03ms
[2026-05-13T03:56:40.961+0000][gc,phases   ] GC(0)   Post Evacuate Collection Set: 2.45ms
[2026-05-13T03:56:40.961+0000][gc,phases   ] GC(0)   Other: 1.33ms
[2026-05-13T03:56:40.961+0000][gc,heap     ] GC(0) Eden regions: 51->0(44)
[2026-05-13T03:56:40.961+0000][gc,heap     ] GC(0) Survivor regions: 0->7(7)
[2026-05-13T03:56:40.961+0000][gc,heap     ] GC(0) Old regions: 1->3
[2026-05-13T03:56:40.961+0000][gc,heap     ] GC(0) Humongous regions: 0->0
[2026-05-13T03:56:40.961+0000][gc,metaspace] GC(0) Metaspace: 15222K(15488K)->15222K(15488K) NonClass: 13488K(13632K)->13488K(13632K) Class: 1733K(1856K)->1733K(1856K)
[2026-05-13T03:56:40.961+0000][gc          ] GC(0) Pause Young (Normal) (G1 Evacuation Pause) 51M->9M(1024M) 33.770ms
[2026-05-13T03:56:40.961+0000][gc,cpu      ] GC(0) User=0.02s Sys=0.00s Real=0.04s
[2026-05-13T03:56:42.295+0000][gc,start    ] GC(1) Pause Young (Concurrent Start) (Metadata GC Threshold)
[2026-05-13T03:56:42.295+0000][gc,task     ] GC(1) Using 2 workers of 2 for evacuation
[2026-05-13T03:56:42.325+0000][gc,phases   ] GC(1)   Pre Evacuate Collection Set: 1.06ms
[2026-05-13T03:56:42.325+0000][gc,phases   ] GC(1)   Merge Heap Roots: 0.05ms
[2026-05-13T03:56:42.326+0000][gc,phases   ] GC(1)   Evacuate Collection Set: 22.41ms
[2026-05-13T03:56:42.326+0000][gc,phases   ] GC(1)   Post Evacuate Collection Set: 7.00ms
[2026-05-13T03:56:42.326+0000][gc,phases   ] GC(1)   Other: 0.14ms
[2026-05-13T03:56:42.326+0000][gc,heap     ] GC(1) Eden regions: 18->0(49)
[2026-05-13T03:56:42.326+0000][gc,heap     ] GC(1) Survivor regions: 7->2(7)
[2026-05-13T03:56:42.326+0000][gc,heap     ] GC(1) Old regions: 3->9
[2026-05-13T03:56:42.326+0000][gc,heap     ] GC(1) Humongous regions: 0->0
[2026-05-13T03:56:42.326+0000][gc,metaspace] GC(1) Metaspace: 21253K(21504K)->21253K(21504K) NonClass: 18649K(18752K)->18649K(18752K) Class: 2603K(2752K)->2603K(2752K)
[2026-05-13T03:56:42.326+0000][gc          ] GC(1) Pause Young (Concurrent Start) (Metadata GC Threshold) 26M->10M(1024M) 31.235ms
[2026-05-13T03:56:42.326+0000][gc,cpu      ] GC(1) User=0.01s Sys=0.01s Real=0.03s
[2026-05-13T03:56:42.328+0000][gc          ] GC(2) Concurrent Mark Cycle
[2026-05-13T03:56:42.328+0000][gc,marking  ] GC(2) Concurrent Scan Root Regions
[2026-05-13T03:56:42.367+0000][gc,marking  ] GC(2) Concurrent Scan Root Regions 38.888ms
[2026-05-13T03:56:42.367+0000][gc,marking  ] GC(2) Concurrent Mark
[2026-05-13T03:56:42.367+0000][gc,marking  ] GC(2) Concurrent Mark From Roots
[2026-05-13T03:56:42.367+0000][gc,task     ] GC(2) Using 1 workers of 1 for marking
[2026-05-13T03:56:42.397+0000][gc,marking  ] GC(2) Concurrent Mark From Roots 29.316ms
[2026-05-13T03:56:42.397+0000][gc,marking  ] GC(2) Concurrent Preclean
[2026-05-13T03:56:42.397+0000][gc,marking  ] GC(2) Concurrent Preclean 0.015ms
[2026-05-13T03:56:42.469+0000][gc,start    ] GC(2) Pause Remark
[2026-05-13T03:56:42.478+0000][gc          ] GC(2) Pause Remark 10M->10M(1024M) 9.511ms
[2026-05-13T03:56:42.478+0000][gc,cpu      ] GC(2) User=0.01s Sys=0.00s Real=0.01s
[2026-05-13T03:56:42.487+0000][gc,marking  ] GC(2) Concurrent Mark 120.045ms
[2026-05-13T03:56:42.487+0000][gc,marking  ] GC(2) Concurrent Rebuild Remembered Sets and Scrub Regions
[2026-05-13T03:56:42.492+0000][gc,marking  ] GC(2) Concurrent Rebuild Remembered Sets and Scrub Regions 4.859ms
[2026-05-13T03:56:42.492+0000][gc,start    ] GC(2) Pause Cleanup
[2026-05-13T03:56:42.492+0000][gc          ] GC(2) Pause Cleanup 10M->10M(1024M) 0.041ms
[2026-05-13T03:56:42.492+0000][gc,cpu      ] GC(2) User=0.00s Sys=0.00s Real=0.00s
[2026-05-13T03:56:42.494+0000][gc,marking  ] GC(2) Concurrent Clear Claimed Marks
[2026-05-13T03:56:42.494+0000][gc,marking  ] GC(2) Concurrent Clear Claimed Marks 0.068ms
[2026-05-13T03:56:42.494+0000][gc,marking  ] GC(2) Concurrent Cleanup for Next Mark
[2026-05-13T03:56:42.711+0000][gc,marking  ] GC(2) Concurrent Cleanup for Next Mark 216.371ms
[2026-05-13T03:56:42.711+0000][gc          ] GC(2) Concurrent Mark Cycle 382.638ms
[2026-05-13T03:56:47.018+0000][gc,start    ] GC(3) Pause Young (Normal) (G1 Evacuation Pause)
[2026-05-13T03:56:47.018+0000][gc,task     ] GC(3) Using 2 workers of 2 for evacuation
[2026-05-13T03:56:47.073+0000][gc,phases   ] GC(3)   Pre Evacuate Collection Set: 0.34ms
[2026-05-13T03:56:47.073+0000][gc,phases   ] GC(3)   Merge Heap Roots: 0.06ms
[2026-05-13T03:56:47.073+0000][gc,phases   ] GC(3)   Evacuate Collection Set: 52.11ms
[2026-05-13T03:56:47.073+0000][gc,phases   ] GC(3)   Post Evacuate Collection Set: 1.75ms
[2026-05-13T03:56:47.073+0000][gc,phases   ] GC(3)   Other: 0.25ms
[2026-05-13T03:56:47.073+0000][gc,heap     ] GC(3) Eden regions: 49->0(45)
[2026-05-13T03:56:47.073+0000][gc,heap     ] GC(3) Survivor regions: 2->6(7)
[2026-05-13T03:56:47.073+0000][gc,heap     ] GC(3) Old regions: 9->9
[2026-05-13T03:56:47.073+0000][gc,heap     ] GC(3) Humongous regions: 0->0
[2026-05-13T03:56:47.073+0000][gc,metaspace] GC(3) Metaspace: 32533K(32960K)->32533K(32960K) NonClass: 28753K(28992K)->28753K(28992K) Class: 3780K(3968K)->3780K(3968K)
[2026-05-13T03:56:47.073+0000][gc          ] GC(3) Pause Young (Normal) (G1 Evacuation Pause) 59M->14M(1024M) 54.757ms
[2026-05-13T03:56:47.073+0000][gc,cpu      ] GC(3) User=0.04s Sys=0.00s Real=0.05s
[2026-05-13T03:56:47.568+0000][gc,start    ] GC(4) Pause Young (Concurrent Start) (Metadata GC Threshold)
[2026-05-13T03:56:47.568+0000][gc,task     ] GC(4) Using 2 workers of 2 for evacuation
[2026-05-13T03:56:47.580+0000][gc,phases   ] GC(4)   Pre Evacuate Collection Set: 0.25ms
[2026-05-13T03:56:47.580+0000][gc,phases   ] GC(4)   Merge Heap Roots: 0.09ms
[2026-05-13T03:56:47.580+0000][gc,phases   ] GC(4)   Evacuate Collection Set: 11.08ms
[2026-05-13T03:56:47.580+0000][gc,phases   ] GC(4)   Post Evacuate Collection Set: 0.81ms
[2026-05-13T03:56:47.580+0000][gc,phases   ] GC(4)   Other: 0.22ms
[2026-05-13T03:56:47.581+0000][gc,heap     ] GC(4) Eden regions: 13->0(77)
[2026-05-13T03:56:47.581+0000][gc,heap     ] GC(4) Survivor regions: 6->1(7)
[2026-05-13T03:56:47.581+0000][gc,heap     ] GC(4) Old regions: 9->15
[2026-05-13T03:56:47.581+0000][gc,heap     ] GC(4) Humongous regions: 0->0
[2026-05-13T03:56:47.581+0000][gc,metaspace] GC(4) Metaspace: 35736K(36160K)->35736K(36160K) NonClass: 31562K(31808K)->31562K(31808K) Class: 4174K(4352K)->4174K(4352K)
[2026-05-13T03:56:47.581+0000][gc          ] GC(4) Pause Young (Concurrent Start) (Metadata GC Threshold) 26M->15M(1024M) 12.720ms
[2026-05-13T03:56:47.581+0000][gc          ] GC(5) Concurrent Mark Cycle
[2026-05-13T03:56:47.581+0000][gc,marking  ] GC(5) Concurrent Scan Root Regions
[2026-05-13T03:56:47.582+0000][gc,cpu      ] GC(4) User=0.02s Sys=0.00s Real=0.02s
[2026-05-13T03:56:47.602+0000][gc,marking  ] GC(5) Concurrent Scan Root Regions 21.779ms
[2026-05-13T03:56:47.602+0000][gc,marking  ] GC(5) Concurrent Mark
[2026-05-13T03:56:47.603+0000][gc,marking  ] GC(5) Concurrent Mark From Roots
[2026-05-13T03:56:47.603+0000][gc,task     ] GC(5) Using 1 workers of 1 for marking
[2026-05-13T03:56:47.681+0000][gc,marking  ] GC(5) Concurrent Mark From Roots 78.633ms
[2026-05-13T03:56:47.681+0000][gc,marking  ] GC(5) Concurrent Preclean
[2026-05-13T03:56:47.681+0000][gc,marking  ] GC(5) Concurrent Preclean 0.082ms
[2026-05-13T03:56:47.682+0000][gc,start    ] GC(5) Pause Remark
[2026-05-13T03:56:47.688+0000][gc          ] GC(5) Pause Remark 17M->17M(1024M) 6.714ms
[2026-05-13T03:56:47.688+0000][gc,cpu      ] GC(5) User=0.00s Sys=0.00s Real=0.01s
[2026-05-13T03:56:47.689+0000][gc,marking  ] GC(5) Concurrent Mark 86.874ms
[2026-05-13T03:56:47.689+0000][gc,marking  ] GC(5) Concurrent Rebuild Remembered Sets and Scrub Regions
[2026-05-13T03:56:47.718+0000][gc,marking  ] GC(5) Concurrent Rebuild Remembered Sets and Scrub Regions 28.166ms
[2026-05-13T03:56:47.718+0000][gc,start    ] GC(5) Pause Cleanup
[2026-05-13T03:56:47.718+0000][gc          ] GC(5) Pause Cleanup 18M->18M(1024M) 0.222ms
[2026-05-13T03:56:47.718+0000][gc,cpu      ] GC(5) User=0.00s Sys=0.00s Real=0.00s
[2026-05-13T03:56:47.719+0000][gc,marking  ] GC(5) Concurrent Clear Claimed Marks
[2026-05-13T03:56:47.719+0000][gc,marking  ] GC(5) Concurrent Clear Claimed Marks 0.075ms
[2026-05-13T03:56:47.719+0000][gc,marking  ] GC(5) Concurrent Cleanup for Next Mark
[2026-05-13T03:56:47.726+0000][gc,marking  ] GC(5) Concurrent Cleanup for Next Mark 6.974ms
[2026-05-13T03:56:47.726+0000][gc          ] GC(5) Concurrent Mark Cycle 145.424ms
[2026-05-13T03:56:49.920+0000][gc,start    ] GC(6) Pause Young (Prepare Mixed) (G1 Evacuation Pause)
[2026-05-13T03:56:49.920+0000][gc,task     ] GC(6) Using 2 workers of 2 for evacuation
[2026-05-13T03:56:49.956+0000][gc,phases   ] GC(6)   Pre Evacuate Collection Set: 0.38ms
[2026-05-13T03:56:49.956+0000][gc,phases   ] GC(6)   Merge Heap Roots: 0.13ms
[2026-05-13T03:56:49.956+0000][gc,phases   ] GC(6)   Evacuate Collection Set: 33.81ms
[2026-05-13T03:56:49.956+0000][gc,phases   ] GC(6)   Post Evacuate Collection Set: 1.50ms
[2026-05-13T03:56:49.956+0000][gc,phases   ] GC(6)   Other: 0.17ms
[2026-05-13T03:56:49.956+0000][gc,heap     ] GC(6) Eden regions: 65->0(42)
[2026-05-13T03:56:49.956+0000][gc,heap     ] GC(6) Survivor regions: 1->9(9)
[2026-05-13T03:56:49.956+0000][gc,heap     ] GC(6) Old regions: 15->15
[2026-05-13T03:56:49.956+0000][gc,heap     ] GC(6) Humongous regions: 0->0
[2026-05-13T03:56:49.956+0000][gc,metaspace] GC(6) Metaspace: 43760K(44672K)->43760K(44672K) NonClass: 38652K(39168K)->38652K(39168K) Class: 5107K(5504K)->5107K(5504K)
[2026-05-13T03:56:49.956+0000][gc          ] GC(6) Pause Young (Prepare Mixed) (G1 Evacuation Pause) 80M->23M(1024M) 36.249ms
[2026-05-13T03:56:49.956+0000][gc,cpu      ] GC(6) User=0.05s Sys=0.02s Real=0.03s
[2026-05-13T03:57:37.212+0000][gc,start    ] GC(7) Pause Young (Mixed) (G1 Evacuation Pause)
[2026-05-13T03:57:37.212+0000][gc,task     ] GC(7) Using 2 workers of 2 for evacuation
[2026-05-13T03:57:37.235+0000][gc,phases   ] GC(7)   Pre Evacuate Collection Set: 0.38ms
[2026-05-13T03:57:37.235+0000][gc,phases   ] GC(7)   Merge Heap Roots: 0.14ms
[2026-05-13T03:57:37.235+0000][gc,phases   ] GC(7)   Evacuate Collection Set: 20.65ms
[2026-05-13T03:57:37.235+0000][gc,phases   ] GC(7)   Post Evacuate Collection Set: 1.64ms
[2026-05-13T03:57:37.235+0000][gc,phases   ] GC(7)   Other: 0.11ms
[2026-05-13T03:57:37.235+0000][gc,heap     ] GC(7) Eden regions: 42->0(91)
[2026-05-13T03:57:37.235+0000][gc,heap     ] GC(7) Survivor regions: 9->3(7)
[2026-05-13T03:57:37.235+0000][gc,heap     ] GC(7) Old regions: 15->24
[2026-05-13T03:57:37.235+0000][gc,heap     ] GC(7) Humongous regions: 129->129
[2026-05-13T03:57:37.235+0000][gc,metaspace] GC(7) Metaspace: 47179K(48192K)->47179K(48192K) NonClass: 41617K(42176K)->41617K(42176K) Class: 5562K(6016K)->5562K(6016K)
[2026-05-13T03:57:37.235+0000][gc          ] GC(7) Pause Young (Mixed) (G1 Evacuation Pause) 194M->154M(1024M) 23.465ms
[2026-05-13T03:57:37.235+0000][gc,cpu      ] GC(7) User=0.03s Sys=0.00s Real=0.02s
[2026-05-13T04:00:03.889+0000][gc,start    ] GC(8) Pause Young (Normal) (G1 Evacuation Pause)
[2026-05-13T04:00:03.889+0000][gc,task     ] GC(8) Using 2 workers of 2 for evacuation
[2026-05-13T04:00:03.908+0000][gc,phases   ] GC(8)   Pre Evacuate Collection Set: 3.33ms
[2026-05-13T04:00:03.908+0000][gc,phases   ] GC(8)   Merge Heap Roots: 0.31ms
[2026-05-13T04:00:03.908+0000][gc,phases   ] GC(8)   Evacuate Collection Set: 13.92ms
[2026-05-13T04:00:03.908+0000][gc,phases   ] GC(8)   Post Evacuate Collection Set: 1.19ms
[2026-05-13T04:00:03.908+0000][gc,phases   ] GC(8)   Other: 0.20ms
[2026-05-13T04:00:03.908+0000][gc,heap     ] GC(8) Eden regions: 82->0(341)
[2026-05-13T04:00:03.908+0000][gc,heap     ] GC(8) Survivor regions: 3->5(11)
[2026-05-13T04:00:03.908+0000][gc,heap     ] GC(8) Old regions: 24->24
[2026-05-13T04:00:03.908+0000][gc,heap     ] GC(8) Humongous regions: 136->130
[2026-05-13T04:00:03.908+0000][gc,metaspace] GC(8) Metaspace: 50825K(52032K)->50825K(52032K) NonClass: 44816K(45504K)->44816K(45504K) Class: 6009K(6528K)->6009K(6528K)
[2026-05-13T04:00:03.908+0000][gc          ] GC(8) Pause Young (Normal) (G1 Evacuation Pause) 243M->157M(1024M) 19.215ms
[2026-05-13T04:00:03.908+0000][gc,cpu      ] GC(8) User=0.02s Sys=0.00s Real=0.02s
[2026-05-13T04:03:41.205+0000][gc,start    ] GC(9) Pause Young (Normal) (G1 Evacuation Pause)
[2026-05-13T04:03:41.227+0000][gc,task     ] GC(9) Using 2 workers of 2 for evacuation
[2026-05-13T04:03:41.261+0000][gc,phases   ] GC(9)   Pre Evacuate Collection Set: 4.57ms
[2026-05-13T04:03:41.261+0000][gc,phases   ] GC(9)   Merge Heap Roots: 0.23ms
[2026-05-13T04:03:41.261+0000][gc,phases   ] GC(9)   Evacuate Collection Set: 25.49ms
[2026-05-13T04:03:41.261+0000][gc,phases   ] GC(9)   Post Evacuate Collection Set: 2.53ms
[2026-05-13T04:03:41.261+0000][gc,phases   ] GC(9)   Other: 0.38ms
[2026-05-13T04:03:41.261+0000][gc,heap     ] GC(9) Eden regions: 320->0(411)
[2026-05-13T04:03:41.261+0000][gc,heap     ] GC(9) Survivor regions: 5->9(41)
[2026-05-13T04:03:41.261+0000][gc,heap     ] GC(9) Old regions: 24->24
[2026-05-13T04:03:41.261+0000][gc,heap     ] GC(9) Humongous regions: 130->130
[2026-05-13T04:03:41.261+0000][gc,metaspace] GC(9) Metaspace: 51805K(52992K)->51805K(52992K) NonClass: 45783K(46464K)->45783K(46464K) Class: 6022K(6528K)->6022K(6528K)
[2026-05-13T04:03:41.261+0000][gc          ] GC(9) Pause Young (Normal) (G1 Evacuation Pause) 477M->161M(1024M) 55.437ms
[2026-05-13T04:03:41.261+0000][gc,cpu      ] GC(9) User=0.05s Sys=0.01s Real=0.06s
[2026-05-13T04:03:53.056+0000][gc,heap,exit] Heap
[2026-05-13T04:03:53.056+0000][gc,heap,exit]  garbage-first heap   total 1048576K, used 221756K [0x00000000c0000000, 0x0000000100000000)
[2026-05-13T04:03:53.057+0000][gc,heap,exit]   region size 1024K, 55 young (56320K), 9 survivors (9216K)
[2026-05-13T04:03:53.057+0000][gc,heap,exit]  Metaspace       used 53486K, committed 54784K, reserved 1114112K
[2026-05-13T04:03:53.057+0000][gc,heap,exit]   class space    used 6407K, committed 6976K, reserved 1048576K
