[2026-05-14T00:57:53.920+0000][gc,init] CardTable entry size: 512
[2026-05-14T00:57:53.923+0000][gc     ] Using G1
[2026-05-14T00:57:53.954+0000][gc,init] Version: 21.0.10+7-LTS (release)
[2026-05-14T00:57:53.954+0000][gc,init] CPUs: 2 total, 2 available
[2026-05-14T00:57:53.955+0000][gc,init] Memory: 3732M
[2026-05-14T00:57:53.955+0000][gc,init] Large Page Support: Disabled
[2026-05-14T00:57:53.955+0000][gc,init] NUMA Support: Disabled
[2026-05-14T00:57:53.955+0000][gc,init] Compressed Oops: Enabled (32-bit)
[2026-05-14T00:57:53.955+0000][gc,init] Heap Region Size: 1M
[2026-05-14T00:57:53.955+0000][gc,init] Heap Min Capacity: 1G
[2026-05-14T00:57:53.955+0000][gc,init] Heap Initial Capacity: 1G
[2026-05-14T00:57:53.955+0000][gc,init] Heap Max Capacity: 1G
[2026-05-14T00:57:53.955+0000][gc,init] Pre-touch: Disabled
[2026-05-14T00:57:53.955+0000][gc,init] Parallel Workers: 2
[2026-05-14T00:57:53.955+0000][gc,init] Concurrent Workers: 1
[2026-05-14T00:57:53.955+0000][gc,init] Concurrent Refinement Workers: 2
[2026-05-14T00:57:53.955+0000][gc,init] Periodic GC: Disabled
[2026-05-14T00:57:54.470+0000][gc,metaspace] CDS archive(s) mapped at: [0x00007f52c8000000-0x00007f52c8bad000-0x00007f52c8bad000), size 12242944, SharedBaseAddress: 0x00007f52c8000000, ArchiveRelocationMode: 1.
[2026-05-14T00:57:54.470+0000][gc,metaspace] Compressed class space mapped at: 0x00007f52cc000000-0x00007f530c000000, reserved size: 1073741824
[2026-05-14T00:57:54.470+0000][gc,metaspace] Narrow klass base: 0x00007f52c8000000, Narrow klass shift: 0, Narrow klass range: 0x100000000
[2026-05-14T00:58:02.372+0000][gc,start    ] GC(0) Pause Young (Normal) (G1 Evacuation Pause)
[2026-05-14T00:58:02.372+0000][gc,task     ] GC(0) Using 2 workers of 2 for evacuation
[2026-05-14T00:58:02.415+0000][gc,phases   ] GC(0)   Pre Evacuate Collection Set: 0.34ms
[2026-05-14T00:58:02.415+0000][gc,phases   ] GC(0)   Merge Heap Roots: 0.09ms
[2026-05-14T00:58:02.415+0000][gc,phases   ] GC(0)   Evacuate Collection Set: 35.02ms
[2026-05-14T00:58:02.415+0000][gc,phases   ] GC(0)   Post Evacuate Collection Set: 2.11ms
[2026-05-14T00:58:02.415+0000][gc,phases   ] GC(0)   Other: 4.92ms
[2026-05-14T00:58:02.415+0000][gc,heap     ] GC(0) Eden regions: 51->0(44)
[2026-05-14T00:58:02.416+0000][gc,heap     ] GC(0) Survivor regions: 0->7(7)
[2026-05-14T00:58:02.416+0000][gc,heap     ] GC(0) Old regions: 1->3
[2026-05-14T00:58:02.416+0000][gc,heap     ] GC(0) Humongous regions: 0->0
[2026-05-14T00:58:02.416+0000][gc,metaspace] GC(0) Metaspace: 15377K(15616K)->15377K(15616K) NonClass: 13630K(13760K)->13630K(13760K) Class: 1747K(1856K)->1747K(1856K)
[2026-05-14T00:58:02.417+0000][gc          ] GC(0) Pause Young (Normal) (G1 Evacuation Pause) 51M->9M(1024M) 44.829ms
[2026-05-14T00:58:02.417+0000][gc,cpu      ] GC(0) User=0.03s Sys=0.00s Real=0.05s
[2026-05-14T00:58:03.694+0000][gc,start    ] GC(1) Pause Young (Concurrent Start) (Metadata GC Threshold)
[2026-05-14T00:58:03.694+0000][gc,task     ] GC(1) Using 2 workers of 2 for evacuation
[2026-05-14T00:58:03.812+0000][gc,phases   ] GC(1)   Pre Evacuate Collection Set: 0.36ms
[2026-05-14T00:58:03.813+0000][gc,phases   ] GC(1)   Merge Heap Roots: 0.05ms
[2026-05-14T00:58:03.813+0000][gc,phases   ] GC(1)   Evacuate Collection Set: 108.49ms
[2026-05-14T00:58:03.813+0000][gc,phases   ] GC(1)   Post Evacuate Collection Set: 8.79ms
[2026-05-14T00:58:03.813+0000][gc,phases   ] GC(1)   Other: 0.43ms
[2026-05-14T00:58:03.814+0000][gc,heap     ] GC(1) Eden regions: 17->0(50)
[2026-05-14T00:58:03.814+0000][gc,heap     ] GC(1) Survivor regions: 7->1(7)
[2026-05-14T00:58:03.814+0000][gc,heap     ] GC(1) Old regions: 3->9
[2026-05-14T00:58:03.814+0000][gc,heap     ] GC(1) Humongous regions: 0->0
[2026-05-14T00:58:03.814+0000][gc,metaspace] GC(1) Metaspace: 21225K(21504K)->21225K(21504K) NonClass: 18622K(18752K)->18622K(18752K) Class: 2603K(2752K)->2603K(2752K)
[2026-05-14T00:58:03.815+0000][gc          ] GC(1) Pause Young (Concurrent Start) (Metadata GC Threshold) 26M->9M(1024M) 120.906ms
[2026-05-14T00:58:03.815+0000][gc,cpu      ] GC(1) User=0.03s Sys=0.01s Real=0.12s
[2026-05-14T00:58:03.834+0000][gc          ] GC(2) Concurrent Mark Cycle
[2026-05-14T00:58:03.835+0000][gc,marking  ] GC(2) Concurrent Scan Root Regions
[2026-05-14T00:58:03.887+0000][gc,marking  ] GC(2) Concurrent Scan Root Regions 51.686ms
[2026-05-14T00:58:03.887+0000][gc,marking  ] GC(2) Concurrent Mark
[2026-05-14T00:58:03.887+0000][gc,marking  ] GC(2) Concurrent Mark From Roots
[2026-05-14T00:58:03.887+0000][gc,task     ] GC(2) Using 1 workers of 1 for marking
[2026-05-14T00:58:03.933+0000][gc,marking  ] GC(2) Concurrent Mark From Roots 46.366ms
[2026-05-14T00:58:03.934+0000][gc,marking  ] GC(2) Concurrent Preclean
[2026-05-14T00:58:03.934+0000][gc,marking  ] GC(2) Concurrent Preclean 0.185ms
[2026-05-14T00:58:03.934+0000][gc,start    ] GC(2) Pause Remark
[2026-05-14T00:58:03.961+0000][gc          ] GC(2) Pause Remark 10M->10M(1024M) 26.956ms
[2026-05-14T00:58:03.961+0000][gc,cpu      ] GC(2) User=0.01s Sys=0.00s Real=0.02s
[2026-05-14T00:58:03.963+0000][gc,marking  ] GC(2) Concurrent Mark 75.698ms
[2026-05-14T00:58:03.963+0000][gc,marking  ] GC(2) Concurrent Rebuild Remembered Sets and Scrub Regions
[2026-05-14T00:58:03.993+0000][gc,marking  ] GC(2) Concurrent Rebuild Remembered Sets and Scrub Regions 30.666ms
[2026-05-14T00:58:03.994+0000][gc,start    ] GC(2) Pause Cleanup
[2026-05-14T00:58:03.994+0000][gc          ] GC(2) Pause Cleanup 10M->10M(1024M) 0.208ms
[2026-05-14T00:58:03.994+0000][gc,cpu      ] GC(2) User=0.00s Sys=0.00s Real=0.00s
[2026-05-14T00:58:03.995+0000][gc,marking  ] GC(2) Concurrent Clear Claimed Marks
[2026-05-14T00:58:03.995+0000][gc,marking  ] GC(2) Concurrent Clear Claimed Marks 0.196ms
[2026-05-14T00:58:03.995+0000][gc,marking  ] GC(2) Concurrent Cleanup for Next Mark
[2026-05-14T00:58:04.070+0000][gc,marking  ] GC(2) Concurrent Cleanup for Next Mark 74.660ms
[2026-05-14T00:58:04.070+0000][gc          ] GC(2) Concurrent Mark Cycle 235.613ms
[2026-05-14T00:58:09.694+0000][gc,start    ] GC(3) Pause Young (Normal) (G1 Evacuation Pause)
[2026-05-14T00:58:09.694+0000][gc,task     ] GC(3) Using 2 workers of 2 for evacuation
[2026-05-14T00:58:09.776+0000][gc,phases   ] GC(3)   Pre Evacuate Collection Set: 4.08ms
[2026-05-14T00:58:09.776+0000][gc,phases   ] GC(3)   Merge Heap Roots: 1.54ms
[2026-05-14T00:58:09.776+0000][gc,phases   ] GC(3)   Evacuate Collection Set: 68.93ms
[2026-05-14T00:58:09.776+0000][gc,phases   ] GC(3)   Post Evacuate Collection Set: 7.20ms
[2026-05-14T00:58:09.776+0000][gc,phases   ] GC(3)   Other: 0.16ms
[2026-05-14T00:58:09.776+0000][gc,heap     ] GC(3) Eden regions: 50->0(45)
[2026-05-14T00:58:09.776+0000][gc,heap     ] GC(3) Survivor regions: 1->6(7)
[2026-05-14T00:58:09.777+0000][gc,heap     ] GC(3) Old regions: 9->9
[2026-05-14T00:58:09.777+0000][gc,heap     ] GC(3) Humongous regions: 0->0
[2026-05-14T00:58:09.777+0000][gc,metaspace] GC(3) Metaspace: 34140K(34560K)->34140K(34560K) NonClass: 30181K(30400K)->30181K(30400K) Class: 3958K(4160K)->3958K(4160K)
[2026-05-14T00:58:09.777+0000][gc          ] GC(3) Pause Young (Normal) (G1 Evacuation Pause) 59M->14M(1024M) 82.214ms
[2026-05-14T00:58:09.777+0000][gc,cpu      ] GC(3) User=0.03s Sys=0.00s Real=0.08s
[2026-05-14T00:58:10.862+0000][gc,start    ] GC(4) Pause Young (Concurrent Start) (Metadata GC Threshold)
[2026-05-14T00:58:10.862+0000][gc,task     ] GC(4) Using 2 workers of 2 for evacuation
[2026-05-14T00:58:10.952+0000][gc,phases   ] GC(4)   Pre Evacuate Collection Set: 0.93ms
[2026-05-14T00:58:10.952+0000][gc,phases   ] GC(4)   Merge Heap Roots: 0.06ms
[2026-05-14T00:58:10.952+0000][gc,phases   ] GC(4)   Evacuate Collection Set: 84.12ms
[2026-05-14T00:58:10.952+0000][gc,phases   ] GC(4)   Post Evacuate Collection Set: 3.99ms
[2026-05-14T00:58:10.952+0000][gc,phases   ] GC(4)   Other: 0.33ms
[2026-05-14T00:58:10.952+0000][gc,heap     ] GC(4) Eden regions: 7->0(59)
[2026-05-14T00:58:10.952+0000][gc,heap     ] GC(4) Survivor regions: 6->1(7)
[2026-05-14T00:58:10.952+0000][gc,heap     ] GC(4) Old regions: 9->15
[2026-05-14T00:58:10.952+0000][gc,heap     ] GC(4) Humongous regions: 0->0
[2026-05-14T00:58:10.952+0000][gc,metaspace] GC(4) Metaspace: 35666K(36096K)->35666K(36096K) NonClass: 31511K(31744K)->31511K(31744K) Class: 4155K(4352K)->4155K(4352K)
[2026-05-14T00:58:10.952+0000][gc          ] GC(4) Pause Young (Concurrent Start) (Metadata GC Threshold) 21M->15M(1024M) 89.795ms
[2026-05-14T00:58:10.952+0000][gc,cpu      ] GC(4) User=0.03s Sys=0.01s Real=0.09s
[2026-05-14T00:58:10.952+0000][gc          ] GC(5) Concurrent Mark Cycle
[2026-05-14T00:58:10.952+0000][gc,marking  ] GC(5) Concurrent Scan Root Regions
[2026-05-14T00:58:10.989+0000][gc,marking  ] GC(5) Concurrent Scan Root Regions 36.723ms
[2026-05-14T00:58:10.990+0000][gc,marking  ] GC(5) Concurrent Mark
[2026-05-14T00:58:10.991+0000][gc,marking  ] GC(5) Concurrent Mark From Roots
[2026-05-14T00:58:10.991+0000][gc,task     ] GC(5) Using 1 workers of 1 for marking
[2026-05-14T00:58:11.094+0000][gc,marking  ] GC(5) Concurrent Mark From Roots 103.759ms
[2026-05-14T00:58:11.095+0000][gc,marking  ] GC(5) Concurrent Preclean
[2026-05-14T00:58:11.096+0000][gc,marking  ] GC(5) Concurrent Preclean 0.273ms
[2026-05-14T00:58:11.119+0000][gc,start    ] GC(5) Pause Remark
[2026-05-14T00:58:11.149+0000][gc          ] GC(5) Pause Remark 16M->16M(1024M) 29.785ms
[2026-05-14T00:58:11.149+0000][gc,cpu      ] GC(5) User=0.01s Sys=0.00s Real=0.03s
[2026-05-14T00:58:11.157+0000][gc,marking  ] GC(5) Concurrent Mark 166.889ms
[2026-05-14T00:58:11.158+0000][gc,marking  ] GC(5) Concurrent Rebuild Remembered Sets and Scrub Regions
[2026-05-14T00:58:11.325+0000][gc,marking  ] GC(5) Concurrent Rebuild Remembered Sets and Scrub Regions 167.774ms
[2026-05-14T00:58:11.327+0000][gc,start    ] GC(5) Pause Cleanup
[2026-05-14T00:58:11.327+0000][gc          ] GC(5) Pause Cleanup 17M->17M(1024M) 0.491ms
[2026-05-14T00:58:11.327+0000][gc,cpu      ] GC(5) User=0.00s Sys=0.00s Real=0.00s
[2026-05-14T00:58:11.332+0000][gc,marking  ] GC(5) Concurrent Clear Claimed Marks
[2026-05-14T00:58:11.332+0000][gc,marking  ] GC(5) Concurrent Clear Claimed Marks 0.112ms
[2026-05-14T00:58:11.332+0000][gc,marking  ] GC(5) Concurrent Cleanup for Next Mark
[2026-05-14T00:58:11.343+0000][gc,marking  ] GC(5) Concurrent Cleanup for Next Mark 10.793ms
[2026-05-14T00:58:11.343+0000][gc          ] GC(5) Concurrent Mark Cycle 390.894ms
[2026-05-14T00:59:01.105+0000][gc,start    ] GC(6) Pause Young (Normal) (G1 Evacuation Pause)
[2026-05-14T00:59:01.106+0000][gc,task     ] GC(6) Using 2 workers of 2 for evacuation
[2026-05-14T00:59:01.139+0000][gc,phases   ] GC(6)   Pre Evacuate Collection Set: 5.98ms
[2026-05-14T00:59:01.139+0000][gc,phases   ] GC(6)   Merge Heap Roots: 0.26ms
[2026-05-14T00:59:01.139+0000][gc,phases   ] GC(6)   Evacuate Collection Set: 24.00ms
[2026-05-14T00:59:01.139+0000][gc,phases   ] GC(6)   Post Evacuate Collection Set: 1.96ms
[2026-05-14T00:59:01.139+0000][gc,phases   ] GC(6)   Other: 0.67ms
[2026-05-14T00:59:01.139+0000][gc,heap     ] GC(6) Eden regions: 56->0(43)
[2026-05-14T00:59:01.139+0000][gc,heap     ] GC(6) Survivor regions: 1->8(8)
[2026-05-14T00:59:01.139+0000][gc,heap     ] GC(6) Old regions: 15->16
[2026-05-14T00:59:01.139+0000][gc,heap     ] GC(6) Humongous regions: 129->129
[2026-05-14T00:59:01.139+0000][gc,metaspace] GC(6) Metaspace: 43634K(44416K)->43634K(44416K) NonClass: 38553K(38976K)->38553K(38976K) Class: 5080K(5440K)->5080K(5440K)
[2026-05-14T00:59:01.139+0000][gc          ] GC(6) Pause Young (Normal) (G1 Evacuation Pause) 200M->152M(1024M) 34.179ms
[2026-05-14T00:59:01.139+0000][gc,cpu      ] GC(6) User=0.03s Sys=0.01s Real=0.03s
[2026-05-14T01:00:07.081+0000][gc,start    ] GC(7) Pause Young (Normal) (G1 Evacuation Pause)
[2026-05-14T01:00:07.082+0000][gc,task     ] GC(7) Using 2 workers of 2 for evacuation
[2026-05-14T01:00:07.203+0000][gc,phases   ] GC(7)   Pre Evacuate Collection Set: 0.43ms
[2026-05-14T01:00:07.203+0000][gc,phases   ] GC(7)   Merge Heap Roots: 0.90ms
[2026-05-14T01:00:07.203+0000][gc,phases   ] GC(7)   Evacuate Collection Set: 113.96ms
[2026-05-14T01:00:07.203+0000][gc,phases   ] GC(7)   Post Evacuate Collection Set: 5.42ms
[2026-05-14T01:00:07.203+0000][gc,phases   ] GC(7)   Other: 0.14ms
[2026-05-14T01:00:07.203+0000][gc,heap     ] GC(7) Eden regions: 43->0(66)
[2026-05-14T01:00:07.203+0000][gc,heap     ] GC(7) Survivor regions: 8->3(7)
[2026-05-14T01:00:07.203+0000][gc,heap     ] GC(7) Old regions: 16->24
[2026-05-14T01:00:07.203+0000][gc,heap     ] GC(7) Humongous regions: 130->130
[2026-05-14T01:00:07.203+0000][gc,metaspace] GC(7) Metaspace: 48221K(49344K)->48221K(49344K) NonClass: 42468K(43136K)->42468K(43136K) Class: 5752K(6208K)->5752K(6208K)
[2026-05-14T01:00:07.203+0000][gc          ] GC(7) Pause Young (Normal) (G1 Evacuation Pause) 196M->156M(1024M) 121.855ms
[2026-05-14T01:00:07.203+0000][gc,cpu      ] GC(7) User=0.03s Sys=0.01s Real=0.13s
[2026-05-14T01:02:20.541+0000][gc,start    ] GC(8) Pause Young (Normal) (G1 Evacuation Pause)
[2026-05-14T01:02:20.556+0000][gc,task     ] GC(8) Using 2 workers of 2 for evacuation
[2026-05-14T01:02:20.579+0000][gc,phases   ] GC(8)   Pre Evacuate Collection Set: 0.73ms
[2026-05-14T01:02:20.579+0000][gc,phases   ] GC(8)   Merge Heap Roots: 0.29ms
[2026-05-14T01:02:20.579+0000][gc,phases   ] GC(8)   Evacuate Collection Set: 20.20ms
[2026-05-14T01:02:20.579+0000][gc,phases   ] GC(8)   Post Evacuate Collection Set: 1.25ms
[2026-05-14T01:02:20.579+0000][gc,phases   ] GC(8)   Other: 0.14ms
[2026-05-14T01:02:20.579+0000][gc,heap     ] GC(8) Eden regions: 63->0(78)
[2026-05-14T01:02:20.579+0000][gc,heap     ] GC(8) Survivor regions: 3->7(9)
[2026-05-14T01:02:20.579+0000][gc,heap     ] GC(8) Old regions: 24->24
[2026-05-14T01:02:20.579+0000][gc,heap     ] GC(8) Humongous regions: 130->130
[2026-05-14T01:02:20.579+0000][gc,metaspace] GC(8) Metaspace: 49753K(50880K)->49753K(50880K) NonClass: 43910K(44544K)->43910K(44544K) Class: 5842K(6336K)->5842K(6336K)
[2026-05-14T01:02:20.579+0000][gc          ] GC(8) Pause Young (Normal) (G1 Evacuation Pause) 219M->160M(1024M) 38.416ms
[2026-05-14T01:02:20.579+0000][gc,cpu      ] GC(8) User=0.03s Sys=0.01s Real=0.04s
[2026-05-14T01:04:11.809+0000][gc,start    ] GC(9) Pause Young (Normal) (G1 Evacuation Pause)
[2026-05-14T01:04:11.813+0000][gc,task     ] GC(9) Using 2 workers of 2 for evacuation
[2026-05-14T01:04:11.888+0000][gc,phases   ] GC(9)   Pre Evacuate Collection Set: 0.70ms
[2026-05-14T01:04:11.889+0000][gc,phases   ] GC(9)   Merge Heap Roots: 0.13ms
[2026-05-14T01:04:11.889+0000][gc,phases   ] GC(9)   Evacuate Collection Set: 69.37ms
[2026-05-14T01:04:11.889+0000][gc,phases   ] GC(9)   Post Evacuate Collection Set: 4.37ms
[2026-05-14T01:04:11.890+0000][gc,phases   ] GC(9)   Other: 0.25ms
[2026-05-14T01:04:11.890+0000][gc,heap     ] GC(9) Eden regions: 76->0(180)
[2026-05-14T01:04:11.890+0000][gc,heap     ] GC(9) Survivor regions: 7->4(11)
[2026-05-14T01:04:11.890+0000][gc,heap     ] GC(9) Old regions: 24->27
[2026-05-14T01:04:11.890+0000][gc,heap     ] GC(9) Humongous regions: 130->130
[2026-05-14T01:04:11.891+0000][gc,metaspace] GC(9) Metaspace: 50517K(51712K)->50517K(51712K) NonClass: 44583K(45248K)->44583K(45248K) Class: 5934K(6464K)->5934K(6464K)
[2026-05-14T01:04:11.891+0000][gc          ] GC(9) Pause Young (Normal) (G1 Evacuation Pause) 236M->160M(1024M) 82.025ms
[2026-05-14T01:04:11.891+0000][gc,cpu      ] GC(9) User=0.03s Sys=0.00s Real=0.08s
[2026-05-14T01:07:30.594+0000][gc,start    ] GC(10) Pause Young (Normal) (G1 Evacuation Pause)
[2026-05-14T01:07:30.596+0000][gc,task     ] GC(10) Using 2 workers of 2 for evacuation
[2026-05-14T01:07:30.629+0000][gc,phases   ] GC(10)   Pre Evacuate Collection Set: 2.00ms
[2026-05-14T01:07:30.629+0000][gc,phases   ] GC(10)   Merge Heap Roots: 0.25ms
[2026-05-14T01:07:30.629+0000][gc,phases   ] GC(10)   Evacuate Collection Set: 28.62ms
[2026-05-14T01:07:30.629+0000][gc,phases   ] GC(10)   Post Evacuate Collection Set: 1.42ms
[2026-05-14T01:07:30.629+0000][gc,phases   ] GC(10)   Other: 0.20ms
[2026-05-14T01:07:30.629+0000][gc,heap     ] GC(10) Eden regions: 182->0(272)
[2026-05-14T01:07:30.629+0000][gc,heap     ] GC(10) Survivor regions: 4->6(24)
[2026-05-14T01:07:30.629+0000][gc,heap     ] GC(10) Old regions: 27->27
[2026-05-14T01:07:30.629+0000][gc,heap     ] GC(10) Humongous regions: 130->130
[2026-05-14T01:07:30.629+0000][gc,metaspace] GC(10) Metaspace: 50911K(52032K)->50911K(52032K) NonClass: 44976K(45568K)->44976K(45568K) Class: 5935K(6464K)->5935K(6464K)
[2026-05-14T01:07:30.629+0000][gc          ] GC(10) Pause Young (Normal) (G1 Evacuation Pause) 342M->162M(1024M) 35.130ms
[2026-05-14T01:07:30.629+0000][gc,cpu      ] GC(10) User=0.03s Sys=0.01s Real=0.03s
[2026-05-14T01:19:06.851+0000][gc,start    ] GC(11) Pause Young (Normal) (G1 Evacuation Pause)
[2026-05-14T01:19:06.855+0000][gc,task     ] GC(11) Using 2 workers of 2 for evacuation
[2026-05-14T01:19:06.938+0000][gc,phases   ] GC(11)   Pre Evacuate Collection Set: 10.60ms
[2026-05-14T01:19:06.938+0000][gc,phases   ] GC(11)   Merge Heap Roots: 0.18ms
[2026-05-14T01:19:06.938+0000][gc,phases   ] GC(11)   Evacuate Collection Set: 69.76ms
[2026-05-14T01:19:06.938+0000][gc,phases   ] GC(11)   Post Evacuate Collection Set: 1.67ms
[2026-05-14T01:19:06.938+0000][gc,phases   ] GC(11)   Other: 0.62ms
[2026-05-14T01:19:06.938+0000][gc,heap     ] GC(11) Eden regions: 275->0(301)
[2026-05-14T01:19:06.938+0000][gc,heap     ] GC(11) Survivor regions: 6->10(36)
[2026-05-14T01:19:06.938+0000][gc,heap     ] GC(11) Old regions: 27->27
[2026-05-14T01:19:06.938+0000][gc,heap     ] GC(11) Humongous regions: 130->130
[2026-05-14T01:19:06.938+0000][gc,metaspace] GC(11) Metaspace: 51088K(52224K)->51088K(52224K) NonClass: 45140K(45760K)->45140K(45760K) Class: 5948K(6464K)->5948K(6464K)
[2026-05-14T01:19:06.938+0000][gc          ] GC(11) Pause Young (Normal) (G1 Evacuation Pause) 437M->165M(1024M) 87.191ms
[2026-05-14T01:19:06.938+0000][gc,cpu      ] GC(11) User=0.04s Sys=0.04s Real=0.09s
[2026-05-14T01:32:17.232+0000][gc,start    ] GC(12) Pause Young (Normal) (G1 Evacuation Pause)
[2026-05-14T01:32:17.237+0000][gc,task     ] GC(12) Using 2 workers of 2 for evacuation
[2026-05-14T01:32:17.286+0000][gc,phases   ] GC(12)   Pre Evacuate Collection Set: 3.44ms
[2026-05-14T01:32:17.286+0000][gc,phases   ] GC(12)   Merge Heap Roots: 0.22ms
[2026-05-14T01:32:17.286+0000][gc,phases   ] GC(12)   Evacuate Collection Set: 42.24ms
[2026-05-14T01:32:17.286+0000][gc,phases   ] GC(12)   Post Evacuate Collection Set: 2.61ms
[2026-05-14T01:32:17.286+0000][gc,phases   ] GC(12)   Other: 0.74ms
[2026-05-14T01:32:17.286+0000][gc,heap     ] GC(12) Eden regions: 302->0(335)
[2026-05-14T01:32:17.286+0000][gc,heap     ] GC(12) Survivor regions: 10->15(39)
[2026-05-14T01:32:17.286+0000][gc,heap     ] GC(12) Old regions: 27->27
[2026-05-14T01:32:17.286+0000][gc,heap     ] GC(12) Humongous regions: 130->130
[2026-05-14T01:32:17.286+0000][gc,metaspace] GC(12) Metaspace: 51133K(52288K)->51133K(52288K) NonClass: 45181K(45824K)->45181K(45824K) Class: 5951K(6464K)->5951K(6464K)
[2026-05-14T01:32:17.286+0000][gc          ] GC(12) Pause Young (Normal) (G1 Evacuation Pause) 467M->171M(1024M) 54.131ms
[2026-05-14T01:32:17.286+0000][gc,cpu      ] GC(12) User=0.06s Sys=0.02s Real=0.06s
[2026-05-14T01:47:00.119+0000][gc,start    ] GC(13) Pause Young (Normal) (G1 Evacuation Pause)
[2026-05-14T01:47:00.122+0000][gc,task     ] GC(13) Using 2 workers of 2 for evacuation
[2026-05-14T01:47:00.233+0000][gc,phases   ] GC(13)   Pre Evacuate Collection Set: 7.07ms
[2026-05-14T01:47:00.233+0000][gc,phases   ] GC(13)   Merge Heap Roots: 0.22ms
[2026-05-14T01:47:00.234+0000][gc,phases   ] GC(13)   Evacuate Collection Set: 99.55ms
[2026-05-14T01:47:00.234+0000][gc,phases   ] GC(13)   Post Evacuate Collection Set: 2.46ms
[2026-05-14T01:47:00.234+0000][gc,phases   ] GC(13)   Other: 1.39ms
[2026-05-14T01:47:00.234+0000][gc,heap     ] GC(13) Eden regions: 335->0(322)
[2026-05-14T01:47:00.234+0000][gc,heap     ] GC(13) Survivor regions: 15->22(44)
[2026-05-14T01:47:00.235+0000][gc,heap     ] GC(13) Old regions: 27->27
[2026-05-14T01:47:00.235+0000][gc,heap     ] GC(13) Humongous regions: 130->130
[2026-05-14T01:47:00.235+0000][gc,metaspace] GC(13) Metaspace: 51171K(52352K)->51171K(52352K) NonClass: 45220K(45888K)->45220K(45888K) Class: 5951K(6464K)->5951K(6464K)
[2026-05-14T01:47:00.236+0000][gc          ] GC(13) Pause Young (Normal) (G1 Evacuation Pause) 506M->178M(1024M) 116.007ms
[2026-05-14T01:47:00.236+0000][gc,cpu      ] GC(13) User=0.09s Sys=0.06s Real=0.12s
[2026-05-14T02:01:03.422+0000][gc,start    ] GC(14) Pause Young (Normal) (G1 Evacuation Pause)
[2026-05-14T02:01:03.442+0000][gc,task     ] GC(14) Using 2 workers of 2 for evacuation
[2026-05-14T02:01:03.650+0000][gc,mmu      ] GC(14) MMU target violated: 201.0ms (200.0ms/201.0ms)
[2026-05-14T02:01:03.650+0000][gc,phases   ] GC(14)   Pre Evacuate Collection Set: 5.31ms
[2026-05-14T02:01:03.650+0000][gc,phases   ] GC(14)   Merge Heap Roots: 0.46ms
[2026-05-14T02:01:03.650+0000][gc,phases   ] GC(14)   Evacuate Collection Set: 198.81ms
[2026-05-14T02:01:03.650+0000][gc,phases   ] GC(14)   Post Evacuate Collection Set: 2.75ms
[2026-05-14T02:01:03.651+0000][gc,phases   ] GC(14)   Other: 0.66ms
[2026-05-14T02:01:03.651+0000][gc,heap     ] GC(14) Eden regions: 322->0(66)
[2026-05-14T02:01:03.651+0000][gc,heap     ] GC(14) Survivor regions: 22->24(43)
[2026-05-14T02:01:03.651+0000][gc,heap     ] GC(14) Old regions: 27->27
[2026-05-14T02:01:03.651+0000][gc,heap     ] GC(14) Humongous regions: 148->148
[2026-05-14T02:01:03.652+0000][gc,metaspace] GC(14) Metaspace: 51380K(52608K)->51380K(52608K) NonClass: 45394K(46080K)->45394K(46080K) Class: 5986K(6528K)->5986K(6528K)
[2026-05-14T02:01:03.652+0000][gc          ] GC(14) Pause Young (Normal) (G1 Evacuation Pause) 518M->198M(1024M) 229.191ms
[2026-05-14T02:01:03.652+0000][gc,cpu      ] GC(14) User=0.08s Sys=0.17s Real=0.23s
[2026-05-14T02:03:15.271+0000][gc,start    ] GC(15) Pause Young (Normal) (G1 Evacuation Pause)
[2026-05-14T02:03:15.287+0000][gc,task     ] GC(15) Using 2 workers of 2 for evacuation
[2026-05-14T02:03:15.383+0000][gc,phases   ] GC(15)   Pre Evacuate Collection Set: 2.36ms
[2026-05-14T02:03:15.383+0000][gc,phases   ] GC(15)   Merge Heap Roots: 0.29ms
[2026-05-14T02:03:15.383+0000][gc,phases   ] GC(15)   Evacuate Collection Set: 89.02ms
[2026-05-14T02:03:15.383+0000][gc,phases   ] GC(15)   Post Evacuate Collection Set: 3.52ms
[2026-05-14T02:03:15.383+0000][gc,phases   ] GC(15)   Other: 0.32ms
[2026-05-14T02:03:15.383+0000][gc,heap     ] GC(15) Eden regions: 52->0(610)
[2026-05-14T02:03:15.383+0000][gc,heap     ] GC(15) Survivor regions: 24->4(10)
[2026-05-14T02:03:15.383+0000][gc,heap     ] GC(15) Old regions: 27->50
[2026-05-14T02:03:15.383+0000][gc,heap     ] GC(15) Humongous regions: 148->148
[2026-05-14T02:03:15.383+0000][gc,metaspace] GC(15) Metaspace: 51399K(52608K)->51399K(52608K) NonClass: 45412K(46080K)->45412K(46080K) Class: 5986K(6528K)->5986K(6528K)
[2026-05-14T02:03:15.383+0000][gc          ] GC(15) Pause Young (Normal) (G1 Evacuation Pause) 250M->201M(1024M) 111.481ms
[2026-05-14T02:03:15.383+0000][gc,cpu      ] GC(15) User=0.09s Sys=0.02s Real=0.11s
[2026-05-14T02:30:11.134+0000][gc,start    ] GC(16) Pause Young (Normal) (G1 Evacuation Pause)
[2026-05-14T02:30:11.141+0000][gc,task     ] GC(16) Using 2 workers of 2 for evacuation
[2026-05-14T02:30:11.304+0000][gc,phases   ] GC(16)   Pre Evacuate Collection Set: 21.00ms
[2026-05-14T02:30:11.304+0000][gc,phases   ] GC(16)   Merge Heap Roots: 0.64ms
[2026-05-14T02:30:11.304+0000][gc,phases   ] GC(16)   Evacuate Collection Set: 136.66ms
[2026-05-14T02:30:11.304+0000][gc,phases   ] GC(16)   Post Evacuate Collection Set: 3.81ms
[2026-05-14T02:30:11.304+0000][gc,phases   ] GC(16)   Other: 1.04ms
[2026-05-14T02:30:11.304+0000][gc,heap     ] GC(16) Eden regions: 610->0(241)
[2026-05-14T02:30:11.304+0000][gc,heap     ] GC(16) Survivor regions: 4->13(77)
[2026-05-14T02:30:11.304+0000][gc,heap     ] GC(16) Old regions: 50->50
[2026-05-14T02:30:11.304+0000][gc,heap     ] GC(16) Humongous regions: 148->148
[2026-05-14T02:30:11.304+0000][gc,metaspace] GC(16) Metaspace: 51424K(52608K)->51424K(52608K) NonClass: 45437K(46080K)->45437K(46080K) Class: 5986K(6528K)->5986K(6528K)
[2026-05-14T02:30:11.304+0000][gc          ] GC(16) Pause Young (Normal) (G1 Evacuation Pause) 811M->210M(1024M) 170.273ms
[2026-05-14T02:30:11.304+0000][gc,cpu      ] GC(16) User=0.07s Sys=0.14s Real=0.19s
[2026-05-14T02:40:45.333+0000][gc,start    ] GC(17) Pause Young (Normal) (G1 Evacuation Pause)
[2026-05-14T02:40:45.352+0000][gc,task     ] GC(17) Using 2 workers of 2 for evacuation
[2026-05-14T02:40:45.426+0000][gc,phases   ] GC(17)   Pre Evacuate Collection Set: 1.60ms
[2026-05-14T02:40:45.426+0000][gc,phases   ] GC(17)   Merge Heap Roots: 0.30ms
[2026-05-14T02:40:45.426+0000][gc,phases   ] GC(17)   Evacuate Collection Set: 70.97ms
[2026-05-14T02:40:45.426+0000][gc,phases   ] GC(17)   Post Evacuate Collection Set: 1.02ms
[2026-05-14T02:40:45.426+0000][gc,phases   ] GC(17)   Other: 0.28ms
[2026-05-14T02:40:45.426+0000][gc,heap     ] GC(17) Eden regions: 241->0(153)
[2026-05-14T02:40:45.426+0000][gc,heap     ] GC(17) Survivor regions: 13->19(32)
[2026-05-14T02:40:45.426+0000][gc,heap     ] GC(17) Old regions: 50->50
[2026-05-14T02:40:45.426+0000][gc,heap     ] GC(17) Humongous regions: 148->148
[2026-05-14T02:40:45.426+0000][gc,metaspace] GC(17) Metaspace: 51437K(52608K)->51437K(52608K) NonClass: 45451K(46080K)->45451K(46080K) Class: 5986K(6528K)->5986K(6528K)
[2026-05-14T02:40:45.426+0000][gc          ] GC(17) Pause Young (Normal) (G1 Evacuation Pause) 451M->216M(1024M) 93.522ms
[2026-05-14T02:40:45.426+0000][gc,cpu      ] GC(17) User=0.06s Sys=0.07s Real=0.10s
[2026-05-14T02:47:26.809+0000][gc,start    ] GC(18) Pause Young (Normal) (G1 Evacuation Pause)
[2026-05-14T02:47:26.813+0000][gc,task     ] GC(18) Using 2 workers of 2 for evacuation
[2026-05-14T02:47:26.867+0000][gc,phases   ] GC(18)   Pre Evacuate Collection Set: 4.00ms
[2026-05-14T02:47:26.867+0000][gc,phases   ] GC(18)   Merge Heap Roots: 0.35ms
[2026-05-14T02:47:26.867+0000][gc,phases   ] GC(18)   Evacuate Collection Set: 44.42ms
[2026-05-14T02:47:26.868+0000][gc,phases   ] GC(18)   Post Evacuate Collection Set: 4.50ms
[2026-05-14T02:47:26.868+0000][gc,phases   ] GC(18)   Other: 0.46ms
[2026-05-14T02:47:26.868+0000][gc,heap     ] GC(18) Eden regions: 152->0(605)
[2026-05-14T02:47:26.868+0000][gc,heap     ] GC(18) Survivor regions: 19->9(22)
[2026-05-14T02:47:26.868+0000][gc,heap     ] GC(18) Old regions: 50->62
[2026-05-14T02:47:26.868+0000][gc,heap     ] GC(18) Humongous regions: 148->148
[2026-05-14T02:47:26.868+0000][gc,metaspace] GC(18) Metaspace: 51437K(52608K)->51437K(52608K) NonClass: 45451K(46080K)->45451K(46080K) Class: 5986K(6528K)->5986K(6528K)
[2026-05-14T02:47:26.868+0000][gc          ] GC(18) Pause Young (Normal) (G1 Evacuation Pause) 368M->218M(1024M) 59.208ms
[2026-05-14T02:47:26.868+0000][gc,cpu      ] GC(18) User=0.07s Sys=0.02s Real=0.06s
[2026-05-14T03:14:39.227+0000][gc,start    ] GC(19) Pause Young (Normal) (G1 Evacuation Pause)
[2026-05-14T03:14:39.244+0000][gc,task     ] GC(19) Using 2 workers of 2 for evacuation
[2026-05-14T03:14:39.400+0000][gc,phases   ] GC(19)   Pre Evacuate Collection Set: 6.26ms
[2026-05-14T03:14:39.400+0000][gc,phases   ] GC(19)   Merge Heap Roots: 0.77ms
[2026-05-14T03:14:39.400+0000][gc,phases   ] GC(19)   Evacuate Collection Set: 144.98ms
[2026-05-14T03:14:39.400+0000][gc,phases   ] GC(19)   Post Evacuate Collection Set: 3.43ms
[2026-05-14T03:14:39.400+0000][gc,phases   ] GC(19)   Other: 0.54ms
[2026-05-14T03:14:39.400+0000][gc,heap     ] GC(19) Eden regions: 605->0(363)
[2026-05-14T03:14:39.400+0000][gc,heap     ] GC(19) Survivor regions: 9->16(77)
[2026-05-14T03:14:39.400+0000][gc,heap     ] GC(19) Old regions: 62->62
[2026-05-14T03:14:39.400+0000][gc,heap     ] GC(19) Humongous regions: 148->148
[2026-05-14T03:14:39.400+0000][gc,metaspace] GC(19) Metaspace: 51554K(52736K)->51554K(52736K) NonClass: 45551K(46208K)->45551K(46208K) Class: 6003K(6528K)->6003K(6528K)
[2026-05-14T03:14:39.400+0000][gc          ] GC(19) Pause Young (Normal) (G1 Evacuation Pause) 823M->225M(1024M) 173.084ms
[2026-05-14T03:14:39.400+0000][gc,cpu      ] GC(19) User=0.07s Sys=0.20s Real=0.17s
[2026-05-14T03:31:04.272+0000][gc,start    ] GC(20) Pause Young (Normal) (G1 Evacuation Pause)
[2026-05-14T03:31:04.291+0000][gc,task     ] GC(20) Using 2 workers of 2 for evacuation
[2026-05-14T03:31:04.404+0000][gc,phases   ] GC(20)   Pre Evacuate Collection Set: 4.22ms
[2026-05-14T03:31:04.404+0000][gc,phases   ] GC(20)   Merge Heap Roots: 0.68ms
[2026-05-14T03:31:04.404+0000][gc,phases   ] GC(20)   Evacuate Collection Set: 100.99ms
[2026-05-14T03:31:04.404+0000][gc,phases   ] GC(20)   Post Evacuate Collection Set: 5.12ms
[2026-05-14T03:31:04.404+0000][gc,phases   ] GC(20)   Other: 1.94ms
[2026-05-14T03:31:04.404+0000][gc,heap     ] GC(20) Eden regions: 360->0(493)
[2026-05-14T03:31:04.404+0000][gc,heap     ] GC(20) Survivor regions: 16->16(47)
[2026-05-14T03:31:04.404+0000][gc,heap     ] GC(20) Old regions: 62->62
[2026-05-14T03:31:04.404+0000][gc,heap     ] GC(20) Humongous regions: 148->148
[2026-05-14T03:31:04.404+0000][gc,metaspace] GC(20) Metaspace: 51558K(52736K)->51558K(52736K) NonClass: 45555K(46208K)->45555K(46208K) Class: 6003K(6528K)->6003K(6528K)
[2026-05-14T03:31:04.404+0000][gc          ] GC(20) Pause Young (Normal) (G1 Evacuation Pause) 585M->225M(1024M) 131.869ms
[2026-05-14T03:31:04.404+0000][gc,cpu      ] GC(20) User=0.06s Sys=0.15s Real=0.14s
[2026-05-14T03:53:11.182+0000][gc,start    ] GC(21) Pause Young (Normal) (G1 Evacuation Pause)
[2026-05-14T03:53:11.191+0000][gc,task     ] GC(21) Using 2 workers of 2 for evacuation
[2026-05-14T03:53:11.281+0000][gc,phases   ] GC(21)   Pre Evacuate Collection Set: 2.90ms
[2026-05-14T03:53:11.281+0000][gc,phases   ] GC(21)   Merge Heap Roots: 0.36ms
[2026-05-14T03:53:11.281+0000][gc,phases   ] GC(21)   Evacuate Collection Set: 76.64ms
[2026-05-14T03:53:11.281+0000][gc,phases   ] GC(21)   Post Evacuate Collection Set: 4.44ms
[2026-05-14T03:53:11.282+0000][gc,phases   ] GC(21)   Other: 6.11ms
[2026-05-14T03:53:11.282+0000][gc,heap     ] GC(21) Eden regions: 483->0(596)
[2026-05-14T03:53:11.282+0000][gc,heap     ] GC(21) Survivor regions: 16->18(63)
[2026-05-14T03:53:11.282+0000][gc,heap     ] GC(21) Old regions: 62->62
[2026-05-14T03:53:11.282+0000][gc,heap     ] GC(21) Humongous regions: 148->148
[2026-05-14T03:53:11.282+0000][gc,metaspace] GC(21) Metaspace: 51569K(52736K)->51569K(52736K) NonClass: 45565K(46208K)->45565K(46208K) Class: 6003K(6528K)->6003K(6528K)
[2026-05-14T03:53:11.283+0000][gc          ] GC(21) Pause Young (Normal) (G1 Evacuation Pause) 708M->227M(1024M) 100.650ms
[2026-05-14T03:53:11.283+0000][gc,cpu      ] GC(21) User=0.05s Sys=0.10s Real=0.11s
[2026-05-14T04:04:40.439+0000][gc,heap,exit] Heap
[2026-05-14T04:04:40.440+0000][gc,heap,exit]  garbage-first heap   total 1048576K, used 513136K [0x00000000c0000000, 0x0000000100000000)
[2026-05-14T04:04:40.440+0000][gc,heap,exit]   region size 1024K, 292 young (299008K), 18 survivors (18432K)
[2026-05-14T04:04:40.440+0000][gc,heap,exit]  Metaspace       used 53065K, committed 54272K, reserved 1114112K
[2026-05-14T04:04:40.440+0000][gc,heap,exit]   class space    used 6303K, committed 6848K, reserved 1048576K
