[2026-05-13T16:26:05.184+0000][gc,init] CardTable entry size: 512
[2026-05-13T16:26:05.185+0000][gc     ] Using G1
[2026-05-13T16:26:05.235+0000][gc,init] Version: 21.0.10+7-LTS (release)
[2026-05-13T16:26:05.235+0000][gc,init] CPUs: 2 total, 2 available
[2026-05-13T16:26:05.236+0000][gc,init] Memory: 3732M
[2026-05-13T16:26:05.236+0000][gc,init] Large Page Support: Disabled
[2026-05-13T16:26:05.236+0000][gc,init] NUMA Support: Disabled
[2026-05-13T16:26:05.236+0000][gc,init] Compressed Oops: Enabled (32-bit)
[2026-05-13T16:26:05.236+0000][gc,init] Heap Region Size: 1M
[2026-05-13T16:26:05.236+0000][gc,init] Heap Min Capacity: 1G
[2026-05-13T16:26:05.237+0000][gc,init] Heap Initial Capacity: 1G
[2026-05-13T16:26:05.237+0000][gc,init] Heap Max Capacity: 1G
[2026-05-13T16:26:05.237+0000][gc,init] Pre-touch: Disabled
[2026-05-13T16:26:05.237+0000][gc,init] Parallel Workers: 2
[2026-05-13T16:26:05.237+0000][gc,init] Concurrent Workers: 1
[2026-05-13T16:26:05.238+0000][gc,init] Concurrent Refinement Workers: 2
[2026-05-13T16:26:05.238+0000][gc,init] Periodic GC: Disabled
[2026-05-13T16:26:05.837+0000][gc,metaspace] CDS archive(s) mapped at: [0x00007feb92000000-0x00007feb92bad000-0x00007feb92bad000), size 12242944, SharedBaseAddress: 0x00007feb92000000, ArchiveRelocationMode: 1.
[2026-05-13T16:26:05.837+0000][gc,metaspace] Compressed class space mapped at: 0x00007feb96000000-0x00007febd6000000, reserved size: 1073741824
[2026-05-13T16:26:05.837+0000][gc,metaspace] Narrow klass base: 0x00007feb92000000, Narrow klass shift: 0, Narrow klass range: 0x100000000
[2026-05-13T16:26:13.451+0000][gc,start    ] GC(0) Pause Young (Normal) (G1 Evacuation Pause)
[2026-05-13T16:26:13.454+0000][gc,task     ] GC(0) Using 2 workers of 2 for evacuation
[2026-05-13T16:26:13.558+0000][gc,phases   ] GC(0)   Pre Evacuate Collection Set: 3.74ms
[2026-05-13T16:26:13.558+0000][gc,phases   ] GC(0)   Merge Heap Roots: 0.12ms
[2026-05-13T16:26:13.558+0000][gc,phases   ] GC(0)   Evacuate Collection Set: 90.59ms
[2026-05-13T16:26:13.558+0000][gc,phases   ] GC(0)   Post Evacuate Collection Set: 5.48ms
[2026-05-13T16:26:13.558+0000][gc,phases   ] GC(0)   Other: 6.90ms
[2026-05-13T16:26:13.558+0000][gc,heap     ] GC(0) Eden regions: 51->0(44)
[2026-05-13T16:26:13.558+0000][gc,heap     ] GC(0) Survivor regions: 0->7(7)
[2026-05-13T16:26:13.558+0000][gc,heap     ] GC(0) Old regions: 1->3
[2026-05-13T16:26:13.559+0000][gc,heap     ] GC(0) Humongous regions: 0->0
[2026-05-13T16:26:13.559+0000][gc,metaspace] GC(0) Metaspace: 15328K(15616K)->15328K(15616K) NonClass: 13582K(13760K)->13582K(13760K) Class: 1746K(1856K)->1746K(1856K)
[2026-05-13T16:26:13.559+0000][gc          ] GC(0) Pause Young (Normal) (G1 Evacuation Pause) 51M->9M(1024M) 107.281ms
[2026-05-13T16:26:13.559+0000][gc,cpu      ] GC(0) User=0.02s Sys=0.01s Real=0.11s
[2026-05-13T16:26:16.105+0000][gc,start    ] GC(1) Pause Young (Concurrent Start) (Metadata GC Threshold)
[2026-05-13T16:26:16.105+0000][gc,task     ] GC(1) Using 2 workers of 2 for evacuation
[2026-05-13T16:26:16.167+0000][gc,phases   ] GC(1)   Pre Evacuate Collection Set: 0.27ms
[2026-05-13T16:26:16.167+0000][gc,phases   ] GC(1)   Merge Heap Roots: 0.07ms
[2026-05-13T16:26:16.167+0000][gc,phases   ] GC(1)   Evacuate Collection Set: 56.70ms
[2026-05-13T16:26:16.167+0000][gc,phases   ] GC(1)   Post Evacuate Collection Set: 4.11ms
[2026-05-13T16:26:16.167+0000][gc,phases   ] GC(1)   Other: 0.21ms
[2026-05-13T16:26:16.167+0000][gc,heap     ] GC(1) Eden regions: 17->0(49)
[2026-05-13T16:26:16.167+0000][gc,heap     ] GC(1) Survivor regions: 7->2(7)
[2026-05-13T16:26:16.167+0000][gc,heap     ] GC(1) Old regions: 3->9
[2026-05-13T16:26:16.167+0000][gc,heap     ] GC(1) Humongous regions: 0->0
[2026-05-13T16:26:16.167+0000][gc,metaspace] GC(1) Metaspace: 21251K(21504K)->21251K(21504K) NonClass: 18651K(18816K)->18651K(18816K) Class: 2600K(2688K)->2600K(2688K)
[2026-05-13T16:26:16.167+0000][gc          ] GC(1) Pause Young (Concurrent Start) (Metadata GC Threshold) 26M->10M(1024M) 61.995ms
[2026-05-13T16:26:16.167+0000][gc,cpu      ] GC(1) User=0.02s Sys=0.01s Real=0.07s
[2026-05-13T16:26:16.168+0000][gc          ] GC(2) Concurrent Mark Cycle
[2026-05-13T16:26:16.168+0000][gc,marking  ] GC(2) Concurrent Scan Root Regions
[2026-05-13T16:26:16.207+0000][gc,marking  ] GC(2) Concurrent Scan Root Regions 39.022ms
[2026-05-13T16:26:16.211+0000][gc,marking  ] GC(2) Concurrent Mark
[2026-05-13T16:26:16.211+0000][gc,marking  ] GC(2) Concurrent Mark From Roots
[2026-05-13T16:26:16.211+0000][gc,task     ] GC(2) Using 1 workers of 1 for marking
[2026-05-13T16:26:16.276+0000][gc,marking  ] GC(2) Concurrent Mark From Roots 64.656ms
[2026-05-13T16:26:16.276+0000][gc,marking  ] GC(2) Concurrent Preclean
[2026-05-13T16:26:16.276+0000][gc,marking  ] GC(2) Concurrent Preclean 0.023ms
[2026-05-13T16:26:16.276+0000][gc,start    ] GC(2) Pause Remark
[2026-05-13T16:26:16.306+0000][gc          ] GC(2) Pause Remark 10M->10M(1024M) 29.711ms
[2026-05-13T16:26:16.306+0000][gc,cpu      ] GC(2) User=0.02s Sys=0.00s Real=0.03s
[2026-05-13T16:26:16.311+0000][gc,marking  ] GC(2) Concurrent Mark 99.896ms
[2026-05-13T16:26:16.311+0000][gc,marking  ] GC(2) Concurrent Rebuild Remembered Sets and Scrub Regions
[2026-05-13T16:26:16.325+0000][gc,marking  ] GC(2) Concurrent Rebuild Remembered Sets and Scrub Regions 14.398ms
[2026-05-13T16:26:16.326+0000][gc,start    ] GC(2) Pause Cleanup
[2026-05-13T16:26:16.326+0000][gc          ] GC(2) Pause Cleanup 10M->10M(1024M) 0.040ms
[2026-05-13T16:26:16.326+0000][gc,cpu      ] GC(2) User=0.00s Sys=0.00s Real=0.00s
[2026-05-13T16:26:16.326+0000][gc,marking  ] GC(2) Concurrent Clear Claimed Marks
[2026-05-13T16:26:16.326+0000][gc,marking  ] GC(2) Concurrent Clear Claimed Marks 0.039ms
[2026-05-13T16:26:16.326+0000][gc,marking  ] GC(2) Concurrent Cleanup for Next Mark
[2026-05-13T16:26:16.407+0000][gc,marking  ] GC(2) Concurrent Cleanup for Next Mark 80.828ms
[2026-05-13T16:26:16.407+0000][gc          ] GC(2) Concurrent Mark Cycle 239.553ms
[2026-05-13T16:26:20.292+0000][gc,start    ] GC(3) Pause Young (Normal) (G1 Evacuation Pause)
[2026-05-13T16:26:20.292+0000][gc,task     ] GC(3) Using 2 workers of 2 for evacuation
[2026-05-13T16:26:20.309+0000][gc,phases   ] GC(3)   Pre Evacuate Collection Set: 0.36ms
[2026-05-13T16:26:20.309+0000][gc,phases   ] GC(3)   Merge Heap Roots: 0.15ms
[2026-05-13T16:26:20.309+0000][gc,phases   ] GC(3)   Evacuate Collection Set: 12.49ms
[2026-05-13T16:26:20.309+0000][gc,phases   ] GC(3)   Post Evacuate Collection Set: 3.34ms
[2026-05-13T16:26:20.309+0000][gc,phases   ] GC(3)   Other: 0.12ms
[2026-05-13T16:26:20.309+0000][gc,heap     ] GC(3) Eden regions: 49->0(45)
[2026-05-13T16:26:20.309+0000][gc,heap     ] GC(3) Survivor regions: 2->6(7)
[2026-05-13T16:26:20.309+0000][gc,heap     ] GC(3) Old regions: 9->9
[2026-05-13T16:26:20.309+0000][gc,heap     ] GC(3) Humongous regions: 0->0
[2026-05-13T16:26:20.309+0000][gc,metaspace] GC(3) Metaspace: 33901K(34368K)->33901K(34368K) NonClass: 29987K(30272K)->29987K(30272K) Class: 3914K(4096K)->3914K(4096K)
[2026-05-13T16:26:20.309+0000][gc          ] GC(3) Pause Young (Normal) (G1 Evacuation Pause) 59M->14M(1024M) 17.367ms
[2026-05-13T16:26:20.309+0000][gc,cpu      ] GC(3) User=0.02s Sys=0.00s Real=0.02s
[2026-05-13T16:26:20.628+0000][gc,start    ] GC(4) Pause Young (Concurrent Start) (Metadata GC Threshold)
[2026-05-13T16:26:20.628+0000][gc,task     ] GC(4) Using 2 workers of 2 for evacuation
[2026-05-13T16:26:20.657+0000][gc,phases   ] GC(4)   Pre Evacuate Collection Set: 0.29ms
[2026-05-13T16:26:20.657+0000][gc,phases   ] GC(4)   Merge Heap Roots: 0.10ms
[2026-05-13T16:26:20.657+0000][gc,phases   ] GC(4)   Evacuate Collection Set: 27.21ms
[2026-05-13T16:26:20.657+0000][gc,phases   ] GC(4)   Post Evacuate Collection Set: 1.34ms
[2026-05-13T16:26:20.657+0000][gc,phases   ] GC(4)   Other: 0.26ms
[2026-05-13T16:26:20.657+0000][gc,heap     ] GC(4) Eden regions: 7->0(71)
[2026-05-13T16:26:20.657+0000][gc,heap     ] GC(4) Survivor regions: 6->1(7)
[2026-05-13T16:26:20.657+0000][gc,heap     ] GC(4) Old regions: 9->15
[2026-05-13T16:26:20.657+0000][gc,heap     ] GC(4) Humongous regions: 0->0
[2026-05-13T16:26:20.657+0000][gc,metaspace] GC(4) Metaspace: 35687K(36096K)->35687K(36096K) NonClass: 31541K(31744K)->31541K(31744K) Class: 4146K(4352K)->4146K(4352K)
[2026-05-13T16:26:20.658+0000][gc          ] GC(4) Pause Young (Concurrent Start) (Metadata GC Threshold) 21M->15M(1024M) 29.757ms
[2026-05-13T16:26:20.658+0000][gc          ] GC(5) Concurrent Mark Cycle
[2026-05-13T16:26:20.658+0000][gc,marking  ] GC(5) Concurrent Scan Root Regions
[2026-05-13T16:26:20.658+0000][gc,cpu      ] GC(4) User=0.04s Sys=0.00s Real=0.03s
[2026-05-13T16:26:20.687+0000][gc,marking  ] GC(5) Concurrent Scan Root Regions 29.569ms
[2026-05-13T16:26:20.688+0000][gc,marking  ] GC(5) Concurrent Mark
[2026-05-13T16:26:20.688+0000][gc,marking  ] GC(5) Concurrent Mark From Roots
[2026-05-13T16:26:20.688+0000][gc,task     ] GC(5) Using 1 workers of 1 for marking
[2026-05-13T16:26:20.711+0000][gc,marking  ] GC(5) Concurrent Mark From Roots 23.033ms
[2026-05-13T16:26:20.711+0000][gc,marking  ] GC(5) Concurrent Preclean
[2026-05-13T16:26:20.711+0000][gc,marking  ] GC(5) Concurrent Preclean 0.243ms
[2026-05-13T16:26:20.712+0000][gc,start    ] GC(5) Pause Remark
[2026-05-13T16:26:20.720+0000][gc          ] GC(5) Pause Remark 16M->16M(1024M) 7.684ms
[2026-05-13T16:26:20.720+0000][gc,cpu      ] GC(5) User=0.01s Sys=0.00s Real=0.01s
[2026-05-13T16:26:20.721+0000][gc,marking  ] GC(5) Concurrent Mark 33.613ms
[2026-05-13T16:26:20.721+0000][gc,marking  ] GC(5) Concurrent Rebuild Remembered Sets and Scrub Regions
[2026-05-13T16:26:20.757+0000][gc,marking  ] GC(5) Concurrent Rebuild Remembered Sets and Scrub Regions 35.698ms
[2026-05-13T16:26:20.759+0000][gc,start    ] GC(5) Pause Cleanup
[2026-05-13T16:26:20.760+0000][gc          ] GC(5) Pause Cleanup 17M->17M(1024M) 0.517ms
[2026-05-13T16:26:20.760+0000][gc,cpu      ] GC(5) User=0.00s Sys=0.00s Real=0.00s
[2026-05-13T16:26:20.765+0000][gc,marking  ] GC(5) Concurrent Clear Claimed Marks
[2026-05-13T16:26:20.765+0000][gc,marking  ] GC(5) Concurrent Clear Claimed Marks 0.292ms
[2026-05-13T16:26:20.765+0000][gc,marking  ] GC(5) Concurrent Cleanup for Next Mark
[2026-05-13T16:26:20.776+0000][gc,marking  ] GC(5) Concurrent Cleanup for Next Mark 10.652ms
[2026-05-13T16:26:20.776+0000][gc          ] GC(5) Concurrent Mark Cycle 118.497ms
[2026-05-13T16:27:25.969+0000][gc,start    ] GC(6) Pause Young (Normal) (G1 Evacuation Pause)
[2026-05-13T16:27:25.970+0000][gc,task     ] GC(6) Using 2 workers of 2 for evacuation
[2026-05-13T16:27:26.157+0000][gc,phases   ] GC(6)   Pre Evacuate Collection Set: 5.42ms
[2026-05-13T16:27:26.157+0000][gc,phases   ] GC(6)   Merge Heap Roots: 0.13ms
[2026-05-13T16:27:26.157+0000][gc,phases   ] GC(6)   Evacuate Collection Set: 167.35ms
[2026-05-13T16:27:26.157+0000][gc,phases   ] GC(6)   Post Evacuate Collection Set: 12.95ms
[2026-05-13T16:27:26.157+0000][gc,phases   ] GC(6)   Other: 1.05ms
[2026-05-13T16:27:26.157+0000][gc,heap     ] GC(6) Eden regions: 68->0(42)
[2026-05-13T16:27:26.157+0000][gc,heap     ] GC(6) Survivor regions: 1->9(9)
[2026-05-13T16:27:26.157+0000][gc,heap     ] GC(6) Old regions: 15->16
[2026-05-13T16:27:26.157+0000][gc,heap     ] GC(6) Humongous regions: 129->129
[2026-05-13T16:27:26.157+0000][gc,metaspace] GC(6) Metaspace: 44703K(45632K)->44703K(45632K) NonClass: 39480K(40000K)->39480K(40000K) Class: 5222K(5632K)->5222K(5632K)
[2026-05-13T16:27:26.157+0000][gc          ] GC(6) Pause Young (Normal) (G1 Evacuation Pause) 212M->153M(1024M) 187.979ms
[2026-05-13T16:27:26.157+0000][gc,cpu      ] GC(6) User=0.09s Sys=0.01s Real=0.19s
[2026-05-13T16:28:10.191+0000][gc,start    ] GC(7) Pause Young (Normal) (G1 Evacuation Pause)
[2026-05-13T16:28:10.192+0000][gc,task     ] GC(7) Using 2 workers of 2 for evacuation
[2026-05-13T16:28:10.219+0000][gc,phases   ] GC(7)   Pre Evacuate Collection Set: 3.22ms
[2026-05-13T16:28:10.220+0000][gc,phases   ] GC(7)   Merge Heap Roots: 0.11ms
[2026-05-13T16:28:10.220+0000][gc,phases   ] GC(7)   Evacuate Collection Set: 22.59ms
[2026-05-13T16:28:10.220+0000][gc,phases   ] GC(7)   Post Evacuate Collection Set: 1.51ms
[2026-05-13T16:28:10.220+0000][gc,phases   ] GC(7)   Other: 0.12ms
[2026-05-13T16:28:10.220+0000][gc,heap     ] GC(7) Eden regions: 42->0(87)
[2026-05-13T16:28:10.220+0000][gc,heap     ] GC(7) Survivor regions: 9->3(7)
[2026-05-13T16:28:10.220+0000][gc,heap     ] GC(7) Old regions: 16->25
[2026-05-13T16:28:10.220+0000][gc,heap     ] GC(7) Humongous regions: 129->129
[2026-05-13T16:28:10.220+0000][gc,metaspace] GC(7) Metaspace: 47615K(48640K)->47615K(48640K) NonClass: 42043K(42624K)->42043K(42624K) Class: 5571K(6016K)->5571K(6016K)
[2026-05-13T16:28:10.220+0000][gc          ] GC(7) Pause Young (Normal) (G1 Evacuation Pause) 195M->155M(1024M) 28.787ms
[2026-05-13T16:28:10.220+0000][gc,cpu      ] GC(7) User=0.03s Sys=0.01s Real=0.03s
[2026-05-13T16:31:03.909+0000][gc,start    ] GC(8) Pause Young (Normal) (G1 Evacuation Pause)
[2026-05-13T16:31:03.909+0000][gc,task     ] GC(8) Using 2 workers of 2 for evacuation
[2026-05-13T16:31:03.924+0000][gc,phases   ] GC(8)   Pre Evacuate Collection Set: 0.35ms
[2026-05-13T16:31:03.924+0000][gc,phases   ] GC(8)   Merge Heap Roots: 0.33ms
[2026-05-13T16:31:03.924+0000][gc,phases   ] GC(8)   Evacuate Collection Set: 12.76ms
[2026-05-13T16:31:03.924+0000][gc,phases   ] GC(8)   Post Evacuate Collection Set: 1.31ms
[2026-05-13T16:31:03.924+0000][gc,phases   ] GC(8)   Other: 0.13ms
[2026-05-13T16:31:03.924+0000][gc,heap     ] GC(8) Eden regions: 82->0(372)
[2026-05-13T16:31:03.924+0000][gc,heap     ] GC(8) Survivor regions: 3->3(11)
[2026-05-13T16:31:03.924+0000][gc,heap     ] GC(8) Old regions: 25->25
[2026-05-13T16:31:03.924+0000][gc,heap     ] GC(8) Humongous regions: 129->129
[2026-05-13T16:31:03.924+0000][gc,metaspace] GC(8) Metaspace: 49855K(50880K)->49855K(50880K) NonClass: 44029K(44608K)->44029K(44608K) Class: 5826K(6272K)->5826K(6272K)
[2026-05-13T16:31:03.925+0000][gc          ] GC(8) Pause Young (Normal) (G1 Evacuation Pause) 237M->156M(1024M) 15.991ms
[2026-05-13T16:31:03.925+0000][gc,cpu      ] GC(8) User=0.02s Sys=0.01s Real=0.01s
[2026-05-13T16:31:04.046+0000][gc,heap,exit] Heap
[2026-05-13T16:31:04.046+0000][gc,heap,exit]  garbage-first heap   total 1048576K, used 164983K [0x00000000c0000000, 0x0000000100000000)
[2026-05-13T16:31:04.046+0000][gc,heap,exit]   region size 1024K, 8 young (8192K), 3 survivors (3072K)
[2026-05-13T16:31:04.046+0000][gc,heap,exit]  Metaspace       used 49935K, committed 50944K, reserved 1114112K
[2026-05-13T16:31:04.046+0000][gc,heap,exit]   class space    used 5847K, committed 6272K, reserved 1048576K
