[2026-05-14T00:18:20.000+0000][gc,init] CardTable entry size: 512
[2026-05-14T00:18:20.000+0000][gc     ] Using G1
[2026-05-14T00:18:20.047+0000][gc,init] Version: 21.0.10+7-LTS (release)
[2026-05-14T00:18:20.048+0000][gc,init] CPUs: 2 total, 2 available
[2026-05-14T00:18:20.048+0000][gc,init] Memory: 3732M
[2026-05-14T00:18:20.048+0000][gc,init] Large Page Support: Disabled
[2026-05-14T00:18:20.048+0000][gc,init] NUMA Support: Disabled
[2026-05-14T00:18:20.048+0000][gc,init] Compressed Oops: Enabled (32-bit)
[2026-05-14T00:18:20.048+0000][gc,init] Heap Region Size: 1M
[2026-05-14T00:18:20.048+0000][gc,init] Heap Min Capacity: 1G
[2026-05-14T00:18:20.048+0000][gc,init] Heap Initial Capacity: 1G
[2026-05-14T00:18:20.048+0000][gc,init] Heap Max Capacity: 1G
[2026-05-14T00:18:20.048+0000][gc,init] Pre-touch: Disabled
[2026-05-14T00:18:20.048+0000][gc,init] Parallel Workers: 2
[2026-05-14T00:18:20.048+0000][gc,init] Concurrent Workers: 1
[2026-05-14T00:18:20.048+0000][gc,init] Concurrent Refinement Workers: 2
[2026-05-14T00:18:20.048+0000][gc,init] Periodic GC: Disabled
[2026-05-14T00:18:20.527+0000][gc,metaspace] CDS archive(s) mapped at: [0x00007fe887000000-0x00007fe887bad000-0x00007fe887bad000), size 12242944, SharedBaseAddress: 0x00007fe887000000, ArchiveRelocationMode: 1.
[2026-05-14T00:18:20.528+0000][gc,metaspace] Compressed class space mapped at: 0x00007fe88b000000-0x00007fe8cb000000, reserved size: 1073741824
[2026-05-14T00:18:20.528+0000][gc,metaspace] Narrow klass base: 0x00007fe887000000, Narrow klass shift: 0, Narrow klass range: 0x100000000
[2026-05-14T00:18:26.689+0000][gc,start    ] GC(0) Pause Young (Normal) (G1 Evacuation Pause)
[2026-05-14T00:18:26.693+0000][gc,task     ] GC(0) Using 2 workers of 2 for evacuation
[2026-05-14T00:18:26.727+0000][gc,phases   ] GC(0)   Pre Evacuate Collection Set: 0.29ms
[2026-05-14T00:18:26.728+0000][gc,phases   ] GC(0)   Merge Heap Roots: 0.10ms
[2026-05-14T00:18:26.728+0000][gc,phases   ] GC(0)   Evacuate Collection Set: 30.04ms
[2026-05-14T00:18:26.728+0000][gc,phases   ] GC(0)   Post Evacuate Collection Set: 2.44ms
[2026-05-14T00:18:26.728+0000][gc,phases   ] GC(0)   Other: 4.87ms
[2026-05-14T00:18:26.728+0000][gc,heap     ] GC(0) Eden regions: 51->0(44)
[2026-05-14T00:18:26.729+0000][gc,heap     ] GC(0) Survivor regions: 0->7(7)
[2026-05-14T00:18:26.729+0000][gc,heap     ] GC(0) Old regions: 1->3
[2026-05-14T00:18:26.729+0000][gc,heap     ] GC(0) Humongous regions: 0->0
[2026-05-14T00:18:26.729+0000][gc,metaspace] GC(0) Metaspace: 15530K(15744K)->15530K(15744K) NonClass: 13771K(13888K)->13771K(13888K) Class: 1759K(1856K)->1759K(1856K)
[2026-05-14T00:18:26.730+0000][gc          ] GC(0) Pause Young (Normal) (G1 Evacuation Pause) 51M->9M(1024M) 40.409ms
[2026-05-14T00:18:26.730+0000][gc,cpu      ] GC(0) User=0.02s Sys=0.00s Real=0.04s
[2026-05-14T00:18:28.866+0000][gc,start    ] GC(1) Pause Young (Concurrent Start) (Metadata GC Threshold)
[2026-05-14T00:18:28.866+0000][gc,task     ] GC(1) Using 2 workers of 2 for evacuation
[2026-05-14T00:18:28.947+0000][gc,phases   ] GC(1)   Pre Evacuate Collection Set: 0.31ms
[2026-05-14T00:18:28.948+0000][gc,phases   ] GC(1)   Merge Heap Roots: 0.05ms
[2026-05-14T00:18:28.948+0000][gc,phases   ] GC(1)   Evacuate Collection Set: 78.49ms
[2026-05-14T00:18:28.948+0000][gc,phases   ] GC(1)   Post Evacuate Collection Set: 2.44ms
[2026-05-14T00:18:28.948+0000][gc,phases   ] GC(1)   Other: 0.13ms
[2026-05-14T00:18:28.949+0000][gc,heap     ] GC(1) Eden regions: 17->0(50)
[2026-05-14T00:18:28.949+0000][gc,heap     ] GC(1) Survivor regions: 7->1(7)
[2026-05-14T00:18:28.949+0000][gc,heap     ] GC(1) Old regions: 3->10
[2026-05-14T00:18:28.949+0000][gc,heap     ] GC(1) Humongous regions: 0->0
[2026-05-14T00:18:28.949+0000][gc,metaspace] GC(1) Metaspace: 21285K(21504K)->21285K(21504K) NonClass: 18687K(18816K)->18687K(18816K) Class: 2598K(2688K)->2598K(2688K)
[2026-05-14T00:18:28.950+0000][gc          ] GC(1) Pause Young (Concurrent Start) (Metadata GC Threshold) 25M->10M(1024M) 83.800ms
[2026-05-14T00:18:28.952+0000][gc          ] GC(2) Concurrent Mark Cycle
[2026-05-14T00:18:28.952+0000][gc,marking  ] GC(2) Concurrent Scan Root Regions
[2026-05-14T00:18:28.953+0000][gc,cpu      ] GC(1) User=0.03s Sys=0.01s Real=0.08s
[2026-05-14T00:18:28.973+0000][gc,marking  ] GC(2) Concurrent Scan Root Regions 20.891ms
[2026-05-14T00:18:28.973+0000][gc,marking  ] GC(2) Concurrent Mark
[2026-05-14T00:18:28.973+0000][gc,marking  ] GC(2) Concurrent Mark From Roots
[2026-05-14T00:18:28.973+0000][gc,task     ] GC(2) Using 1 workers of 1 for marking
[2026-05-14T00:18:29.000+0000][gc,marking  ] GC(2) Concurrent Mark From Roots 26.433ms
[2026-05-14T00:18:29.000+0000][gc,marking  ] GC(2) Concurrent Preclean
[2026-05-14T00:18:29.000+0000][gc,marking  ] GC(2) Concurrent Preclean 0.018ms
[2026-05-14T00:18:29.003+0000][gc,start    ] GC(2) Pause Remark
[2026-05-14T00:18:29.010+0000][gc          ] GC(2) Pause Remark 10M->10M(1024M) 6.996ms
[2026-05-14T00:18:29.010+0000][gc,cpu      ] GC(2) User=0.00s Sys=0.00s Real=0.01s
[2026-05-14T00:18:29.010+0000][gc,marking  ] GC(2) Concurrent Mark 36.572ms
[2026-05-14T00:18:29.010+0000][gc,marking  ] GC(2) Concurrent Rebuild Remembered Sets and Scrub Regions
[2026-05-14T00:18:29.044+0000][gc,marking  ] GC(2) Concurrent Rebuild Remembered Sets and Scrub Regions 33.865ms
[2026-05-14T00:18:29.045+0000][gc,start    ] GC(2) Pause Cleanup
[2026-05-14T00:18:29.045+0000][gc          ] GC(2) Pause Cleanup 10M->10M(1024M) 0.560ms
[2026-05-14T00:18:29.045+0000][gc,cpu      ] GC(2) User=0.00s Sys=0.00s Real=0.00s
[2026-05-14T00:18:29.046+0000][gc,marking  ] GC(2) Concurrent Clear Claimed Marks
[2026-05-14T00:18:29.046+0000][gc,marking  ] GC(2) Concurrent Clear Claimed Marks 0.037ms
[2026-05-14T00:18:29.046+0000][gc,marking  ] GC(2) Concurrent Cleanup for Next Mark
[2026-05-14T00:18:29.114+0000][gc,marking  ] GC(2) Concurrent Cleanup for Next Mark 67.863ms
[2026-05-14T00:18:29.114+0000][gc          ] GC(2) Concurrent Mark Cycle 161.365ms
[2026-05-14T00:18:35.258+0000][gc,start    ] GC(3) Pause Young (Normal) (G1 Evacuation Pause)
[2026-05-14T00:18:35.258+0000][gc,task     ] GC(3) Using 2 workers of 2 for evacuation
[2026-05-14T00:18:35.339+0000][gc,phases   ] GC(3)   Pre Evacuate Collection Set: 0.29ms
[2026-05-14T00:18:35.339+0000][gc,phases   ] GC(3)   Merge Heap Roots: 0.07ms
[2026-05-14T00:18:35.339+0000][gc,phases   ] GC(3)   Evacuate Collection Set: 67.55ms
[2026-05-14T00:18:35.339+0000][gc,phases   ] GC(3)   Post Evacuate Collection Set: 12.43ms
[2026-05-14T00:18:35.340+0000][gc,phases   ] GC(3)   Other: 0.10ms
[2026-05-14T00:18:35.340+0000][gc,heap     ] GC(3) Eden regions: 50->0(45)
[2026-05-14T00:18:35.343+0000][gc,heap     ] GC(3) Survivor regions: 1->6(7)
[2026-05-14T00:18:35.343+0000][gc,heap     ] GC(3) Old regions: 10->10
[2026-05-14T00:18:35.344+0000][gc,heap     ] GC(3) Humongous regions: 0->0
[2026-05-14T00:18:35.344+0000][gc,metaspace] GC(3) Metaspace: 34299K(34752K)->34299K(34752K) NonClass: 30340K(30592K)->30340K(30592K) Class: 3959K(4160K)->3959K(4160K)
[2026-05-14T00:18:35.344+0000][gc          ] GC(3) Pause Young (Normal) (G1 Evacuation Pause) 60M->14M(1024M) 85.530ms
[2026-05-14T00:18:35.344+0000][gc,cpu      ] GC(3) User=0.04s Sys=0.00s Real=0.09s
[2026-05-14T00:18:35.997+0000][gc,start    ] GC(4) Pause Young (Concurrent Start) (Metadata GC Threshold)
[2026-05-14T00:18:35.997+0000][gc,task     ] GC(4) Using 2 workers of 2 for evacuation
[2026-05-14T00:18:36.112+0000][gc,phases   ] GC(4)   Pre Evacuate Collection Set: 0.24ms
[2026-05-14T00:18:36.112+0000][gc,phases   ] GC(4)   Merge Heap Roots: 0.06ms
[2026-05-14T00:18:36.112+0000][gc,phases   ] GC(4)   Evacuate Collection Set: 113.19ms
[2026-05-14T00:18:36.112+0000][gc,phases   ] GC(4)   Post Evacuate Collection Set: 1.27ms
[2026-05-14T00:18:36.112+0000][gc,phases   ] GC(4)   Other: 0.12ms
[2026-05-14T00:18:36.112+0000][gc,heap     ] GC(4) Eden regions: 7->0(55)
[2026-05-14T00:18:36.112+0000][gc,heap     ] GC(4) Survivor regions: 6->1(7)
[2026-05-14T00:18:36.112+0000][gc,heap     ] GC(4) Old regions: 10->15
[2026-05-14T00:18:36.112+0000][gc,heap     ] GC(4) Humongous regions: 0->0
[2026-05-14T00:18:36.112+0000][gc,metaspace] GC(4) Metaspace: 35705K(36096K)->35705K(36096K) NonClass: 31564K(31808K)->31564K(31808K) Class: 4141K(4288K)->4141K(4288K)
[2026-05-14T00:18:36.112+0000][gc          ] GC(4) Pause Young (Concurrent Start) (Metadata GC Threshold) 21M->15M(1024M) 115.227ms
[2026-05-14T00:18:36.112+0000][gc,cpu      ] GC(4) User=0.10s Sys=0.01s Real=0.11s
[2026-05-14T00:18:36.125+0000][gc          ] GC(5) Concurrent Mark Cycle
[2026-05-14T00:18:36.125+0000][gc,marking  ] GC(5) Concurrent Scan Root Regions
[2026-05-14T00:18:36.160+0000][gc,marking  ] GC(5) Concurrent Scan Root Regions 34.935ms
[2026-05-14T00:18:36.160+0000][gc,marking  ] GC(5) Concurrent Mark
[2026-05-14T00:18:36.160+0000][gc,marking  ] GC(5) Concurrent Mark From Roots
[2026-05-14T00:18:36.160+0000][gc,task     ] GC(5) Using 1 workers of 1 for marking
[2026-05-14T00:18:36.215+0000][gc,marking  ] GC(5) Concurrent Mark From Roots 54.435ms
[2026-05-14T00:18:36.215+0000][gc,marking  ] GC(5) Concurrent Preclean
[2026-05-14T00:18:36.215+0000][gc,marking  ] GC(5) Concurrent Preclean 0.111ms
[2026-05-14T00:18:36.215+0000][gc,start    ] GC(5) Pause Remark
[2026-05-14T00:18:36.227+0000][gc          ] GC(5) Pause Remark 16M->16M(1024M) 11.968ms
[2026-05-14T00:18:36.227+0000][gc,cpu      ] GC(5) User=0.01s Sys=0.00s Real=0.01s
[2026-05-14T00:18:36.228+0000][gc,marking  ] GC(5) Concurrent Mark 67.893ms
[2026-05-14T00:18:36.228+0000][gc,marking  ] GC(5) Concurrent Rebuild Remembered Sets and Scrub Regions
[2026-05-14T00:18:36.262+0000][gc,marking  ] GC(5) Concurrent Rebuild Remembered Sets and Scrub Regions 34.041ms
[2026-05-14T00:18:36.263+0000][gc,start    ] GC(5) Pause Cleanup
[2026-05-14T00:18:36.263+0000][gc          ] GC(5) Pause Cleanup 16M->16M(1024M) 0.440ms
[2026-05-14T00:18:36.264+0000][gc,cpu      ] GC(5) User=0.00s Sys=0.00s Real=0.01s
[2026-05-14T00:18:36.265+0000][gc,marking  ] GC(5) Concurrent Clear Claimed Marks
[2026-05-14T00:18:36.265+0000][gc,marking  ] GC(5) Concurrent Clear Claimed Marks 0.248ms
[2026-05-14T00:18:36.266+0000][gc,marking  ] GC(5) Concurrent Cleanup for Next Mark
[2026-05-14T00:18:36.277+0000][gc,marking  ] GC(5) Concurrent Cleanup for Next Mark 11.259ms
[2026-05-14T00:18:36.277+0000][gc          ] GC(5) Concurrent Mark Cycle 152.859ms
[2026-05-14T00:18:41.266+0000][gc,start    ] GC(6) Pause Young (Prepare Mixed) (G1 Evacuation Pause)
[2026-05-14T00:18:41.267+0000][gc,task     ] GC(6) Using 2 workers of 2 for evacuation
[2026-05-14T00:18:41.362+0000][gc,phases   ] GC(6)   Pre Evacuate Collection Set: 1.20ms
[2026-05-14T00:18:41.363+0000][gc,phases   ] GC(6)   Merge Heap Roots: 2.55ms
[2026-05-14T00:18:41.363+0000][gc,phases   ] GC(6)   Evacuate Collection Set: 87.19ms
[2026-05-14T00:18:41.363+0000][gc,phases   ] GC(6)   Post Evacuate Collection Set: 4.81ms
[2026-05-14T00:18:41.363+0000][gc,phases   ] GC(6)   Other: 0.11ms
[2026-05-14T00:18:41.363+0000][gc,heap     ] GC(6) Eden regions: 50->0(44)
[2026-05-14T00:18:41.363+0000][gc,heap     ] GC(6) Survivor regions: 1->7(7)
[2026-05-14T00:18:41.363+0000][gc,heap     ] GC(6) Old regions: 15->17
[2026-05-14T00:18:41.363+0000][gc,heap     ] GC(6) Humongous regions: 129->129
[2026-05-14T00:18:41.363+0000][gc,metaspace] GC(6) Metaspace: 42823K(43584K)->42823K(43584K) NonClass: 37780K(38208K)->37780K(38208K) Class: 5042K(5376K)->5042K(5376K)
[2026-05-14T00:18:41.363+0000][gc          ] GC(6) Pause Young (Prepare Mixed) (G1 Evacuation Pause) 194M->152M(1024M) 96.533ms
[2026-05-14T00:18:41.363+0000][gc,cpu      ] GC(6) User=0.03s Sys=0.00s Real=0.09s
[2026-05-14T00:19:12.164+0000][gc,start    ] GC(7) Pause Young (Mixed) (G1 Evacuation Pause)
[2026-05-14T00:19:12.165+0000][gc,task     ] GC(7) Using 2 workers of 2 for evacuation
[2026-05-14T00:19:12.191+0000][gc,phases   ] GC(7)   Pre Evacuate Collection Set: 0.29ms
[2026-05-14T00:19:12.191+0000][gc,phases   ] GC(7)   Merge Heap Roots: 0.11ms
[2026-05-14T00:19:12.191+0000][gc,phases   ] GC(7)   Evacuate Collection Set: 24.28ms
[2026-05-14T00:19:12.191+0000][gc,phases   ] GC(7)   Post Evacuate Collection Set: 1.73ms
[2026-05-14T00:19:12.191+0000][gc,phases   ] GC(7)   Other: 0.14ms
[2026-05-14T00:19:12.191+0000][gc,heap     ] GC(7) Eden regions: 44->0(48)
[2026-05-14T00:19:12.191+0000][gc,heap     ] GC(7) Survivor regions: 7->3(7)
[2026-05-14T00:19:12.191+0000][gc,heap     ] GC(7) Old regions: 17->24
[2026-05-14T00:19:12.191+0000][gc,heap     ] GC(7) Humongous regions: 130->130
[2026-05-14T00:19:12.191+0000][gc,metaspace] GC(7) Metaspace: 47719K(48896K)->47719K(48896K) NonClass: 42019K(42688K)->42019K(42688K) Class: 5699K(6208K)->5699K(6208K)
[2026-05-14T00:19:12.191+0000][gc          ] GC(7) Pause Young (Mixed) (G1 Evacuation Pause) 197M->156M(1024M) 26.917ms
[2026-05-14T00:19:12.191+0000][gc,cpu      ] GC(7) User=0.03s Sys=0.01s Real=0.02s
[2026-05-14T00:21:00.669+0000][gc,start    ] GC(8) Pause Young (Normal) (G1 Evacuation Pause)
[2026-05-14T00:21:00.670+0000][gc,task     ] GC(8) Using 2 workers of 2 for evacuation
[2026-05-14T00:21:00.701+0000][gc,phases   ] GC(8)   Pre Evacuate Collection Set: 2.68ms
[2026-05-14T00:21:00.701+0000][gc,phases   ] GC(8)   Merge Heap Roots: 0.27ms
[2026-05-14T00:21:00.701+0000][gc,phases   ] GC(8)   Evacuate Collection Set: 26.97ms
[2026-05-14T00:21:00.701+0000][gc,phases   ] GC(8)   Post Evacuate Collection Set: 0.93ms
[2026-05-14T00:21:00.701+0000][gc,phases   ] GC(8)   Other: 0.17ms
[2026-05-14T00:21:00.701+0000][gc,heap     ] GC(8) Eden regions: 48->0(50)
[2026-05-14T00:21:00.701+0000][gc,heap     ] GC(8) Survivor regions: 3->6(7)
[2026-05-14T00:21:00.701+0000][gc,heap     ] GC(8) Old regions: 24->24
[2026-05-14T00:21:00.701+0000][gc,heap     ] GC(8) Humongous regions: 130->130
[2026-05-14T00:21:00.701+0000][gc,metaspace] GC(8) Metaspace: 49047K(50112K)->49047K(50112K) NonClass: 43335K(43904K)->43335K(43904K) Class: 5712K(6208K)->5712K(6208K)
[2026-05-14T00:21:00.701+0000][gc          ] GC(8) Pause Young (Normal) (G1 Evacuation Pause) 204M->158M(1024M) 32.035ms
[2026-05-14T00:21:00.701+0000][gc,cpu      ] GC(8) User=0.03s Sys=0.00s Real=0.03s
[2026-05-14T00:23:00.911+0000][gc,start    ] GC(9) Pause Young (Normal) (G1 Evacuation Pause)
[2026-05-14T00:23:00.912+0000][gc,task     ] GC(9) Using 2 workers of 2 for evacuation
[2026-05-14T00:23:00.957+0000][gc,phases   ] GC(9)   Pre Evacuate Collection Set: 1.08ms
[2026-05-14T00:23:00.957+0000][gc,phases   ] GC(9)   Merge Heap Roots: 0.09ms
[2026-05-14T00:23:00.957+0000][gc,phases   ] GC(9)   Evacuate Collection Set: 42.39ms
[2026-05-14T00:23:00.957+0000][gc,phases   ] GC(9)   Post Evacuate Collection Set: 1.15ms
[2026-05-14T00:23:00.958+0000][gc,phases   ] GC(9)   Other: 0.28ms
[2026-05-14T00:23:00.958+0000][gc,heap     ] GC(9) Eden regions: 49->0(84)
[2026-05-14T00:23:00.958+0000][gc,heap     ] GC(9) Survivor regions: 6->6(7)
[2026-05-14T00:23:00.958+0000][gc,heap     ] GC(9) Old regions: 24->27
[2026-05-14T00:23:00.958+0000][gc,heap     ] GC(9) Humongous regions: 130->130
[2026-05-14T00:23:00.958+0000][gc,metaspace] GC(9) Metaspace: 49324K(50432K)->49324K(50432K) NonClass: 43611K(44224K)->43611K(44224K) Class: 5712K(6208K)->5712K(6208K)
[2026-05-14T00:23:00.959+0000][gc          ] GC(9) Pause Young (Normal) (G1 Evacuation Pause) 207M->162M(1024M) 48.109ms
[2026-05-14T00:23:00.959+0000][gc,cpu      ] GC(9) User=0.03s Sys=0.00s Real=0.05s
[2026-05-14T00:26:52.184+0000][gc,start    ] GC(10) Pause Young (Normal) (G1 Evacuation Pause)
[2026-05-14T00:26:52.185+0000][gc,task     ] GC(10) Using 2 workers of 2 for evacuation
[2026-05-14T00:26:52.246+0000][gc,phases   ] GC(10)   Pre Evacuate Collection Set: 5.82ms
[2026-05-14T00:26:52.246+0000][gc,phases   ] GC(10)   Merge Heap Roots: 0.14ms
[2026-05-14T00:26:52.246+0000][gc,phases   ] GC(10)   Evacuate Collection Set: 50.46ms
[2026-05-14T00:26:52.246+0000][gc,phases   ] GC(10)   Post Evacuate Collection Set: 4.81ms
[2026-05-14T00:26:52.246+0000][gc,phases   ] GC(10)   Other: 0.33ms
[2026-05-14T00:26:52.246+0000][gc,heap     ] GC(10) Eden regions: 89->0(107)
[2026-05-14T00:26:52.246+0000][gc,heap     ] GC(10) Survivor regions: 6->8(12)
[2026-05-14T00:26:52.246+0000][gc,heap     ] GC(10) Old regions: 27->27
[2026-05-14T00:26:52.246+0000][gc,heap     ] GC(10) Humongous regions: 130->130
[2026-05-14T00:26:52.246+0000][gc,metaspace] GC(10) Metaspace: 49428K(50496K)->49428K(50496K) NonClass: 43711K(44288K)->43711K(44288K) Class: 5717K(6208K)->5717K(6208K)
[2026-05-14T00:26:52.246+0000][gc          ] GC(10) Pause Young (Normal) (G1 Evacuation Pause) 251M->164M(1024M) 62.368ms
[2026-05-14T00:26:52.246+0000][gc,cpu      ] GC(10) User=0.03s Sys=0.01s Real=0.06s
[2026-05-14T00:28:10.660+0000][gc,heap,exit] Heap
[2026-05-14T00:28:10.661+0000][gc,heap,exit]  garbage-first heap   total 1048576K, used 217046K [0x00000000c0000000, 0x0000000100000000)
[2026-05-14T00:28:10.661+0000][gc,heap,exit]   region size 1024K, 56 young (57344K), 8 survivors (8192K)
[2026-05-14T00:28:10.661+0000][gc,heap,exit]  Metaspace       used 50901K, committed 52032K, reserved 1114112K
[2026-05-14T00:28:10.661+0000][gc,heap,exit]   class space    used 5994K, committed 6528K, reserved 1048576K
