[2026-05-13T23:28:25.810+0000][gc,init] CardTable entry size: 512
[2026-05-13T23:28:25.811+0000][gc     ] Using G1
[2026-05-13T23:28:25.830+0000][gc,init] Version: 21.0.10+7-LTS (release)
[2026-05-13T23:28:25.830+0000][gc,init] CPUs: 2 total, 2 available
[2026-05-13T23:28:25.831+0000][gc,init] Memory: 3732M
[2026-05-13T23:28:25.831+0000][gc,init] Large Page Support: Disabled
[2026-05-13T23:28:25.831+0000][gc,init] NUMA Support: Disabled
[2026-05-13T23:28:25.832+0000][gc,init] Compressed Oops: Enabled (32-bit)
[2026-05-13T23:28:25.832+0000][gc,init] Heap Region Size: 1M
[2026-05-13T23:28:25.832+0000][gc,init] Heap Min Capacity: 1G
[2026-05-13T23:28:25.832+0000][gc,init] Heap Initial Capacity: 1G
[2026-05-13T23:28:25.833+0000][gc,init] Heap Max Capacity: 1G
[2026-05-13T23:28:25.833+0000][gc,init] Pre-touch: Disabled
[2026-05-13T23:28:25.833+0000][gc,init] Parallel Workers: 2
[2026-05-13T23:28:25.833+0000][gc,init] Concurrent Workers: 1
[2026-05-13T23:28:25.833+0000][gc,init] Concurrent Refinement Workers: 2
[2026-05-13T23:28:25.834+0000][gc,init] Periodic GC: Disabled
[2026-05-13T23:28:26.362+0000][gc,metaspace] CDS archive(s) mapped at: [0x00007f1008000000-0x00007f1008bad000-0x00007f1008bad000), size 12242944, SharedBaseAddress: 0x00007f1008000000, ArchiveRelocationMode: 1.
[2026-05-13T23:28:26.362+0000][gc,metaspace] Compressed class space mapped at: 0x00007f100c000000-0x00007f104c000000, reserved size: 1073741824
[2026-05-13T23:28:26.362+0000][gc,metaspace] Narrow klass base: 0x00007f1008000000, Narrow klass shift: 0, Narrow klass range: 0x100000000
[2026-05-13T23:28:34.050+0000][gc,start    ] GC(0) Pause Young (Normal) (G1 Evacuation Pause)
[2026-05-13T23:28:34.053+0000][gc,task     ] GC(0) Using 2 workers of 2 for evacuation
[2026-05-13T23:28:34.126+0000][gc,phases   ] GC(0)   Pre Evacuate Collection Set: 0.30ms
[2026-05-13T23:28:34.126+0000][gc,phases   ] GC(0)   Merge Heap Roots: 0.10ms
[2026-05-13T23:28:34.126+0000][gc,phases   ] GC(0)   Evacuate Collection Set: 64.07ms
[2026-05-13T23:28:34.126+0000][gc,phases   ] GC(0)   Post Evacuate Collection Set: 7.98ms
[2026-05-13T23:28:34.126+0000][gc,phases   ] GC(0)   Other: 1.13ms
[2026-05-13T23:28:34.127+0000][gc,heap     ] GC(0) Eden regions: 51->0(44)
[2026-05-13T23:28:34.127+0000][gc,heap     ] GC(0) Survivor regions: 0->7(7)
[2026-05-13T23:28:34.127+0000][gc,heap     ] GC(0) Old regions: 1->2
[2026-05-13T23:28:34.127+0000][gc,heap     ] GC(0) Humongous regions: 0->0
[2026-05-13T23:28:34.127+0000][gc,metaspace] GC(0) Metaspace: 15196K(15424K)->15196K(15424K) NonClass: 13464K(13568K)->13464K(13568K) Class: 1732K(1856K)->1732K(1856K)
[2026-05-13T23:28:34.127+0000][gc          ] GC(0) Pause Young (Normal) (G1 Evacuation Pause) 51M->8M(1024M) 77.261ms
[2026-05-13T23:28:34.127+0000][gc,cpu      ] GC(0) User=0.02s Sys=0.00s Real=0.08s
[2026-05-13T23:28:35.820+0000][gc,start    ] GC(1) Pause Young (Concurrent Start) (Metadata GC Threshold)
[2026-05-13T23:28:35.820+0000][gc,task     ] GC(1) Using 2 workers of 2 for evacuation
[2026-05-13T23:28:35.876+0000][gc,phases   ] GC(1)   Pre Evacuate Collection Set: 0.31ms
[2026-05-13T23:28:35.876+0000][gc,phases   ] GC(1)   Merge Heap Roots: 0.07ms
[2026-05-13T23:28:35.876+0000][gc,phases   ] GC(1)   Evacuate Collection Set: 52.74ms
[2026-05-13T23:28:35.876+0000][gc,phases   ] GC(1)   Post Evacuate Collection Set: 2.86ms
[2026-05-13T23:28:35.876+0000][gc,phases   ] GC(1)   Other: 0.16ms
[2026-05-13T23:28:35.876+0000][gc,heap     ] GC(1) Eden regions: 18->0(49)
[2026-05-13T23:28:35.876+0000][gc,heap     ] GC(1) Survivor regions: 7->2(7)
[2026-05-13T23:28:35.876+0000][gc,heap     ] GC(1) Old regions: 2->9
[2026-05-13T23:28:35.876+0000][gc,heap     ] GC(1) Humongous regions: 0->0
[2026-05-13T23:28:35.876+0000][gc,metaspace] GC(1) Metaspace: 21280K(21504K)->21280K(21504K) NonClass: 18678K(18816K)->18678K(18816K) Class: 2601K(2688K)->2601K(2688K)
[2026-05-13T23:28:35.876+0000][gc          ] GC(1) Pause Young (Concurrent Start) (Metadata GC Threshold) 26M->10M(1024M) 56.518ms
[2026-05-13T23:28:35.877+0000][gc          ] GC(2) Concurrent Mark Cycle
[2026-05-13T23:28:35.877+0000][gc,marking  ] GC(2) Concurrent Scan Root Regions
[2026-05-13T23:28:35.877+0000][gc,cpu      ] GC(1) User=0.02s Sys=0.00s Real=0.06s
[2026-05-13T23:28:35.899+0000][gc,marking  ] GC(2) Concurrent Scan Root Regions 22.647ms
[2026-05-13T23:28:35.899+0000][gc,marking  ] GC(2) Concurrent Mark
[2026-05-13T23:28:35.899+0000][gc,marking  ] GC(2) Concurrent Mark From Roots
[2026-05-13T23:28:35.899+0000][gc,task     ] GC(2) Using 1 workers of 1 for marking
[2026-05-13T23:28:36.005+0000][gc,marking  ] GC(2) Concurrent Mark From Roots 105.944ms
[2026-05-13T23:28:36.005+0000][gc,marking  ] GC(2) Concurrent Preclean
[2026-05-13T23:28:36.005+0000][gc,marking  ] GC(2) Concurrent Preclean 0.020ms
[2026-05-13T23:28:36.018+0000][gc,start    ] GC(2) Pause Remark
[2026-05-13T23:28:36.048+0000][gc          ] GC(2) Pause Remark 10M->10M(1024M) 30.054ms
[2026-05-13T23:28:36.049+0000][gc,cpu      ] GC(2) User=0.01s Sys=0.00s Real=0.03s
[2026-05-13T23:28:36.065+0000][gc,marking  ] GC(2) Concurrent Mark 165.935ms
[2026-05-13T23:28:36.066+0000][gc,marking  ] GC(2) Concurrent Rebuild Remembered Sets and Scrub Regions
[2026-05-13T23:28:36.086+0000][gc,marking  ] GC(2) Concurrent Rebuild Remembered Sets and Scrub Regions 19.959ms
[2026-05-13T23:28:36.089+0000][gc,start    ] GC(2) Pause Cleanup
[2026-05-13T23:28:36.090+0000][gc          ] GC(2) Pause Cleanup 10M->10M(1024M) 0.308ms
[2026-05-13T23:28:36.090+0000][gc,cpu      ] GC(2) User=0.00s Sys=0.00s Real=0.00s
[2026-05-13T23:28:36.090+0000][gc,marking  ] GC(2) Concurrent Clear Claimed Marks
[2026-05-13T23:28:36.090+0000][gc,marking  ] GC(2) Concurrent Clear Claimed Marks 0.187ms
[2026-05-13T23:28:36.090+0000][gc,marking  ] GC(2) Concurrent Cleanup for Next Mark
[2026-05-13T23:28:36.157+0000][gc,marking  ] GC(2) Concurrent Cleanup for Next Mark 66.385ms
[2026-05-13T23:28:36.157+0000][gc          ] GC(2) Concurrent Mark Cycle 280.534ms
[2026-05-13T23:28:43.875+0000][gc,start    ] GC(3) Pause Young (Normal) (G1 Evacuation Pause)
[2026-05-13T23:28:43.875+0000][gc,task     ] GC(3) Using 2 workers of 2 for evacuation
[2026-05-13T23:28:43.916+0000][gc,phases   ] GC(3)   Pre Evacuate Collection Set: 0.30ms
[2026-05-13T23:28:43.916+0000][gc,phases   ] GC(3)   Merge Heap Roots: 0.06ms
[2026-05-13T23:28:43.916+0000][gc,phases   ] GC(3)   Evacuate Collection Set: 37.83ms
[2026-05-13T23:28:43.916+0000][gc,phases   ] GC(3)   Post Evacuate Collection Set: 1.88ms
[2026-05-13T23:28:43.916+0000][gc,phases   ] GC(3)   Other: 0.15ms
[2026-05-13T23:28:43.916+0000][gc,heap     ] GC(3) Eden regions: 49->0(45)
[2026-05-13T23:28:43.916+0000][gc,heap     ] GC(3) Survivor regions: 2->6(7)
[2026-05-13T23:28:43.916+0000][gc,heap     ] GC(3) Old regions: 9->9
[2026-05-13T23:28:43.916+0000][gc,heap     ] GC(3) Humongous regions: 0->0
[2026-05-13T23:28:43.916+0000][gc,metaspace] GC(3) Metaspace: 33885K(34304K)->33885K(34304K) NonClass: 29970K(30208K)->29970K(30208K) Class: 3914K(4096K)->3914K(4096K)
[2026-05-13T23:28:43.916+0000][gc          ] GC(3) Pause Young (Normal) (G1 Evacuation Pause) 59M->14M(1024M) 40.530ms
[2026-05-13T23:28:43.916+0000][gc,cpu      ] GC(3) User=0.03s Sys=0.00s Real=0.04s
[2026-05-13T23:28:44.941+0000][gc,start    ] GC(4) Pause Young (Concurrent Start) (Metadata GC Threshold)
[2026-05-13T23:28:44.942+0000][gc,task     ] GC(4) Using 2 workers of 2 for evacuation
[2026-05-13T23:28:45.032+0000][gc,phases   ] GC(4)   Pre Evacuate Collection Set: 0.31ms
[2026-05-13T23:28:45.032+0000][gc,phases   ] GC(4)   Merge Heap Roots: 0.07ms
[2026-05-13T23:28:45.032+0000][gc,phases   ] GC(4)   Evacuate Collection Set: 88.87ms
[2026-05-13T23:28:45.032+0000][gc,phases   ] GC(4)   Post Evacuate Collection Set: 1.24ms
[2026-05-13T23:28:45.032+0000][gc,phases   ] GC(4)   Other: 0.31ms
[2026-05-13T23:28:45.032+0000][gc,heap     ] GC(4) Eden regions: 9->0(67)
[2026-05-13T23:28:45.033+0000][gc,heap     ] GC(4) Survivor regions: 6->1(7)
[2026-05-13T23:28:45.033+0000][gc,heap     ] GC(4) Old regions: 9->15
[2026-05-13T23:28:45.033+0000][gc,heap     ] GC(4) Humongous regions: 0->0
[2026-05-13T23:28:45.033+0000][gc,metaspace] GC(4) Metaspace: 35674K(36160K)->35674K(36160K) NonClass: 31533K(31808K)->31533K(31808K) Class: 4140K(4352K)->4140K(4352K)
[2026-05-13T23:28:45.033+0000][gc          ] GC(4) Pause Young (Concurrent Start) (Metadata GC Threshold) 23M->15M(1024M) 91.339ms
[2026-05-13T23:28:45.033+0000][gc          ] GC(5) Concurrent Mark Cycle
[2026-05-13T23:28:45.033+0000][gc,marking  ] GC(5) Concurrent Scan Root Regions
[2026-05-13T23:28:45.033+0000][gc,cpu      ] GC(4) User=0.02s Sys=0.00s Real=0.09s
[2026-05-13T23:28:45.042+0000][gc,marking  ] GC(5) Concurrent Scan Root Regions 9.409ms
[2026-05-13T23:28:45.042+0000][gc,marking  ] GC(5) Concurrent Mark
[2026-05-13T23:28:45.042+0000][gc,marking  ] GC(5) Concurrent Mark From Roots
[2026-05-13T23:28:45.042+0000][gc,task     ] GC(5) Using 1 workers of 1 for marking
[2026-05-13T23:28:45.103+0000][gc,marking  ] GC(5) Concurrent Mark From Roots 60.712ms
[2026-05-13T23:28:45.103+0000][gc,marking  ] GC(5) Concurrent Preclean
[2026-05-13T23:28:45.103+0000][gc,marking  ] GC(5) Concurrent Preclean 0.092ms
[2026-05-13T23:28:45.108+0000][gc,start    ] GC(5) Pause Remark
[2026-05-13T23:28:45.140+0000][gc          ] GC(5) Pause Remark 17M->17M(1024M) 31.151ms
[2026-05-13T23:28:45.140+0000][gc,cpu      ] GC(5) User=0.01s Sys=0.00s Real=0.03s
[2026-05-13T23:28:45.141+0000][gc,marking  ] GC(5) Concurrent Mark 98.630ms
[2026-05-13T23:28:45.141+0000][gc,marking  ] GC(5) Concurrent Rebuild Remembered Sets and Scrub Regions
[2026-05-13T23:28:45.237+0000][gc,marking  ] GC(5) Concurrent Rebuild Remembered Sets and Scrub Regions 96.317ms
[2026-05-13T23:28:45.241+0000][gc,start    ] GC(5) Pause Cleanup
[2026-05-13T23:28:45.242+0000][gc          ] GC(5) Pause Cleanup 17M->17M(1024M) 0.808ms
[2026-05-13T23:28:45.242+0000][gc,cpu      ] GC(5) User=0.00s Sys=0.00s Real=0.00s
[2026-05-13T23:28:45.242+0000][gc,marking  ] GC(5) Concurrent Clear Claimed Marks
[2026-05-13T23:28:45.242+0000][gc,marking  ] GC(5) Concurrent Clear Claimed Marks 0.092ms
[2026-05-13T23:28:45.242+0000][gc,marking  ] GC(5) Concurrent Cleanup for Next Mark
[2026-05-13T23:28:45.282+0000][gc,marking  ] GC(5) Concurrent Cleanup for Next Mark 39.289ms
[2026-05-13T23:28:45.282+0000][gc          ] GC(5) Concurrent Mark Cycle 249.165ms
[2026-05-13T23:28:53.169+0000][gc,start    ] GC(6) Pause Young (Normal) (G1 Evacuation Pause)
[2026-05-13T23:28:53.170+0000][gc,task     ] GC(6) Using 2 workers of 2 for evacuation
[2026-05-13T23:28:53.260+0000][gc,phases   ] GC(6)   Pre Evacuate Collection Set: 1.51ms
[2026-05-13T23:28:53.260+0000][gc,phases   ] GC(6)   Merge Heap Roots: 0.13ms
[2026-05-13T23:28:53.260+0000][gc,phases   ] GC(6)   Evacuate Collection Set: 86.12ms
[2026-05-13T23:28:53.260+0000][gc,phases   ] GC(6)   Post Evacuate Collection Set: 1.94ms
[2026-05-13T23:28:53.260+0000][gc,phases   ] GC(6)   Other: 0.27ms
[2026-05-13T23:28:53.260+0000][gc,heap     ] GC(6) Eden regions: 61->0(43)
[2026-05-13T23:28:53.261+0000][gc,heap     ] GC(6) Survivor regions: 1->8(8)
[2026-05-13T23:28:53.261+0000][gc,heap     ] GC(6) Old regions: 15->16
[2026-05-13T23:28:53.261+0000][gc,heap     ] GC(6) Humongous regions: 0->0
[2026-05-13T23:28:53.261+0000][gc,metaspace] GC(6) Metaspace: 43989K(44928K)->43989K(44928K) NonClass: 38827K(39360K)->38827K(39360K) Class: 5162K(5568K)->5162K(5568K)
[2026-05-13T23:28:53.262+0000][gc          ] GC(6) Pause Young (Normal) (G1 Evacuation Pause) 76M->23M(1024M) 92.240ms
[2026-05-13T23:28:53.262+0000][gc,cpu      ] GC(6) User=0.03s Sys=0.00s Real=0.09s
[2026-05-13T23:30:09.009+0000][gc,start    ] GC(7) Pause Young (Normal) (G1 Evacuation Pause)
[2026-05-13T23:30:09.025+0000][gc,task     ] GC(7) Using 2 workers of 2 for evacuation
[2026-05-13T23:30:09.115+0000][gc,phases   ] GC(7)   Pre Evacuate Collection Set: 4.43ms
[2026-05-13T23:30:09.115+0000][gc,phases   ] GC(7)   Merge Heap Roots: 0.56ms
[2026-05-13T23:30:09.115+0000][gc,phases   ] GC(7)   Evacuate Collection Set: 80.73ms
[2026-05-13T23:30:09.115+0000][gc,phases   ] GC(7)   Post Evacuate Collection Set: 3.57ms
[2026-05-13T23:30:09.115+0000][gc,phases   ] GC(7)   Other: 0.32ms
[2026-05-13T23:30:09.115+0000][gc,heap     ] GC(7) Eden regions: 43->0(96)
[2026-05-13T23:30:09.115+0000][gc,heap     ] GC(7) Survivor regions: 8->3(7)
[2026-05-13T23:30:09.115+0000][gc,heap     ] GC(7) Old regions: 16->24
[2026-05-13T23:30:09.115+0000][gc,heap     ] GC(7) Humongous regions: 129->129
[2026-05-13T23:30:09.115+0000][gc,metaspace] GC(7) Metaspace: 47387K(48384K)->47387K(48384K) NonClass: 41796K(42368K)->41796K(42368K) Class: 5590K(6016K)->5590K(6016K)
[2026-05-13T23:30:09.115+0000][gc          ] GC(7) Pause Young (Normal) (G1 Evacuation Pause) 195M->155M(1024M) 105.808ms
[2026-05-13T23:30:09.115+0000][gc,cpu      ] GC(7) User=0.03s Sys=0.03s Real=0.11s
[2026-05-13T23:35:37.299+0000][gc,start    ] GC(8) Pause Young (Normal) (G1 Evacuation Pause)
[2026-05-13T23:35:37.316+0000][gc,task     ] GC(8) Using 2 workers of 2 for evacuation
[2026-05-13T23:35:37.358+0000][gc,phases   ] GC(8)   Pre Evacuate Collection Set: 4.66ms
[2026-05-13T23:35:37.358+0000][gc,phases   ] GC(8)   Merge Heap Roots: 1.88ms
[2026-05-13T23:35:37.358+0000][gc,phases   ] GC(8)   Evacuate Collection Set: 32.81ms
[2026-05-13T23:35:37.358+0000][gc,phases   ] GC(8)   Post Evacuate Collection Set: 2.37ms
[2026-05-13T23:35:37.358+0000][gc,phases   ] GC(8)   Other: 0.34ms
[2026-05-13T23:35:37.358+0000][gc,heap     ] GC(8) Eden regions: 91->0(222)
[2026-05-13T23:35:37.358+0000][gc,heap     ] GC(8) Survivor regions: 3->6(12)
[2026-05-13T23:35:37.358+0000][gc,heap     ] GC(8) Old regions: 24->24
[2026-05-13T23:35:37.358+0000][gc,heap     ] GC(8) Humongous regions: 129->129
[2026-05-13T23:35:37.358+0000][gc,metaspace] GC(8) Metaspace: 49745K(50816K)->49745K(50816K) NonClass: 43987K(44608K)->43987K(44608K) Class: 5758K(6208K)->5758K(6208K)
[2026-05-13T23:35:37.358+0000][gc          ] GC(8) Pause Young (Normal) (G1 Evacuation Pause) 246M->158M(1024M) 58.830ms
[2026-05-13T23:35:37.358+0000][gc,cpu      ] GC(8) User=0.03s Sys=0.02s Real=0.06s
[2026-05-13T23:44:31.694+0000][gc,start    ] GC(9) Pause Young (Normal) (G1 Evacuation Pause)
[2026-05-13T23:44:31.713+0000][gc,task     ] GC(9) Using 2 workers of 2 for evacuation
[2026-05-13T23:44:31.747+0000][gc,phases   ] GC(9)   Pre Evacuate Collection Set: 11.37ms
[2026-05-13T23:44:31.747+0000][gc,phases   ] GC(9)   Merge Heap Roots: 0.26ms
[2026-05-13T23:44:31.747+0000][gc,phases   ] GC(9)   Evacuate Collection Set: 20.90ms
[2026-05-13T23:44:31.747+0000][gc,phases   ] GC(9)   Post Evacuate Collection Set: 1.30ms
[2026-05-13T23:44:31.747+0000][gc,phases   ] GC(9)   Other: 0.38ms
[2026-05-13T23:44:31.747+0000][gc,heap     ] GC(9) Eden regions: 214->0(606)
[2026-05-13T23:44:31.747+0000][gc,heap     ] GC(9) Survivor regions: 6->8(28)
[2026-05-13T23:44:31.747+0000][gc,heap     ] GC(9) Old regions: 24->24
[2026-05-13T23:44:31.747+0000][gc,heap     ] GC(9) Humongous regions: 129->129
[2026-05-13T23:44:31.747+0000][gc,metaspace] GC(9) Metaspace: 50031K(51072K)->50031K(51072K) NonClass: 44259K(44864K)->44259K(44864K) Class: 5772K(6208K)->5772K(6208K)
[2026-05-13T23:44:31.747+0000][gc          ] GC(9) Pause Young (Normal) (G1 Evacuation Pause) 372M->160M(1024M) 52.959ms
[2026-05-13T23:44:31.747+0000][gc,cpu      ] GC(9) User=0.03s Sys=0.01s Real=0.05s
[2026-05-13T23:54:12.988+0000][gc,start    ] GC(10) Pause Young (Normal) (G1 Evacuation Pause)
[2026-05-13T23:54:12.991+0000][gc,task     ] GC(10) Using 2 workers of 2 for evacuation
[2026-05-13T23:54:13.305+0000][gc,mmu      ] GC(10) MMU target violated: 201.0ms (200.0ms/201.0ms)
[2026-05-13T23:54:13.305+0000][gc,phases   ] GC(10)   Pre Evacuate Collection Set: 27.99ms
[2026-05-13T23:54:13.305+0000][gc,phases   ] GC(10)   Merge Heap Roots: 0.49ms
[2026-05-13T23:54:13.305+0000][gc,phases   ] GC(10)   Evacuate Collection Set: 278.72ms
[2026-05-13T23:54:13.305+0000][gc,phases   ] GC(10)   Post Evacuate Collection Set: 6.15ms
[2026-05-13T23:54:13.305+0000][gc,phases   ] GC(10)   Other: 0.87ms
[2026-05-13T23:54:13.305+0000][gc,heap     ] GC(10) Eden regions: 606->0(53)
[2026-05-13T23:54:13.305+0000][gc,heap     ] GC(10) Survivor regions: 8->13(77)
[2026-05-13T23:54:13.305+0000][gc,heap     ] GC(10) Old regions: 24->24
[2026-05-13T23:54:13.305+0000][gc,heap     ] GC(10) Humongous regions: 136->129
[2026-05-13T23:54:13.305+0000][gc,metaspace] GC(10) Metaspace: 53046K(54336K)->53046K(54336K) NonClass: 46834K(47552K)->46834K(47552K) Class: 6211K(6784K)->6211K(6784K)
[2026-05-13T23:54:13.305+0000][gc          ] GC(10) Pause Young (Normal) (G1 Evacuation Pause) 773M->165M(1024M) 317.267ms
[2026-05-13T23:54:13.305+0000][gc,cpu      ] GC(10) User=0.06s Sys=0.36s Real=0.32s
[2026-05-13T23:55:39.512+0000][gc,start    ] GC(11) Pause Young (Normal) (G1 Evacuation Pause)
[2026-05-13T23:55:39.529+0000][gc,task     ] GC(11) Using 2 workers of 2 for evacuation
[2026-05-13T23:55:39.568+0000][gc,phases   ] GC(11)   Pre Evacuate Collection Set: 4.18ms
[2026-05-13T23:55:39.568+0000][gc,phases   ] GC(11)   Merge Heap Roots: 0.14ms
[2026-05-13T23:55:39.568+0000][gc,phases   ] GC(11)   Evacuate Collection Set: 33.23ms
[2026-05-13T23:55:39.568+0000][gc,phases   ] GC(11)   Post Evacuate Collection Set: 1.85ms
[2026-05-13T23:55:39.568+0000][gc,phases   ] GC(11)   Other: 0.26ms
[2026-05-13T23:55:39.569+0000][gc,heap     ] GC(11) Eden regions: 49->0(512)
[2026-05-13T23:55:39.569+0000][gc,heap     ] GC(11) Survivor regions: 13->3(8)
[2026-05-13T23:55:39.569+0000][gc,heap     ] GC(11) Old regions: 24->32
[2026-05-13T23:55:39.569+0000][gc,heap     ] GC(11) Humongous regions: 129->129
[2026-05-13T23:55:39.569+0000][gc,metaspace] GC(11) Metaspace: 53179K(54400K)->53179K(54400K) NonClass: 46933K(47616K)->46933K(47616K) Class: 6246K(6784K)->6246K(6784K)
[2026-05-13T23:55:39.569+0000][gc          ] GC(11) Pause Young (Normal) (G1 Evacuation Pause) 214M->162M(1024M) 56.942ms
[2026-05-13T23:55:39.569+0000][gc,cpu      ] GC(11) User=0.04s Sys=0.02s Real=0.06s
[2026-05-14T00:16:00.380+0000][gc,start    ] GC(12) Pause Young (Normal) (G1 Evacuation Pause)
[2026-05-14T00:16:00.383+0000][gc,task     ] GC(12) Using 2 workers of 2 for evacuation
[2026-05-14T00:16:00.864+0000][gc,mmu      ] GC(12) MMU target violated: 201.0ms (200.0ms/201.0ms)
[2026-05-14T00:16:00.864+0000][gc,phases   ] GC(12)   Pre Evacuate Collection Set: 24.07ms
[2026-05-14T00:16:00.864+0000][gc,phases   ] GC(12)   Merge Heap Roots: 1.23ms
[2026-05-14T00:16:00.865+0000][gc,phases   ] GC(12)   Evacuate Collection Set: 447.71ms
[2026-05-14T00:16:00.865+0000][gc,phases   ] GC(12)   Post Evacuate Collection Set: 7.26ms
[2026-05-14T00:16:00.865+0000][gc,phases   ] GC(12)   Other: 0.70ms
[2026-05-14T00:16:00.865+0000][gc,heap     ] GC(12) Eden regions: 482->0(41)
[2026-05-14T00:16:00.865+0000][gc,heap     ] GC(12) Survivor regions: 3->10(61)
[2026-05-14T00:16:00.866+0000][gc,heap     ] GC(12) Old regions: 32->32
[2026-05-14T00:16:00.866+0000][gc,heap     ] GC(12) Humongous regions: 135->129
[2026-05-14T00:16:00.866+0000][gc,metaspace] GC(12) Metaspace: 53961K(55232K)->53961K(55232K) NonClass: 47542K(48256K)->47542K(48256K) Class: 6418K(6976K)->6418K(6976K)
[2026-05-14T00:16:00.866+0000][gc          ] GC(12) Pause Young (Normal) (G1 Evacuation Pause) 650M->170M(1024M) 486.424ms
[2026-05-14T00:16:00.866+0000][gc,cpu      ] GC(12) User=0.07s Sys=0.18s Real=0.49s
[2026-05-14T00:16:01.076+0000][gc,heap,exit] Heap
[2026-05-14T00:16:01.076+0000][gc,heap,exit]  garbage-first heap   total 1048576K, used 178145K [0x00000000c0000000, 0x0000000100000000)
[2026-05-14T00:16:01.076+0000][gc,heap,exit]   region size 1024K, 14 young (14336K), 10 survivors (10240K)
[2026-05-14T00:16:01.076+0000][gc,heap,exit]  Metaspace       used 54005K, committed 55296K, reserved 1114112K
[2026-05-14T00:16:01.076+0000][gc,heap,exit]   class space    used 6431K, committed 7040K, reserved 1048576K
