[2026-05-13T16:50:46.300+0000][gc,init] CardTable entry size: 512
[2026-05-13T16:50:46.302+0000][gc     ] Using G1
[2026-05-13T16:50:46.331+0000][gc,init] Version: 21.0.10+7-LTS (release)
[2026-05-13T16:50:46.332+0000][gc,init] CPUs: 2 total, 2 available
[2026-05-13T16:50:46.332+0000][gc,init] Memory: 3732M
[2026-05-13T16:50:46.332+0000][gc,init] Large Page Support: Disabled
[2026-05-13T16:50:46.332+0000][gc,init] NUMA Support: Disabled
[2026-05-13T16:50:46.332+0000][gc,init] Compressed Oops: Enabled (32-bit)
[2026-05-13T16:50:46.332+0000][gc,init] Heap Region Size: 1M
[2026-05-13T16:50:46.332+0000][gc,init] Heap Min Capacity: 1G
[2026-05-13T16:50:46.332+0000][gc,init] Heap Initial Capacity: 1G
[2026-05-13T16:50:46.332+0000][gc,init] Heap Max Capacity: 1G
[2026-05-13T16:50:46.332+0000][gc,init] Pre-touch: Disabled
[2026-05-13T16:50:46.332+0000][gc,init] Parallel Workers: 2
[2026-05-13T16:50:46.332+0000][gc,init] Concurrent Workers: 1
[2026-05-13T16:50:46.332+0000][gc,init] Concurrent Refinement Workers: 2
[2026-05-13T16:50:46.332+0000][gc,init] Periodic GC: Disabled
[2026-05-13T16:50:46.547+0000][gc,metaspace] CDS archive(s) mapped at: [0x00007f3ce3000000-0x00007f3ce3bad000-0x00007f3ce3bad000), size 12242944, SharedBaseAddress: 0x00007f3ce3000000, ArchiveRelocationMode: 1.
[2026-05-13T16:50:46.547+0000][gc,metaspace] Compressed class space mapped at: 0x00007f3ce7000000-0x00007f3d27000000, reserved size: 1073741824
[2026-05-13T16:50:46.547+0000][gc,metaspace] Narrow klass base: 0x00007f3ce3000000, Narrow klass shift: 0, Narrow klass range: 0x100000000
[2026-05-13T16:50:49.782+0000][gc,start    ] GC(0) Pause Young (Normal) (G1 Evacuation Pause)
[2026-05-13T16:50:49.783+0000][gc,task     ] GC(0) Using 2 workers of 2 for evacuation
[2026-05-13T16:50:49.812+0000][gc,phases   ] GC(0)   Pre Evacuate Collection Set: 0.46ms
[2026-05-13T16:50:49.812+0000][gc,phases   ] GC(0)   Merge Heap Roots: 0.11ms
[2026-05-13T16:50:49.812+0000][gc,phases   ] GC(0)   Evacuate Collection Set: 22.24ms
[2026-05-13T16:50:49.812+0000][gc,phases   ] GC(0)   Post Evacuate Collection Set: 4.97ms
[2026-05-13T16:50:49.812+0000][gc,phases   ] GC(0)   Other: 1.19ms
[2026-05-13T16:50:49.812+0000][gc,heap     ] GC(0) Eden regions: 51->0(44)
[2026-05-13T16:50:49.812+0000][gc,heap     ] GC(0) Survivor regions: 0->7(7)
[2026-05-13T16:50:49.812+0000][gc,heap     ] GC(0) Old regions: 1->2
[2026-05-13T16:50:49.812+0000][gc,heap     ] GC(0) Humongous regions: 0->0
[2026-05-13T16:50:49.812+0000][gc,metaspace] GC(0) Metaspace: 15578K(15808K)->15578K(15808K) NonClass: 13803K(13888K)->13803K(13888K) Class: 1774K(1920K)->1774K(1920K)
[2026-05-13T16:50:49.812+0000][gc          ] GC(0) Pause Young (Normal) (G1 Evacuation Pause) 51M->8M(1024M) 29.728ms
[2026-05-13T16:50:49.812+0000][gc,cpu      ] GC(0) User=0.02s Sys=0.00s Real=0.03s
[2026-05-13T16:50:58.103+0000][gc,start    ] GC(1) Pause Young (Concurrent Start) (Metadata GC Threshold)
[2026-05-13T16:50:58.103+0000][gc,task     ] GC(1) Using 2 workers of 2 for evacuation
[2026-05-13T16:50:58.128+0000][gc,phases   ] GC(1)   Pre Evacuate Collection Set: 0.28ms
[2026-05-13T16:50:58.128+0000][gc,phases   ] GC(1)   Merge Heap Roots: 0.11ms
[2026-05-13T16:50:58.128+0000][gc,phases   ] GC(1)   Evacuate Collection Set: 23.44ms
[2026-05-13T16:50:58.128+0000][gc,phases   ] GC(1)   Post Evacuate Collection Set: 0.86ms
[2026-05-13T16:50:58.128+0000][gc,phases   ] GC(1)   Other: 0.22ms
[2026-05-13T16:50:58.128+0000][gc,heap     ] GC(1) Eden regions: 17->0(49)
[2026-05-13T16:50:58.128+0000][gc,heap     ] GC(1) Survivor regions: 7->2(7)
[2026-05-13T16:50:58.128+0000][gc,heap     ] GC(1) Old regions: 2->9
[2026-05-13T16:50:58.128+0000][gc,heap     ] GC(1) Humongous regions: 0->0
[2026-05-13T16:50:58.128+0000][gc,metaspace] GC(1) Metaspace: 21259K(21504K)->21259K(21504K) NonClass: 18658K(18816K)->18658K(18816K) Class: 2600K(2688K)->2600K(2688K)
[2026-05-13T16:50:58.128+0000][gc          ] GC(1) Pause Young (Concurrent Start) (Metadata GC Threshold) 25M->10M(1024M) 25.704ms
[2026-05-13T16:50:58.128+0000][gc,cpu      ] GC(1) User=0.02s Sys=0.01s Real=0.03s
[2026-05-13T16:50:58.129+0000][gc          ] GC(2) Concurrent Mark Cycle
[2026-05-13T16:50:58.129+0000][gc,marking  ] GC(2) Concurrent Scan Root Regions
[2026-05-13T16:50:58.138+0000][gc,marking  ] GC(2) Concurrent Scan Root Regions 9.291ms
[2026-05-13T16:50:58.138+0000][gc,marking  ] GC(2) Concurrent Mark
[2026-05-13T16:50:58.138+0000][gc,marking  ] GC(2) Concurrent Mark From Roots
[2026-05-13T16:50:58.138+0000][gc,task     ] GC(2) Using 1 workers of 1 for marking
[2026-05-13T16:50:58.148+0000][gc,marking  ] GC(2) Concurrent Mark From Roots 9.670ms
[2026-05-13T16:50:58.148+0000][gc,marking  ] GC(2) Concurrent Preclean
[2026-05-13T16:50:58.148+0000][gc,marking  ] GC(2) Concurrent Preclean 0.019ms
[2026-05-13T16:50:58.148+0000][gc,start    ] GC(2) Pause Remark
[2026-05-13T16:50:58.155+0000][gc          ] GC(2) Pause Remark 10M->10M(1024M) 7.016ms
[2026-05-13T16:50:58.155+0000][gc,cpu      ] GC(2) User=0.01s Sys=0.00s Real=0.00s
[2026-05-13T16:50:58.158+0000][gc,marking  ] GC(2) Concurrent Mark 19.365ms
[2026-05-13T16:50:58.158+0000][gc,marking  ] GC(2) Concurrent Rebuild Remembered Sets and Scrub Regions
[2026-05-13T16:50:58.162+0000][gc,marking  ] GC(2) Concurrent Rebuild Remembered Sets and Scrub Regions 4.385ms
[2026-05-13T16:50:58.162+0000][gc,start    ] GC(2) Pause Cleanup
[2026-05-13T16:50:58.162+0000][gc          ] GC(2) Pause Cleanup 10M->10M(1024M) 0.038ms
[2026-05-13T16:50:58.162+0000][gc,cpu      ] GC(2) User=0.00s Sys=0.00s Real=0.00s
[2026-05-13T16:50:58.163+0000][gc,marking  ] GC(2) Concurrent Clear Claimed Marks
[2026-05-13T16:50:58.163+0000][gc,marking  ] GC(2) Concurrent Clear Claimed Marks 0.042ms
[2026-05-13T16:50:58.163+0000][gc,marking  ] GC(2) Concurrent Cleanup for Next Mark
[2026-05-13T16:50:58.198+0000][gc,marking  ] GC(2) Concurrent Cleanup for Next Mark 34.706ms
[2026-05-13T16:50:58.198+0000][gc          ] GC(2) Concurrent Mark Cycle 69.374ms
[2026-05-13T16:51:00.894+0000][gc,start    ] GC(3) Pause Young (Normal) (G1 Evacuation Pause)
[2026-05-13T16:51:00.894+0000][gc,task     ] GC(3) Using 2 workers of 2 for evacuation
[2026-05-13T16:51:00.916+0000][gc,phases   ] GC(3)   Pre Evacuate Collection Set: 0.27ms
[2026-05-13T16:51:00.916+0000][gc,phases   ] GC(3)   Merge Heap Roots: 0.06ms
[2026-05-13T16:51:00.916+0000][gc,phases   ] GC(3)   Evacuate Collection Set: 20.07ms
[2026-05-13T16:51:00.916+0000][gc,phases   ] GC(3)   Post Evacuate Collection Set: 1.41ms
[2026-05-13T16:51:00.916+0000][gc,phases   ] GC(3)   Other: 0.12ms
[2026-05-13T16:51:00.916+0000][gc,heap     ] GC(3) Eden regions: 49->0(45)
[2026-05-13T16:51:00.917+0000][gc,heap     ] GC(3) Survivor regions: 2->6(7)
[2026-05-13T16:51:00.917+0000][gc,heap     ] GC(3) Old regions: 9->9
[2026-05-13T16:51:00.917+0000][gc,heap     ] GC(3) Humongous regions: 0->0
[2026-05-13T16:51:00.917+0000][gc,metaspace] GC(3) Metaspace: 33754K(34176K)->33754K(34176K) NonClass: 29851K(30080K)->29851K(30080K) Class: 3903K(4096K)->3903K(4096K)
[2026-05-13T16:51:00.917+0000][gc          ] GC(3) Pause Young (Normal) (G1 Evacuation Pause) 59M->14M(1024M) 22.249ms
[2026-05-13T16:51:00.917+0000][gc,cpu      ] GC(3) User=0.03s Sys=0.00s Real=0.02s
[2026-05-13T16:51:01.447+0000][gc,start    ] GC(4) Pause Young (Concurrent Start) (Metadata GC Threshold)
[2026-05-13T16:51:01.448+0000][gc,task     ] GC(4) Using 2 workers of 2 for evacuation
[2026-05-13T16:51:01.479+0000][gc,phases   ] GC(4)   Pre Evacuate Collection Set: 0.40ms
[2026-05-13T16:51:01.479+0000][gc,phases   ] GC(4)   Merge Heap Roots: 0.06ms
[2026-05-13T16:51:01.479+0000][gc,phases   ] GC(4)   Evacuate Collection Set: 29.33ms
[2026-05-13T16:51:01.479+0000][gc,phases   ] GC(4)   Post Evacuate Collection Set: 1.23ms
[2026-05-13T16:51:01.479+0000][gc,phases   ] GC(4)   Other: 0.18ms
[2026-05-13T16:51:01.479+0000][gc,heap     ] GC(4) Eden regions: 9->0(73)
[2026-05-13T16:51:01.479+0000][gc,heap     ] GC(4) Survivor regions: 6->1(7)
[2026-05-13T16:51:01.479+0000][gc,heap     ] GC(4) Old regions: 9->15
[2026-05-13T16:51:01.479+0000][gc,heap     ] GC(4) Humongous regions: 0->0
[2026-05-13T16:51:01.479+0000][gc,metaspace] GC(4) Metaspace: 35676K(36096K)->35676K(36096K) NonClass: 31553K(31808K)->31553K(31808K) Class: 4122K(4288K)->4122K(4288K)
[2026-05-13T16:51:01.479+0000][gc          ] GC(4) Pause Young (Concurrent Start) (Metadata GC Threshold) 23M->15M(1024M) 31.603ms
[2026-05-13T16:51:01.479+0000][gc          ] GC(5) Concurrent Mark Cycle
[2026-05-13T16:51:01.479+0000][gc,marking  ] GC(5) Concurrent Scan Root Regions
[2026-05-13T16:51:01.480+0000][gc,cpu      ] GC(4) User=0.02s Sys=0.01s Real=0.03s
[2026-05-13T16:51:01.498+0000][gc,marking  ] GC(5) Concurrent Scan Root Regions 19.045ms
[2026-05-13T16:51:01.498+0000][gc,marking  ] GC(5) Concurrent Mark
[2026-05-13T16:51:01.498+0000][gc,marking  ] GC(5) Concurrent Mark From Roots
[2026-05-13T16:51:01.498+0000][gc,task     ] GC(5) Using 1 workers of 1 for marking
[2026-05-13T16:51:01.519+0000][gc,marking  ] GC(5) Concurrent Mark From Roots 20.344ms
[2026-05-13T16:51:01.519+0000][gc,marking  ] GC(5) Concurrent Preclean
[2026-05-13T16:51:01.519+0000][gc,marking  ] GC(5) Concurrent Preclean 0.096ms
[2026-05-13T16:51:01.523+0000][gc,start    ] GC(5) Pause Remark
[2026-05-13T16:51:01.538+0000][gc          ] GC(5) Pause Remark 16M->16M(1024M) 15.032ms
[2026-05-13T16:51:01.538+0000][gc,cpu      ] GC(5) User=0.01s Sys=0.00s Real=0.02s
[2026-05-13T16:51:01.538+0000][gc,marking  ] GC(5) Concurrent Mark 39.746ms
[2026-05-13T16:51:01.538+0000][gc,marking  ] GC(5) Concurrent Rebuild Remembered Sets and Scrub Regions
[2026-05-13T16:51:01.549+0000][gc,marking  ] GC(5) Concurrent Rebuild Remembered Sets and Scrub Regions 11.123ms
[2026-05-13T16:51:01.552+0000][gc,start    ] GC(5) Pause Cleanup
[2026-05-13T16:51:01.552+0000][gc          ] GC(5) Pause Cleanup 16M->16M(1024M) 0.219ms
[2026-05-13T16:51:01.552+0000][gc,cpu      ] GC(5) User=0.00s Sys=0.00s Real=0.00s
[2026-05-13T16:51:01.553+0000][gc,marking  ] GC(5) Concurrent Clear Claimed Marks
[2026-05-13T16:51:01.553+0000][gc,marking  ] GC(5) Concurrent Clear Claimed Marks 0.071ms
[2026-05-13T16:51:01.553+0000][gc,marking  ] GC(5) Concurrent Cleanup for Next Mark
[2026-05-13T16:51:01.557+0000][gc,marking  ] GC(5) Concurrent Cleanup for Next Mark 3.753ms
[2026-05-13T16:51:01.557+0000][gc          ] GC(5) Concurrent Mark Cycle 77.679ms
[2026-05-13T16:51:54.724+0000][gc,start    ] GC(6) Pause Young (Normal) (G1 Evacuation Pause)
[2026-05-13T16:51:54.725+0000][gc,task     ] GC(6) Using 2 workers of 2 for evacuation
[2026-05-13T16:51:54.807+0000][gc,phases   ] GC(6)   Pre Evacuate Collection Set: 6.18ms
[2026-05-13T16:51:54.807+0000][gc,phases   ] GC(6)   Merge Heap Roots: 0.43ms
[2026-05-13T16:51:54.807+0000][gc,phases   ] GC(6)   Evacuate Collection Set: 72.30ms
[2026-05-13T16:51:54.807+0000][gc,phases   ] GC(6)   Post Evacuate Collection Set: 2.42ms
[2026-05-13T16:51:54.807+0000][gc,phases   ] GC(6)   Other: 0.82ms
[2026-05-13T16:51:54.807+0000][gc,heap     ] GC(6) Eden regions: 65->0(44)
[2026-05-13T16:51:54.807+0000][gc,heap     ] GC(6) Survivor regions: 1->9(9)
[2026-05-13T16:51:54.807+0000][gc,heap     ] GC(6) Old regions: 15->15
[2026-05-13T16:51:54.807+0000][gc,heap     ] GC(6) Humongous regions: 129->129
[2026-05-13T16:51:54.807+0000][gc,metaspace] GC(6) Metaspace: 44971K(45888K)->44971K(45888K) NonClass: 39676K(40192K)->39676K(40192K) Class: 5294K(5696K)->5294K(5696K)
[2026-05-13T16:51:54.807+0000][gc          ] GC(6) Pause Young (Normal) (G1 Evacuation Pause) 209M->152M(1024M) 82.950ms
[2026-05-13T16:51:54.807+0000][gc,cpu      ] GC(6) User=0.02s Sys=0.04s Real=0.09s
[2026-05-13T16:57:27.476+0000][gc,start    ] GC(7) Pause Young (Normal) (G1 Evacuation Pause)
[2026-05-13T16:57:27.477+0000][gc,task     ] GC(7) Using 2 workers of 2 for evacuation
[2026-05-13T16:57:27.591+0000][gc,phases   ] GC(7)   Pre Evacuate Collection Set: 6.48ms
[2026-05-13T16:57:27.591+0000][gc,phases   ] GC(7)   Merge Heap Roots: 0.73ms
[2026-05-13T16:57:27.591+0000][gc,phases   ] GC(7)   Evacuate Collection Set: 75.79ms
[2026-05-13T16:57:27.591+0000][gc,phases   ] GC(7)   Post Evacuate Collection Set: 29.86ms
[2026-05-13T16:57:27.591+0000][gc,phases   ] GC(7)   Other: 0.30ms
[2026-05-13T16:57:27.591+0000][gc,heap     ] GC(7) Eden regions: 43->0(84)
[2026-05-13T16:57:27.591+0000][gc,heap     ] GC(7) Survivor regions: 9->2(7)
[2026-05-13T16:57:27.591+0000][gc,heap     ] GC(7) Old regions: 15->24
[2026-05-13T16:57:27.591+0000][gc,heap     ] GC(7) Humongous regions: 129->129
[2026-05-13T16:57:27.591+0000][gc,metaspace] GC(7) Metaspace: 46583K(47552K)->46583K(47552K) NonClass: 41123K(41664K)->41123K(41664K) Class: 5460K(5888K)->5460K(5888K)
[2026-05-13T16:57:27.591+0000][gc          ] GC(7) Pause Young (Normal) (G1 Evacuation Pause) 195M->154M(1024M) 114.657ms
[2026-05-13T16:57:27.591+0000][gc,cpu      ] GC(7) User=0.01s Sys=0.07s Real=0.12s
[2026-05-13T16:58:04.094+0000][gc,heap,exit] Heap
[2026-05-13T16:58:04.095+0000][gc,heap,exit]  garbage-first heap   total 1048576K, used 179254K [0x00000000c0000000, 0x0000000100000000)
[2026-05-13T16:58:04.095+0000][gc,heap,exit]   region size 1024K, 23 young (23552K), 2 survivors (2048K)
[2026-05-13T16:58:04.095+0000][gc,heap,exit]  Metaspace       used 47681K, committed 48704K, reserved 1114112K
[2026-05-13T16:58:04.095+0000][gc,heap,exit]   class space    used 5680K, committed 6080K, reserved 1048576K
