[2026-05-19T16:30:05.543+0000][gc,init] CardTable entry size: 512
[2026-05-19T16:30:05.543+0000][gc     ] Using G1
[2026-05-19T16:30:05.590+0000][gc,init] Version: 21.0.10+7-LTS (release)
[2026-05-19T16:30:05.591+0000][gc,init] CPUs: 2 total, 2 available
[2026-05-19T16:30:05.591+0000][gc,init] Memory: 3732M
[2026-05-19T16:30:05.591+0000][gc,init] Large Page Support: Disabled
[2026-05-19T16:30:05.591+0000][gc,init] NUMA Support: Disabled
[2026-05-19T16:30:05.591+0000][gc,init] Compressed Oops: Enabled (32-bit)
[2026-05-19T16:30:05.592+0000][gc,init] Heap Region Size: 1M
[2026-05-19T16:30:05.592+0000][gc,init] Heap Min Capacity: 1G
[2026-05-19T16:30:05.592+0000][gc,init] Heap Initial Capacity: 1G
[2026-05-19T16:30:05.592+0000][gc,init] Heap Max Capacity: 1G
[2026-05-19T16:30:05.592+0000][gc,init] Pre-touch: Disabled
[2026-05-19T16:30:05.592+0000][gc,init] Parallel Workers: 2
[2026-05-19T16:30:05.593+0000][gc,init] Concurrent Workers: 1
[2026-05-19T16:30:05.593+0000][gc,init] Concurrent Refinement Workers: 2
[2026-05-19T16:30:05.593+0000][gc,init] Periodic GC: Disabled
[2026-05-19T16:30:06.177+0000][gc,metaspace] CDS archive(s) mapped at: [0x00007f8393000000-0x00007f8393bad000-0x00007f8393bad000), size 12242944, SharedBaseAddress: 0x00007f8393000000, ArchiveRelocationMode: 1.
[2026-05-19T16:30:06.177+0000][gc,metaspace] Compressed class space mapped at: 0x00007f8397000000-0x00007f83d7000000, reserved size: 1073741824
[2026-05-19T16:30:06.177+0000][gc,metaspace] Narrow klass base: 0x00007f8393000000, Narrow klass shift: 0, Narrow klass range: 0x100000000
[2026-05-19T16:30:14.424+0000][gc,start    ] GC(0) Pause Young (Normal) (G1 Evacuation Pause)
[2026-05-19T16:30:14.424+0000][gc,task     ] GC(0) Using 2 workers of 2 for evacuation
[2026-05-19T16:30:14.460+0000][gc,phases   ] GC(0)   Pre Evacuate Collection Set: 0.30ms
[2026-05-19T16:30:14.460+0000][gc,phases   ] GC(0)   Merge Heap Roots: 0.08ms
[2026-05-19T16:30:14.460+0000][gc,phases   ] GC(0)   Evacuate Collection Set: 34.03ms
[2026-05-19T16:30:14.460+0000][gc,phases   ] GC(0)   Post Evacuate Collection Set: 1.37ms
[2026-05-19T16:30:14.460+0000][gc,phases   ] GC(0)   Other: 0.42ms
[2026-05-19T16:30:14.461+0000][gc,heap     ] GC(0) Eden regions: 51->0(44)
[2026-05-19T16:30:14.461+0000][gc,heap     ] GC(0) Survivor regions: 0->7(7)
[2026-05-19T16:30:14.461+0000][gc,heap     ] GC(0) Old regions: 1->3
[2026-05-19T16:30:14.461+0000][gc,heap     ] GC(0) Humongous regions: 0->0
[2026-05-19T16:30:14.461+0000][gc,metaspace] GC(0) Metaspace: 15340K(15552K)->15340K(15552K) NonClass: 13595K(13696K)->13595K(13696K) Class: 1745K(1856K)->1745K(1856K)
[2026-05-19T16:30:14.461+0000][gc          ] GC(0) Pause Young (Normal) (G1 Evacuation Pause) 51M->9M(1024M) 36.810ms
[2026-05-19T16:30:14.461+0000][gc,cpu      ] GC(0) User=0.02s Sys=0.00s Real=0.04s
[2026-05-19T16:30:16.244+0000][gc,start    ] GC(1) Pause Young (Concurrent Start) (Metadata GC Threshold)
[2026-05-19T16:30:16.245+0000][gc,task     ] GC(1) Using 2 workers of 2 for evacuation
[2026-05-19T16:30:16.272+0000][gc,phases   ] GC(1)   Pre Evacuate Collection Set: 0.45ms
[2026-05-19T16:30:16.272+0000][gc,phases   ] GC(1)   Merge Heap Roots: 0.10ms
[2026-05-19T16:30:16.273+0000][gc,phases   ] GC(1)   Evacuate Collection Set: 24.81ms
[2026-05-19T16:30:16.273+0000][gc,phases   ] GC(1)   Post Evacuate Collection Set: 1.79ms
[2026-05-19T16:30:16.273+0000][gc,phases   ] GC(1)   Other: 0.41ms
[2026-05-19T16:30:16.273+0000][gc,heap     ] GC(1) Eden regions: 17->0(50)
[2026-05-19T16:30:16.273+0000][gc,heap     ] GC(1) Survivor regions: 7->1(7)
[2026-05-19T16:30:16.273+0000][gc,heap     ] GC(1) Old regions: 3->9
[2026-05-19T16:30:16.273+0000][gc,heap     ] GC(1) Humongous regions: 0->0
[2026-05-19T16:30:16.273+0000][gc,metaspace] GC(1) Metaspace: 21264K(21504K)->21264K(21504K) NonClass: 18667K(18816K)->18667K(18816K) Class: 2596K(2688K)->2596K(2688K)
[2026-05-19T16:30:16.273+0000][gc          ] GC(1) Pause Young (Concurrent Start) (Metadata GC Threshold) 26M->9M(1024M) 29.009ms
[2026-05-19T16:30:16.273+0000][gc          ] GC(2) Concurrent Mark Cycle
[2026-05-19T16:30:16.273+0000][gc,marking  ] GC(2) Concurrent Scan Root Regions
[2026-05-19T16:30:16.274+0000][gc,cpu      ] GC(1) User=0.02s Sys=0.00s Real=0.03s
[2026-05-19T16:30:16.284+0000][gc,marking  ] GC(2) Concurrent Scan Root Regions 9.114ms
[2026-05-19T16:30:16.284+0000][gc,marking  ] GC(2) Concurrent Mark
[2026-05-19T16:30:16.284+0000][gc,marking  ] GC(2) Concurrent Mark From Roots
[2026-05-19T16:30:16.284+0000][gc,task     ] GC(2) Using 1 workers of 1 for marking
[2026-05-19T16:30:16.307+0000][gc,marking  ] GC(2) Concurrent Mark From Roots 22.902ms
[2026-05-19T16:30:16.308+0000][gc,marking  ] GC(2) Concurrent Preclean
[2026-05-19T16:30:16.308+0000][gc,marking  ] GC(2) Concurrent Preclean 0.166ms
[2026-05-19T16:30:16.308+0000][gc,start    ] GC(2) Pause Remark
[2026-05-19T16:30:16.319+0000][gc          ] GC(2) Pause Remark 10M->10M(1024M) 10.546ms
[2026-05-19T16:30:16.319+0000][gc,cpu      ] GC(2) User=0.01s Sys=0.00s Real=0.01s
[2026-05-19T16:30:16.319+0000][gc,marking  ] GC(2) Concurrent Mark 34.945ms
[2026-05-19T16:30:16.319+0000][gc,marking  ] GC(2) Concurrent Rebuild Remembered Sets and Scrub Regions
[2026-05-19T16:30:16.325+0000][gc,marking  ] GC(2) Concurrent Rebuild Remembered Sets and Scrub Regions 5.667ms
[2026-05-19T16:30:16.326+0000][gc,start    ] GC(2) Pause Cleanup
[2026-05-19T16:30:16.326+0000][gc          ] GC(2) Pause Cleanup 10M->10M(1024M) 0.200ms
[2026-05-19T16:30:16.326+0000][gc,cpu      ] GC(2) User=0.00s Sys=0.00s Real=0.00s
[2026-05-19T16:30:16.327+0000][gc,marking  ] GC(2) Concurrent Clear Claimed Marks
[2026-05-19T16:30:16.327+0000][gc,marking  ] GC(2) Concurrent Clear Claimed Marks 0.263ms
[2026-05-19T16:30:16.328+0000][gc,marking  ] GC(2) Concurrent Cleanup for Next Mark
[2026-05-19T16:30:16.374+0000][gc,marking  ] GC(2) Concurrent Cleanup for Next Mark 46.421ms
[2026-05-19T16:30:16.375+0000][gc          ] GC(2) Concurrent Mark Cycle 102.353ms
[2026-05-19T16:30:22.879+0000][gc,start    ] GC(3) Pause Young (Normal) (G1 Evacuation Pause)
[2026-05-19T16:30:22.880+0000][gc,task     ] GC(3) Using 2 workers of 2 for evacuation
[2026-05-19T16:30:22.950+0000][gc,phases   ] GC(3)   Pre Evacuate Collection Set: 0.30ms
[2026-05-19T16:30:22.950+0000][gc,phases   ] GC(3)   Merge Heap Roots: 0.05ms
[2026-05-19T16:30:22.950+0000][gc,phases   ] GC(3)   Evacuate Collection Set: 66.13ms
[2026-05-19T16:30:22.950+0000][gc,phases   ] GC(3)   Post Evacuate Collection Set: 3.19ms
[2026-05-19T16:30:22.950+0000][gc,phases   ] GC(3)   Other: 0.24ms
[2026-05-19T16:30:22.951+0000][gc,heap     ] GC(3) Eden regions: 50->0(45)
[2026-05-19T16:30:22.951+0000][gc,heap     ] GC(3) Survivor regions: 1->6(7)
[2026-05-19T16:30:22.951+0000][gc,heap     ] GC(3) Old regions: 9->9
[2026-05-19T16:30:22.951+0000][gc,heap     ] GC(3) Humongous regions: 0->0
[2026-05-19T16:30:22.951+0000][gc,metaspace] GC(3) Metaspace: 32435K(32832K)->32435K(32832K) NonClass: 28690K(28928K)->28690K(28928K) Class: 3744K(3904K)->3744K(3904K)
[2026-05-19T16:30:22.951+0000][gc          ] GC(3) Pause Young (Normal) (G1 Evacuation Pause) 59M->14M(1024M) 72.068ms
[2026-05-19T16:30:22.952+0000][gc,cpu      ] GC(3) User=0.02s Sys=0.00s Real=0.07s
[2026-05-19T16:30:25.092+0000][gc,start    ] GC(4) Pause Young (Concurrent Start) (Metadata GC Threshold)
[2026-05-19T16:30:25.092+0000][gc,task     ] GC(4) Using 2 workers of 2 for evacuation
[2026-05-19T16:30:25.180+0000][gc,phases   ] GC(4)   Pre Evacuate Collection Set: 0.32ms
[2026-05-19T16:30:25.180+0000][gc,phases   ] GC(4)   Merge Heap Roots: 0.36ms
[2026-05-19T16:30:25.180+0000][gc,phases   ] GC(4)   Evacuate Collection Set: 84.24ms
[2026-05-19T16:30:25.180+0000][gc,phases   ] GC(4)   Post Evacuate Collection Set: 2.24ms
[2026-05-19T16:30:25.180+0000][gc,phases   ] GC(4)   Other: 0.11ms
[2026-05-19T16:30:25.180+0000][gc,heap     ] GC(4) Eden regions: 17->0(60)
[2026-05-19T16:30:25.180+0000][gc,heap     ] GC(4) Survivor regions: 6->2(7)
[2026-05-19T16:30:25.180+0000][gc,heap     ] GC(4) Old regions: 9->14
[2026-05-19T16:30:25.180+0000][gc,heap     ] GC(4) Humongous regions: 0->0
[2026-05-19T16:30:25.180+0000][gc,metaspace] GC(4) Metaspace: 35648K(36096K)->35648K(36096K) NonClass: 31515K(31744K)->31515K(31744K) Class: 4132K(4352K)->4132K(4352K)
[2026-05-19T16:30:25.182+0000][gc          ] GC(4) Pause Young (Concurrent Start) (Metadata GC Threshold) 31M->15M(1024M) 90.016ms
[2026-05-19T16:30:25.182+0000][gc          ] GC(5) Concurrent Mark Cycle
[2026-05-19T16:30:25.183+0000][gc,marking  ] GC(5) Concurrent Scan Root Regions
[2026-05-19T16:30:25.183+0000][gc,cpu      ] GC(4) User=0.04s Sys=0.00s Real=0.09s
[2026-05-19T16:30:25.222+0000][gc,marking  ] GC(5) Concurrent Scan Root Regions 39.725ms
[2026-05-19T16:30:25.222+0000][gc,marking  ] GC(5) Concurrent Mark
[2026-05-19T16:30:25.222+0000][gc,marking  ] GC(5) Concurrent Mark From Roots
[2026-05-19T16:30:25.222+0000][gc,task     ] GC(5) Using 1 workers of 1 for marking
[2026-05-19T16:30:25.569+0000][gc,marking  ] GC(5) Concurrent Mark From Roots 346.961ms
[2026-05-19T16:30:25.570+0000][gc,marking  ] GC(5) Concurrent Preclean
[2026-05-19T16:30:25.570+0000][gc,marking  ] GC(5) Concurrent Preclean 0.232ms
[2026-05-19T16:30:25.572+0000][gc,start    ] GC(5) Pause Remark
[2026-05-19T16:30:25.616+0000][gc          ] GC(5) Pause Remark 19M->19M(1024M) 43.907ms
[2026-05-19T16:30:25.617+0000][gc,cpu      ] GC(5) User=0.01s Sys=0.00s Real=0.04s
[2026-05-19T16:30:25.617+0000][gc,marking  ] GC(5) Concurrent Mark 394.590ms
[2026-05-19T16:30:25.617+0000][gc,marking  ] GC(5) Concurrent Rebuild Remembered Sets and Scrub Regions
[2026-05-19T16:30:25.623+0000][gc,marking  ] GC(5) Concurrent Rebuild Remembered Sets and Scrub Regions 6.276ms
[2026-05-19T16:30:25.625+0000][gc,start    ] GC(5) Pause Cleanup
[2026-05-19T16:30:25.625+0000][gc          ] GC(5) Pause Cleanup 19M->19M(1024M) 0.204ms
[2026-05-19T16:30:25.626+0000][gc,cpu      ] GC(5) User=0.00s Sys=0.00s Real=0.00s
[2026-05-19T16:30:25.626+0000][gc,marking  ] GC(5) Concurrent Clear Claimed Marks
[2026-05-19T16:30:25.626+0000][gc,marking  ] GC(5) Concurrent Clear Claimed Marks 0.195ms
[2026-05-19T16:30:25.626+0000][gc,marking  ] GC(5) Concurrent Cleanup for Next Mark
[2026-05-19T16:30:25.630+0000][gc,marking  ] GC(5) Concurrent Cleanup for Next Mark 3.928ms
[2026-05-19T16:30:25.630+0000][gc          ] GC(5) Concurrent Mark Cycle 447.917ms
[2026-05-19T16:30:31.046+0000][gc,start    ] GC(6) Pause Young (Normal) (G1 Evacuation Pause)
[2026-05-19T16:30:31.046+0000][gc,task     ] GC(6) Using 2 workers of 2 for evacuation
[2026-05-19T16:30:31.147+0000][gc,phases   ] GC(6)   Pre Evacuate Collection Set: 0.52ms
[2026-05-19T16:30:31.147+0000][gc,phases   ] GC(6)   Merge Heap Roots: 0.10ms
[2026-05-19T16:30:31.147+0000][gc,phases   ] GC(6)   Evacuate Collection Set: 95.23ms
[2026-05-19T16:30:31.147+0000][gc,phases   ] GC(6)   Post Evacuate Collection Set: 5.53ms
[2026-05-19T16:30:31.147+0000][gc,phases   ] GC(6)   Other: 0.10ms
[2026-05-19T16:30:31.147+0000][gc,heap     ] GC(6) Eden regions: 58->0(43)
[2026-05-19T16:30:31.147+0000][gc,heap     ] GC(6) Survivor regions: 2->8(8)
[2026-05-19T16:30:31.148+0000][gc,heap     ] GC(6) Old regions: 14->15
[2026-05-19T16:30:31.148+0000][gc,heap     ] GC(6) Humongous regions: 0->0
[2026-05-19T16:30:31.148+0000][gc,metaspace] GC(6) Metaspace: 43713K(44672K)->43713K(44672K) NonClass: 38599K(39168K)->38599K(39168K) Class: 5113K(5504K)->5113K(5504K)
[2026-05-19T16:30:31.148+0000][gc          ] GC(6) Pause Young (Normal) (G1 Evacuation Pause) 73M->22M(1024M) 101.790ms
[2026-05-19T16:30:31.148+0000][gc,cpu      ] GC(6) User=0.04s Sys=0.00s Real=0.10s
[2026-05-19T16:31:34.866+0000][gc,start    ] GC(7) Pause Young (Normal) (G1 Evacuation Pause)
[2026-05-19T16:31:34.895+0000][gc,task     ] GC(7) Using 2 workers of 2 for evacuation
[2026-05-19T16:31:34.915+0000][gc,phases   ] GC(7)   Pre Evacuate Collection Set: 0.44ms
[2026-05-19T16:31:34.915+0000][gc,phases   ] GC(7)   Merge Heap Roots: 0.10ms
[2026-05-19T16:31:34.915+0000][gc,phases   ] GC(7)   Evacuate Collection Set: 17.99ms
[2026-05-19T16:31:34.915+0000][gc,phases   ] GC(7)   Post Evacuate Collection Set: 1.44ms
[2026-05-19T16:31:34.915+0000][gc,phases   ] GC(7)   Other: 0.11ms
[2026-05-19T16:31:34.915+0000][gc,heap     ] GC(7) Eden regions: 43->0(94)
[2026-05-19T16:31:34.915+0000][gc,heap     ] GC(7) Survivor regions: 8->3(7)
[2026-05-19T16:31:34.915+0000][gc,heap     ] GC(7) Old regions: 15->23
[2026-05-19T16:31:34.915+0000][gc,heap     ] GC(7) Humongous regions: 129->129
[2026-05-19T16:31:34.915+0000][gc,metaspace] GC(7) Metaspace: 47456K(48448K)->47456K(48448K) NonClass: 41847K(42432K)->41847K(42432K) Class: 5608K(6016K)->5608K(6016K)
[2026-05-19T16:31:34.915+0000][gc          ] GC(7) Pause Young (Normal) (G1 Evacuation Pause) 194M->154M(1024M) 48.684ms
[2026-05-19T16:31:34.915+0000][gc,cpu      ] GC(7) User=0.03s Sys=0.01s Real=0.05s
[2026-05-19T16:34:12.775+0000][gc,heap,exit] Heap
[2026-05-19T16:34:12.777+0000][gc,heap,exit]  garbage-first heap   total 1048576K, used 224087K [0x00000000c0000000, 0x0000000100000000)
[2026-05-19T16:34:12.777+0000][gc,heap,exit]   region size 1024K, 67 young (68608K), 3 survivors (3072K)
[2026-05-19T16:34:12.777+0000][gc,heap,exit]  Metaspace       used 48833K, committed 49856K, reserved 1114112K
[2026-05-19T16:34:12.777+0000][gc,heap,exit]   class space    used 5785K, committed 6208K, reserved 1048576K
