[2026-05-18T16:33:05.986+0000][gc,init] CardTable entry size: 512
[2026-05-18T16:33:05.987+0000][gc     ] Using G1
[2026-05-18T16:33:06.001+0000][gc,init] Version: 21.0.10+7-LTS (release)
[2026-05-18T16:33:06.001+0000][gc,init] CPUs: 2 total, 2 available
[2026-05-18T16:33:06.001+0000][gc,init] Memory: 3732M
[2026-05-18T16:33:06.002+0000][gc,init] Large Page Support: Disabled
[2026-05-18T16:33:06.002+0000][gc,init] NUMA Support: Disabled
[2026-05-18T16:33:06.003+0000][gc,init] Compressed Oops: Enabled (32-bit)
[2026-05-18T16:33:06.003+0000][gc,init] Heap Region Size: 1M
[2026-05-18T16:33:06.003+0000][gc,init] Heap Min Capacity: 1G
[2026-05-18T16:33:06.003+0000][gc,init] Heap Initial Capacity: 1G
[2026-05-18T16:33:06.004+0000][gc,init] Heap Max Capacity: 1G
[2026-05-18T16:33:06.005+0000][gc,init] Pre-touch: Disabled
[2026-05-18T16:33:06.005+0000][gc,init] Parallel Workers: 2
[2026-05-18T16:33:06.005+0000][gc,init] Concurrent Workers: 1
[2026-05-18T16:33:06.005+0000][gc,init] Concurrent Refinement Workers: 2
[2026-05-18T16:33:06.006+0000][gc,init] Periodic GC: Disabled
[2026-05-18T16:33:06.717+0000][gc,metaspace] CDS archive(s) mapped at: [0x00007fe5ca000000-0x00007fe5cabad000-0x00007fe5cabad000), size 12242944, SharedBaseAddress: 0x00007fe5ca000000, ArchiveRelocationMode: 1.
[2026-05-18T16:33:06.717+0000][gc,metaspace] Compressed class space mapped at: 0x00007fe5ce000000-0x00007fe60e000000, reserved size: 1073741824
[2026-05-18T16:33:06.717+0000][gc,metaspace] Narrow klass base: 0x00007fe5ca000000, Narrow klass shift: 0, Narrow klass range: 0x100000000
[2026-05-18T16:33:16.017+0000][gc,start    ] GC(0) Pause Young (Normal) (G1 Evacuation Pause)
[2026-05-18T16:33:16.017+0000][gc,task     ] GC(0) Using 2 workers of 2 for evacuation
[2026-05-18T16:33:16.099+0000][gc,phases   ] GC(0)   Pre Evacuate Collection Set: 0.29ms
[2026-05-18T16:33:16.099+0000][gc,phases   ] GC(0)   Merge Heap Roots: 0.08ms
[2026-05-18T16:33:16.099+0000][gc,phases   ] GC(0)   Evacuate Collection Set: 79.57ms
[2026-05-18T16:33:16.099+0000][gc,phases   ] GC(0)   Post Evacuate Collection Set: 1.58ms
[2026-05-18T16:33:16.099+0000][gc,phases   ] GC(0)   Other: 0.45ms
[2026-05-18T16:33:16.099+0000][gc,heap     ] GC(0) Eden regions: 51->0(44)
[2026-05-18T16:33:16.099+0000][gc,heap     ] GC(0) Survivor regions: 0->7(7)
[2026-05-18T16:33:16.099+0000][gc,heap     ] GC(0) Old regions: 1->2
[2026-05-18T16:33:16.099+0000][gc,heap     ] GC(0) Humongous regions: 0->0
[2026-05-18T16:33:16.099+0000][gc,metaspace] GC(0) Metaspace: 15375K(15616K)->15375K(15616K) NonClass: 13629K(13760K)->13629K(13760K) Class: 1746K(1856K)->1746K(1856K)
[2026-05-18T16:33:16.099+0000][gc          ] GC(0) Pause Young (Normal) (G1 Evacuation Pause) 51M->8M(1024M) 82.759ms
[2026-05-18T16:33:16.099+0000][gc,cpu      ] GC(0) User=0.02s Sys=0.00s Real=0.08s
[2026-05-18T16:33:18.510+0000][gc,start    ] GC(1) Pause Young (Concurrent Start) (Metadata GC Threshold)
[2026-05-18T16:33:18.510+0000][gc,task     ] GC(1) Using 2 workers of 2 for evacuation
[2026-05-18T16:33:18.533+0000][gc,phases   ] GC(1)   Pre Evacuate Collection Set: 1.70ms
[2026-05-18T16:33:18.533+0000][gc,phases   ] GC(1)   Merge Heap Roots: 0.09ms
[2026-05-18T16:33:18.533+0000][gc,phases   ] GC(1)   Evacuate Collection Set: 19.60ms
[2026-05-18T16:33:18.533+0000][gc,phases   ] GC(1)   Post Evacuate Collection Set: 1.23ms
[2026-05-18T16:33:18.533+0000][gc,phases   ] GC(1)   Other: 0.26ms
[2026-05-18T16:33:18.534+0000][gc,heap     ] GC(1) Eden regions: 17->0(49)
[2026-05-18T16:33:18.534+0000][gc,heap     ] GC(1) Survivor regions: 7->2(7)
[2026-05-18T16:33:18.534+0000][gc,heap     ] GC(1) Old regions: 2->9
[2026-05-18T16:33:18.534+0000][gc,heap     ] GC(1) Humongous regions: 0->0
[2026-05-18T16:33:18.534+0000][gc,metaspace] GC(1) Metaspace: 21272K(21504K)->21272K(21504K) NonClass: 18675K(18816K)->18675K(18816K) Class: 2596K(2688K)->2596K(2688K)
[2026-05-18T16:33:18.535+0000][gc          ] GC(1) Pause Young (Concurrent Start) (Metadata GC Threshold) 25M->10M(1024M) 24.800ms
[2026-05-18T16:33:18.535+0000][gc          ] GC(2) Concurrent Mark Cycle
[2026-05-18T16:33:18.535+0000][gc,marking  ] GC(2) Concurrent Scan Root Regions
[2026-05-18T16:33:18.535+0000][gc,cpu      ] GC(1) User=0.02s Sys=0.01s Real=0.03s
[2026-05-18T16:33:18.541+0000][gc,marking  ] GC(2) Concurrent Scan Root Regions 5.874ms
[2026-05-18T16:33:18.541+0000][gc,marking  ] GC(2) Concurrent Mark
[2026-05-18T16:33:18.541+0000][gc,marking  ] GC(2) Concurrent Mark From Roots
[2026-05-18T16:33:18.541+0000][gc,task     ] GC(2) Using 1 workers of 1 for marking
[2026-05-18T16:33:18.546+0000][gc,marking  ] GC(2) Concurrent Mark From Roots 4.824ms
[2026-05-18T16:33:18.546+0000][gc,marking  ] GC(2) Concurrent Preclean
[2026-05-18T16:33:18.547+0000][gc,marking  ] GC(2) Concurrent Preclean 0.168ms
[2026-05-18T16:33:18.547+0000][gc,start    ] GC(2) Pause Remark
[2026-05-18T16:33:18.555+0000][gc          ] GC(2) Pause Remark 10M->10M(1024M) 7.773ms
[2026-05-18T16:33:18.555+0000][gc,cpu      ] GC(2) User=0.01s Sys=0.00s Real=0.01s
[2026-05-18T16:33:18.555+0000][gc,marking  ] GC(2) Concurrent Mark 13.938ms
[2026-05-18T16:33:18.555+0000][gc,marking  ] GC(2) Concurrent Rebuild Remembered Sets and Scrub Regions
[2026-05-18T16:33:18.557+0000][gc,marking  ] GC(2) Concurrent Rebuild Remembered Sets and Scrub Regions 2.224ms
[2026-05-18T16:33:18.558+0000][gc,start    ] GC(2) Pause Cleanup
[2026-05-18T16:33:18.559+0000][gc          ] GC(2) Pause Cleanup 10M->10M(1024M) 0.069ms
[2026-05-18T16:33:18.559+0000][gc,cpu      ] GC(2) User=0.00s Sys=0.00s Real=0.00s
[2026-05-18T16:33:18.559+0000][gc,marking  ] GC(2) Concurrent Clear Claimed Marks
[2026-05-18T16:33:18.561+0000][gc,marking  ] GC(2) Concurrent Clear Claimed Marks 1.525ms
[2026-05-18T16:33:18.561+0000][gc,marking  ] GC(2) Concurrent Cleanup for Next Mark
[2026-05-18T16:33:18.602+0000][gc,marking  ] GC(2) Concurrent Cleanup for Next Mark 40.919ms
[2026-05-18T16:33:18.602+0000][gc          ] GC(2) Concurrent Mark Cycle 67.339ms
[2026-05-18T16:33:26.931+0000][gc,start    ] GC(3) Pause Young (Normal) (G1 Evacuation Pause)
[2026-05-18T16:33:26.931+0000][gc,task     ] GC(3) Using 2 workers of 2 for evacuation
[2026-05-18T16:33:27.024+0000][gc,phases   ] GC(3)   Pre Evacuate Collection Set: 20.29ms
[2026-05-18T16:33:27.024+0000][gc,phases   ] GC(3)   Merge Heap Roots: 0.09ms
[2026-05-18T16:33:27.024+0000][gc,phases   ] GC(3)   Evacuate Collection Set: 69.36ms
[2026-05-18T16:33:27.024+0000][gc,phases   ] GC(3)   Post Evacuate Collection Set: 2.37ms
[2026-05-18T16:33:27.024+0000][gc,phases   ] GC(3)   Other: 0.11ms
[2026-05-18T16:33:27.024+0000][gc,heap     ] GC(3) Eden regions: 49->0(46)
[2026-05-18T16:33:27.024+0000][gc,heap     ] GC(3) Survivor regions: 2->5(7)
[2026-05-18T16:33:27.024+0000][gc,heap     ] GC(3) Old regions: 9->9
[2026-05-18T16:33:27.024+0000][gc,heap     ] GC(3) Humongous regions: 0->0
[2026-05-18T16:33:27.024+0000][gc,metaspace] GC(3) Metaspace: 32422K(32768K)->32422K(32768K) NonClass: 28677K(28864K)->28677K(28864K) Class: 3745K(3904K)->3745K(3904K)
[2026-05-18T16:33:27.024+0000][gc          ] GC(3) Pause Young (Normal) (G1 Evacuation Pause) 59M->13M(1024M) 92.560ms
[2026-05-18T16:33:27.024+0000][gc,cpu      ] GC(3) User=0.04s Sys=0.00s Real=0.09s
[2026-05-18T16:33:29.651+0000][gc,start    ] GC(4) Pause Young (Concurrent Start) (Metadata GC Threshold)
[2026-05-18T16:33:29.651+0000][gc,task     ] GC(4) Using 2 workers of 2 for evacuation
[2026-05-18T16:33:29.735+0000][gc,phases   ] GC(4)   Pre Evacuate Collection Set: 0.33ms
[2026-05-18T16:33:29.735+0000][gc,phases   ] GC(4)   Merge Heap Roots: 0.06ms
[2026-05-18T16:33:29.735+0000][gc,phases   ] GC(4)   Evacuate Collection Set: 78.62ms
[2026-05-18T16:33:29.735+0000][gc,phases   ] GC(4)   Post Evacuate Collection Set: 4.16ms
[2026-05-18T16:33:29.735+0000][gc,phases   ] GC(4)   Other: 0.19ms
[2026-05-18T16:33:29.735+0000][gc,heap     ] GC(4) Eden regions: 16->0(61)
[2026-05-18T16:33:29.735+0000][gc,heap     ] GC(4) Survivor regions: 5->1(7)
[2026-05-18T16:33:29.735+0000][gc,heap     ] GC(4) Old regions: 9->15
[2026-05-18T16:33:29.735+0000][gc,heap     ] GC(4) Humongous regions: 0->0
[2026-05-18T16:33:29.735+0000][gc,metaspace] GC(4) Metaspace: 35494K(35968K)->35494K(35968K) NonClass: 31370K(31616K)->31370K(31616K) Class: 4124K(4352K)->4124K(4352K)
[2026-05-18T16:33:29.735+0000][gc          ] GC(4) Pause Young (Concurrent Start) (Metadata GC Threshold) 29M->15M(1024M) 83.690ms
[2026-05-18T16:33:29.735+0000][gc          ] GC(5) Concurrent Mark Cycle
[2026-05-18T16:33:29.735+0000][gc,marking  ] GC(5) Concurrent Scan Root Regions
[2026-05-18T16:33:29.735+0000][gc,cpu      ] GC(4) User=0.04s Sys=0.01s Real=0.08s
[2026-05-18T16:33:29.753+0000][gc,marking  ] GC(5) Concurrent Scan Root Regions 18.445ms
[2026-05-18T16:33:29.753+0000][gc,marking  ] GC(5) Concurrent Mark
[2026-05-18T16:33:29.753+0000][gc,marking  ] GC(5) Concurrent Mark From Roots
[2026-05-18T16:33:29.753+0000][gc,task     ] GC(5) Using 1 workers of 1 for marking
[2026-05-18T16:33:29.789+0000][gc,marking  ] GC(5) Concurrent Mark From Roots 35.836ms
[2026-05-18T16:33:29.789+0000][gc,marking  ] GC(5) Concurrent Preclean
[2026-05-18T16:33:29.789+0000][gc,marking  ] GC(5) Concurrent Preclean 0.085ms
[2026-05-18T16:33:29.807+0000][gc,start    ] GC(5) Pause Remark
[2026-05-18T16:33:29.819+0000][gc          ] GC(5) Pause Remark 16M->16M(1024M) 12.353ms
[2026-05-18T16:33:29.819+0000][gc,cpu      ] GC(5) User=0.01s Sys=0.00s Real=0.01s
[2026-05-18T16:33:29.819+0000][gc,marking  ] GC(5) Concurrent Mark 65.951ms
[2026-05-18T16:33:29.819+0000][gc,marking  ] GC(5) Concurrent Rebuild Remembered Sets and Scrub Regions
[2026-05-18T16:33:29.853+0000][gc,marking  ] GC(5) Concurrent Rebuild Remembered Sets and Scrub Regions 33.868ms
[2026-05-18T16:33:29.855+0000][gc,start    ] GC(5) Pause Cleanup
[2026-05-18T16:33:29.856+0000][gc          ] GC(5) Pause Cleanup 16M->16M(1024M) 0.374ms
[2026-05-18T16:33:29.856+0000][gc,cpu      ] GC(5) User=0.00s Sys=0.00s Real=0.00s
[2026-05-18T16:33:29.856+0000][gc,marking  ] GC(5) Concurrent Clear Claimed Marks
[2026-05-18T16:33:29.856+0000][gc,marking  ] GC(5) Concurrent Clear Claimed Marks 0.086ms
[2026-05-18T16:33:29.856+0000][gc,marking  ] GC(5) Concurrent Cleanup for Next Mark
[2026-05-18T16:33:29.862+0000][gc,marking  ] GC(5) Concurrent Cleanup for Next Mark 6.232ms
[2026-05-18T16:33:29.863+0000][gc          ] GC(5) Concurrent Mark Cycle 127.726ms
[2026-05-18T16:33:37.589+0000][gc,start    ] GC(6) Pause Young (Normal) (G1 Evacuation Pause)
[2026-05-18T16:33:37.589+0000][gc,task     ] GC(6) Using 2 workers of 2 for evacuation
[2026-05-18T16:33:37.766+0000][gc,phases   ] GC(6)   Pre Evacuate Collection Set: 1.27ms
[2026-05-18T16:33:37.766+0000][gc,phases   ] GC(6)   Merge Heap Roots: 1.45ms
[2026-05-18T16:33:37.766+0000][gc,phases   ] GC(6)   Evacuate Collection Set: 169.41ms
[2026-05-18T16:33:37.766+0000][gc,phases   ] GC(6)   Post Evacuate Collection Set: 4.62ms
[2026-05-18T16:33:37.766+0000][gc,phases   ] GC(6)   Other: 0.10ms
[2026-05-18T16:33:37.766+0000][gc,heap     ] GC(6) Eden regions: 57->0(43)
[2026-05-18T16:33:37.766+0000][gc,heap     ] GC(6) Survivor regions: 1->8(8)
[2026-05-18T16:33:37.766+0000][gc,heap     ] GC(6) Old regions: 15->16
[2026-05-18T16:33:37.766+0000][gc,heap     ] GC(6) Humongous regions: 0->0
[2026-05-18T16:33:37.766+0000][gc,metaspace] GC(6) Metaspace: 44253K(45184K)->44253K(45184K) NonClass: 39031K(39552K)->39031K(39552K) Class: 5221K(5632K)->5221K(5632K)
[2026-05-18T16:33:37.766+0000][gc          ] GC(6) Pause Young (Normal) (G1 Evacuation Pause) 72M->23M(1024M) 177.381ms
[2026-05-18T16:33:37.766+0000][gc,cpu      ] GC(6) User=0.03s Sys=0.00s Real=0.18s
[2026-05-18T16:34:13.762+0000][gc,start    ] GC(7) Pause Young (Normal) (G1 Evacuation Pause)
[2026-05-18T16:34:13.767+0000][gc,task     ] GC(7) Using 2 workers of 2 for evacuation
[2026-05-18T16:34:13.837+0000][gc,phases   ] GC(7)   Pre Evacuate Collection Set: 0.39ms
[2026-05-18T16:34:13.837+0000][gc,phases   ] GC(7)   Merge Heap Roots: 0.11ms
[2026-05-18T16:34:13.837+0000][gc,phases   ] GC(7)   Evacuate Collection Set: 67.49ms
[2026-05-18T16:34:13.837+0000][gc,phases   ] GC(7)   Post Evacuate Collection Set: 1.96ms
[2026-05-18T16:34:13.837+0000][gc,phases   ] GC(7)   Other: 0.12ms
[2026-05-18T16:34:13.837+0000][gc,heap     ] GC(7) Eden regions: 43->0(55)
[2026-05-18T16:34:13.837+0000][gc,heap     ] GC(7) Survivor regions: 8->4(7)
[2026-05-18T16:34:13.837+0000][gc,heap     ] GC(7) Old regions: 16->24
[2026-05-18T16:34:13.837+0000][gc,heap     ] GC(7) Humongous regions: 138->138
[2026-05-18T16:34:13.837+0000][gc,metaspace] GC(7) Metaspace: 48296K(49472K)->48296K(49472K) NonClass: 42542K(43200K)->42542K(43200K) Class: 5753K(6272K)->5753K(6272K)
[2026-05-18T16:34:13.837+0000][gc          ] GC(7) Pause Young (Normal) (G1 Evacuation Pause) 204M->165M(1024M) 75.770ms
[2026-05-18T16:34:13.837+0000][gc,cpu      ] GC(7) User=0.03s Sys=0.00s Real=0.07s
[2026-05-18T16:34:44.258+0000][gc,start    ] GC(8) Pause Young (Normal) (G1 Evacuation Pause)
[2026-05-18T16:34:44.275+0000][gc,task     ] GC(8) Using 2 workers of 2 for evacuation
[2026-05-18T16:34:44.314+0000][gc,phases   ] GC(8)   Pre Evacuate Collection Set: 6.56ms
[2026-05-18T16:34:44.314+0000][gc,phases   ] GC(8)   Merge Heap Roots: 0.19ms
[2026-05-18T16:34:44.314+0000][gc,phases   ] GC(8)   Evacuate Collection Set: 30.44ms
[2026-05-18T16:34:44.314+0000][gc,phases   ] GC(8)   Post Evacuate Collection Set: 1.97ms
[2026-05-18T16:34:44.315+0000][gc,phases   ] GC(8)   Other: 0.29ms
[2026-05-18T16:34:44.315+0000][gc,heap     ] GC(8) Eden regions: 51->0(112)
[2026-05-18T16:34:44.315+0000][gc,heap     ] GC(8) Survivor regions: 4->4(7)
[2026-05-18T16:34:44.315+0000][gc,heap     ] GC(8) Old regions: 24->24
[2026-05-18T16:34:44.315+0000][gc,heap     ] GC(8) Humongous regions: 138->138
[2026-05-18T16:34:44.315+0000][gc,metaspace] GC(8) Metaspace: 48879K(49984K)->48879K(49984K) NonClass: 43102K(43712K)->43102K(43712K) Class: 5776K(6272K)->5776K(6272K)
[2026-05-18T16:34:44.315+0000][gc          ] GC(8) Pause Young (Normal) (G1 Evacuation Pause) 216M->165M(1024M) 56.619ms
[2026-05-18T16:34:44.315+0000][gc,cpu      ] GC(8) User=0.02s Sys=0.02s Real=0.06s
[2026-05-18T16:38:50.931+0000][gc,start    ] GC(9) Pause Young (Normal) (G1 Evacuation Pause)
[2026-05-18T16:38:50.946+0000][gc,task     ] GC(9) Using 2 workers of 2 for evacuation
[2026-05-18T16:38:51.004+0000][gc,phases   ] GC(9)   Pre Evacuate Collection Set: 3.94ms
[2026-05-18T16:38:51.004+0000][gc,phases   ] GC(9)   Merge Heap Roots: 0.16ms
[2026-05-18T16:38:51.004+0000][gc,phases   ] GC(9)   Evacuate Collection Set: 50.71ms
[2026-05-18T16:38:51.004+0000][gc,phases   ] GC(9)   Post Evacuate Collection Set: 2.83ms
[2026-05-18T16:38:51.005+0000][gc,phases   ] GC(9)   Other: 0.28ms
[2026-05-18T16:38:51.005+0000][gc,heap     ] GC(9) Eden regions: 112->0(119)
[2026-05-18T16:38:51.005+0000][gc,heap     ] GC(9) Survivor regions: 4->8(15)
[2026-05-18T16:38:51.005+0000][gc,heap     ] GC(9) Old regions: 24->24
[2026-05-18T16:38:51.005+0000][gc,heap     ] GC(9) Humongous regions: 145->139
[2026-05-18T16:38:51.005+0000][gc,metaspace] GC(9) Metaspace: 51507K(52736K)->51507K(52736K) NonClass: 45457K(46144K)->45457K(46144K) Class: 6049K(6592K)->6049K(6592K)
[2026-05-18T16:38:51.005+0000][gc          ] GC(9) Pause Young (Normal) (G1 Evacuation Pause) 284M->170M(1024M) 74.096ms
[2026-05-18T16:38:51.005+0000][gc,cpu      ] GC(9) User=0.05s Sys=0.01s Real=0.07s
[2026-05-18T16:42:18.408+0000][gc,start    ] GC(10) Pause Young (Normal) (G1 Evacuation Pause)
[2026-05-18T16:42:18.408+0000][gc,task     ] GC(10) Using 2 workers of 2 for evacuation
[2026-05-18T16:42:18.451+0000][gc,phases   ] GC(10)   Pre Evacuate Collection Set: 0.69ms
[2026-05-18T16:42:18.451+0000][gc,phases   ] GC(10)   Merge Heap Roots: 0.42ms
[2026-05-18T16:42:18.451+0000][gc,phases   ] GC(10)   Evacuate Collection Set: 38.05ms
[2026-05-18T16:42:18.452+0000][gc,phases   ] GC(10)   Post Evacuate Collection Set: 3.74ms
[2026-05-18T16:42:18.452+0000][gc,phases   ] GC(10)   Other: 0.16ms
[2026-05-18T16:42:18.452+0000][gc,heap     ] GC(10) Eden regions: 110->0(226)
[2026-05-18T16:42:18.452+0000][gc,heap     ] GC(10) Survivor regions: 8->15(15)
[2026-05-18T16:42:18.452+0000][gc,heap     ] GC(10) Old regions: 24->24
[2026-05-18T16:42:18.452+0000][gc,heap     ] GC(10) Humongous regions: 139->139
[2026-05-18T16:42:18.452+0000][gc,metaspace] GC(10) Metaspace: 52060K(53376K)->52060K(53376K) NonClass: 45989K(46720K)->45989K(46720K) Class: 6071K(6656K)->6071K(6656K)
[2026-05-18T16:42:18.452+0000][gc          ] GC(10) Pause Young (Normal) (G1 Evacuation Pause) 280M->177M(1024M) 43.494ms
[2026-05-18T16:42:18.452+0000][gc,cpu      ] GC(10) User=0.06s Sys=0.01s Real=0.05s
[2026-05-18T16:49:52.683+0000][gc,start    ] GC(11) Pause Young (Normal) (G1 Evacuation Pause)
[2026-05-18T16:49:52.699+0000][gc,task     ] GC(11) Using 2 workers of 2 for evacuation
[2026-05-18T16:49:52.773+0000][gc,phases   ] GC(11)   Pre Evacuate Collection Set: 7.37ms
[2026-05-18T16:49:52.773+0000][gc,phases   ] GC(11)   Merge Heap Roots: 0.14ms
[2026-05-18T16:49:52.773+0000][gc,phases   ] GC(11)   Evacuate Collection Set: 64.62ms
[2026-05-18T16:49:52.773+0000][gc,phases   ] GC(11)   Post Evacuate Collection Set: 1.87ms
[2026-05-18T16:49:52.773+0000][gc,phases   ] GC(11)   Other: 0.19ms
[2026-05-18T16:49:52.773+0000][gc,heap     ] GC(11) Eden regions: 218->0(84)
[2026-05-18T16:49:52.773+0000][gc,heap     ] GC(11) Survivor regions: 15->23(30)
[2026-05-18T16:49:52.773+0000][gc,heap     ] GC(11) Old regions: 24->24
[2026-05-18T16:49:52.773+0000][gc,heap     ] GC(11) Humongous regions: 139->139
[2026-05-18T16:49:52.774+0000][gc,metaspace] GC(11) Metaspace: 52321K(53632K)->52321K(53632K) NonClass: 46214K(46912K)->46214K(46912K) Class: 6106K(6720K)->6106K(6720K)
[2026-05-18T16:49:52.774+0000][gc          ] GC(11) Pause Young (Normal) (G1 Evacuation Pause) 395M->185M(1024M) 90.772ms
[2026-05-18T16:49:52.774+0000][gc,cpu      ] GC(11) User=0.09s Sys=0.02s Real=0.09s
[2026-05-18T16:51:40.032+0000][gc,heap,exit] Heap
[2026-05-18T16:51:40.048+0000][gc,heap,exit]  garbage-first heap   total 1048576K, used 263092K [0x00000000c0000000, 0x0000000100000000)
[2026-05-18T16:51:40.048+0000][gc,heap,exit]   region size 1024K, 95 young (97280K), 23 survivors (23552K)
[2026-05-18T16:51:40.048+0000][gc,heap,exit]  Metaspace       used 53377K, committed 54656K, reserved 1114112K
[2026-05-18T16:51:40.049+0000][gc,heap,exit]   class space    used 6333K, committed 6912K, reserved 1048576K
