[2026-05-13T17:04:59.606+0000][gc,init] CardTable entry size: 512
[2026-05-13T17:04:59.610+0000][gc     ] Using G1
[2026-05-13T17:04:59.634+0000][gc,init] Version: 21.0.10+7-LTS (release)
[2026-05-13T17:04:59.634+0000][gc,init] CPUs: 2 total, 2 available
[2026-05-13T17:04:59.635+0000][gc,init] Memory: 3732M
[2026-05-13T17:04:59.635+0000][gc,init] Large Page Support: Disabled
[2026-05-13T17:04:59.635+0000][gc,init] NUMA Support: Disabled
[2026-05-13T17:04:59.635+0000][gc,init] Compressed Oops: Enabled (32-bit)
[2026-05-13T17:04:59.635+0000][gc,init] Heap Region Size: 1M
[2026-05-13T17:04:59.635+0000][gc,init] Heap Min Capacity: 1G
[2026-05-13T17:04:59.635+0000][gc,init] Heap Initial Capacity: 1G
[2026-05-13T17:04:59.635+0000][gc,init] Heap Max Capacity: 1G
[2026-05-13T17:04:59.635+0000][gc,init] Pre-touch: Disabled
[2026-05-13T17:04:59.635+0000][gc,init] Parallel Workers: 2
[2026-05-13T17:04:59.635+0000][gc,init] Concurrent Workers: 1
[2026-05-13T17:04:59.635+0000][gc,init] Concurrent Refinement Workers: 2
[2026-05-13T17:04:59.635+0000][gc,init] Periodic GC: Disabled
[2026-05-13T17:05:00.031+0000][gc,metaspace] CDS archive(s) mapped at: [0x00007f87d8000000-0x00007f87d8bad000-0x00007f87d8bad000), size 12242944, SharedBaseAddress: 0x00007f87d8000000, ArchiveRelocationMode: 1.
[2026-05-13T17:05:00.031+0000][gc,metaspace] Compressed class space mapped at: 0x00007f87dc000000-0x00007f881c000000, reserved size: 1073741824
[2026-05-13T17:05:00.031+0000][gc,metaspace] Narrow klass base: 0x00007f87d8000000, Narrow klass shift: 0, Narrow klass range: 0x100000000
[2026-05-13T17:05:11.079+0000][gc,start    ] GC(0) Pause Young (Normal) (G1 Evacuation Pause)
[2026-05-13T17:05:11.080+0000][gc,task     ] GC(0) Using 2 workers of 2 for evacuation
[2026-05-13T17:05:11.126+0000][gc,phases   ] GC(0)   Pre Evacuate Collection Set: 0.31ms
[2026-05-13T17:05:11.126+0000][gc,phases   ] GC(0)   Merge Heap Roots: 0.09ms
[2026-05-13T17:05:11.126+0000][gc,phases   ] GC(0)   Evacuate Collection Set: 40.94ms
[2026-05-13T17:05:11.126+0000][gc,phases   ] GC(0)   Post Evacuate Collection Set: 3.78ms
[2026-05-13T17:05:11.126+0000][gc,phases   ] GC(0)   Other: 1.69ms
[2026-05-13T17:05:11.127+0000][gc,heap     ] GC(0) Eden regions: 51->0(44)
[2026-05-13T17:05:11.127+0000][gc,heap     ] GC(0) Survivor regions: 0->7(7)
[2026-05-13T17:05:11.127+0000][gc,heap     ] GC(0) Old regions: 1->2
[2026-05-13T17:05:11.127+0000][gc,heap     ] GC(0) Humongous regions: 0->0
[2026-05-13T17:05:11.127+0000][gc,metaspace] GC(0) Metaspace: 15144K(15424K)->15144K(15424K) NonClass: 13423K(13568K)->13423K(13568K) Class: 1720K(1856K)->1720K(1856K)
[2026-05-13T17:05:11.128+0000][gc          ] GC(0) Pause Young (Normal) (G1 Evacuation Pause) 51M->8M(1024M) 48.932ms
[2026-05-13T17:05:11.128+0000][gc,cpu      ] GC(0) User=0.02s Sys=0.01s Real=0.05s
[2026-05-13T17:05:12.938+0000][gc,start    ] GC(1) Pause Young (Concurrent Start) (Metadata GC Threshold)
[2026-05-13T17:05:12.939+0000][gc,task     ] GC(1) Using 2 workers of 2 for evacuation
[2026-05-13T17:05:13.205+0000][gc,mmu      ] GC(1) MMU target violated: 201.0ms (200.0ms/201.0ms)
[2026-05-13T17:05:13.205+0000][gc,phases   ] GC(1)   Pre Evacuate Collection Set: 0.39ms
[2026-05-13T17:05:13.205+0000][gc,phases   ] GC(1)   Merge Heap Roots: 0.10ms
[2026-05-13T17:05:13.205+0000][gc,phases   ] GC(1)   Evacuate Collection Set: 263.68ms
[2026-05-13T17:05:13.205+0000][gc,phases   ] GC(1)   Post Evacuate Collection Set: 1.24ms
[2026-05-13T17:05:13.205+0000][gc,phases   ] GC(1)   Other: 0.50ms
[2026-05-13T17:05:13.205+0000][gc,heap     ] GC(1) Eden regions: 18->0(49)
[2026-05-13T17:05:13.205+0000][gc,heap     ] GC(1) Survivor regions: 7->2(7)
[2026-05-13T17:05:13.205+0000][gc,heap     ] GC(1) Old regions: 2->10
[2026-05-13T17:05:13.205+0000][gc,heap     ] GC(1) Humongous regions: 0->0
[2026-05-13T17:05:13.205+0000][gc,metaspace] GC(1) Metaspace: 21256K(21504K)->21256K(21504K) NonClass: 18654K(18816K)->18654K(18816K) Class: 2602K(2688K)->2602K(2688K)
[2026-05-13T17:05:13.207+0000][gc          ] GC(1) Pause Young (Concurrent Start) (Metadata GC Threshold) 26M->10M(1024M) 266.389ms
[2026-05-13T17:05:13.207+0000][gc          ] GC(2) Concurrent Mark Cycle
[2026-05-13T17:05:13.207+0000][gc,marking  ] GC(2) Concurrent Scan Root Regions
[2026-05-13T17:05:13.208+0000][gc,cpu      ] GC(1) User=0.02s Sys=0.04s Real=0.27s
[2026-05-13T17:05:13.212+0000][gc,marking  ] GC(2) Concurrent Scan Root Regions 5.217ms
[2026-05-13T17:05:13.213+0000][gc,marking  ] GC(2) Concurrent Mark
[2026-05-13T17:05:13.213+0000][gc,marking  ] GC(2) Concurrent Mark From Roots
[2026-05-13T17:05:13.213+0000][gc,task     ] GC(2) Using 1 workers of 1 for marking
[2026-05-13T17:05:13.243+0000][gc,marking  ] GC(2) Concurrent Mark From Roots 30.850ms
[2026-05-13T17:05:13.243+0000][gc,marking  ] GC(2) Concurrent Preclean
[2026-05-13T17:05:13.243+0000][gc,marking  ] GC(2) Concurrent Preclean 0.024ms
[2026-05-13T17:05:13.455+0000][gc,start    ] GC(2) Pause Remark
[2026-05-13T17:05:13.469+0000][gc          ] GC(2) Pause Remark 11M->11M(1024M) 13.442ms
[2026-05-13T17:05:13.469+0000][gc,cpu      ] GC(2) User=0.01s Sys=0.00s Real=0.01s
[2026-05-13T17:05:13.469+0000][gc,marking  ] GC(2) Concurrent Mark 256.699ms
[2026-05-13T17:05:13.469+0000][gc,marking  ] GC(2) Concurrent Rebuild Remembered Sets and Scrub Regions
[2026-05-13T17:05:13.562+0000][gc,marking  ] GC(2) Concurrent Rebuild Remembered Sets and Scrub Regions 92.768ms
[2026-05-13T17:05:13.564+0000][gc,start    ] GC(2) Pause Cleanup
[2026-05-13T17:05:13.565+0000][gc          ] GC(2) Pause Cleanup 11M->11M(1024M) 0.809ms
[2026-05-13T17:05:13.565+0000][gc,cpu      ] GC(2) User=0.01s Sys=0.00s Real=0.00s
[2026-05-13T17:05:13.574+0000][gc,marking  ] GC(2) Concurrent Clear Claimed Marks
[2026-05-13T17:05:13.574+0000][gc,marking  ] GC(2) Concurrent Clear Claimed Marks 0.088ms
[2026-05-13T17:05:13.574+0000][gc,marking  ] GC(2) Concurrent Cleanup for Next Mark
[2026-05-13T17:05:14.150+0000][gc,marking  ] GC(2) Concurrent Cleanup for Next Mark 576.184ms
[2026-05-13T17:05:14.150+0000][gc          ] GC(2) Concurrent Mark Cycle 943.111ms
[2026-05-13T17:05:32.483+0000][gc,start    ] GC(3) Pause Young (Normal) (G1 Evacuation Pause)
[2026-05-13T17:05:32.484+0000][gc,task     ] GC(3) Using 2 workers of 2 for evacuation
[2026-05-13T17:05:32.647+0000][gc,phases   ] GC(3)   Pre Evacuate Collection Set: 73.14ms
[2026-05-13T17:05:32.647+0000][gc,phases   ] GC(3)   Merge Heap Roots: 0.20ms
[2026-05-13T17:05:32.648+0000][gc,phases   ] GC(3)   Evacuate Collection Set: 83.19ms
[2026-05-13T17:05:32.648+0000][gc,phases   ] GC(3)   Post Evacuate Collection Set: 6.48ms
[2026-05-13T17:05:32.648+0000][gc,phases   ] GC(3)   Other: 0.22ms
[2026-05-13T17:05:32.648+0000][gc,heap     ] GC(3) Eden regions: 49->0(45)
[2026-05-13T17:05:32.648+0000][gc,heap     ] GC(3) Survivor regions: 2->6(7)
[2026-05-13T17:05:32.648+0000][gc,heap     ] GC(3) Old regions: 10->10
[2026-05-13T17:05:32.649+0000][gc,heap     ] GC(3) Humongous regions: 0->0
[2026-05-13T17:05:32.649+0000][gc,metaspace] GC(3) Metaspace: 33940K(34368K)->33940K(34368K) NonClass: 30014K(30272K)->30014K(30272K) Class: 3926K(4096K)->3926K(4096K)
[2026-05-13T17:05:32.651+0000][gc          ] GC(3) Pause Young (Normal) (G1 Evacuation Pause) 59M->15M(1024M) 167.978ms
[2026-05-13T17:05:32.652+0000][gc,cpu      ] GC(3) User=0.05s Sys=0.01s Real=0.16s
[2026-05-13T17:05:34.061+0000][gc,start    ] GC(4) Pause Young (Concurrent Start) (Metadata GC Threshold)
[2026-05-13T17:05:34.061+0000][gc,task     ] GC(4) Using 2 workers of 2 for evacuation
[2026-05-13T17:05:34.121+0000][gc,phases   ] GC(4)   Pre Evacuate Collection Set: 1.54ms
[2026-05-13T17:05:34.121+0000][gc,phases   ] GC(4)   Merge Heap Roots: 0.06ms
[2026-05-13T17:05:34.121+0000][gc,phases   ] GC(4)   Evacuate Collection Set: 55.88ms
[2026-05-13T17:05:34.121+0000][gc,phases   ] GC(4)   Post Evacuate Collection Set: 2.02ms
[2026-05-13T17:05:34.121+0000][gc,phases   ] GC(4)   Other: 0.27ms
[2026-05-13T17:05:34.121+0000][gc,heap     ] GC(4) Eden regions: 7->0(50)
[2026-05-13T17:05:34.121+0000][gc,heap     ] GC(4) Survivor regions: 6->1(7)
[2026-05-13T17:05:34.121+0000][gc,heap     ] GC(4) Old regions: 10->15
[2026-05-13T17:05:34.121+0000][gc,heap     ] GC(4) Humongous regions: 0->0
[2026-05-13T17:05:34.121+0000][gc,metaspace] GC(4) Metaspace: 35456K(35968K)->35456K(35968K) NonClass: 31327K(31616K)->31327K(31616K) Class: 4129K(4352K)->4129K(4352K)
[2026-05-13T17:05:34.121+0000][gc          ] GC(4) Pause Young (Concurrent Start) (Metadata GC Threshold) 21M->15M(1024M) 60.166ms
[2026-05-13T17:05:34.122+0000][gc          ] GC(5) Concurrent Mark Cycle
[2026-05-13T17:05:34.122+0000][gc,marking  ] GC(5) Concurrent Scan Root Regions
[2026-05-13T17:05:34.124+0000][gc,cpu      ] GC(4) User=0.03s Sys=0.00s Real=0.07s
[2026-05-13T17:05:34.153+0000][gc,marking  ] GC(5) Concurrent Scan Root Regions 30.976ms
[2026-05-13T17:05:34.153+0000][gc,marking  ] GC(5) Concurrent Mark
[2026-05-13T17:05:34.153+0000][gc,marking  ] GC(5) Concurrent Mark From Roots
[2026-05-13T17:05:34.153+0000][gc,task     ] GC(5) Using 1 workers of 1 for marking
[2026-05-13T17:05:34.365+0000][gc,marking  ] GC(5) Concurrent Mark From Roots 211.512ms
[2026-05-13T17:05:34.365+0000][gc,marking  ] GC(5) Concurrent Preclean
[2026-05-13T17:05:34.365+0000][gc,marking  ] GC(5) Concurrent Preclean 0.093ms
[2026-05-13T17:05:34.365+0000][gc,start    ] GC(5) Pause Remark
[2026-05-13T17:05:34.378+0000][gc          ] GC(5) Pause Remark 18M->18M(1024M) 12.504ms
[2026-05-13T17:05:34.378+0000][gc,cpu      ] GC(5) User=0.00s Sys=0.01s Real=0.01s
[2026-05-13T17:05:34.378+0000][gc,marking  ] GC(5) Concurrent Mark 224.912ms
[2026-05-13T17:05:34.378+0000][gc,marking  ] GC(5) Concurrent Rebuild Remembered Sets and Scrub Regions
[2026-05-13T17:05:34.497+0000][gc,marking  ] GC(5) Concurrent Rebuild Remembered Sets and Scrub Regions 118.859ms
[2026-05-13T17:05:34.501+0000][gc,start    ] GC(5) Pause Cleanup
[2026-05-13T17:05:34.501+0000][gc          ] GC(5) Pause Cleanup 19M->19M(1024M) 0.696ms
[2026-05-13T17:05:34.501+0000][gc,cpu      ] GC(5) User=0.00s Sys=0.00s Real=0.00s
[2026-05-13T17:05:34.502+0000][gc,marking  ] GC(5) Concurrent Clear Claimed Marks
[2026-05-13T17:05:34.502+0000][gc,marking  ] GC(5) Concurrent Clear Claimed Marks 0.068ms
[2026-05-13T17:05:34.502+0000][gc,marking  ] GC(5) Concurrent Cleanup for Next Mark
[2026-05-13T17:05:34.509+0000][gc,marking  ] GC(5) Concurrent Cleanup for Next Mark 7.103ms
[2026-05-13T17:05:34.509+0000][gc          ] GC(5) Concurrent Mark Cycle 386.772ms
[2026-05-13T17:05:40.391+0000][gc,start    ] GC(6) Pause Young (Prepare Mixed) (G1 Evacuation Pause)
[2026-05-13T17:05:40.391+0000][gc,task     ] GC(6) Using 2 workers of 2 for evacuation
[2026-05-13T17:05:40.440+0000][gc,phases   ] GC(6)   Pre Evacuate Collection Set: 0.52ms
[2026-05-13T17:05:40.440+0000][gc,phases   ] GC(6)   Merge Heap Roots: 0.09ms
[2026-05-13T17:05:40.440+0000][gc,phases   ] GC(6)   Evacuate Collection Set: 45.49ms
[2026-05-13T17:05:40.440+0000][gc,phases   ] GC(6)   Post Evacuate Collection Set: 2.27ms
[2026-05-13T17:05:40.440+0000][gc,phases   ] GC(6)   Other: 0.09ms
[2026-05-13T17:05:40.440+0000][gc,heap     ] GC(6) Eden regions: 50->0(44)
[2026-05-13T17:05:40.440+0000][gc,heap     ] GC(6) Survivor regions: 1->7(7)
[2026-05-13T17:05:40.440+0000][gc,heap     ] GC(6) Old regions: 15->17
[2026-05-13T17:05:40.440+0000][gc,heap     ] GC(6) Humongous regions: 0->0
[2026-05-13T17:05:40.440+0000][gc,metaspace] GC(6) Metaspace: 43501K(44416K)->43501K(44416K) NonClass: 38368K(38912K)->38368K(38912K) Class: 5133K(5504K)->5133K(5504K)
[2026-05-13T17:05:40.440+0000][gc          ] GC(6) Pause Young (Prepare Mixed) (G1 Evacuation Pause) 65M->23M(1024M) 48.971ms
[2026-05-13T17:05:40.440+0000][gc,cpu      ] GC(6) User=0.03s Sys=0.00s Real=0.05s
[2026-05-13T17:08:24.065+0000][gc,start    ] GC(7) Pause Young (Mixed) (G1 Evacuation Pause)
[2026-05-13T17:08:24.091+0000][gc,task     ] GC(7) Using 2 workers of 2 for evacuation
[2026-05-13T17:08:24.169+0000][gc,phases   ] GC(7)   Pre Evacuate Collection Set: 6.41ms
[2026-05-13T17:08:24.169+0000][gc,phases   ] GC(7)   Merge Heap Roots: 0.51ms
[2026-05-13T17:08:24.169+0000][gc,phases   ] GC(7)   Evacuate Collection Set: 68.08ms
[2026-05-13T17:08:24.169+0000][gc,phases   ] GC(7)   Post Evacuate Collection Set: 3.03ms
[2026-05-13T17:08:24.169+0000][gc,phases   ] GC(7)   Other: 0.26ms
[2026-05-13T17:08:24.169+0000][gc,heap     ] GC(7) Eden regions: 44->0(47)
[2026-05-13T17:08:24.169+0000][gc,heap     ] GC(7) Survivor regions: 7->4(7)
[2026-05-13T17:08:24.170+0000][gc,heap     ] GC(7) Old regions: 17->24
[2026-05-13T17:08:24.170+0000][gc,heap     ] GC(7) Humongous regions: 129->129
[2026-05-13T17:08:24.170+0000][gc,metaspace] GC(7) Metaspace: 48088K(49216K)->48088K(49216K) NonClass: 42334K(43008K)->42334K(43008K) Class: 5753K(6208K)->5753K(6208K)
[2026-05-13T17:08:24.170+0000][gc          ] GC(7) Pause Young (Mixed) (G1 Evacuation Pause) 196M->155M(1024M) 104.535ms
[2026-05-13T17:08:24.170+0000][gc,cpu      ] GC(7) User=0.03s Sys=0.06s Real=0.10s
[2026-05-13T17:09:54.715+0000][gc,start    ] GC(8) Pause Young (Normal) (G1 Evacuation Pause)
[2026-05-13T17:09:54.738+0000][gc,task     ] GC(8) Using 2 workers of 2 for evacuation
[2026-05-13T17:09:54.756+0000][gc,phases   ] GC(8)   Pre Evacuate Collection Set: 0.77ms
[2026-05-13T17:09:54.757+0000][gc,phases   ] GC(8)   Merge Heap Roots: 0.24ms
[2026-05-13T17:09:54.757+0000][gc,phases   ] GC(8)   Evacuate Collection Set: 15.95ms
[2026-05-13T17:09:54.757+0000][gc,phases   ] GC(8)   Post Evacuate Collection Set: 1.00ms
[2026-05-13T17:09:54.757+0000][gc,phases   ] GC(8)   Other: 0.16ms
[2026-05-13T17:09:54.757+0000][gc,heap     ] GC(8) Eden regions: 47->0(45)
[2026-05-13T17:09:54.757+0000][gc,heap     ] GC(8) Survivor regions: 4->6(7)
[2026-05-13T17:09:54.757+0000][gc,heap     ] GC(8) Old regions: 24->24
[2026-05-13T17:09:54.757+0000][gc,heap     ] GC(8) Humongous regions: 129->129
[2026-05-13T17:09:54.757+0000][gc,metaspace] GC(8) Metaspace: 50692K(51968K)->50692K(51968K) NonClass: 44663K(45376K)->44663K(45376K) Class: 6029K(6592K)->6029K(6592K)
[2026-05-13T17:09:54.757+0000][gc          ] GC(8) Pause Young (Normal) (G1 Evacuation Pause) 202M->158M(1024M) 41.404ms
[2026-05-13T17:09:54.757+0000][gc,cpu      ] GC(8) User=0.03s Sys=0.01s Real=0.04s
[2026-05-13T17:11:12.159+0000][gc,start    ] GC(9) Pause Young (Normal) (G1 Evacuation Pause)
[2026-05-13T17:11:12.189+0000][gc,task     ] GC(9) Using 2 workers of 2 for evacuation
[2026-05-13T17:11:12.345+0000][gc,phases   ] GC(9)   Pre Evacuate Collection Set: 0.80ms
[2026-05-13T17:11:12.345+0000][gc,phases   ] GC(9)   Merge Heap Roots: 0.13ms
[2026-05-13T17:11:12.346+0000][gc,phases   ] GC(9)   Evacuate Collection Set: 144.24ms
[2026-05-13T17:11:12.346+0000][gc,phases   ] GC(9)   Post Evacuate Collection Set: 11.61ms
[2026-05-13T17:11:12.346+0000][gc,phases   ] GC(9)   Other: 0.13ms
[2026-05-13T17:11:12.346+0000][gc,heap     ] GC(9) Eden regions: 45->0(68)
[2026-05-13T17:11:12.346+0000][gc,heap     ] GC(9) Survivor regions: 6->5(7)
[2026-05-13T17:11:12.346+0000][gc,heap     ] GC(9) Old regions: 24->27
[2026-05-13T17:11:12.346+0000][gc,heap     ] GC(9) Humongous regions: 129->129
[2026-05-13T17:11:12.346+0000][gc,metaspace] GC(9) Metaspace: 50998K(52224K)->50998K(52224K) NonClass: 44958K(45632K)->44958K(45632K) Class: 6040K(6592K)->6040K(6592K)
[2026-05-13T17:11:12.346+0000][gc          ] GC(9) Pause Young (Normal) (G1 Evacuation Pause) 203M->160M(1024M) 186.822ms
[2026-05-13T17:11:12.346+0000][gc,cpu      ] GC(9) User=0.04s Sys=0.01s Real=0.19s
[2026-05-13T17:13:27.557+0000][gc,start    ] GC(10) Pause Young (Normal) (G1 Evacuation Pause)
[2026-05-13T17:13:27.583+0000][gc,task     ] GC(10) Using 2 workers of 2 for evacuation
[2026-05-13T17:13:27.633+0000][gc,phases   ] GC(10)   Pre Evacuate Collection Set: 5.14ms
[2026-05-13T17:13:27.633+0000][gc,phases   ] GC(10)   Merge Heap Roots: 0.19ms
[2026-05-13T17:13:27.634+0000][gc,phases   ] GC(10)   Evacuate Collection Set: 43.18ms
[2026-05-13T17:13:27.634+0000][gc,phases   ] GC(10)   Post Evacuate Collection Set: 1.13ms
[2026-05-13T17:13:27.634+0000][gc,phases   ] GC(10)   Other: 0.41ms
[2026-05-13T17:13:27.635+0000][gc,heap     ] GC(10) Eden regions: 68->0(134)
[2026-05-13T17:13:27.635+0000][gc,heap     ] GC(10) Survivor regions: 5->7(10)
[2026-05-13T17:13:27.635+0000][gc,heap     ] GC(10) Old regions: 27->27
[2026-05-13T17:13:27.635+0000][gc,heap     ] GC(10) Humongous regions: 129->129
[2026-05-13T17:13:27.635+0000][gc,metaspace] GC(10) Metaspace: 51274K(52480K)->51274K(52480K) NonClass: 45232K(45888K)->45232K(45888K) Class: 6042K(6592K)->6042K(6592K)
[2026-05-13T17:13:27.636+0000][gc          ] GC(10) Pause Young (Normal) (G1 Evacuation Pause) 228M->162M(1024M) 78.449ms
[2026-05-13T17:13:27.636+0000][gc,cpu      ] GC(10) User=0.03s Sys=0.02s Real=0.08s
[2026-05-13T17:14:39.313+0000][gc,heap,exit] Heap
[2026-05-13T17:14:39.313+0000][gc,heap,exit]  garbage-first heap   total 1048576K, used 211628K [0x00000000c0000000, 0x0000000100000000)
[2026-05-13T17:14:39.313+0000][gc,heap,exit]   region size 1024K, 52 young (53248K), 7 survivors (7168K)
[2026-05-13T17:14:39.313+0000][gc,heap,exit]  Metaspace       used 52281K, committed 53568K, reserved 1114112K
[2026-05-13T17:14:39.313+0000][gc,heap,exit]   class space    used 6257K, committed 6848K, reserved 1048576K
