[2026-05-14T00:33:55.695+0000][gc,init] CardTable entry size: 512
[2026-05-14T00:33:55.696+0000][gc     ] Using G1
[2026-05-14T00:33:55.727+0000][gc,init] Version: 21.0.10+7-LTS (release)
[2026-05-14T00:33:55.727+0000][gc,init] CPUs: 2 total, 2 available
[2026-05-14T00:33:55.727+0000][gc,init] Memory: 3732M
[2026-05-14T00:33:55.727+0000][gc,init] Large Page Support: Disabled
[2026-05-14T00:33:55.727+0000][gc,init] NUMA Support: Disabled
[2026-05-14T00:33:55.727+0000][gc,init] Compressed Oops: Enabled (32-bit)
[2026-05-14T00:33:55.727+0000][gc,init] Heap Region Size: 1M
[2026-05-14T00:33:55.727+0000][gc,init] Heap Min Capacity: 1G
[2026-05-14T00:33:55.727+0000][gc,init] Heap Initial Capacity: 1G
[2026-05-14T00:33:55.727+0000][gc,init] Heap Max Capacity: 1G
[2026-05-14T00:33:55.727+0000][gc,init] Pre-touch: Disabled
[2026-05-14T00:33:55.727+0000][gc,init] Parallel Workers: 2
[2026-05-14T00:33:55.727+0000][gc,init] Concurrent Workers: 1
[2026-05-14T00:33:55.727+0000][gc,init] Concurrent Refinement Workers: 2
[2026-05-14T00:33:55.727+0000][gc,init] Periodic GC: Disabled
[2026-05-14T00:33:56.045+0000][gc,metaspace] CDS archive(s) mapped at: [0x00007f421e000000-0x00007f421ebad000-0x00007f421ebad000), size 12242944, SharedBaseAddress: 0x00007f421e000000, ArchiveRelocationMode: 1.
[2026-05-14T00:33:56.045+0000][gc,metaspace] Compressed class space mapped at: 0x00007f4222000000-0x00007f4262000000, reserved size: 1073741824
[2026-05-14T00:33:56.045+0000][gc,metaspace] Narrow klass base: 0x00007f421e000000, Narrow klass shift: 0, Narrow klass range: 0x100000000
[2026-05-14T00:34:02.636+0000][gc,start    ] GC(0) Pause Young (Normal) (G1 Evacuation Pause)
[2026-05-14T00:34:02.638+0000][gc,task     ] GC(0) Using 2 workers of 2 for evacuation
[2026-05-14T00:34:02.697+0000][gc,phases   ] GC(0)   Pre Evacuate Collection Set: 0.36ms
[2026-05-14T00:34:02.697+0000][gc,phases   ] GC(0)   Merge Heap Roots: 0.09ms
[2026-05-14T00:34:02.698+0000][gc,phases   ] GC(0)   Evacuate Collection Set: 55.80ms
[2026-05-14T00:34:02.698+0000][gc,phases   ] GC(0)   Post Evacuate Collection Set: 2.06ms
[2026-05-14T00:34:02.698+0000][gc,phases   ] GC(0)   Other: 1.26ms
[2026-05-14T00:34:02.698+0000][gc,heap     ] GC(0) Eden regions: 51->0(44)
[2026-05-14T00:34:02.698+0000][gc,heap     ] GC(0) Survivor regions: 0->7(7)
[2026-05-14T00:34:02.698+0000][gc,heap     ] GC(0) Old regions: 1->3
[2026-05-14T00:34:02.699+0000][gc,heap     ] GC(0) Humongous regions: 0->0
[2026-05-14T00:34:02.699+0000][gc,metaspace] GC(0) Metaspace: 15546K(15808K)->15546K(15808K) NonClass: 13786K(13952K)->13786K(13952K) Class: 1760K(1856K)->1760K(1856K)
[2026-05-14T00:34:02.699+0000][gc          ] GC(0) Pause Young (Normal) (G1 Evacuation Pause) 51M->9M(1024M) 63.237ms
[2026-05-14T00:34:02.699+0000][gc,cpu      ] GC(0) User=0.02s Sys=0.01s Real=0.06s
[2026-05-14T00:34:04.150+0000][gc,start    ] GC(1) Pause Young (Concurrent Start) (Metadata GC Threshold)
[2026-05-14T00:34:04.151+0000][gc,task     ] GC(1) Using 2 workers of 2 for evacuation
[2026-05-14T00:34:04.208+0000][gc,phases   ] GC(1)   Pre Evacuate Collection Set: 0.30ms
[2026-05-14T00:34:04.208+0000][gc,phases   ] GC(1)   Merge Heap Roots: 0.05ms
[2026-05-14T00:34:04.208+0000][gc,phases   ] GC(1)   Evacuate Collection Set: 50.16ms
[2026-05-14T00:34:04.208+0000][gc,phases   ] GC(1)   Post Evacuate Collection Set: 6.74ms
[2026-05-14T00:34:04.208+0000][gc,phases   ] GC(1)   Other: 0.36ms
[2026-05-14T00:34:04.208+0000][gc,heap     ] GC(1) Eden regions: 17->0(50)
[2026-05-14T00:34:04.208+0000][gc,heap     ] GC(1) Survivor regions: 7->1(7)
[2026-05-14T00:34:04.208+0000][gc,heap     ] GC(1) Old regions: 3->10
[2026-05-14T00:34:04.208+0000][gc,heap     ] GC(1) Humongous regions: 0->0
[2026-05-14T00:34:04.208+0000][gc,metaspace] GC(1) Metaspace: 21285K(21504K)->21285K(21504K) NonClass: 18690K(18816K)->18690K(18816K) Class: 2594K(2688K)->2594K(2688K)
[2026-05-14T00:34:04.209+0000][gc          ] GC(1) Pause Young (Concurrent Start) (Metadata GC Threshold) 25M->10M(1024M) 58.166ms
[2026-05-14T00:34:04.209+0000][gc,cpu      ] GC(1) User=0.01s Sys=0.01s Real=0.06s
[2026-05-14T00:34:04.209+0000][gc          ] GC(2) Concurrent Mark Cycle
[2026-05-14T00:34:04.209+0000][gc,marking  ] GC(2) Concurrent Scan Root Regions
[2026-05-14T00:34:04.238+0000][gc,marking  ] GC(2) Concurrent Scan Root Regions 28.854ms
[2026-05-14T00:34:04.238+0000][gc,marking  ] GC(2) Concurrent Mark
[2026-05-14T00:34:04.238+0000][gc,marking  ] GC(2) Concurrent Mark From Roots
[2026-05-14T00:34:04.238+0000][gc,task     ] GC(2) Using 1 workers of 1 for marking
[2026-05-14T00:34:04.301+0000][gc,marking  ] GC(2) Concurrent Mark From Roots 62.605ms
[2026-05-14T00:34:04.314+0000][gc,marking  ] GC(2) Concurrent Preclean
[2026-05-14T00:34:04.314+0000][gc,marking  ] GC(2) Concurrent Preclean 0.082ms
[2026-05-14T00:34:04.315+0000][gc,start    ] GC(2) Pause Remark
[2026-05-14T00:34:04.357+0000][gc          ] GC(2) Pause Remark 10M->10M(1024M) 42.451ms
[2026-05-14T00:34:04.358+0000][gc,cpu      ] GC(2) User=0.01s Sys=0.01s Real=0.04s
[2026-05-14T00:34:04.358+0000][gc,marking  ] GC(2) Concurrent Mark 120.218ms
[2026-05-14T00:34:04.358+0000][gc,marking  ] GC(2) Concurrent Rebuild Remembered Sets and Scrub Regions
[2026-05-14T00:34:04.385+0000][gc,marking  ] GC(2) Concurrent Rebuild Remembered Sets and Scrub Regions 26.933ms
[2026-05-14T00:34:04.390+0000][gc,start    ] GC(2) Pause Cleanup
[2026-05-14T00:34:04.390+0000][gc          ] GC(2) Pause Cleanup 11M->11M(1024M) 0.282ms
[2026-05-14T00:34:04.390+0000][gc,cpu      ] GC(2) User=0.00s Sys=0.00s Real=0.00s
[2026-05-14T00:34:04.391+0000][gc,marking  ] GC(2) Concurrent Clear Claimed Marks
[2026-05-14T00:34:04.391+0000][gc,marking  ] GC(2) Concurrent Clear Claimed Marks 0.051ms
[2026-05-14T00:34:04.391+0000][gc,marking  ] GC(2) Concurrent Cleanup for Next Mark
[2026-05-14T00:34:04.452+0000][gc,marking  ] GC(2) Concurrent Cleanup for Next Mark 60.665ms
[2026-05-14T00:34:04.452+0000][gc          ] GC(2) Concurrent Mark Cycle 243.271ms
[2026-05-14T00:34:10.325+0000][gc,start    ] GC(3) Pause Young (Normal) (G1 Evacuation Pause)
[2026-05-14T00:34:10.325+0000][gc,task     ] GC(3) Using 2 workers of 2 for evacuation
[2026-05-14T00:34:10.429+0000][gc,phases   ] GC(3)   Pre Evacuate Collection Set: 5.36ms
[2026-05-14T00:34:10.429+0000][gc,phases   ] GC(3)   Merge Heap Roots: 0.08ms
[2026-05-14T00:34:10.429+0000][gc,phases   ] GC(3)   Evacuate Collection Set: 94.77ms
[2026-05-14T00:34:10.429+0000][gc,phases   ] GC(3)   Post Evacuate Collection Set: 2.99ms
[2026-05-14T00:34:10.429+0000][gc,phases   ] GC(3)   Other: 0.18ms
[2026-05-14T00:34:10.429+0000][gc,heap     ] GC(3) Eden regions: 50->0(45)
[2026-05-14T00:34:10.429+0000][gc,heap     ] GC(3) Survivor regions: 1->6(7)
[2026-05-14T00:34:10.429+0000][gc,heap     ] GC(3) Old regions: 10->10
[2026-05-14T00:34:10.429+0000][gc,heap     ] GC(3) Humongous regions: 0->0
[2026-05-14T00:34:10.429+0000][gc,metaspace] GC(3) Metaspace: 34279K(34688K)->34279K(34688K) NonClass: 30317K(30528K)->30317K(30528K) Class: 3961K(4160K)->3961K(4160K)
[2026-05-14T00:34:10.429+0000][gc          ] GC(3) Pause Young (Normal) (G1 Evacuation Pause) 60M->15M(1024M) 103.768ms
[2026-05-14T00:34:10.429+0000][gc,cpu      ] GC(3) User=0.04s Sys=0.00s Real=0.10s
[2026-05-14T00:34:11.336+0000][gc,start    ] GC(4) Pause Young (Concurrent Start) (Metadata GC Threshold)
[2026-05-14T00:34:11.337+0000][gc,task     ] GC(4) Using 2 workers of 2 for evacuation
[2026-05-14T00:34:11.392+0000][gc,phases   ] GC(4)   Pre Evacuate Collection Set: 1.92ms
[2026-05-14T00:34:11.393+0000][gc,phases   ] GC(4)   Merge Heap Roots: 0.06ms
[2026-05-14T00:34:11.393+0000][gc,phases   ] GC(4)   Evacuate Collection Set: 52.03ms
[2026-05-14T00:34:11.393+0000][gc,phases   ] GC(4)   Post Evacuate Collection Set: 0.97ms
[2026-05-14T00:34:11.393+0000][gc,phases   ] GC(4)   Other: 0.60ms
[2026-05-14T00:34:11.393+0000][gc,heap     ] GC(4) Eden regions: 7->0(61)
[2026-05-14T00:34:11.393+0000][gc,heap     ] GC(4) Survivor regions: 6->1(7)
[2026-05-14T00:34:11.393+0000][gc,heap     ] GC(4) Old regions: 10->15
[2026-05-14T00:34:11.393+0000][gc,heap     ] GC(4) Humongous regions: 0->0
[2026-05-14T00:34:11.393+0000][gc,metaspace] GC(4) Metaspace: 35716K(36160K)->35716K(36160K) NonClass: 31562K(31808K)->31562K(31808K) Class: 4153K(4352K)->4153K(4352K)
[2026-05-14T00:34:11.393+0000][gc          ] GC(4) Pause Young (Concurrent Start) (Metadata GC Threshold) 21M->15M(1024M) 56.902ms
[2026-05-14T00:34:11.393+0000][gc,cpu      ] GC(4) User=0.03s Sys=0.00s Real=0.05s
[2026-05-14T00:34:11.405+0000][gc          ] GC(5) Concurrent Mark Cycle
[2026-05-14T00:34:11.405+0000][gc,marking  ] GC(5) Concurrent Scan Root Regions
[2026-05-14T00:34:11.475+0000][gc,marking  ] GC(5) Concurrent Scan Root Regions 69.404ms
[2026-05-14T00:34:11.475+0000][gc,marking  ] GC(5) Concurrent Mark
[2026-05-14T00:34:11.475+0000][gc,marking  ] GC(5) Concurrent Mark From Roots
[2026-05-14T00:34:11.475+0000][gc,task     ] GC(5) Using 1 workers of 1 for marking
[2026-05-14T00:34:11.657+0000][gc,marking  ] GC(5) Concurrent Mark From Roots 182.436ms
[2026-05-14T00:34:11.657+0000][gc,marking  ] GC(5) Concurrent Preclean
[2026-05-14T00:34:11.657+0000][gc,marking  ] GC(5) Concurrent Preclean 0.080ms
[2026-05-14T00:34:11.658+0000][gc,start    ] GC(5) Pause Remark
[2026-05-14T00:34:11.711+0000][gc          ] GC(5) Pause Remark 18M->18M(1024M) 52.933ms
[2026-05-14T00:34:11.711+0000][gc,cpu      ] GC(5) User=0.04s Sys=0.00s Real=0.05s
[2026-05-14T00:34:11.711+0000][gc,marking  ] GC(5) Concurrent Mark 235.879ms
[2026-05-14T00:34:11.711+0000][gc,marking  ] GC(5) Concurrent Rebuild Remembered Sets and Scrub Regions
[2026-05-14T00:34:11.787+0000][gc,marking  ] GC(5) Concurrent Rebuild Remembered Sets and Scrub Regions 76.575ms
[2026-05-14T00:34:11.805+0000][gc,start    ] GC(5) Pause Cleanup
[2026-05-14T00:34:11.806+0000][gc          ] GC(5) Pause Cleanup 18M->18M(1024M) 0.311ms
[2026-05-14T00:34:11.806+0000][gc,cpu      ] GC(5) User=0.00s Sys=0.00s Real=0.00s
[2026-05-14T00:34:11.807+0000][gc,marking  ] GC(5) Concurrent Clear Claimed Marks
[2026-05-14T00:34:11.807+0000][gc,marking  ] GC(5) Concurrent Clear Claimed Marks 0.101ms
[2026-05-14T00:34:11.807+0000][gc,marking  ] GC(5) Concurrent Cleanup for Next Mark
[2026-05-14T00:34:11.838+0000][gc,marking  ] GC(5) Concurrent Cleanup for Next Mark 30.174ms
[2026-05-14T00:34:11.838+0000][gc          ] GC(5) Concurrent Mark Cycle 432.407ms
[2026-05-14T00:34:17.233+0000][gc,start    ] GC(6) Pause Young (Prepare Mixed) (G1 Evacuation Pause)
[2026-05-14T00:34:17.233+0000][gc,task     ] GC(6) Using 2 workers of 2 for evacuation
[2026-05-14T00:34:17.269+0000][gc,phases   ] GC(6)   Pre Evacuate Collection Set: 0.36ms
[2026-05-14T00:34:17.270+0000][gc,phases   ] GC(6)   Merge Heap Roots: 0.11ms
[2026-05-14T00:34:17.270+0000][gc,phases   ] GC(6)   Evacuate Collection Set: 33.27ms
[2026-05-14T00:34:17.270+0000][gc,phases   ] GC(6)   Post Evacuate Collection Set: 1.90ms
[2026-05-14T00:34:17.271+0000][gc,phases   ] GC(6)   Other: 0.09ms
[2026-05-14T00:34:17.271+0000][gc,heap     ] GC(6) Eden regions: 50->0(44)
[2026-05-14T00:34:17.271+0000][gc,heap     ] GC(6) Survivor regions: 1->7(7)
[2026-05-14T00:34:17.271+0000][gc,heap     ] GC(6) Old regions: 15->17
[2026-05-14T00:34:17.271+0000][gc,heap     ] GC(6) Humongous regions: 18->18
[2026-05-14T00:34:17.272+0000][gc,metaspace] GC(6) Metaspace: 43476K(44416K)->43476K(44416K) NonClass: 38317K(38848K)->38317K(38848K) Class: 5159K(5568K)->5159K(5568K)
[2026-05-14T00:34:17.272+0000][gc          ] GC(6) Pause Young (Prepare Mixed) (G1 Evacuation Pause) 83M->41M(1024M) 38.493ms
[2026-05-14T00:34:17.272+0000][gc,cpu      ] GC(6) User=0.06s Sys=0.00s Real=0.03s
[2026-05-14T00:34:42.897+0000][gc,start    ] GC(7) Pause Young (Mixed) (G1 Evacuation Pause)
[2026-05-14T00:34:42.913+0000][gc,task     ] GC(7) Using 2 workers of 2 for evacuation
[2026-05-14T00:34:42.955+0000][gc,phases   ] GC(7)   Pre Evacuate Collection Set: 1.18ms
[2026-05-14T00:34:42.955+0000][gc,phases   ] GC(7)   Merge Heap Roots: 0.16ms
[2026-05-14T00:34:42.957+0000][gc,phases   ] GC(7)   Evacuate Collection Set: 37.61ms
[2026-05-14T00:34:42.957+0000][gc,phases   ] GC(7)   Post Evacuate Collection Set: 2.70ms
[2026-05-14T00:34:42.957+0000][gc,phases   ] GC(7)   Other: 0.15ms
[2026-05-14T00:34:42.961+0000][gc,heap     ] GC(7) Eden regions: 44->0(47)
[2026-05-14T00:34:42.962+0000][gc,heap     ] GC(7) Survivor regions: 7->4(7)
[2026-05-14T00:34:42.962+0000][gc,heap     ] GC(7) Old regions: 17->24
[2026-05-14T00:34:42.963+0000][gc,heap     ] GC(7) Humongous regions: 147->147
[2026-05-14T00:34:42.963+0000][gc,metaspace] GC(7) Metaspace: 48220K(49344K)->48220K(49344K) NonClass: 42461K(43072K)->42461K(43072K) Class: 5758K(6272K)->5758K(6272K)
[2026-05-14T00:34:42.963+0000][gc          ] GC(7) Pause Young (Mixed) (G1 Evacuation Pause) 214M->174M(1024M) 66.396ms
[2026-05-14T00:34:42.966+0000][gc,cpu      ] GC(7) User=0.03s Sys=0.00s Real=0.07s
[2026-05-14T00:36:09.926+0000][gc,start    ] GC(8) Pause Young (Normal) (G1 Evacuation Pause)
[2026-05-14T00:36:09.944+0000][gc,task     ] GC(8) Using 2 workers of 2 for evacuation
[2026-05-14T00:36:09.989+0000][gc,phases   ] GC(8)   Pre Evacuate Collection Set: 0.59ms
[2026-05-14T00:36:09.989+0000][gc,phases   ] GC(8)   Merge Heap Roots: 0.12ms
[2026-05-14T00:36:09.989+0000][gc,phases   ] GC(8)   Evacuate Collection Set: 43.28ms
[2026-05-14T00:36:09.989+0000][gc,phases   ] GC(8)   Post Evacuate Collection Set: 1.22ms
[2026-05-14T00:36:09.990+0000][gc,phases   ] GC(8)   Other: 1.08ms
[2026-05-14T00:36:09.990+0000][gc,heap     ] GC(8) Eden regions: 47->0(76)
[2026-05-14T00:36:09.990+0000][gc,heap     ] GC(8) Survivor regions: 4->4(7)
[2026-05-14T00:36:09.990+0000][gc,heap     ] GC(8) Old regions: 24->28
[2026-05-14T00:36:09.990+0000][gc,heap     ] GC(8) Humongous regions: 147->147
[2026-05-14T00:36:09.990+0000][gc,metaspace] GC(8) Metaspace: 49318K(50496K)->49318K(50496K) NonClass: 43517K(44160K)->43517K(44160K) Class: 5801K(6336K)->5801K(6336K)
[2026-05-14T00:36:09.990+0000][gc          ] GC(8) Pause Young (Normal) (G1 Evacuation Pause) 221M->178M(1024M) 63.486ms
[2026-05-14T00:36:09.990+0000][gc,cpu      ] GC(8) User=0.03s Sys=0.01s Real=0.06s
[2026-05-14T00:38:38.812+0000][gc,start    ] GC(9) Pause Young (Normal) (G1 Evacuation Pause)
[2026-05-14T00:38:38.814+0000][gc,task     ] GC(9) Using 2 workers of 2 for evacuation
[2026-05-14T00:38:38.849+0000][gc,phases   ] GC(9)   Pre Evacuate Collection Set: 2.65ms
[2026-05-14T00:38:38.849+0000][gc,phases   ] GC(9)   Merge Heap Roots: 1.91ms
[2026-05-14T00:38:38.849+0000][gc,phases   ] GC(9)   Evacuate Collection Set: 26.99ms
[2026-05-14T00:38:38.849+0000][gc,phases   ] GC(9)   Post Evacuate Collection Set: 3.88ms
[2026-05-14T00:38:38.849+0000][gc,phases   ] GC(9)   Other: 0.48ms
[2026-05-14T00:38:38.849+0000][gc,heap     ] GC(9) Eden regions: 73->0(102)
[2026-05-14T00:38:38.849+0000][gc,heap     ] GC(9) Survivor regions: 4->6(10)
[2026-05-14T00:38:38.849+0000][gc,heap     ] GC(9) Old regions: 28->28
[2026-05-14T00:38:38.849+0000][gc,heap     ] GC(9) Humongous regions: 147->147
[2026-05-14T00:38:38.849+0000][gc,metaspace] GC(9) Metaspace: 49956K(51136K)->49956K(51136K) NonClass: 44145K(44800K)->44145K(44800K) Class: 5810K(6336K)->5810K(6336K)
[2026-05-14T00:38:38.849+0000][gc          ] GC(9) Pause Young (Normal) (G1 Evacuation Pause) 251M->180M(1024M) 37.919ms
[2026-05-14T00:38:38.850+0000][gc,cpu      ] GC(9) User=0.04s Sys=0.01s Real=0.04s
[2026-05-14T00:42:15.263+0000][gc,start    ] GC(10) Pause Young (Normal) (G1 Evacuation Pause)
[2026-05-14T00:42:15.280+0000][gc,task     ] GC(10) Using 2 workers of 2 for evacuation
[2026-05-14T00:42:15.324+0000][gc,phases   ] GC(10)   Pre Evacuate Collection Set: 2.73ms
[2026-05-14T00:42:15.324+0000][gc,phases   ] GC(10)   Merge Heap Roots: 0.17ms
[2026-05-14T00:42:15.324+0000][gc,phases   ] GC(10)   Evacuate Collection Set: 40.02ms
[2026-05-14T00:42:15.324+0000][gc,phases   ] GC(10)   Post Evacuate Collection Set: 1.24ms
[2026-05-14T00:42:15.324+0000][gc,phases   ] GC(10)   Other: 0.15ms
[2026-05-14T00:42:15.324+0000][gc,heap     ] GC(10) Eden regions: 103->0(106)
[2026-05-14T00:42:15.324+0000][gc,heap     ] GC(10) Survivor regions: 6->14(14)
[2026-05-14T00:42:15.324+0000][gc,heap     ] GC(10) Old regions: 28->28
[2026-05-14T00:42:15.324+0000][gc,heap     ] GC(10) Humongous regions: 147->147
[2026-05-14T00:42:15.324+0000][gc,metaspace] GC(10) Metaspace: 50198K(51392K)->50198K(51392K) NonClass: 44358K(44992K)->44358K(44992K) Class: 5840K(6400K)->5840K(6400K)
[2026-05-14T00:42:15.324+0000][gc          ] GC(10) Pause Young (Normal) (G1 Evacuation Pause) 283M->188M(1024M) 60.951ms
[2026-05-14T00:42:15.324+0000][gc,cpu      ] GC(10) User=0.06s Sys=0.01s Real=0.06s
[2026-05-14T00:46:03.018+0000][gc,start    ] GC(11) Pause Young (Normal) (G1 Evacuation Pause)
[2026-05-14T00:46:03.020+0000][gc,task     ] GC(11) Using 2 workers of 2 for evacuation
[2026-05-14T00:46:03.186+0000][gc,phases   ] GC(11)   Pre Evacuate Collection Set: 1.13ms
[2026-05-14T00:46:03.186+0000][gc,phases   ] GC(11)   Merge Heap Roots: 0.63ms
[2026-05-14T00:46:03.186+0000][gc,phases   ] GC(11)   Evacuate Collection Set: 160.17ms
[2026-05-14T00:46:03.186+0000][gc,phases   ] GC(11)   Post Evacuate Collection Set: 3.47ms
[2026-05-14T00:46:03.186+0000][gc,phases   ] GC(11)   Other: 0.41ms
[2026-05-14T00:46:03.186+0000][gc,heap     ] GC(11) Eden regions: 106->0(107)
[2026-05-14T00:46:03.186+0000][gc,heap     ] GC(11) Survivor regions: 14->8(15)
[2026-05-14T00:46:03.186+0000][gc,heap     ] GC(11) Old regions: 28->37
[2026-05-14T00:46:03.186+0000][gc,heap     ] GC(11) Humongous regions: 147->147
[2026-05-14T00:46:03.186+0000][gc,metaspace] GC(11) Metaspace: 50267K(51456K)->50267K(51456K) NonClass: 44421K(45056K)->44421K(45056K) Class: 5845K(6400K)->5845K(6400K)
[2026-05-14T00:46:03.186+0000][gc          ] GC(11) Pause Young (Normal) (G1 Evacuation Pause) 294M->191M(1024M) 168.261ms
[2026-05-14T00:46:03.186+0000][gc,cpu      ] GC(11) User=0.07s Sys=0.06s Real=0.17s
[2026-05-14T00:49:18.212+0000][gc,start    ] GC(12) Pause Young (Normal) (G1 Evacuation Pause)
[2026-05-14T00:49:18.228+0000][gc,task     ] GC(12) Using 2 workers of 2 for evacuation
[2026-05-14T00:49:18.276+0000][gc,phases   ] GC(12)   Pre Evacuate Collection Set: 0.75ms
[2026-05-14T00:49:18.276+0000][gc,phases   ] GC(12)   Merge Heap Roots: 0.20ms
[2026-05-14T00:49:18.276+0000][gc,phases   ] GC(12)   Evacuate Collection Set: 43.06ms
[2026-05-14T00:49:18.276+0000][gc,phases   ] GC(12)   Post Evacuate Collection Set: 1.21ms
[2026-05-14T00:49:18.276+0000][gc,phases   ] GC(12)   Other: 0.27ms
[2026-05-14T00:49:18.276+0000][gc,heap     ] GC(12) Eden regions: 95->0(238)
[2026-05-14T00:49:18.276+0000][gc,heap     ] GC(12) Survivor regions: 8->8(13)
[2026-05-14T00:49:18.276+0000][gc,heap     ] GC(12) Old regions: 37->42
[2026-05-14T00:49:18.276+0000][gc,heap     ] GC(12) Humongous regions: 147->147
[2026-05-14T00:49:18.277+0000][gc,metaspace] GC(12) Metaspace: 50972K(52224K)->50972K(52224K) NonClass: 44974K(45696K)->44974K(45696K) Class: 5998K(6528K)->5998K(6528K)
[2026-05-14T00:49:18.277+0000][gc          ] GC(12) Pause Young (Normal) (G1 Evacuation Pause) 286M->196M(1024M) 64.151ms
[2026-05-14T00:49:18.277+0000][gc,cpu      ] GC(12) User=0.05s Sys=0.00s Real=0.07s
[2026-05-14T00:55:34.853+0000][gc,start    ] GC(13) Pause Young (Normal) (G1 Evacuation Pause)
[2026-05-14T00:55:34.855+0000][gc,task     ] GC(13) Using 2 workers of 2 for evacuation
[2026-05-14T00:55:34.933+0000][gc,phases   ] GC(13)   Pre Evacuate Collection Set: 7.31ms
[2026-05-14T00:55:34.933+0000][gc,phases   ] GC(13)   Merge Heap Roots: 0.30ms
[2026-05-14T00:55:34.933+0000][gc,phases   ] GC(13)   Evacuate Collection Set: 68.12ms
[2026-05-14T00:55:34.933+0000][gc,phases   ] GC(13)   Post Evacuate Collection Set: 1.68ms
[2026-05-14T00:55:34.933+0000][gc,phases   ] GC(13)   Other: 0.22ms
[2026-05-14T00:55:34.933+0000][gc,heap     ] GC(13) Eden regions: 184->0(115)
[2026-05-14T00:55:34.933+0000][gc,heap     ] GC(13) Survivor regions: 8->21(24)
[2026-05-14T00:55:34.933+0000][gc,heap     ] GC(13) Old regions: 42->42
[2026-05-14T00:55:34.933+0000][gc,heap     ] GC(13) Humongous regions: 154->148
[2026-05-14T00:55:34.933+0000][gc,metaspace] GC(13) Metaspace: 52492K(53824K)->52492K(53824K) NonClass: 46293K(47040K)->46293K(47040K) Class: 6199K(6784K)->6199K(6784K)
[2026-05-14T00:55:34.933+0000][gc          ] GC(13) Pause Young (Normal) (G1 Evacuation Pause) 387M->210M(1024M) 79.894ms
[2026-05-14T00:55:34.933+0000][gc,cpu      ] GC(13) User=0.08s Sys=0.04s Real=0.08s
