[2026-05-13T01:49:16.265+0000][gc,init] CardTable entry size: 512
[2026-05-13T01:49:16.265+0000][gc     ] Using G1
[2026-05-13T01:49:16.285+0000][gc,init] Version: 21.0.10+7-LTS (release)
[2026-05-13T01:49:16.286+0000][gc,init] CPUs: 2 total, 2 available
[2026-05-13T01:49:16.286+0000][gc,init] Memory: 3732M
[2026-05-13T01:49:16.286+0000][gc,init] Large Page Support: Disabled
[2026-05-13T01:49:16.286+0000][gc,init] NUMA Support: Disabled
[2026-05-13T01:49:16.286+0000][gc,init] Compressed Oops: Enabled (32-bit)
[2026-05-13T01:49:16.286+0000][gc,init] Heap Region Size: 1M
[2026-05-13T01:49:16.286+0000][gc,init] Heap Min Capacity: 1G
[2026-05-13T01:49:16.286+0000][gc,init] Heap Initial Capacity: 1G
[2026-05-13T01:49:16.286+0000][gc,init] Heap Max Capacity: 1G
[2026-05-13T01:49:16.286+0000][gc,init] Pre-touch: Disabled
[2026-05-13T01:49:16.286+0000][gc,init] Parallel Workers: 2
[2026-05-13T01:49:16.286+0000][gc,init] Concurrent Workers: 1
[2026-05-13T01:49:16.286+0000][gc,init] Concurrent Refinement Workers: 2
[2026-05-13T01:49:16.286+0000][gc,init] Periodic GC: Disabled
[2026-05-13T01:49:16.681+0000][gc,metaspace] CDS archive(s) mapped at: [0x00007fc450000000-0x00007fc450bad000-0x00007fc450bad000), size 12242944, SharedBaseAddress: 0x00007fc450000000, ArchiveRelocationMode: 1.
[2026-05-13T01:49:16.681+0000][gc,metaspace] Compressed class space mapped at: 0x00007fc454000000-0x00007fc494000000, reserved size: 1073741824
[2026-05-13T01:49:16.681+0000][gc,metaspace] Narrow klass base: 0x00007fc450000000, Narrow klass shift: 0, Narrow klass range: 0x100000000
[2026-05-13T01:49:22.414+0000][gc,start    ] GC(0) Pause Young (Normal) (G1 Evacuation Pause)
[2026-05-13T01:49:22.415+0000][gc,task     ] GC(0) Using 2 workers of 2 for evacuation
[2026-05-13T01:49:22.459+0000][gc,phases   ] GC(0)   Pre Evacuate Collection Set: 0.53ms
[2026-05-13T01:49:22.459+0000][gc,phases   ] GC(0)   Merge Heap Roots: 0.09ms
[2026-05-13T01:49:22.459+0000][gc,phases   ] GC(0)   Evacuate Collection Set: 41.60ms
[2026-05-13T01:49:22.459+0000][gc,phases   ] GC(0)   Post Evacuate Collection Set: 1.21ms
[2026-05-13T01:49:22.459+0000][gc,phases   ] GC(0)   Other: 1.04ms
[2026-05-13T01:49:22.459+0000][gc,heap     ] GC(0) Eden regions: 51->0(44)
[2026-05-13T01:49:22.459+0000][gc,heap     ] GC(0) Survivor regions: 0->7(7)
[2026-05-13T01:49:22.459+0000][gc,heap     ] GC(0) Old regions: 1->2
[2026-05-13T01:49:22.459+0000][gc,heap     ] GC(0) Humongous regions: 0->0
[2026-05-13T01:49:22.459+0000][gc,metaspace] GC(0) Metaspace: 15625K(15872K)->15625K(15872K) NonClass: 13863K(14016K)->13863K(14016K) Class: 1762K(1856K)->1762K(1856K)
[2026-05-13T01:49:22.459+0000][gc          ] GC(0) Pause Young (Normal) (G1 Evacuation Pause) 51M->8M(1024M) 44.861ms
[2026-05-13T01:49:22.459+0000][gc,cpu      ] GC(0) User=0.03s Sys=0.01s Real=0.05s
[2026-05-13T01:49:23.481+0000][gc,start    ] GC(1) Pause Young (Concurrent Start) (Metadata GC Threshold)
[2026-05-13T01:49:23.481+0000][gc,task     ] GC(1) Using 2 workers of 2 for evacuation
[2026-05-13T01:49:23.512+0000][gc,phases   ] GC(1)   Pre Evacuate Collection Set: 0.32ms
[2026-05-13T01:49:23.512+0000][gc,phases   ] GC(1)   Merge Heap Roots: 0.07ms
[2026-05-13T01:49:23.512+0000][gc,phases   ] GC(1)   Evacuate Collection Set: 28.75ms
[2026-05-13T01:49:23.512+0000][gc,phases   ] GC(1)   Post Evacuate Collection Set: 1.97ms
[2026-05-13T01:49:23.512+0000][gc,phases   ] GC(1)   Other: 0.15ms
[2026-05-13T01:49:23.512+0000][gc,heap     ] GC(1) Eden regions: 17->0(50)
[2026-05-13T01:49:23.512+0000][gc,heap     ] GC(1) Survivor regions: 7->1(7)
[2026-05-13T01:49:23.512+0000][gc,heap     ] GC(1) Old regions: 2->10
[2026-05-13T01:49:23.512+0000][gc,heap     ] GC(1) Humongous regions: 0->0
[2026-05-13T01:49:23.512+0000][gc,metaspace] GC(1) Metaspace: 21273K(21504K)->21273K(21504K) NonClass: 18679K(18816K)->18679K(18816K) Class: 2594K(2688K)->2594K(2688K)
[2026-05-13T01:49:23.512+0000][gc          ] GC(1) Pause Young (Concurrent Start) (Metadata GC Threshold) 25M->10M(1024M) 31.594ms
[2026-05-13T01:49:23.512+0000][gc          ] GC(2) Concurrent Mark Cycle
[2026-05-13T01:49:23.512+0000][gc,marking  ] GC(2) Concurrent Scan Root Regions
[2026-05-13T01:49:23.513+0000][gc,cpu      ] GC(1) User=0.02s Sys=0.01s Real=0.03s
[2026-05-13T01:49:23.519+0000][gc,marking  ] GC(2) Concurrent Scan Root Regions 6.450ms
[2026-05-13T01:49:23.519+0000][gc,marking  ] GC(2) Concurrent Mark
[2026-05-13T01:49:23.519+0000][gc,marking  ] GC(2) Concurrent Mark From Roots
[2026-05-13T01:49:23.519+0000][gc,task     ] GC(2) Using 1 workers of 1 for marking
[2026-05-13T01:49:23.530+0000][gc,marking  ] GC(2) Concurrent Mark From Roots 11.347ms
[2026-05-13T01:49:23.530+0000][gc,marking  ] GC(2) Concurrent Preclean
[2026-05-13T01:49:23.530+0000][gc,marking  ] GC(2) Concurrent Preclean 0.015ms
[2026-05-13T01:49:23.531+0000][gc,start    ] GC(2) Pause Remark
[2026-05-13T01:49:23.536+0000][gc          ] GC(2) Pause Remark 10M->10M(1024M) 4.510ms
[2026-05-13T01:49:23.536+0000][gc,cpu      ] GC(2) User=0.01s Sys=0.00s Real=0.00s
[2026-05-13T01:49:23.538+0000][gc,marking  ] GC(2) Concurrent Mark 18.770ms
[2026-05-13T01:49:23.538+0000][gc,marking  ] GC(2) Concurrent Rebuild Remembered Sets and Scrub Regions
[2026-05-13T01:49:23.561+0000][gc,marking  ] GC(2) Concurrent Rebuild Remembered Sets and Scrub Regions 23.522ms
[2026-05-13T01:49:23.562+0000][gc,start    ] GC(2) Pause Cleanup
[2026-05-13T01:49:23.564+0000][gc          ] GC(2) Pause Cleanup 10M->10M(1024M) 2.716ms
[2026-05-13T01:49:23.564+0000][gc,cpu      ] GC(2) User=0.00s Sys=0.00s Real=0.00s
[2026-05-13T01:49:23.565+0000][gc,marking  ] GC(2) Concurrent Clear Claimed Marks
[2026-05-13T01:49:23.565+0000][gc,marking  ] GC(2) Concurrent Clear Claimed Marks 0.050ms
[2026-05-13T01:49:23.565+0000][gc,marking  ] GC(2) Concurrent Cleanup for Next Mark
[2026-05-13T01:49:23.625+0000][gc,marking  ] GC(2) Concurrent Cleanup for Next Mark 59.913ms
[2026-05-13T01:49:23.625+0000][gc          ] GC(2) Concurrent Mark Cycle 113.088ms
[2026-05-13T01:49:29.765+0000][gc,start    ] GC(3) Pause Young (Normal) (G1 Evacuation Pause)
[2026-05-13T01:49:29.765+0000][gc,task     ] GC(3) Using 2 workers of 2 for evacuation
[2026-05-13T01:49:30.216+0000][gc,mmu      ] GC(3) MMU target violated: 201.0ms (200.0ms/201.0ms)
[2026-05-13T01:49:30.216+0000][gc,phases   ] GC(3)   Pre Evacuate Collection Set: 86.26ms
[2026-05-13T01:49:30.216+0000][gc,phases   ] GC(3)   Merge Heap Roots: 0.09ms
[2026-05-13T01:49:30.216+0000][gc,phases   ] GC(3)   Evacuate Collection Set: 347.83ms
[2026-05-13T01:49:30.216+0000][gc,phases   ] GC(3)   Post Evacuate Collection Set: 16.00ms
[2026-05-13T01:49:30.216+0000][gc,phases   ] GC(3)   Other: 0.65ms
[2026-05-13T01:49:30.216+0000][gc,heap     ] GC(3) Eden regions: 50->0(45)
[2026-05-13T01:49:30.216+0000][gc,heap     ] GC(3) Survivor regions: 1->6(7)
[2026-05-13T01:49:30.216+0000][gc,heap     ] GC(3) Old regions: 10->10
[2026-05-13T01:49:30.216+0000][gc,heap     ] GC(3) Humongous regions: 0->0
[2026-05-13T01:49:30.216+0000][gc,metaspace] GC(3) Metaspace: 34236K(34688K)->34236K(34688K) NonClass: 30283K(30528K)->30283K(30528K) Class: 3953K(4160K)->3953K(4160K)
[2026-05-13T01:49:30.216+0000][gc          ] GC(3) Pause Young (Normal) (G1 Evacuation Pause) 60M->15M(1024M) 451.050ms
[2026-05-13T01:49:30.216+0000][gc,cpu      ] GC(3) User=0.04s Sys=0.00s Real=0.45s
[2026-05-13T01:49:31.072+0000][gc,start    ] GC(4) Pause Young (Concurrent Start) (Metadata GC Threshold)
[2026-05-13T01:49:31.072+0000][gc,task     ] GC(4) Using 2 workers of 2 for evacuation
[2026-05-13T01:49:31.088+0000][gc,phases   ] GC(4)   Pre Evacuate Collection Set: 0.28ms
[2026-05-13T01:49:31.088+0000][gc,phases   ] GC(4)   Merge Heap Roots: 0.05ms
[2026-05-13T01:49:31.088+0000][gc,phases   ] GC(4)   Evacuate Collection Set: 13.93ms
[2026-05-13T01:49:31.088+0000][gc,phases   ] GC(4)   Post Evacuate Collection Set: 0.88ms
[2026-05-13T01:49:31.088+0000][gc,phases   ] GC(4)   Other: 0.10ms
[2026-05-13T01:49:31.088+0000][gc,heap     ] GC(4) Eden regions: 6->0(50)
[2026-05-13T01:49:31.088+0000][gc,heap     ] GC(4) Survivor regions: 6->1(7)
[2026-05-13T01:49:31.088+0000][gc,heap     ] GC(4) Old regions: 10->16
[2026-05-13T01:49:31.088+0000][gc,heap     ] GC(4) Humongous regions: 0->0
[2026-05-13T01:49:31.088+0000][gc,metaspace] GC(4) Metaspace: 35593K(35968K)->35593K(35968K) NonClass: 31454K(31680K)->31454K(31680K) Class: 4138K(4288K)->4138K(4288K)
[2026-05-13T01:49:31.088+0000][gc          ] GC(4) Pause Young (Concurrent Start) (Metadata GC Threshold) 21M->16M(1024M) 15.501ms
[2026-05-13T01:49:31.088+0000][gc,cpu      ] GC(4) User=0.02s Sys=0.00s Real=0.01s
[2026-05-13T01:49:31.088+0000][gc          ] GC(5) Concurrent Mark Cycle
[2026-05-13T01:49:31.088+0000][gc,marking  ] GC(5) Concurrent Scan Root Regions
[2026-05-13T01:49:31.103+0000][gc,marking  ] GC(5) Concurrent Scan Root Regions 15.056ms
[2026-05-13T01:49:31.103+0000][gc,marking  ] GC(5) Concurrent Mark
[2026-05-13T01:49:31.103+0000][gc,marking  ] GC(5) Concurrent Mark From Roots
[2026-05-13T01:49:31.103+0000][gc,task     ] GC(5) Using 1 workers of 1 for marking
[2026-05-13T01:49:31.125+0000][gc,marking  ] GC(5) Concurrent Mark From Roots 22.167ms
[2026-05-13T01:49:31.125+0000][gc,marking  ] GC(5) Concurrent Preclean
[2026-05-13T01:49:31.125+0000][gc,marking  ] GC(5) Concurrent Preclean 0.088ms
[2026-05-13T01:49:31.126+0000][gc,start    ] GC(5) Pause Remark
[2026-05-13T01:49:31.137+0000][gc          ] GC(5) Pause Remark 17M->17M(1024M) 11.619ms
[2026-05-13T01:49:31.137+0000][gc,cpu      ] GC(5) User=0.01s Sys=0.00s Real=0.01s
[2026-05-13T01:49:31.139+0000][gc,marking  ] GC(5) Concurrent Mark 36.188ms
[2026-05-13T01:49:31.139+0000][gc,marking  ] GC(5) Concurrent Rebuild Remembered Sets and Scrub Regions
[2026-05-13T01:49:31.222+0000][gc,marking  ] GC(5) Concurrent Rebuild Remembered Sets and Scrub Regions 82.759ms
[2026-05-13T01:49:31.224+0000][gc,start    ] GC(5) Pause Cleanup
[2026-05-13T01:49:31.224+0000][gc          ] GC(5) Pause Cleanup 19M->19M(1024M) 0.186ms
[2026-05-13T01:49:31.225+0000][gc,cpu      ] GC(5) User=0.01s Sys=0.00s Real=0.00s
[2026-05-13T01:49:31.225+0000][gc,marking  ] GC(5) Concurrent Clear Claimed Marks
[2026-05-13T01:49:31.226+0000][gc,marking  ] GC(5) Concurrent Clear Claimed Marks 0.070ms
[2026-05-13T01:49:31.226+0000][gc,marking  ] GC(5) Concurrent Cleanup for Next Mark
[2026-05-13T01:49:31.232+0000][gc,marking  ] GC(5) Concurrent Cleanup for Next Mark 6.370ms
[2026-05-13T01:49:31.232+0000][gc          ] GC(5) Concurrent Mark Cycle 144.062ms
[2026-05-13T01:49:33.967+0000][gc,start    ] GC(6) Pause Young (Prepare Mixed) (G1 Evacuation Pause)
[2026-05-13T01:49:33.967+0000][gc,task     ] GC(6) Using 2 workers of 2 for evacuation
[2026-05-13T01:49:34.005+0000][gc,phases   ] GC(6)   Pre Evacuate Collection Set: 0.36ms
[2026-05-13T01:49:34.005+0000][gc,phases   ] GC(6)   Merge Heap Roots: 0.21ms
[2026-05-13T01:49:34.005+0000][gc,phases   ] GC(6)   Evacuate Collection Set: 35.55ms
[2026-05-13T01:49:34.005+0000][gc,phases   ] GC(6)   Post Evacuate Collection Set: 1.84ms
[2026-05-13T01:49:34.005+0000][gc,phases   ] GC(6)   Other: 0.16ms
[2026-05-13T01:49:34.005+0000][gc,heap     ] GC(6) Eden regions: 50->0(44)
[2026-05-13T01:49:34.005+0000][gc,heap     ] GC(6) Survivor regions: 1->7(7)
[2026-05-13T01:49:34.005+0000][gc,heap     ] GC(6) Old regions: 16->17
[2026-05-13T01:49:34.005+0000][gc,heap     ] GC(6) Humongous regions: 129->129
[2026-05-13T01:49:34.005+0000][gc,metaspace] GC(6) Metaspace: 42844K(43648K)->42844K(43648K) NonClass: 37800K(38272K)->37800K(38272K) Class: 5043K(5376K)->5043K(5376K)
[2026-05-13T01:49:34.005+0000][gc          ] GC(6) Pause Young (Prepare Mixed) (G1 Evacuation Pause) 195M->152M(1024M) 38.410ms
[2026-05-13T01:49:34.005+0000][gc,cpu      ] GC(6) User=0.02s Sys=0.00s Real=0.04s
[2026-05-13T01:55:31.889+0000][gc,start    ] GC(7) Pause Young (Mixed) (G1 Evacuation Pause)
[2026-05-13T01:55:31.889+0000][gc,task     ] GC(7) Using 2 workers of 2 for evacuation
[2026-05-13T01:55:31.906+0000][gc,phases   ] GC(7)   Pre Evacuate Collection Set: 0.41ms
[2026-05-13T01:55:31.906+0000][gc,phases   ] GC(7)   Merge Heap Roots: 0.20ms
[2026-05-13T01:55:31.906+0000][gc,phases   ] GC(7)   Evacuate Collection Set: 14.40ms
[2026-05-13T01:55:31.906+0000][gc,phases   ] GC(7)   Post Evacuate Collection Set: 1.33ms
[2026-05-13T01:55:31.906+0000][gc,phases   ] GC(7)   Other: 0.09ms
[2026-05-13T01:55:31.906+0000][gc,heap     ] GC(7) Eden regions: 44->0(50)
[2026-05-13T01:55:31.906+0000][gc,heap     ] GC(7) Survivor regions: 7->1(7)
[2026-05-13T01:55:31.906+0000][gc,heap     ] GC(7) Old regions: 17->24
[2026-05-13T01:55:31.906+0000][gc,heap     ] GC(7) Humongous regions: 129->129
[2026-05-13T01:55:31.906+0000][gc,metaspace] GC(7) Metaspace: 45199K(46016K)->45199K(46016K) NonClass: 39997K(40448K)->39997K(40448K) Class: 5201K(5568K)->5201K(5568K)
[2026-05-13T01:55:31.906+0000][gc          ] GC(7) Pause Young (Mixed) (G1 Evacuation Pause) 196M->153M(1024M) 17.203ms
[2026-05-13T01:55:31.906+0000][gc,cpu      ] GC(7) User=0.02s Sys=0.01s Real=0.01s
[2026-05-13T02:04:11.218+0000][gc,start    ] GC(8) Pause Young (Normal) (G1 Evacuation Pause)
[2026-05-13T02:04:11.218+0000][gc,task     ] GC(8) Using 2 workers of 2 for evacuation
[2026-05-13T02:04:11.230+0000][gc,phases   ] GC(8)   Pre Evacuate Collection Set: 0.47ms
[2026-05-13T02:04:11.230+0000][gc,phases   ] GC(8)   Merge Heap Roots: 0.10ms
[2026-05-13T02:04:11.230+0000][gc,phases   ] GC(8)   Evacuate Collection Set: 9.50ms
[2026-05-13T02:04:11.230+0000][gc,phases   ] GC(8)   Post Evacuate Collection Set: 0.98ms
[2026-05-13T02:04:11.230+0000][gc,phases   ] GC(8)   Other: 0.20ms
[2026-05-13T02:04:11.230+0000][gc,heap     ] GC(8) Eden regions: 50->0(72)
[2026-05-13T02:04:11.230+0000][gc,heap     ] GC(8) Survivor regions: 1->1(7)
[2026-05-13T02:04:11.230+0000][gc,heap     ] GC(8) Old regions: 24->24
[2026-05-13T02:04:11.230+0000][gc,heap     ] GC(8) Humongous regions: 129->129
[2026-05-13T02:04:11.230+0000][gc,metaspace] GC(8) Metaspace: 45316K(46144K)->45316K(46144K) NonClass: 40111K(40576K)->40111K(40576K) Class: 5205K(5568K)->5205K(5568K)
[2026-05-13T02:04:11.230+0000][gc          ] GC(8) Pause Young (Normal) (G1 Evacuation Pause) 203M->153M(1024M) 12.247ms
[2026-05-13T02:04:11.230+0000][gc,cpu      ] GC(8) User=0.01s Sys=0.00s Real=0.02s
[2026-05-13T02:18:13.581+0000][gc,start    ] GC(9) Pause Young (Normal) (G1 Evacuation Pause)
[2026-05-13T02:18:13.582+0000][gc,task     ] GC(9) Using 2 workers of 2 for evacuation
[2026-05-13T02:18:13.630+0000][gc,phases   ] GC(9)   Pre Evacuate Collection Set: 13.80ms
[2026-05-13T02:18:13.630+0000][gc,phases   ] GC(9)   Merge Heap Roots: 0.33ms
[2026-05-13T02:18:13.630+0000][gc,phases   ] GC(9)   Evacuate Collection Set: 30.83ms
[2026-05-13T02:18:13.630+0000][gc,phases   ] GC(9)   Post Evacuate Collection Set: 2.60ms
[2026-05-13T02:18:13.630+0000][gc,phases   ] GC(9)   Other: 0.67ms
[2026-05-13T02:18:13.630+0000][gc,heap     ] GC(9) Eden regions: 73->0(130)
[2026-05-13T02:18:13.630+0000][gc,heap     ] GC(9) Survivor regions: 1->2(10)
[2026-05-13T02:18:13.630+0000][gc,heap     ] GC(9) Old regions: 24->24
[2026-05-13T02:18:13.630+0000][gc,heap     ] GC(9) Humongous regions: 129->129
[2026-05-13T02:18:13.630+0000][gc,metaspace] GC(9) Metaspace: 45367K(46208K)->45367K(46208K) NonClass: 40162K(40640K)->40162K(40640K) Class: 5205K(5568K)->5205K(5568K)
[2026-05-13T02:18:13.630+0000][gc          ] GC(9) Pause Young (Normal) (G1 Evacuation Pause) 226M->154M(1024M) 49.044ms
[2026-05-13T02:18:13.630+0000][gc,cpu      ] GC(9) User=0.01s Sys=0.03s Real=0.05s
[2026-05-13T02:44:49.948+0000][gc,start    ] GC(10) Pause Young (Normal) (G1 Evacuation Pause)
[2026-05-13T02:44:49.949+0000][gc,task     ] GC(10) Using 2 workers of 2 for evacuation
[2026-05-13T02:44:49.970+0000][gc,phases   ] GC(10)   Pre Evacuate Collection Set: 6.86ms
[2026-05-13T02:44:49.970+0000][gc,phases   ] GC(10)   Merge Heap Roots: 0.15ms
[2026-05-13T02:44:49.970+0000][gc,phases   ] GC(10)   Evacuate Collection Set: 13.60ms
[2026-05-13T02:44:49.970+0000][gc,phases   ] GC(10)   Post Evacuate Collection Set: 0.99ms
[2026-05-13T02:44:49.970+0000][gc,phases   ] GC(10)   Other: 0.22ms
[2026-05-13T02:44:49.970+0000][gc,heap     ] GC(10) Eden regions: 131->0(611)
[2026-05-13T02:44:49.971+0000][gc,heap     ] GC(10) Survivor regions: 2->3(17)
[2026-05-13T02:44:49.971+0000][gc,heap     ] GC(10) Old regions: 24->24
[2026-05-13T02:44:49.971+0000][gc,heap     ] GC(10) Humongous regions: 129->129
[2026-05-13T02:44:49.971+0000][gc,metaspace] GC(10) Metaspace: 45439K(46272K)->45439K(46272K) NonClass: 40234K(40704K)->40234K(40704K) Class: 5205K(5568K)->5205K(5568K)
[2026-05-13T02:44:49.971+0000][gc          ] GC(10) Pause Young (Normal) (G1 Evacuation Pause) 285M->155M(1024M) 22.707ms
[2026-05-13T02:44:49.971+0000][gc,cpu      ] GC(10) User=0.02s Sys=0.00s Real=0.03s
[2026-05-13T03:46:35.797+0000][gc,start    ] GC(11) Pause Young (Normal) (G1 Evacuation Pause)
[2026-05-13T03:46:35.804+0000][gc,task     ] GC(11) Using 2 workers of 2 for evacuation
[2026-05-13T03:46:36.694+0000][gc,mmu      ] GC(11) MMU target violated: 201.0ms (200.0ms/201.0ms)
[2026-05-13T03:46:36.694+0000][gc,phases   ] GC(11)   Pre Evacuate Collection Set: 67.52ms
[2026-05-13T03:46:36.694+0000][gc,phases   ] GC(11)   Merge Heap Roots: 1.55ms
[2026-05-13T03:46:36.694+0000][gc,phases   ] GC(11)   Evacuate Collection Set: 806.66ms
[2026-05-13T03:46:36.694+0000][gc,phases   ] GC(11)   Post Evacuate Collection Set: 13.53ms
[2026-05-13T03:46:36.694+0000][gc,phases   ] GC(11)   Other: 4.43ms
[2026-05-13T03:46:36.695+0000][gc,heap     ] GC(11) Eden regions: 611->0(40)
[2026-05-13T03:46:36.695+0000][gc,heap     ] GC(11) Survivor regions: 3->11(77)
[2026-05-13T03:46:36.695+0000][gc,heap     ] GC(11) Old regions: 24->24
[2026-05-13T03:46:36.695+0000][gc,heap     ] GC(11) Humongous regions: 147->147
[2026-05-13T03:46:36.695+0000][gc,metaspace] GC(11) Metaspace: 51319K(52544K)->51319K(52544K) NonClass: 45283K(45952K)->45283K(45952K) Class: 6036K(6592K)->6036K(6592K)
[2026-05-13T03:46:36.695+0000][gc          ] GC(11) Pause Young (Normal) (G1 Evacuation Pause) 784M->181M(1024M) 897.808ms
[2026-05-13T03:46:36.695+0000][gc,cpu      ] GC(11) User=0.08s Sys=0.20s Real=0.90s
[2026-05-13T03:47:55.846+0000][gc,start    ] GC(12) Pause Young (Normal) (G1 Evacuation Pause)
[2026-05-13T03:47:55.846+0000][gc,task     ] GC(12) Using 2 workers of 2 for evacuation
[2026-05-13T03:47:55.913+0000][gc,phases   ] GC(12)   Pre Evacuate Collection Set: 1.88ms
[2026-05-13T03:47:55.913+0000][gc,phases   ] GC(12)   Merge Heap Roots: 0.17ms
[2026-05-13T03:47:55.913+0000][gc,phases   ] GC(12)   Evacuate Collection Set: 62.67ms
[2026-05-13T03:47:55.913+0000][gc,phases   ] GC(12)   Post Evacuate Collection Set: 1.48ms
[2026-05-13T03:47:55.913+0000][gc,phases   ] GC(12)   Other: 0.09ms
[2026-05-13T03:47:55.913+0000][gc,heap     ] GC(12) Eden regions: 40->0(48)
[2026-05-13T03:47:55.913+0000][gc,heap     ] GC(12) Survivor regions: 11->3(7)
[2026-05-13T03:47:55.913+0000][gc,heap     ] GC(12) Old regions: 24->34
[2026-05-13T03:47:55.913+0000][gc,heap     ] GC(12) Humongous regions: 147->147
[2026-05-13T03:47:55.913+0000][gc,metaspace] GC(12) Metaspace: 51331K(52608K)->51331K(52608K) NonClass: 45293K(46016K)->45293K(46016K) Class: 6037K(6592K)->6037K(6592K)
[2026-05-13T03:47:55.913+0000][gc          ] GC(12) Pause Young (Normal) (G1 Evacuation Pause) 221M->183M(1024M) 66.643ms
[2026-05-13T03:47:55.913+0000][gc,cpu      ] GC(12) User=0.05s Sys=0.01s Real=0.07s
[2026-05-13T03:49:58.345+0000][gc,start    ] GC(13) Pause Young (Normal) (G1 Evacuation Pause)
[2026-05-13T03:49:58.345+0000][gc,task     ] GC(13) Using 2 workers of 2 for evacuation
[2026-05-13T03:49:58.378+0000][gc,phases   ] GC(13)   Pre Evacuate Collection Set: 0.82ms
[2026-05-13T03:49:58.379+0000][gc,phases   ] GC(13)   Merge Heap Roots: 0.18ms
[2026-05-13T03:49:58.379+0000][gc,phases   ] GC(13)   Evacuate Collection Set: 31.59ms
[2026-05-13T03:49:58.379+0000][gc,phases   ] GC(13)   Post Evacuate Collection Set: 0.78ms
[2026-05-13T03:49:58.379+0000][gc,phases   ] GC(13)   Other: 0.18ms
[2026-05-13T03:49:58.379+0000][gc,heap     ] GC(13) Eden regions: 48->0(47)
[2026-05-13T03:49:58.379+0000][gc,heap     ] GC(13) Survivor regions: 3->4(7)
[2026-05-13T03:49:58.379+0000][gc,heap     ] GC(13) Old regions: 34->34
[2026-05-13T03:49:58.379+0000][gc,heap     ] GC(13) Humongous regions: 147->147
[2026-05-13T03:49:58.379+0000][gc,metaspace] GC(13) Metaspace: 51406K(52608K)->51406K(52608K) NonClass: 45352K(46016K)->45352K(46016K) Class: 6053K(6592K)->6053K(6592K)
[2026-05-13T03:49:58.379+0000][gc          ] GC(13) Pause Young (Normal) (G1 Evacuation Pause) 231M->184M(1024M) 34.317ms
[2026-05-13T03:49:58.379+0000][gc,cpu      ] GC(13) User=0.02s Sys=0.02s Real=0.04s
[2026-05-13T03:52:03.505+0000][gc,start    ] GC(14) Pause Young (Normal) (G1 Evacuation Pause)
[2026-05-13T03:52:03.506+0000][gc,task     ] GC(14) Using 2 workers of 2 for evacuation
[2026-05-13T03:52:03.567+0000][gc,phases   ] GC(14)   Pre Evacuate Collection Set: 0.73ms
[2026-05-13T03:52:03.567+0000][gc,phases   ] GC(14)   Merge Heap Roots: 0.24ms
[2026-05-13T03:52:03.567+0000][gc,phases   ] GC(14)   Evacuate Collection Set: 58.59ms
[2026-05-13T03:52:03.567+0000][gc,phases   ] GC(14)   Post Evacuate Collection Set: 1.20ms
[2026-05-13T03:52:03.567+0000][gc,phases   ] GC(14)   Other: 0.21ms
[2026-05-13T03:52:03.567+0000][gc,heap     ] GC(14) Eden regions: 47->0(44)
[2026-05-13T03:52:03.567+0000][gc,heap     ] GC(14) Survivor regions: 4->7(7)
[2026-05-13T03:52:03.567+0000][gc,heap     ] GC(14) Old regions: 34->35
[2026-05-13T03:52:03.567+0000][gc,heap     ] GC(14) Humongous regions: 147->147
[2026-05-13T03:52:03.567+0000][gc,metaspace] GC(14) Metaspace: 51412K(52608K)->51412K(52608K) NonClass: 45358K(46016K)->45358K(46016K) Class: 6053K(6592K)->6053K(6592K)
[2026-05-13T03:52:03.567+0000][gc          ] GC(14) Pause Young (Normal) (G1 Evacuation Pause) 231M->188M(1024M) 61.319ms
[2026-05-13T03:52:03.567+0000][gc,cpu      ] GC(14) User=0.03s Sys=0.01s Real=0.06s
[2026-05-13T03:53:34.037+0000][gc,start    ] GC(15) Pause Young (Normal) (G1 Evacuation Pause)
[2026-05-13T03:53:34.037+0000][gc,task     ] GC(15) Using 2 workers of 2 for evacuation
[2026-05-13T03:53:34.062+0000][gc,phases   ] GC(15)   Pre Evacuate Collection Set: 0.98ms
[2026-05-13T03:53:34.062+0000][gc,phases   ] GC(15)   Merge Heap Roots: 1.05ms
[2026-05-13T03:53:34.062+0000][gc,phases   ] GC(15)   Evacuate Collection Set: 18.85ms
[2026-05-13T03:53:34.062+0000][gc,phases   ] GC(15)   Post Evacuate Collection Set: 3.70ms
[2026-05-13T03:53:34.062+0000][gc,phases   ] GC(15)   Other: 0.12ms
[2026-05-13T03:53:34.062+0000][gc,heap     ] GC(15) Eden regions: 44->0(119)
[2026-05-13T03:53:34.062+0000][gc,heap     ] GC(15) Survivor regions: 7->4(7)
[2026-05-13T03:53:34.062+0000][gc,heap     ] GC(15) Old regions: 35->36
[2026-05-13T03:53:34.062+0000][gc,heap     ] GC(15) Humongous regions: 147->147
[2026-05-13T03:53:34.062+0000][gc,metaspace] GC(15) Metaspace: 51760K(52992K)->51760K(52992K) NonClass: 45667K(46336K)->45667K(46336K) Class: 6093K(6656K)->6093K(6656K)
[2026-05-13T03:53:34.062+0000][gc          ] GC(15) Pause Young (Normal) (G1 Evacuation Pause) 232M->186M(1024M) 25.212ms
[2026-05-13T03:53:34.063+0000][gc,cpu      ] GC(15) User=0.03s Sys=0.00s Real=0.03s
[2026-05-13T03:56:08.750+0000][gc,start    ] GC(16) Pause Young (Normal) (G1 Evacuation Pause)
[2026-05-13T03:56:08.751+0000][gc,task     ] GC(16) Using 2 workers of 2 for evacuation
[2026-05-13T03:56:08.905+0000][gc,phases   ] GC(16)   Pre Evacuate Collection Set: 0.69ms
[2026-05-13T03:56:08.905+0000][gc,phases   ] GC(16)   Merge Heap Roots: 0.26ms
[2026-05-13T03:56:08.905+0000][gc,phases   ] GC(16)   Evacuate Collection Set: 151.21ms
[2026-05-13T03:56:08.905+0000][gc,phases   ] GC(16)   Post Evacuate Collection Set: 1.13ms
[2026-05-13T03:56:08.905+0000][gc,phases   ] GC(16)   Other: 0.09ms
[2026-05-13T03:56:08.905+0000][gc,heap     ] GC(16) Eden regions: 97->0(47)
[2026-05-13T03:56:08.905+0000][gc,heap     ] GC(16) Survivor regions: 4->4(13)
[2026-05-13T03:56:08.905+0000][gc,heap     ] GC(16) Old regions: 36->36
[2026-05-13T03:56:08.905+0000][gc,heap     ] GC(16) Humongous regions: 147->147
[2026-05-13T03:56:08.905+0000][gc,metaspace] GC(16) Metaspace: 51833K(53056K)->51833K(53056K) NonClass: 45740K(46400K)->45740K(46400K) Class: 6093K(6656K)->6093K(6656K)
[2026-05-13T03:56:08.905+0000][gc          ] GC(16) Pause Young (Normal) (G1 Evacuation Pause) 283M->186M(1024M) 155.151ms
[2026-05-13T03:56:08.905+0000][gc,cpu      ] GC(16) User=0.03s Sys=0.03s Real=0.15s
[2026-05-13T03:57:13.942+0000][gc,start    ] GC(17) Pause Young (Normal) (G1 Evacuation Pause)
[2026-05-13T03:57:13.943+0000][gc,task     ] GC(17) Using 2 workers of 2 for evacuation
[2026-05-13T03:57:14.032+0000][gc,phases   ] GC(17)   Pre Evacuate Collection Set: 0.57ms
[2026-05-13T03:57:14.032+0000][gc,phases   ] GC(17)   Merge Heap Roots: 0.16ms
[2026-05-13T03:57:14.032+0000][gc,phases   ] GC(17)   Evacuate Collection Set: 87.13ms
[2026-05-13T03:57:14.032+0000][gc,phases   ] GC(17)   Post Evacuate Collection Set: 1.05ms
[2026-05-13T03:57:14.032+0000][gc,phases   ] GC(17)   Other: 0.12ms
[2026-05-13T03:57:14.032+0000][gc,heap     ] GC(17) Eden regions: 50->0(44)
[2026-05-13T03:57:14.033+0000][gc,heap     ] GC(17) Survivor regions: 4->7(7)
[2026-05-13T03:57:14.033+0000][gc,heap     ] GC(17) Old regions: 36->37
[2026-05-13T03:57:14.033+0000][gc,heap     ] GC(17) Humongous regions: 147->147
[2026-05-13T03:57:14.033+0000][gc,metaspace] GC(17) Metaspace: 51889K(53120K)->51889K(53120K) NonClass: 45795K(46464K)->45795K(46464K) Class: 6093K(6656K)->6093K(6656K)
[2026-05-13T03:57:14.033+0000][gc          ] GC(17) Pause Young (Normal) (G1 Evacuation Pause) 236M->190M(1024M) 91.041ms
[2026-05-13T03:57:14.033+0000][gc,cpu      ] GC(17) User=0.02s Sys=0.03s Real=0.09s
[2026-05-13T03:57:58.016+0000][gc,start    ] GC(18) Pause Young (Normal) (G1 Evacuation Pause)
[2026-05-13T03:57:58.016+0000][gc,task     ] GC(18) Using 2 workers of 2 for evacuation
[2026-05-13T03:57:58.043+0000][gc,phases   ] GC(18)   Pre Evacuate Collection Set: 0.42ms
[2026-05-13T03:57:58.043+0000][gc,phases   ] GC(18)   Merge Heap Roots: 0.19ms
[2026-05-13T03:57:58.043+0000][gc,phases   ] GC(18)   Evacuate Collection Set: 24.94ms
[2026-05-13T03:57:58.043+0000][gc,phases   ] GC(18)   Post Evacuate Collection Set: 1.27ms
[2026-05-13T03:57:58.043+0000][gc,phases   ] GC(18)   Other: 0.14ms
[2026-05-13T03:57:58.043+0000][gc,heap     ] GC(18) Eden regions: 44->0(44)
[2026-05-13T03:57:58.043+0000][gc,heap     ] GC(18) Survivor regions: 7->7(7)
[2026-05-13T03:57:58.043+0000][gc,heap     ] GC(18) Old regions: 37->40
[2026-05-13T03:57:58.043+0000][gc,heap     ] GC(18) Humongous regions: 147->147
[2026-05-13T03:57:58.043+0000][gc,metaspace] GC(18) Metaspace: 51918K(53120K)->51918K(53120K) NonClass: 45824K(46464K)->45824K(46464K) Class: 6093K(6656K)->6093K(6656K)
[2026-05-13T03:57:58.043+0000][gc          ] GC(18) Pause Young (Normal) (G1 Evacuation Pause) 234M->193M(1024M) 27.254ms
[2026-05-13T03:57:58.043+0000][gc,cpu      ] GC(18) User=0.04s Sys=0.00s Real=0.03s
[2026-05-13T03:58:41.415+0000][gc,start    ] GC(19) Pause Young (Normal) (G1 Evacuation Pause)
[2026-05-13T03:58:41.415+0000][gc,task     ] GC(19) Using 2 workers of 2 for evacuation
[2026-05-13T03:58:41.432+0000][gc,phases   ] GC(19)   Pre Evacuate Collection Set: 1.13ms
[2026-05-13T03:58:41.432+0000][gc,phases   ] GC(19)   Merge Heap Roots: 0.22ms
[2026-05-13T03:58:41.432+0000][gc,phases   ] GC(19)   Evacuate Collection Set: 14.50ms
[2026-05-13T03:58:41.432+0000][gc,phases   ] GC(19)   Post Evacuate Collection Set: 0.91ms
[2026-05-13T03:58:41.432+0000][gc,phases   ] GC(19)   Other: 0.09ms
[2026-05-13T03:58:41.432+0000][gc,heap     ] GC(19) Eden regions: 44->0(171)
[2026-05-13T03:58:41.432+0000][gc,heap     ] GC(19) Survivor regions: 7->4(7)
[2026-05-13T03:58:41.432+0000][gc,heap     ] GC(19) Old regions: 40->42
[2026-05-13T03:58:41.432+0000][gc,heap     ] GC(19) Humongous regions: 147->147
[2026-05-13T03:58:41.432+0000][gc,metaspace] GC(19) Metaspace: 51918K(53120K)->51918K(53120K) NonClass: 45825K(46464K)->45825K(46464K) Class: 6093K(6656K)->6093K(6656K)
[2026-05-13T03:58:41.432+0000][gc          ] GC(19) Pause Young (Normal) (G1 Evacuation Pause) 237M->192M(1024M) 17.148ms
[2026-05-13T03:58:41.432+0000][gc,cpu      ] GC(19) User=0.02s Sys=0.01s Real=0.02s
[2026-05-13T04:01:57.403+0000][gc,start    ] GC(20) Pause Young (Normal) (G1 Evacuation Pause)
[2026-05-13T04:01:57.403+0000][gc,task     ] GC(20) Using 2 workers of 2 for evacuation
[2026-05-13T04:01:57.614+0000][gc,mmu      ] GC(20) MMU target violated: 201.0ms (200.0ms/201.0ms)
[2026-05-13T04:01:57.614+0000][gc,phases   ] GC(20)   Pre Evacuate Collection Set: 2.22ms
[2026-05-13T04:01:57.614+0000][gc,phases   ] GC(20)   Merge Heap Roots: 1.49ms
[2026-05-13T04:01:57.614+0000][gc,phases   ] GC(20)   Evacuate Collection Set: 205.57ms
[2026-05-13T04:01:57.614+0000][gc,phases   ] GC(20)   Post Evacuate Collection Set: 1.61ms
[2026-05-13T04:01:57.614+0000][gc,phases   ] GC(20)   Other: 0.20ms
[2026-05-13T04:01:57.614+0000][gc,heap     ] GC(20) Eden regions: 157->0(42)
[2026-05-13T04:01:57.614+0000][gc,heap     ] GC(20) Survivor regions: 4->9(21)
[2026-05-13T04:01:57.614+0000][gc,heap     ] GC(20) Old regions: 42->42
[2026-05-13T04:01:57.614+0000][gc,heap     ] GC(20) Humongous regions: 147->147
[2026-05-13T04:01:57.614+0000][gc,metaspace] GC(20) Metaspace: 52053K(53312K)->52053K(53312K) NonClass: 45935K(46592K)->45935K(46592K) Class: 6117K(6720K)->6117K(6720K)
[2026-05-13T04:01:57.614+0000][gc          ] GC(20) Pause Young (Normal) (G1 Evacuation Pause) 349M->197M(1024M) 211.304ms
[2026-05-13T04:01:57.614+0000][gc,cpu      ] GC(20) User=0.04s Sys=0.04s Real=0.21s
[2026-05-13T04:02:51.173+0000][gc,start    ] GC(21) Pause Young (Normal) (G1 Evacuation Pause)
[2026-05-13T04:02:51.173+0000][gc,task     ] GC(21) Using 2 workers of 2 for evacuation
[2026-05-13T04:02:51.207+0000][gc,phases   ] GC(21)   Pre Evacuate Collection Set: 0.55ms
[2026-05-13T04:02:51.207+0000][gc,phases   ] GC(21)   Merge Heap Roots: 0.34ms
[2026-05-13T04:02:51.207+0000][gc,phases   ] GC(21)   Evacuate Collection Set: 31.68ms
[2026-05-13T04:02:51.207+0000][gc,phases   ] GC(21)   Post Evacuate Collection Set: 1.15ms
[2026-05-13T04:02:51.207+0000][gc,phases   ] GC(21)   Other: 0.10ms
[2026-05-13T04:02:51.207+0000][gc,heap     ] GC(21) Eden regions: 42->0(178)
[2026-05-13T04:02:51.207+0000][gc,heap     ] GC(21) Survivor regions: 9->3(7)
[2026-05-13T04:02:51.207+0000][gc,heap     ] GC(21) Old regions: 42->47
[2026-05-13T04:02:51.207+0000][gc,heap     ] GC(21) Humongous regions: 147->147
[2026-05-13T04:02:51.207+0000][gc,metaspace] GC(21) Metaspace: 52053K(53312K)->52053K(53312K) NonClass: 45936K(46592K)->45936K(46592K) Class: 6117K(6720K)->6117K(6720K)
[2026-05-13T04:02:51.207+0000][gc          ] GC(21) Pause Young (Normal) (G1 Evacuation Pause) 239M->196M(1024M) 34.169ms
[2026-05-13T04:02:51.207+0000][gc,cpu      ] GC(21) User=0.03s Sys=0.01s Real=0.03s
