[2026-05-13T16:16:30.925+0000][gc,init] CardTable entry size: 512
[2026-05-13T16:16:30.926+0000][gc     ] Using G1
[2026-05-13T16:16:30.959+0000][gc,init] Version: 21.0.10+7-LTS (release)
[2026-05-13T16:16:30.959+0000][gc,init] CPUs: 2 total, 2 available
[2026-05-13T16:16:30.960+0000][gc,init] Memory: 3732M
[2026-05-13T16:16:30.960+0000][gc,init] Large Page Support: Disabled
[2026-05-13T16:16:30.960+0000][gc,init] NUMA Support: Disabled
[2026-05-13T16:16:30.960+0000][gc,init] Compressed Oops: Enabled (32-bit)
[2026-05-13T16:16:30.960+0000][gc,init] Heap Region Size: 1M
[2026-05-13T16:16:30.960+0000][gc,init] Heap Min Capacity: 1G
[2026-05-13T16:16:30.960+0000][gc,init] Heap Initial Capacity: 1G
[2026-05-13T16:16:30.960+0000][gc,init] Heap Max Capacity: 1G
[2026-05-13T16:16:30.960+0000][gc,init] Pre-touch: Disabled
[2026-05-13T16:16:30.960+0000][gc,init] Parallel Workers: 2
[2026-05-13T16:16:30.960+0000][gc,init] Concurrent Workers: 1
[2026-05-13T16:16:30.960+0000][gc,init] Concurrent Refinement Workers: 2
[2026-05-13T16:16:30.960+0000][gc,init] Periodic GC: Disabled
[2026-05-13T16:16:31.244+0000][gc,metaspace] CDS archive(s) mapped at: [0x00007fcb19000000-0x00007fcb19bad000-0x00007fcb19bad000), size 12242944, SharedBaseAddress: 0x00007fcb19000000, ArchiveRelocationMode: 1.
[2026-05-13T16:16:31.246+0000][gc,metaspace] Compressed class space mapped at: 0x00007fcb1d000000-0x00007fcb5d000000, reserved size: 1073741824
[2026-05-13T16:16:31.247+0000][gc,metaspace] Narrow klass base: 0x00007fcb19000000, Narrow klass shift: 0, Narrow klass range: 0x100000000
[2026-05-13T16:16:38.826+0000][gc,start    ] GC(0) Pause Young (Normal) (G1 Evacuation Pause)
[2026-05-13T16:16:38.826+0000][gc,task     ] GC(0) Using 2 workers of 2 for evacuation
[2026-05-13T16:16:38.869+0000][gc,phases   ] GC(0)   Pre Evacuate Collection Set: 0.27ms
[2026-05-13T16:16:38.869+0000][gc,phases   ] GC(0)   Merge Heap Roots: 0.09ms
[2026-05-13T16:16:38.870+0000][gc,phases   ] GC(0)   Evacuate Collection Set: 39.85ms
[2026-05-13T16:16:38.870+0000][gc,phases   ] GC(0)   Post Evacuate Collection Set: 2.30ms
[2026-05-13T16:16:38.870+0000][gc,phases   ] GC(0)   Other: 0.44ms
[2026-05-13T16:16:38.870+0000][gc,heap     ] GC(0) Eden regions: 51->0(44)
[2026-05-13T16:16:38.870+0000][gc,heap     ] GC(0) Survivor regions: 0->7(7)
[2026-05-13T16:16:38.870+0000][gc,heap     ] GC(0) Old regions: 1->3
[2026-05-13T16:16:38.871+0000][gc,heap     ] GC(0) Humongous regions: 0->0
[2026-05-13T16:16:38.871+0000][gc,metaspace] GC(0) Metaspace: 15435K(15744K)->15435K(15744K) NonClass: 13695K(13888K)->13695K(13888K) Class: 1740K(1856K)->1740K(1856K)
[2026-05-13T16:16:38.895+0000][gc          ] GC(0) Pause Young (Normal) (G1 Evacuation Pause) 51M->9M(1024M) 45.199ms
[2026-05-13T16:16:38.895+0000][gc,cpu      ] GC(0) User=0.02s Sys=0.01s Real=0.07s
[2026-05-13T16:16:40.131+0000][gc,start    ] GC(1) Pause Young (Concurrent Start) (Metadata GC Threshold)
[2026-05-13T16:16:40.132+0000][gc,task     ] GC(1) Using 2 workers of 2 for evacuation
[2026-05-13T16:16:40.170+0000][gc,phases   ] GC(1)   Pre Evacuate Collection Set: 0.30ms
[2026-05-13T16:16:40.170+0000][gc,phases   ] GC(1)   Merge Heap Roots: 0.14ms
[2026-05-13T16:16:40.171+0000][gc,phases   ] GC(1)   Evacuate Collection Set: 35.42ms
[2026-05-13T16:16:40.172+0000][gc,phases   ] GC(1)   Post Evacuate Collection Set: 1.21ms
[2026-05-13T16:16:40.172+0000][gc,phases   ] GC(1)   Other: 0.45ms
[2026-05-13T16:16:40.172+0000][gc,heap     ] GC(1) Eden regions: 17->0(50)
[2026-05-13T16:16:40.172+0000][gc,heap     ] GC(1) Survivor regions: 7->1(7)
[2026-05-13T16:16:40.172+0000][gc,heap     ] GC(1) Old regions: 3->10
[2026-05-13T16:16:40.173+0000][gc,heap     ] GC(1) Humongous regions: 0->0
[2026-05-13T16:16:40.173+0000][gc,metaspace] GC(1) Metaspace: 21291K(21504K)->21291K(21504K) NonClass: 18695K(18816K)->18695K(18816K) Class: 2595K(2688K)->2595K(2688K)
[2026-05-13T16:16:40.173+0000][gc          ] GC(1) Pause Young (Concurrent Start) (Metadata GC Threshold) 26M->10M(1024M) 42.092ms
[2026-05-13T16:16:40.173+0000][gc          ] GC(2) Concurrent Mark Cycle
[2026-05-13T16:16:40.173+0000][gc,marking  ] GC(2) Concurrent Scan Root Regions
[2026-05-13T16:16:40.173+0000][gc,cpu      ] GC(1) User=0.02s Sys=0.00s Real=0.04s
[2026-05-13T16:16:40.191+0000][gc,marking  ] GC(2) Concurrent Scan Root Regions 17.517ms
[2026-05-13T16:16:40.191+0000][gc,marking  ] GC(2) Concurrent Mark
[2026-05-13T16:16:40.192+0000][gc,marking  ] GC(2) Concurrent Mark From Roots
[2026-05-13T16:16:40.192+0000][gc,task     ] GC(2) Using 1 workers of 1 for marking
[2026-05-13T16:16:40.248+0000][gc,marking  ] GC(2) Concurrent Mark From Roots 56.096ms
[2026-05-13T16:16:40.248+0000][gc,marking  ] GC(2) Concurrent Preclean
[2026-05-13T16:16:40.248+0000][gc,marking  ] GC(2) Concurrent Preclean 0.180ms
[2026-05-13T16:16:40.248+0000][gc,start    ] GC(2) Pause Remark
[2026-05-13T16:16:40.261+0000][gc          ] GC(2) Pause Remark 10M->10M(1024M) 12.078ms
[2026-05-13T16:16:40.261+0000][gc,cpu      ] GC(2) User=0.01s Sys=0.00s Real=0.01s
[2026-05-13T16:16:40.263+0000][gc,marking  ] GC(2) Concurrent Mark 72.054ms
[2026-05-13T16:16:40.264+0000][gc,marking  ] GC(2) Concurrent Rebuild Remembered Sets and Scrub Regions
[2026-05-13T16:16:40.295+0000][gc,marking  ] GC(2) Concurrent Rebuild Remembered Sets and Scrub Regions 31.337ms
[2026-05-13T16:16:40.296+0000][gc,start    ] GC(2) Pause Cleanup
[2026-05-13T16:16:40.296+0000][gc          ] GC(2) Pause Cleanup 10M->10M(1024M) 0.698ms
[2026-05-13T16:16:40.297+0000][gc,cpu      ] GC(2) User=0.00s Sys=0.00s Real=0.00s
[2026-05-13T16:16:40.297+0000][gc,marking  ] GC(2) Concurrent Clear Claimed Marks
[2026-05-13T16:16:40.297+0000][gc,marking  ] GC(2) Concurrent Clear Claimed Marks 0.189ms
[2026-05-13T16:16:40.297+0000][gc,marking  ] GC(2) Concurrent Cleanup for Next Mark
[2026-05-13T16:16:40.367+0000][gc,marking  ] GC(2) Concurrent Cleanup for Next Mark 69.719ms
[2026-05-13T16:16:40.367+0000][gc          ] GC(2) Concurrent Mark Cycle 193.830ms
[2026-05-13T16:16:45.816+0000][gc,start    ] GC(3) Pause Young (Normal) (G1 Evacuation Pause)
[2026-05-13T16:16:45.816+0000][gc,task     ] GC(3) Using 2 workers of 2 for evacuation
[2026-05-13T16:16:45.877+0000][gc,phases   ] GC(3)   Pre Evacuate Collection Set: 0.29ms
[2026-05-13T16:16:45.877+0000][gc,phases   ] GC(3)   Merge Heap Roots: 0.22ms
[2026-05-13T16:16:45.878+0000][gc,phases   ] GC(3)   Evacuate Collection Set: 58.40ms
[2026-05-13T16:16:45.878+0000][gc,phases   ] GC(3)   Post Evacuate Collection Set: 1.39ms
[2026-05-13T16:16:45.878+0000][gc,phases   ] GC(3)   Other: 0.29ms
[2026-05-13T16:16:45.879+0000][gc,heap     ] GC(3) Eden regions: 50->0(45)
[2026-05-13T16:16:45.879+0000][gc,heap     ] GC(3) Survivor regions: 1->6(7)
[2026-05-13T16:16:45.879+0000][gc,heap     ] GC(3) Old regions: 10->10
[2026-05-13T16:16:45.879+0000][gc,heap     ] GC(3) Humongous regions: 0->0
[2026-05-13T16:16:45.880+0000][gc,metaspace] GC(3) Metaspace: 32547K(32960K)->32547K(32960K) NonClass: 28786K(28992K)->28786K(28992K) Class: 3761K(3968K)->3761K(3968K)
[2026-05-13T16:16:45.880+0000][gc          ] GC(3) Pause Young (Normal) (G1 Evacuation Pause) 60M->14M(1024M) 64.157ms
[2026-05-13T16:16:45.880+0000][gc,cpu      ] GC(3) User=0.02s Sys=0.00s Real=0.07s
[2026-05-13T16:16:47.904+0000][gc,start    ] GC(4) Pause Young (Concurrent Start) (Metadata GC Threshold)
[2026-05-13T16:16:47.904+0000][gc,task     ] GC(4) Using 2 workers of 2 for evacuation
[2026-05-13T16:16:47.989+0000][gc,phases   ] GC(4)   Pre Evacuate Collection Set: 0.37ms
[2026-05-13T16:16:47.989+0000][gc,phases   ] GC(4)   Merge Heap Roots: 0.09ms
[2026-05-13T16:16:47.990+0000][gc,phases   ] GC(4)   Evacuate Collection Set: 80.61ms
[2026-05-13T16:16:47.990+0000][gc,phases   ] GC(4)   Post Evacuate Collection Set: 2.61ms
[2026-05-13T16:16:47.990+0000][gc,phases   ] GC(4)   Other: 1.08ms
[2026-05-13T16:16:47.990+0000][gc,heap     ] GC(4) Eden regions: 13->0(55)
[2026-05-13T16:16:47.990+0000][gc,heap     ] GC(4) Survivor regions: 6->2(7)
[2026-05-13T16:16:47.990+0000][gc,heap     ] GC(4) Old regions: 10->15
[2026-05-13T16:16:47.991+0000][gc,heap     ] GC(4) Humongous regions: 0->0
[2026-05-13T16:16:47.991+0000][gc,metaspace] GC(4) Metaspace: 35599K(36096K)->35599K(36096K) NonClass: 31464K(31744K)->31464K(31744K) Class: 4135K(4352K)->4135K(4352K)
[2026-05-13T16:16:47.992+0000][gc          ] GC(4) Pause Young (Concurrent Start) (Metadata GC Threshold) 27M->15M(1024M) 87.606ms
[2026-05-13T16:16:47.992+0000][gc,cpu      ] GC(4) User=0.04s Sys=0.00s Real=0.09s
[2026-05-13T16:16:47.993+0000][gc          ] GC(5) Concurrent Mark Cycle
[2026-05-13T16:16:47.993+0000][gc,marking  ] GC(5) Concurrent Scan Root Regions
[2026-05-13T16:16:48.014+0000][gc,marking  ] GC(5) Concurrent Scan Root Regions 21.514ms
[2026-05-13T16:16:48.015+0000][gc,marking  ] GC(5) Concurrent Mark
[2026-05-13T16:16:48.015+0000][gc,marking  ] GC(5) Concurrent Mark From Roots
[2026-05-13T16:16:48.015+0000][gc,task     ] GC(5) Using 1 workers of 1 for marking
[2026-05-13T16:16:48.081+0000][gc,marking  ] GC(5) Concurrent Mark From Roots 65.734ms
[2026-05-13T16:16:48.081+0000][gc,marking  ] GC(5) Concurrent Preclean
[2026-05-13T16:16:48.081+0000][gc,marking  ] GC(5) Concurrent Preclean 0.096ms
[2026-05-13T16:16:48.087+0000][gc,start    ] GC(5) Pause Remark
[2026-05-13T16:16:48.104+0000][gc          ] GC(5) Pause Remark 17M->17M(1024M) 17.830ms
[2026-05-13T16:16:48.105+0000][gc,cpu      ] GC(5) User=0.02s Sys=0.00s Real=0.02s
[2026-05-13T16:16:48.106+0000][gc,marking  ] GC(5) Concurrent Mark 91.174ms
[2026-05-13T16:16:48.106+0000][gc,marking  ] GC(5) Concurrent Rebuild Remembered Sets and Scrub Regions
[2026-05-13T16:16:48.199+0000][gc,marking  ] GC(5) Concurrent Rebuild Remembered Sets and Scrub Regions 92.493ms
[2026-05-13T16:16:48.200+0000][gc,start    ] GC(5) Pause Cleanup
[2026-05-13T16:16:48.201+0000][gc          ] GC(5) Pause Cleanup 18M->18M(1024M) 0.403ms
[2026-05-13T16:16:48.201+0000][gc,cpu      ] GC(5) User=0.00s Sys=0.00s Real=0.00s
[2026-05-13T16:16:48.201+0000][gc,marking  ] GC(5) Concurrent Clear Claimed Marks
[2026-05-13T16:16:48.201+0000][gc,marking  ] GC(5) Concurrent Clear Claimed Marks 0.221ms
[2026-05-13T16:16:48.201+0000][gc,marking  ] GC(5) Concurrent Cleanup for Next Mark
[2026-05-13T16:16:48.221+0000][gc,marking  ] GC(5) Concurrent Cleanup for Next Mark 19.709ms
[2026-05-13T16:16:48.221+0000][gc          ] GC(5) Concurrent Mark Cycle 228.388ms
[2026-05-13T16:16:53.736+0000][gc,start    ] GC(6) Pause Young (Prepare Mixed) (G1 Evacuation Pause)
[2026-05-13T16:16:53.736+0000][gc,task     ] GC(6) Using 2 workers of 2 for evacuation
[2026-05-13T16:16:53.954+0000][gc,mmu      ] GC(6) MMU target violated: 201.0ms (200.0ms/201.0ms)
[2026-05-13T16:16:53.954+0000][gc,phases   ] GC(6)   Pre Evacuate Collection Set: 0.31ms
[2026-05-13T16:16:53.954+0000][gc,phases   ] GC(6)   Merge Heap Roots: 0.12ms
[2026-05-13T16:16:53.954+0000][gc,phases   ] GC(6)   Evacuate Collection Set: 204.57ms
[2026-05-13T16:16:53.954+0000][gc,phases   ] GC(6)   Post Evacuate Collection Set: 12.39ms
[2026-05-13T16:16:53.954+0000][gc,phases   ] GC(6)   Other: 0.28ms
[2026-05-13T16:16:53.954+0000][gc,heap     ] GC(6) Eden regions: 49->0(44)
[2026-05-13T16:16:53.954+0000][gc,heap     ] GC(6) Survivor regions: 2->7(7)
[2026-05-13T16:16:53.954+0000][gc,heap     ] GC(6) Old regions: 15->16
[2026-05-13T16:16:53.954+0000][gc,heap     ] GC(6) Humongous regions: 9->9
[2026-05-13T16:16:53.954+0000][gc,metaspace] GC(6) Metaspace: 42929K(43712K)->42929K(43712K) NonClass: 37933K(38400K)->37933K(38400K) Class: 4996K(5312K)->4996K(5312K)
[2026-05-13T16:16:53.954+0000][gc          ] GC(6) Pause Young (Prepare Mixed) (G1 Evacuation Pause) 73M->31M(1024M) 217.956ms
[2026-05-13T16:16:53.954+0000][gc,cpu      ] GC(6) User=0.03s Sys=0.00s Real=0.22s
[2026-05-13T16:16:59.932+0000][gc,start    ] GC(7) Pause Young (Mixed) (G1 Evacuation Pause)
[2026-05-13T16:16:59.932+0000][gc,task     ] GC(7) Using 2 workers of 2 for evacuation
[2026-05-13T16:17:00.168+0000][gc,mmu      ] GC(7) MMU target violated: 201.0ms (200.0ms/201.0ms)
[2026-05-13T16:17:00.169+0000][gc,phases   ] GC(7)   Pre Evacuate Collection Set: 1.23ms
[2026-05-13T16:17:00.169+0000][gc,phases   ] GC(7)   Merge Heap Roots: 0.20ms
[2026-05-13T16:17:00.169+0000][gc,phases   ] GC(7)   Evacuate Collection Set: 221.60ms
[2026-05-13T16:17:00.169+0000][gc,phases   ] GC(7)   Post Evacuate Collection Set: 13.56ms
[2026-05-13T16:17:00.170+0000][gc,phases   ] GC(7)   Other: 0.52ms
[2026-05-13T16:17:00.170+0000][gc,heap     ] GC(7) Eden regions: 44->0(49)
[2026-05-13T16:17:00.170+0000][gc,heap     ] GC(7) Survivor regions: 7->2(7)
[2026-05-13T16:17:00.170+0000][gc,heap     ] GC(7) Old regions: 16->24
[2026-05-13T16:17:00.170+0000][gc,heap     ] GC(7) Humongous regions: 27->27
[2026-05-13T16:17:00.170+0000][gc,metaspace] GC(7) Metaspace: 44520K(45440K)->44520K(45440K) NonClass: 39300K(39808K)->39300K(39808K) Class: 5220K(5632K)->5220K(5632K)
[2026-05-13T16:17:00.171+0000][gc          ] GC(7) Pause Young (Mixed) (G1 Evacuation Pause) 93M->52M(1024M) 238.979ms
[2026-05-13T16:17:00.171+0000][gc,cpu      ] GC(7) User=0.06s Sys=0.01s Real=0.24s
[2026-05-13T16:17:07.931+0000][gc,start    ] GC(8) Pause Young (Normal) (G1 Evacuation Pause)
[2026-05-13T16:17:07.932+0000][gc,task     ] GC(8) Using 2 workers of 2 for evacuation
[2026-05-13T16:17:07.955+0000][gc,phases   ] GC(8)   Pre Evacuate Collection Set: 0.33ms
[2026-05-13T16:17:07.955+0000][gc,phases   ] GC(8)   Merge Heap Roots: 1.20ms
[2026-05-13T16:17:07.955+0000][gc,phases   ] GC(8)   Evacuate Collection Set: 20.65ms
[2026-05-13T16:17:07.955+0000][gc,phases   ] GC(8)   Post Evacuate Collection Set: 1.50ms
[2026-05-13T16:17:07.955+0000][gc,phases   ] GC(8)   Other: 0.13ms
[2026-05-13T16:17:07.955+0000][gc,heap     ] GC(8) Eden regions: 49->0(55)
[2026-05-13T16:17:07.955+0000][gc,heap     ] GC(8) Survivor regions: 2->4(7)
[2026-05-13T16:17:07.956+0000][gc,heap     ] GC(8) Old regions: 24->24
[2026-05-13T16:17:07.956+0000][gc,heap     ] GC(8) Humongous regions: 162->156
[2026-05-13T16:17:07.956+0000][gc,metaspace] GC(8) Metaspace: 47330K(48384K)->47330K(48384K) NonClass: 41747K(42368K)->41747K(42368K) Class: 5583K(6016K)->5583K(6016K)
[2026-05-13T16:17:07.956+0000][gc          ] GC(8) Pause Young (Normal) (G1 Evacuation Pause) 236M->182M(1024M) 24.690ms
[2026-05-13T16:17:07.956+0000][gc,cpu      ] GC(8) User=0.02s Sys=0.00s Real=0.02s
[2026-05-13T16:19:41.532+0000][gc,start    ] GC(9) Pause Young (Normal) (G1 Evacuation Pause)
[2026-05-13T16:19:41.534+0000][gc,task     ] GC(9) Using 2 workers of 2 for evacuation
[2026-05-13T16:19:41.552+0000][gc,phases   ] GC(9)   Pre Evacuate Collection Set: 0.63ms
[2026-05-13T16:19:41.552+0000][gc,phases   ] GC(9)   Merge Heap Roots: 0.08ms
[2026-05-13T16:19:41.552+0000][gc,phases   ] GC(9)   Evacuate Collection Set: 15.75ms
[2026-05-13T16:19:41.552+0000][gc,phases   ] GC(9)   Post Evacuate Collection Set: 1.41ms
[2026-05-13T16:19:41.552+0000][gc,phases   ] GC(9)   Other: 0.32ms
[2026-05-13T16:19:41.552+0000][gc,heap     ] GC(9) Eden regions: 54->0(106)
[2026-05-13T16:19:41.553+0000][gc,heap     ] GC(9) Survivor regions: 4->6(8)
[2026-05-13T16:19:41.553+0000][gc,heap     ] GC(9) Old regions: 24->24
[2026-05-13T16:19:41.553+0000][gc,heap     ] GC(9) Humongous regions: 163->157
[2026-05-13T16:19:41.553+0000][gc,metaspace] GC(9) Metaspace: 49211K(50368K)->49211K(50368K) NonClass: 43495K(44096K)->43495K(44096K) Class: 5716K(6272K)->5716K(6272K)
[2026-05-13T16:19:41.553+0000][gc          ] GC(9) Pause Young (Normal) (G1 Evacuation Pause) 243M->185M(1024M) 20.959ms
[2026-05-13T16:19:41.553+0000][gc,cpu      ] GC(9) User=0.02s Sys=0.01s Real=0.02s
[2026-05-13T16:24:12.455+0000][gc,heap,exit] Heap
[2026-05-13T16:24:12.459+0000][gc,heap,exit]  garbage-first heap   total 1048576K, used 275819K [0x00000000c0000000, 0x0000000100000000)
[2026-05-13T16:24:12.459+0000][gc,heap,exit]   region size 1024K, 90 young (92160K), 6 survivors (6144K)
[2026-05-13T16:24:12.459+0000][gc,heap,exit]  Metaspace       used 50670K, committed 51904K, reserved 1114112K
[2026-05-13T16:24:12.459+0000][gc,heap,exit]   class space    used 5959K, committed 6528K, reserved 1048576K
