[2026-05-13T16:49:32.430+0000][gc,init] CardTable entry size: 512
[2026-05-13T16:49:32.430+0000][gc     ] Using G1
[2026-05-13T16:49:32.444+0000][gc,init] Version: 21.0.10+7-LTS (release)
[2026-05-13T16:49:32.444+0000][gc,init] CPUs: 2 total, 2 available
[2026-05-13T16:49:32.444+0000][gc,init] Memory: 3732M
[2026-05-13T16:49:32.444+0000][gc,init] Large Page Support: Disabled
[2026-05-13T16:49:32.444+0000][gc,init] NUMA Support: Disabled
[2026-05-13T16:49:32.444+0000][gc,init] Compressed Oops: Enabled (32-bit)
[2026-05-13T16:49:32.444+0000][gc,init] Heap Region Size: 1M
[2026-05-13T16:49:32.444+0000][gc,init] Heap Min Capacity: 1G
[2026-05-13T16:49:32.444+0000][gc,init] Heap Initial Capacity: 1G
[2026-05-13T16:49:32.444+0000][gc,init] Heap Max Capacity: 1G
[2026-05-13T16:49:32.444+0000][gc,init] Pre-touch: Disabled
[2026-05-13T16:49:32.444+0000][gc,init] Parallel Workers: 2
[2026-05-13T16:49:32.444+0000][gc,init] Concurrent Workers: 1
[2026-05-13T16:49:32.444+0000][gc,init] Concurrent Refinement Workers: 2
[2026-05-13T16:49:32.444+0000][gc,init] Periodic GC: Disabled
[2026-05-13T16:49:32.657+0000][gc,metaspace] CDS archive(s) mapped at: [0x00007f42a5000000-0x00007f42a5bad000-0x00007f42a5bad000), size 12242944, SharedBaseAddress: 0x00007f42a5000000, ArchiveRelocationMode: 1.
[2026-05-13T16:49:32.658+0000][gc,metaspace] Compressed class space mapped at: 0x00007f42a9000000-0x00007f42e9000000, reserved size: 1073741824
[2026-05-13T16:49:32.658+0000][gc,metaspace] Narrow klass base: 0x00007f42a5000000, Narrow klass shift: 0, Narrow klass range: 0x100000000
[2026-05-13T16:49:36.859+0000][gc,start    ] GC(0) Pause Young (Normal) (G1 Evacuation Pause)
[2026-05-13T16:49:36.860+0000][gc,task     ] GC(0) Using 2 workers of 2 for evacuation
[2026-05-13T16:49:36.890+0000][gc,phases   ] GC(0)   Pre Evacuate Collection Set: 0.28ms
[2026-05-13T16:49:36.890+0000][gc,phases   ] GC(0)   Merge Heap Roots: 0.08ms
[2026-05-13T16:49:36.890+0000][gc,phases   ] GC(0)   Evacuate Collection Set: 26.62ms
[2026-05-13T16:49:36.890+0000][gc,phases   ] GC(0)   Post Evacuate Collection Set: 2.83ms
[2026-05-13T16:49:36.890+0000][gc,phases   ] GC(0)   Other: 0.90ms
[2026-05-13T16:49:36.890+0000][gc,heap     ] GC(0) Eden regions: 51->0(44)
[2026-05-13T16:49:36.890+0000][gc,heap     ] GC(0) Survivor regions: 0->7(7)
[2026-05-13T16:49:36.890+0000][gc,heap     ] GC(0) Old regions: 1->2
[2026-05-13T16:49:36.890+0000][gc,heap     ] GC(0) Humongous regions: 0->0
[2026-05-13T16:49:36.890+0000][gc,metaspace] GC(0) Metaspace: 15344K(15552K)->15344K(15552K) NonClass: 13601K(13696K)->13601K(13696K) Class: 1742K(1856K)->1742K(1856K)
[2026-05-13T16:49:36.890+0000][gc          ] GC(0) Pause Young (Normal) (G1 Evacuation Pause) 51M->8M(1024M) 31.233ms
[2026-05-13T16:49:36.890+0000][gc,cpu      ] GC(0) User=0.02s Sys=0.01s Real=0.03s
[2026-05-13T16:49:38.178+0000][gc,start    ] GC(1) Pause Young (Concurrent Start) (Metadata GC Threshold)
[2026-05-13T16:49:38.179+0000][gc,task     ] GC(1) Using 2 workers of 2 for evacuation
[2026-05-13T16:49:38.199+0000][gc,phases   ] GC(1)   Pre Evacuate Collection Set: 0.48ms
[2026-05-13T16:49:38.199+0000][gc,phases   ] GC(1)   Merge Heap Roots: 0.07ms
[2026-05-13T16:49:38.199+0000][gc,phases   ] GC(1)   Evacuate Collection Set: 18.75ms
[2026-05-13T16:49:38.199+0000][gc,phases   ] GC(1)   Post Evacuate Collection Set: 1.11ms
[2026-05-13T16:49:38.199+0000][gc,phases   ] GC(1)   Other: 0.12ms
[2026-05-13T16:49:38.199+0000][gc,heap     ] GC(1) Eden regions: 17->0(49)
[2026-05-13T16:49:38.199+0000][gc,heap     ] GC(1) Survivor regions: 7->2(7)
[2026-05-13T16:49:38.199+0000][gc,heap     ] GC(1) Old regions: 2->10
[2026-05-13T16:49:38.199+0000][gc,heap     ] GC(1) Humongous regions: 0->0
[2026-05-13T16:49:38.199+0000][gc,metaspace] GC(1) Metaspace: 21239K(21504K)->21239K(21504K) NonClass: 18643K(18816K)->18643K(18816K) Class: 2596K(2688K)->2596K(2688K)
[2026-05-13T16:49:38.199+0000][gc          ] GC(1) Pause Young (Concurrent Start) (Metadata GC Threshold) 25M->10M(1024M) 20.877ms
[2026-05-13T16:49:38.199+0000][gc,cpu      ] GC(1) User=0.02s Sys=0.00s Real=0.02s
[2026-05-13T16:49:38.200+0000][gc          ] GC(2) Concurrent Mark Cycle
[2026-05-13T16:49:38.200+0000][gc,marking  ] GC(2) Concurrent Scan Root Regions
[2026-05-13T16:49:38.227+0000][gc,marking  ] GC(2) Concurrent Scan Root Regions 27.000ms
[2026-05-13T16:49:38.227+0000][gc,marking  ] GC(2) Concurrent Mark
[2026-05-13T16:49:38.227+0000][gc,marking  ] GC(2) Concurrent Mark From Roots
[2026-05-13T16:49:38.227+0000][gc,task     ] GC(2) Using 1 workers of 1 for marking
[2026-05-13T16:49:38.247+0000][gc,marking  ] GC(2) Concurrent Mark From Roots 20.111ms
[2026-05-13T16:49:38.247+0000][gc,marking  ] GC(2) Concurrent Preclean
[2026-05-13T16:49:38.247+0000][gc,marking  ] GC(2) Concurrent Preclean 0.019ms
[2026-05-13T16:49:38.248+0000][gc,start    ] GC(2) Pause Remark
[2026-05-13T16:49:38.265+0000][gc          ] GC(2) Pause Remark 11M->11M(1024M) 17.689ms
[2026-05-13T16:49:38.265+0000][gc,cpu      ] GC(2) User=0.01s Sys=0.00s Real=0.01s
[2026-05-13T16:49:38.265+0000][gc,marking  ] GC(2) Concurrent Mark 38.787ms
[2026-05-13T16:49:38.265+0000][gc,marking  ] GC(2) Concurrent Rebuild Remembered Sets and Scrub Regions
[2026-05-13T16:49:38.296+0000][gc,marking  ] GC(2) Concurrent Rebuild Remembered Sets and Scrub Regions 30.864ms
[2026-05-13T16:49:38.296+0000][gc,start    ] GC(2) Pause Cleanup
[2026-05-13T16:49:38.297+0000][gc          ] GC(2) Pause Cleanup 11M->11M(1024M) 0.168ms
[2026-05-13T16:49:38.297+0000][gc,cpu      ] GC(2) User=0.00s Sys=0.00s Real=0.00s
[2026-05-13T16:49:38.297+0000][gc,marking  ] GC(2) Concurrent Clear Claimed Marks
[2026-05-13T16:49:38.297+0000][gc,marking  ] GC(2) Concurrent Clear Claimed Marks 0.042ms
[2026-05-13T16:49:38.297+0000][gc,marking  ] GC(2) Concurrent Cleanup for Next Mark
[2026-05-13T16:49:38.346+0000][gc,marking  ] GC(2) Concurrent Cleanup for Next Mark 48.944ms
[2026-05-13T16:49:38.346+0000][gc          ] GC(2) Concurrent Mark Cycle 146.578ms
[2026-05-13T16:49:40.315+0000][gc,start    ] GC(3) Pause Young (Normal) (G1 Evacuation Pause)
[2026-05-13T16:49:40.315+0000][gc,task     ] GC(3) Using 2 workers of 2 for evacuation
[2026-05-13T16:49:40.332+0000][gc,phases   ] GC(3)   Pre Evacuate Collection Set: 0.30ms
[2026-05-13T16:49:40.332+0000][gc,phases   ] GC(3)   Merge Heap Roots: 0.07ms
[2026-05-13T16:49:40.332+0000][gc,phases   ] GC(3)   Evacuate Collection Set: 15.08ms
[2026-05-13T16:49:40.332+0000][gc,phases   ] GC(3)   Post Evacuate Collection Set: 1.25ms
[2026-05-13T16:49:40.332+0000][gc,phases   ] GC(3)   Other: 0.18ms
[2026-05-13T16:49:40.332+0000][gc,heap     ] GC(3) Eden regions: 49->0(45)
[2026-05-13T16:49:40.332+0000][gc,heap     ] GC(3) Survivor regions: 2->6(7)
[2026-05-13T16:49:40.332+0000][gc,heap     ] GC(3) Old regions: 10->10
[2026-05-13T16:49:40.332+0000][gc,heap     ] GC(3) Humongous regions: 0->0
[2026-05-13T16:49:40.332+0000][gc,metaspace] GC(3) Metaspace: 33847K(34304K)->33847K(34304K) NonClass: 29941K(30208K)->29941K(30208K) Class: 3905K(4096K)->3905K(4096K)
[2026-05-13T16:49:40.332+0000][gc          ] GC(3) Pause Young (Normal) (G1 Evacuation Pause) 59M->14M(1024M) 17.206ms
[2026-05-13T16:49:40.332+0000][gc,cpu      ] GC(3) User=0.02s Sys=0.00s Real=0.02s
[2026-05-13T16:49:40.619+0000][gc,start    ] GC(4) Pause Young (Concurrent Start) (Metadata GC Threshold)
[2026-05-13T16:49:40.619+0000][gc,task     ] GC(4) Using 2 workers of 2 for evacuation
[2026-05-13T16:49:40.659+0000][gc,phases   ] GC(4)   Pre Evacuate Collection Set: 0.50ms
[2026-05-13T16:49:40.659+0000][gc,phases   ] GC(4)   Merge Heap Roots: 0.06ms
[2026-05-13T16:49:40.659+0000][gc,phases   ] GC(4)   Evacuate Collection Set: 37.27ms
[2026-05-13T16:49:40.659+0000][gc,phases   ] GC(4)   Post Evacuate Collection Set: 1.66ms
[2026-05-13T16:49:40.659+0000][gc,phases   ] GC(4)   Other: 0.26ms
[2026-05-13T16:49:40.659+0000][gc,heap     ] GC(4) Eden regions: 10->0(74)
[2026-05-13T16:49:40.659+0000][gc,heap     ] GC(4) Survivor regions: 6->1(7)
[2026-05-13T16:49:40.659+0000][gc,heap     ] GC(4) Old regions: 10->15
[2026-05-13T16:49:40.659+0000][gc,heap     ] GC(4) Humongous regions: 0->0
[2026-05-13T16:49:40.659+0000][gc,metaspace] GC(4) Metaspace: 35705K(36096K)->35705K(36096K) NonClass: 31587K(31808K)->31587K(31808K) Class: 4117K(4288K)->4117K(4288K)
[2026-05-13T16:49:40.659+0000][gc          ] GC(4) Pause Young (Concurrent Start) (Metadata GC Threshold) 24M->15M(1024M) 40.290ms
[2026-05-13T16:49:40.659+0000][gc,cpu      ] GC(4) User=0.04s Sys=0.00s Real=0.04s
[2026-05-13T16:49:40.664+0000][gc          ] GC(5) Concurrent Mark Cycle
[2026-05-13T16:49:40.664+0000][gc,marking  ] GC(5) Concurrent Scan Root Regions
[2026-05-13T16:49:40.676+0000][gc,marking  ] GC(5) Concurrent Scan Root Regions 11.475ms
[2026-05-13T16:49:40.676+0000][gc,marking  ] GC(5) Concurrent Mark
[2026-05-13T16:49:40.676+0000][gc,marking  ] GC(5) Concurrent Mark From Roots
[2026-05-13T16:49:40.676+0000][gc,task     ] GC(5) Using 1 workers of 1 for marking
[2026-05-13T16:49:40.696+0000][gc,marking  ] GC(5) Concurrent Mark From Roots 20.431ms
[2026-05-13T16:49:40.697+0000][gc,marking  ] GC(5) Concurrent Preclean
[2026-05-13T16:49:40.697+0000][gc,marking  ] GC(5) Concurrent Preclean 0.271ms
[2026-05-13T16:49:40.699+0000][gc,start    ] GC(5) Pause Remark
[2026-05-13T16:49:40.712+0000][gc          ] GC(5) Pause Remark 16M->16M(1024M) 13.528ms
[2026-05-13T16:49:40.712+0000][gc,cpu      ] GC(5) User=0.01s Sys=0.00s Real=0.01s
[2026-05-13T16:49:40.713+0000][gc,marking  ] GC(5) Concurrent Mark 37.224ms
[2026-05-13T16:49:40.713+0000][gc,marking  ] GC(5) Concurrent Rebuild Remembered Sets and Scrub Regions
[2026-05-13T16:49:40.732+0000][gc,marking  ] GC(5) Concurrent Rebuild Remembered Sets and Scrub Regions 19.128ms
[2026-05-13T16:49:40.733+0000][gc,start    ] GC(5) Pause Cleanup
[2026-05-13T16:49:40.733+0000][gc          ] GC(5) Pause Cleanup 16M->16M(1024M) 0.243ms
[2026-05-13T16:49:40.733+0000][gc,cpu      ] GC(5) User=0.00s Sys=0.00s Real=0.00s
[2026-05-13T16:49:40.734+0000][gc,marking  ] GC(5) Concurrent Clear Claimed Marks
[2026-05-13T16:49:40.734+0000][gc,marking  ] GC(5) Concurrent Clear Claimed Marks 0.532ms
[2026-05-13T16:49:40.735+0000][gc,marking  ] GC(5) Concurrent Cleanup for Next Mark
[2026-05-13T16:49:40.745+0000][gc,marking  ] GC(5) Concurrent Cleanup for Next Mark 9.695ms
[2026-05-13T16:49:40.745+0000][gc          ] GC(5) Concurrent Mark Cycle 81.540ms
[2026-05-13T16:50:47.405+0000][gc,heap,exit] Heap
[2026-05-13T16:50:47.406+0000][gc,heap,exit]  garbage-first heap   total 1048576K, used 81358K [0x00000000c0000000, 0x0000000100000000)
[2026-05-13T16:50:47.406+0000][gc,heap,exit]   region size 1024K, 65 young (66560K), 1 survivors (1024K)
[2026-05-13T16:50:47.407+0000][gc,heap,exit]  Metaspace       used 42696K, committed 43264K, reserved 1114112K
[2026-05-13T16:50:47.407+0000][gc,heap,exit]   class space    used 4890K, committed 5120K, reserved 1048576K
