[2026-05-13T16:25:57.177+0000][gc,init] CardTable entry size: 512
[2026-05-13T16:25:57.178+0000][gc     ] Using G1
[2026-05-13T16:25:57.231+0000][gc,init] Version: 21.0.10+7-LTS (release)
[2026-05-13T16:25:57.232+0000][gc,init] CPUs: 2 total, 2 available
[2026-05-13T16:25:57.232+0000][gc,init] Memory: 3732M
[2026-05-13T16:25:57.232+0000][gc,init] Large Page Support: Disabled
[2026-05-13T16:25:57.232+0000][gc,init] NUMA Support: Disabled
[2026-05-13T16:25:57.232+0000][gc,init] Compressed Oops: Enabled (32-bit)
[2026-05-13T16:25:57.232+0000][gc,init] Heap Region Size: 1M
[2026-05-13T16:25:57.232+0000][gc,init] Heap Min Capacity: 1G
[2026-05-13T16:25:57.232+0000][gc,init] Heap Initial Capacity: 1G
[2026-05-13T16:25:57.232+0000][gc,init] Heap Max Capacity: 1G
[2026-05-13T16:25:57.232+0000][gc,init] Pre-touch: Disabled
[2026-05-13T16:25:57.232+0000][gc,init] Parallel Workers: 2
[2026-05-13T16:25:57.232+0000][gc,init] Concurrent Workers: 1
[2026-05-13T16:25:57.232+0000][gc,init] Concurrent Refinement Workers: 2
[2026-05-13T16:25:57.232+0000][gc,init] Periodic GC: Disabled
[2026-05-13T16:25:57.812+0000][gc,metaspace] CDS archive(s) mapped at: [0x00007f276c000000-0x00007f276cbad000-0x00007f276cbad000), size 12242944, SharedBaseAddress: 0x00007f276c000000, ArchiveRelocationMode: 1.
[2026-05-13T16:25:57.812+0000][gc,metaspace] Compressed class space mapped at: 0x00007f2770000000-0x00007f27b0000000, reserved size: 1073741824
[2026-05-13T16:25:57.812+0000][gc,metaspace] Narrow klass base: 0x00007f276c000000, Narrow klass shift: 0, Narrow klass range: 0x100000000
[2026-05-13T16:26:03.762+0000][gc,start    ] GC(0) Pause Young (Normal) (G1 Evacuation Pause)
[2026-05-13T16:26:03.762+0000][gc,task     ] GC(0) Using 2 workers of 2 for evacuation
[2026-05-13T16:26:03.811+0000][gc,phases   ] GC(0)   Pre Evacuate Collection Set: 0.31ms
[2026-05-13T16:26:03.812+0000][gc,phases   ] GC(0)   Merge Heap Roots: 0.10ms
[2026-05-13T16:26:03.812+0000][gc,phases   ] GC(0)   Evacuate Collection Set: 42.58ms
[2026-05-13T16:26:03.812+0000][gc,phases   ] GC(0)   Post Evacuate Collection Set: 5.74ms
[2026-05-13T16:26:03.812+0000][gc,phases   ] GC(0)   Other: 0.48ms
[2026-05-13T16:26:03.812+0000][gc,heap     ] GC(0) Eden regions: 51->0(44)
[2026-05-13T16:26:03.812+0000][gc,heap     ] GC(0) Survivor regions: 0->7(7)
[2026-05-13T16:26:03.813+0000][gc,heap     ] GC(0) Old regions: 1->2
[2026-05-13T16:26:03.813+0000][gc,heap     ] GC(0) Humongous regions: 0->0
[2026-05-13T16:26:03.813+0000][gc,metaspace] GC(0) Metaspace: 15490K(15744K)->15490K(15744K) NonClass: 13739K(13888K)->13739K(13888K) Class: 1751K(1856K)->1751K(1856K)
[2026-05-13T16:26:03.813+0000][gc          ] GC(0) Pause Young (Normal) (G1 Evacuation Pause) 51M->8M(1024M) 51.581ms
[2026-05-13T16:26:03.813+0000][gc,cpu      ] GC(0) User=0.02s Sys=0.00s Real=0.05s
[2026-05-13T16:26:05.164+0000][gc,start    ] GC(1) Pause Young (Concurrent Start) (Metadata GC Threshold)
[2026-05-13T16:26:05.165+0000][gc,task     ] GC(1) Using 2 workers of 2 for evacuation
[2026-05-13T16:26:05.196+0000][gc,phases   ] GC(1)   Pre Evacuate Collection Set: 2.07ms
[2026-05-13T16:26:05.196+0000][gc,phases   ] GC(1)   Merge Heap Roots: 1.41ms
[2026-05-13T16:26:05.196+0000][gc,phases   ] GC(1)   Evacuate Collection Set: 25.67ms
[2026-05-13T16:26:05.196+0000][gc,phases   ] GC(1)   Post Evacuate Collection Set: 0.90ms
[2026-05-13T16:26:05.197+0000][gc,phases   ] GC(1)   Other: 1.15ms
[2026-05-13T16:26:05.197+0000][gc,heap     ] GC(1) Eden regions: 17->0(50)
[2026-05-13T16:26:05.197+0000][gc,heap     ] GC(1) Survivor regions: 7->1(7)
[2026-05-13T16:26:05.197+0000][gc,heap     ] GC(1) Old regions: 2->10
[2026-05-13T16:26:05.197+0000][gc,heap     ] GC(1) Humongous regions: 0->0
[2026-05-13T16:26:05.197+0000][gc,metaspace] GC(1) Metaspace: 21280K(21504K)->21280K(21504K) NonClass: 18685K(18816K)->18685K(18816K) Class: 2595K(2688K)->2595K(2688K)
[2026-05-13T16:26:05.198+0000][gc          ] GC(1) Pause Young (Concurrent Start) (Metadata GC Threshold) 25M->10M(1024M) 33.308ms
[2026-05-13T16:26:05.198+0000][gc          ] GC(2) Concurrent Mark Cycle
[2026-05-13T16:26:05.198+0000][gc,marking  ] GC(2) Concurrent Scan Root Regions
[2026-05-13T16:26:05.199+0000][gc,cpu      ] GC(1) User=0.02s Sys=0.01s Real=0.04s
[2026-05-13T16:26:05.218+0000][gc,marking  ] GC(2) Concurrent Scan Root Regions 20.004ms
[2026-05-13T16:26:05.218+0000][gc,marking  ] GC(2) Concurrent Mark
[2026-05-13T16:26:05.219+0000][gc,marking  ] GC(2) Concurrent Mark From Roots
[2026-05-13T16:26:05.219+0000][gc,task     ] GC(2) Using 1 workers of 1 for marking
[2026-05-13T16:26:05.245+0000][gc,marking  ] GC(2) Concurrent Mark From Roots 26.173ms
[2026-05-13T16:26:05.245+0000][gc,marking  ] GC(2) Concurrent Preclean
[2026-05-13T16:26:05.245+0000][gc,marking  ] GC(2) Concurrent Preclean 0.027ms
[2026-05-13T16:26:05.245+0000][gc,start    ] GC(2) Pause Remark
[2026-05-13T16:26:05.252+0000][gc          ] GC(2) Pause Remark 10M->10M(1024M) 6.810ms
[2026-05-13T16:26:05.252+0000][gc,cpu      ] GC(2) User=0.01s Sys=0.00s Real=0.01s
[2026-05-13T16:26:05.253+0000][gc,marking  ] GC(2) Concurrent Mark 34.321ms
[2026-05-13T16:26:05.253+0000][gc,marking  ] GC(2) Concurrent Rebuild Remembered Sets and Scrub Regions
[2026-05-13T16:26:05.285+0000][gc,marking  ] GC(2) Concurrent Rebuild Remembered Sets and Scrub Regions 31.833ms
[2026-05-13T16:26:05.286+0000][gc,start    ] GC(2) Pause Cleanup
[2026-05-13T16:26:05.286+0000][gc          ] GC(2) Pause Cleanup 10M->10M(1024M) 0.219ms
[2026-05-13T16:26:05.286+0000][gc,cpu      ] GC(2) User=0.00s Sys=0.00s Real=0.00s
[2026-05-13T16:26:05.287+0000][gc,marking  ] GC(2) Concurrent Clear Claimed Marks
[2026-05-13T16:26:05.287+0000][gc,marking  ] GC(2) Concurrent Clear Claimed Marks 0.196ms
[2026-05-13T16:26:05.289+0000][gc,marking  ] GC(2) Concurrent Cleanup for Next Mark
[2026-05-13T16:26:05.380+0000][gc,marking  ] GC(2) Concurrent Cleanup for Next Mark 90.897ms
[2026-05-13T16:26:05.382+0000][gc          ] GC(2) Concurrent Mark Cycle 183.582ms
[2026-05-13T16:26:10.443+0000][gc,start    ] GC(3) Pause Young (Normal) (G1 Evacuation Pause)
[2026-05-13T16:26:10.443+0000][gc,task     ] GC(3) Using 2 workers of 2 for evacuation
[2026-05-13T16:26:10.468+0000][gc,phases   ] GC(3)   Pre Evacuate Collection Set: 1.51ms
[2026-05-13T16:26:10.469+0000][gc,phases   ] GC(3)   Merge Heap Roots: 0.08ms
[2026-05-13T16:26:10.469+0000][gc,phases   ] GC(3)   Evacuate Collection Set: 21.78ms
[2026-05-13T16:26:10.469+0000][gc,phases   ] GC(3)   Post Evacuate Collection Set: 1.46ms
[2026-05-13T16:26:10.469+0000][gc,phases   ] GC(3)   Other: 0.26ms
[2026-05-13T16:26:10.469+0000][gc,heap     ] GC(3) Eden regions: 50->0(45)
[2026-05-13T16:26:10.469+0000][gc,heap     ] GC(3) Survivor regions: 1->6(7)
[2026-05-13T16:26:10.470+0000][gc,heap     ] GC(3) Old regions: 10->10
[2026-05-13T16:26:10.470+0000][gc,heap     ] GC(3) Humongous regions: 0->0
[2026-05-13T16:26:10.470+0000][gc,metaspace] GC(3) Metaspace: 34130K(34496K)->34130K(34496K) NonClass: 30186K(30400K)->30186K(30400K) Class: 3943K(4096K)->3943K(4096K)
[2026-05-13T16:26:10.470+0000][gc          ] GC(3) Pause Young (Normal) (G1 Evacuation Pause) 60M->14M(1024M) 27.282ms
[2026-05-13T16:26:10.470+0000][gc,cpu      ] GC(3) User=0.03s Sys=0.00s Real=0.03s
[2026-05-13T16:26:11.113+0000][gc,start    ] GC(4) Pause Young (Concurrent Start) (Metadata GC Threshold)
[2026-05-13T16:26:11.114+0000][gc,task     ] GC(4) Using 2 workers of 2 for evacuation
[2026-05-13T16:26:11.153+0000][gc,phases   ] GC(4)   Pre Evacuate Collection Set: 0.32ms
[2026-05-13T16:26:11.153+0000][gc,phases   ] GC(4)   Merge Heap Roots: 0.08ms
[2026-05-13T16:26:11.154+0000][gc,phases   ] GC(4)   Evacuate Collection Set: 35.93ms
[2026-05-13T16:26:11.154+0000][gc,phases   ] GC(4)   Post Evacuate Collection Set: 1.42ms
[2026-05-13T16:26:11.154+0000][gc,phases   ] GC(4)   Other: 1.85ms
[2026-05-13T16:26:11.154+0000][gc,heap     ] GC(4) Eden regions: 7->0(73)
[2026-05-13T16:26:11.155+0000][gc,heap     ] GC(4) Survivor regions: 6->1(7)
[2026-05-13T16:26:11.155+0000][gc,heap     ] GC(4) Old regions: 10->15
[2026-05-13T16:26:11.156+0000][gc,heap     ] GC(4) Humongous regions: 0->0
[2026-05-13T16:26:11.156+0000][gc,metaspace] GC(4) Metaspace: 35703K(36096K)->35703K(36096K) NonClass: 31589K(31808K)->31589K(31808K) Class: 4114K(4288K)->4114K(4288K)
[2026-05-13T16:26:11.156+0000][gc          ] GC(4) Pause Young (Concurrent Start) (Metadata GC Threshold) 21M->15M(1024M) 42.777ms
[2026-05-13T16:26:11.156+0000][gc,cpu      ] GC(4) User=0.03s Sys=0.00s Real=0.04s
[2026-05-13T16:26:11.156+0000][gc          ] GC(5) Concurrent Mark Cycle
[2026-05-13T16:26:11.157+0000][gc,marking  ] GC(5) Concurrent Scan Root Regions
[2026-05-13T16:26:11.259+0000][gc,marking  ] GC(5) Concurrent Scan Root Regions 101.921ms
[2026-05-13T16:26:11.259+0000][gc,marking  ] GC(5) Concurrent Mark
[2026-05-13T16:26:11.259+0000][gc,marking  ] GC(5) Concurrent Mark From Roots
[2026-05-13T16:26:11.259+0000][gc,task     ] GC(5) Using 1 workers of 1 for marking
[2026-05-13T16:26:11.428+0000][gc,marking  ] GC(5) Concurrent Mark From Roots 168.727ms
[2026-05-13T16:26:11.428+0000][gc,marking  ] GC(5) Concurrent Preclean
[2026-05-13T16:26:11.430+0000][gc,marking  ] GC(5) Concurrent Preclean 1.772ms
[2026-05-13T16:26:11.443+0000][gc,start    ] GC(5) Pause Remark
[2026-05-13T16:26:11.487+0000][gc          ] GC(5) Pause Remark 19M->19M(1024M) 43.572ms
[2026-05-13T16:26:11.487+0000][gc,cpu      ] GC(5) User=0.04s Sys=0.01s Real=0.05s
[2026-05-13T16:26:11.501+0000][gc,marking  ] GC(5) Concurrent Mark 241.668ms
[2026-05-13T16:26:11.501+0000][gc,marking  ] GC(5) Concurrent Rebuild Remembered Sets and Scrub Regions
[2026-05-13T16:26:11.617+0000][gc,marking  ] GC(5) Concurrent Rebuild Remembered Sets and Scrub Regions 116.193ms
[2026-05-13T16:26:11.618+0000][gc,start    ] GC(5) Pause Cleanup
[2026-05-13T16:26:11.618+0000][gc          ] GC(5) Pause Cleanup 19M->19M(1024M) 0.190ms
[2026-05-13T16:26:11.618+0000][gc,cpu      ] GC(5) User=0.00s Sys=0.00s Real=0.00s
[2026-05-13T16:26:11.619+0000][gc,marking  ] GC(5) Concurrent Clear Claimed Marks
[2026-05-13T16:26:11.619+0000][gc,marking  ] GC(5) Concurrent Clear Claimed Marks 0.064ms
[2026-05-13T16:26:11.619+0000][gc,marking  ] GC(5) Concurrent Cleanup for Next Mark
[2026-05-13T16:26:11.634+0000][gc,marking  ] GC(5) Concurrent Cleanup for Next Mark 14.972ms
[2026-05-13T16:26:11.634+0000][gc          ] GC(5) Concurrent Mark Cycle 477.518ms
[2026-05-13T16:27:00.824+0000][gc,start    ] GC(6) Pause Young (Prepare Mixed) (G1 Evacuation Pause)
[2026-05-13T16:27:00.824+0000][gc,task     ] GC(6) Using 2 workers of 2 for evacuation
[2026-05-13T16:27:00.851+0000][gc,phases   ] GC(6)   Pre Evacuate Collection Set: 1.39ms
[2026-05-13T16:27:00.851+0000][gc,phases   ] GC(6)   Merge Heap Roots: 0.09ms
[2026-05-13T16:27:00.851+0000][gc,phases   ] GC(6)   Evacuate Collection Set: 20.90ms
[2026-05-13T16:27:00.851+0000][gc,phases   ] GC(6)   Post Evacuate Collection Set: 4.57ms
[2026-05-13T16:27:00.851+0000][gc,phases   ] GC(6)   Other: 0.11ms
[2026-05-13T16:27:00.851+0000][gc,heap     ] GC(6) Eden regions: 60->0(43)
[2026-05-13T16:27:00.851+0000][gc,heap     ] GC(6) Survivor regions: 1->8(8)
[2026-05-13T16:27:00.851+0000][gc,heap     ] GC(6) Old regions: 15->17
[2026-05-13T16:27:00.851+0000][gc,heap     ] GC(6) Humongous regions: 129->129
[2026-05-13T16:27:00.851+0000][gc,metaspace] GC(6) Metaspace: 44777K(45632K)->44777K(45632K) NonClass: 39510K(40000K)->39510K(40000K) Class: 5266K(5632K)->5266K(5632K)
[2026-05-13T16:27:00.851+0000][gc          ] GC(6) Pause Young (Prepare Mixed) (G1 Evacuation Pause) 204M->153M(1024M) 27.474ms
[2026-05-13T16:27:00.851+0000][gc,cpu      ] GC(6) User=0.03s Sys=0.01s Real=0.03s
[2026-05-13T16:27:46.346+0000][gc,start    ] GC(7) Pause Young (Mixed) (G1 Evacuation Pause)
[2026-05-13T16:27:46.361+0000][gc,task     ] GC(7) Using 2 workers of 2 for evacuation
[2026-05-13T16:27:46.566+0000][gc,mmu      ] GC(7) MMU target violated: 201.0ms (200.0ms/201.0ms)
[2026-05-13T16:27:46.566+0000][gc,phases   ] GC(7)   Pre Evacuate Collection Set: 0.60ms
[2026-05-13T16:27:46.566+0000][gc,phases   ] GC(7)   Merge Heap Roots: 0.18ms
[2026-05-13T16:27:46.566+0000][gc,phases   ] GC(7)   Evacuate Collection Set: 200.47ms
[2026-05-13T16:27:46.566+0000][gc,phases   ] GC(7)   Post Evacuate Collection Set: 2.74ms
[2026-05-13T16:27:46.566+0000][gc,phases   ] GC(7)   Other: 0.36ms
[2026-05-13T16:27:46.566+0000][gc,heap     ] GC(7) Eden regions: 43->0(67)
[2026-05-13T16:27:46.566+0000][gc,heap     ] GC(7) Survivor regions: 8->3(7)
[2026-05-13T16:27:46.566+0000][gc,heap     ] GC(7) Old regions: 17->25
[2026-05-13T16:27:46.566+0000][gc,heap     ] GC(7) Humongous regions: 130->130
[2026-05-13T16:27:46.566+0000][gc,metaspace] GC(7) Metaspace: 48720K(49856K)->48720K(49856K) NonClass: 42919K(43520K)->42919K(43520K) Class: 5801K(6336K)->5801K(6336K)
[2026-05-13T16:27:46.566+0000][gc          ] GC(7) Pause Young (Mixed) (G1 Evacuation Pause) 197M->157M(1024M) 220.221ms
[2026-05-13T16:27:46.566+0000][gc,cpu      ] GC(7) User=0.09s Sys=0.01s Real=0.22s
[2026-05-13T16:30:15.968+0000][gc,start    ] GC(8) Pause Young (Normal) (G1 Evacuation Pause)
[2026-05-13T16:30:15.983+0000][gc,task     ] GC(8) Using 2 workers of 2 for evacuation
[2026-05-13T16:30:16.012+0000][gc,phases   ] GC(8)   Pre Evacuate Collection Set: 1.02ms
[2026-05-13T16:30:16.013+0000][gc,phases   ] GC(8)   Merge Heap Roots: 0.26ms
[2026-05-13T16:30:16.013+0000][gc,phases   ] GC(8)   Evacuate Collection Set: 25.55ms
[2026-05-13T16:30:16.013+0000][gc,phases   ] GC(8)   Post Evacuate Collection Set: 1.37ms
[2026-05-13T16:30:16.014+0000][gc,phases   ] GC(8)   Other: 0.26ms
[2026-05-13T16:30:16.014+0000][gc,heap     ] GC(8) Eden regions: 64->0(396)
[2026-05-13T16:30:16.014+0000][gc,heap     ] GC(8) Survivor regions: 3->7(9)
[2026-05-13T16:30:16.014+0000][gc,heap     ] GC(8) Old regions: 25->25
[2026-05-13T16:30:16.014+0000][gc,heap     ] GC(8) Humongous regions: 130->130
[2026-05-13T16:30:16.014+0000][gc,metaspace] GC(8) Metaspace: 49810K(50944K)->49810K(50944K) NonClass: 44002K(44608K)->44002K(44608K) Class: 5808K(6336K)->5808K(6336K)
[2026-05-13T16:30:16.014+0000][gc          ] GC(8) Pause Young (Normal) (G1 Evacuation Pause) 221M->161M(1024M) 46.044ms
[2026-05-13T16:30:16.014+0000][gc,cpu      ] GC(8) User=0.02s Sys=0.00s Real=0.04s
[2026-05-13T16:31:08.547+0000][gc,heap,exit] Heap
[2026-05-13T16:31:08.547+0000][gc,heap,exit]  garbage-first heap   total 1048576K, used 206099K [0x00000000c0000000, 0x0000000100000000)
[2026-05-13T16:31:08.547+0000][gc,heap,exit]   region size 1024K, 47 young (48128K), 7 survivors (7168K)
[2026-05-13T16:31:08.548+0000][gc,heap,exit]  Metaspace       used 51266K, committed 52416K, reserved 1114112K
[2026-05-13T16:31:08.548+0000][gc,heap,exit]   class space    used 6074K, committed 6592K, reserved 1048576K
