[2026-05-19T16:30:05.589+0000][gc,init] CardTable entry size: 512
[2026-05-19T16:30:05.599+0000][gc     ] Using G1
[2026-05-19T16:30:05.623+0000][gc,init] Version: 21.0.10+7-LTS (release)
[2026-05-19T16:30:05.624+0000][gc,init] CPUs: 2 total, 2 available
[2026-05-19T16:30:05.624+0000][gc,init] Memory: 3732M
[2026-05-19T16:30:05.624+0000][gc,init] Large Page Support: Disabled
[2026-05-19T16:30:05.624+0000][gc,init] NUMA Support: Disabled
[2026-05-19T16:30:05.624+0000][gc,init] Compressed Oops: Enabled (32-bit)
[2026-05-19T16:30:05.625+0000][gc,init] Heap Region Size: 1M
[2026-05-19T16:30:05.625+0000][gc,init] Heap Min Capacity: 1G
[2026-05-19T16:30:05.625+0000][gc,init] Heap Initial Capacity: 1G
[2026-05-19T16:30:05.625+0000][gc,init] Heap Max Capacity: 1G
[2026-05-19T16:30:05.625+0000][gc,init] Pre-touch: Disabled
[2026-05-19T16:30:05.625+0000][gc,init] Parallel Workers: 2
[2026-05-19T16:30:05.626+0000][gc,init] Concurrent Workers: 1
[2026-05-19T16:30:05.626+0000][gc,init] Concurrent Refinement Workers: 2
[2026-05-19T16:30:05.626+0000][gc,init] Periodic GC: Disabled
[2026-05-19T16:30:06.194+0000][gc,metaspace] CDS archive(s) mapped at: [0x00007f0255000000-0x00007f0255bad000-0x00007f0255bad000), size 12242944, SharedBaseAddress: 0x00007f0255000000, ArchiveRelocationMode: 1.
[2026-05-19T16:30:06.194+0000][gc,metaspace] Compressed class space mapped at: 0x00007f0259000000-0x00007f0299000000, reserved size: 1073741824
[2026-05-19T16:30:06.194+0000][gc,metaspace] Narrow klass base: 0x00007f0255000000, Narrow klass shift: 0, Narrow klass range: 0x100000000
[2026-05-19T16:30:13.894+0000][gc,start    ] GC(0) Pause Young (Normal) (G1 Evacuation Pause)
[2026-05-19T16:30:13.894+0000][gc,task     ] GC(0) Using 2 workers of 2 for evacuation
[2026-05-19T16:30:13.917+0000][gc,phases   ] GC(0)   Pre Evacuate Collection Set: 0.28ms
[2026-05-19T16:30:13.917+0000][gc,phases   ] GC(0)   Merge Heap Roots: 0.08ms
[2026-05-19T16:30:13.917+0000][gc,phases   ] GC(0)   Evacuate Collection Set: 20.92ms
[2026-05-19T16:30:13.917+0000][gc,phases   ] GC(0)   Post Evacuate Collection Set: 1.26ms
[2026-05-19T16:30:13.917+0000][gc,phases   ] GC(0)   Other: 0.26ms
[2026-05-19T16:30:13.918+0000][gc,heap     ] GC(0) Eden regions: 51->0(44)
[2026-05-19T16:30:13.918+0000][gc,heap     ] GC(0) Survivor regions: 0->7(7)
[2026-05-19T16:30:13.918+0000][gc,heap     ] GC(0) Old regions: 1->2
[2026-05-19T16:30:13.918+0000][gc,heap     ] GC(0) Humongous regions: 0->0
[2026-05-19T16:30:13.918+0000][gc,metaspace] GC(0) Metaspace: 15484K(15680K)->15484K(15680K) NonClass: 13727K(13824K)->13727K(13824K) Class: 1756K(1856K)->1756K(1856K)
[2026-05-19T16:30:13.918+0000][gc          ] GC(0) Pause Young (Normal) (G1 Evacuation Pause) 51M->8M(1024M) 24.517ms
[2026-05-19T16:30:13.918+0000][gc,cpu      ] GC(0) User=0.02s Sys=0.00s Real=0.02s
[2026-05-19T16:30:15.377+0000][gc,start    ] GC(1) Pause Young (Concurrent Start) (Metadata GC Threshold)
[2026-05-19T16:30:15.378+0000][gc,task     ] GC(1) Using 2 workers of 2 for evacuation
[2026-05-19T16:30:15.403+0000][gc,phases   ] GC(1)   Pre Evacuate Collection Set: 0.41ms
[2026-05-19T16:30:15.404+0000][gc,phases   ] GC(1)   Merge Heap Roots: 0.07ms
[2026-05-19T16:30:15.404+0000][gc,phases   ] GC(1)   Evacuate Collection Set: 22.48ms
[2026-05-19T16:30:15.404+0000][gc,phases   ] GC(1)   Post Evacuate Collection Set: 1.78ms
[2026-05-19T16:30:15.404+0000][gc,phases   ] GC(1)   Other: 0.61ms
[2026-05-19T16:30:15.404+0000][gc,heap     ] GC(1) Eden regions: 17->0(50)
[2026-05-19T16:30:15.404+0000][gc,heap     ] GC(1) Survivor regions: 7->1(7)
[2026-05-19T16:30:15.405+0000][gc,heap     ] GC(1) Old regions: 2->10
[2026-05-19T16:30:15.405+0000][gc,heap     ] GC(1) Humongous regions: 0->0
[2026-05-19T16:30:15.405+0000][gc,metaspace] GC(1) Metaspace: 21276K(21504K)->21276K(21504K) NonClass: 18680K(18816K)->18680K(18816K) Class: 2595K(2688K)->2595K(2688K)
[2026-05-19T16:30:15.405+0000][gc          ] GC(1) Pause Young (Concurrent Start) (Metadata GC Threshold) 25M->10M(1024M) 27.945ms
[2026-05-19T16:30:15.406+0000][gc,cpu      ] GC(1) User=0.02s Sys=0.01s Real=0.03s
[2026-05-19T16:30:15.409+0000][gc          ] GC(2) Concurrent Mark Cycle
[2026-05-19T16:30:15.409+0000][gc,marking  ] GC(2) Concurrent Scan Root Regions
[2026-05-19T16:30:15.416+0000][gc,marking  ] GC(2) Concurrent Scan Root Regions 6.413ms
[2026-05-19T16:30:15.416+0000][gc,marking  ] GC(2) Concurrent Mark
[2026-05-19T16:30:15.416+0000][gc,marking  ] GC(2) Concurrent Mark From Roots
[2026-05-19T16:30:15.416+0000][gc,task     ] GC(2) Using 1 workers of 1 for marking
[2026-05-19T16:30:15.420+0000][gc,marking  ] GC(2) Concurrent Mark From Roots 4.198ms
[2026-05-19T16:30:15.420+0000][gc,marking  ] GC(2) Concurrent Preclean
[2026-05-19T16:30:15.420+0000][gc,marking  ] GC(2) Concurrent Preclean 0.017ms
[2026-05-19T16:30:15.420+0000][gc,start    ] GC(2) Pause Remark
[2026-05-19T16:30:15.427+0000][gc          ] GC(2) Pause Remark 10M->10M(1024M) 6.312ms
[2026-05-19T16:30:15.427+0000][gc,cpu      ] GC(2) User=0.00s Sys=0.00s Real=0.00s
[2026-05-19T16:30:15.427+0000][gc,marking  ] GC(2) Concurrent Mark 10.844ms
[2026-05-19T16:30:15.427+0000][gc,marking  ] GC(2) Concurrent Rebuild Remembered Sets and Scrub Regions
[2026-05-19T16:30:15.433+0000][gc,marking  ] GC(2) Concurrent Rebuild Remembered Sets and Scrub Regions 6.494ms
[2026-05-19T16:30:15.437+0000][gc,start    ] GC(2) Pause Cleanup
[2026-05-19T16:30:15.437+0000][gc          ] GC(2) Pause Cleanup 10M->10M(1024M) 0.309ms
[2026-05-19T16:30:15.437+0000][gc,cpu      ] GC(2) User=0.00s Sys=0.00s Real=0.00s
[2026-05-19T16:30:15.437+0000][gc,marking  ] GC(2) Concurrent Clear Claimed Marks
[2026-05-19T16:30:15.437+0000][gc,marking  ] GC(2) Concurrent Clear Claimed Marks 0.033ms
[2026-05-19T16:30:15.437+0000][gc,marking  ] GC(2) Concurrent Cleanup for Next Mark
[2026-05-19T16:30:15.475+0000][gc,marking  ] GC(2) Concurrent Cleanup for Next Mark 38.164ms
[2026-05-19T16:30:15.475+0000][gc          ] GC(2) Concurrent Mark Cycle 66.028ms
[2026-05-19T16:30:21.903+0000][gc,start    ] GC(3) Pause Young (Normal) (G1 Evacuation Pause)
[2026-05-19T16:30:21.904+0000][gc,task     ] GC(3) Using 2 workers of 2 for evacuation
[2026-05-19T16:30:21.944+0000][gc,phases   ] GC(3)   Pre Evacuate Collection Set: 0.33ms
[2026-05-19T16:30:21.944+0000][gc,phases   ] GC(3)   Merge Heap Roots: 0.09ms
[2026-05-19T16:30:21.944+0000][gc,phases   ] GC(3)   Evacuate Collection Set: 35.15ms
[2026-05-19T16:30:21.944+0000][gc,phases   ] GC(3)   Post Evacuate Collection Set: 4.21ms
[2026-05-19T16:30:21.944+0000][gc,phases   ] GC(3)   Other: 0.24ms
[2026-05-19T16:30:21.945+0000][gc,heap     ] GC(3) Eden regions: 50->0(45)
[2026-05-19T16:30:21.945+0000][gc,heap     ] GC(3) Survivor regions: 1->6(7)
[2026-05-19T16:30:21.945+0000][gc,heap     ] GC(3) Old regions: 10->10
[2026-05-19T16:30:21.945+0000][gc,heap     ] GC(3) Humongous regions: 0->0
[2026-05-19T16:30:21.945+0000][gc,metaspace] GC(3) Metaspace: 32452K(32832K)->32452K(32832K) NonClass: 28710K(28928K)->28710K(28928K) Class: 3741K(3904K)->3741K(3904K)
[2026-05-19T16:30:21.945+0000][gc          ] GC(3) Pause Young (Normal) (G1 Evacuation Pause) 60M->14M(1024M) 42.132ms
[2026-05-19T16:30:21.946+0000][gc,cpu      ] GC(3) User=0.03s Sys=0.00s Real=0.04s
[2026-05-19T16:30:23.553+0000][gc,start    ] GC(4) Pause Young (Concurrent Start) (Metadata GC Threshold)
[2026-05-19T16:30:23.553+0000][gc,task     ] GC(4) Using 2 workers of 2 for evacuation
[2026-05-19T16:30:23.576+0000][gc,phases   ] GC(4)   Pre Evacuate Collection Set: 0.27ms
[2026-05-19T16:30:23.576+0000][gc,phases   ] GC(4)   Merge Heap Roots: 0.06ms
[2026-05-19T16:30:23.576+0000][gc,phases   ] GC(4)   Evacuate Collection Set: 20.88ms
[2026-05-19T16:30:23.577+0000][gc,phases   ] GC(4)   Post Evacuate Collection Set: 1.25ms
[2026-05-19T16:30:23.577+0000][gc,phases   ] GC(4)   Other: 0.36ms
[2026-05-19T16:30:23.577+0000][gc,heap     ] GC(4) Eden regions: 17->0(70)
[2026-05-19T16:30:23.577+0000][gc,heap     ] GC(4) Survivor regions: 6->2(7)
[2026-05-19T16:30:23.577+0000][gc,heap     ] GC(4) Old regions: 10->15
[2026-05-19T16:30:23.577+0000][gc,heap     ] GC(4) Humongous regions: 0->0
[2026-05-19T16:30:23.578+0000][gc,metaspace] GC(4) Metaspace: 35517K(35968K)->35517K(35968K) NonClass: 31400K(31680K)->31400K(31680K) Class: 4117K(4288K)->4117K(4288K)
[2026-05-19T16:30:23.578+0000][gc          ] GC(4) Pause Young (Concurrent Start) (Metadata GC Threshold) 30M->15M(1024M) 24.914ms
[2026-05-19T16:30:23.578+0000][gc          ] GC(5) Concurrent Mark Cycle
[2026-05-19T16:30:23.578+0000][gc,marking  ] GC(5) Concurrent Scan Root Regions
[2026-05-19T16:30:23.580+0000][gc,cpu      ] GC(4) User=0.02s Sys=0.00s Real=0.03s
[2026-05-19T16:30:23.618+0000][gc,marking  ] GC(5) Concurrent Scan Root Regions 39.517ms
[2026-05-19T16:30:23.618+0000][gc,marking  ] GC(5) Concurrent Mark
[2026-05-19T16:30:23.618+0000][gc,marking  ] GC(5) Concurrent Mark From Roots
[2026-05-19T16:30:23.618+0000][gc,task     ] GC(5) Using 1 workers of 1 for marking
[2026-05-19T16:30:23.701+0000][gc,marking  ] GC(5) Concurrent Mark From Roots 83.378ms
[2026-05-19T16:30:23.702+0000][gc,marking  ] GC(5) Concurrent Preclean
[2026-05-19T16:30:23.703+0000][gc,marking  ] GC(5) Concurrent Preclean 0.293ms
[2026-05-19T16:30:23.710+0000][gc,start    ] GC(5) Pause Remark
[2026-05-19T16:30:23.763+0000][gc          ] GC(5) Pause Remark 17M->17M(1024M) 53.012ms
[2026-05-19T16:30:23.764+0000][gc,cpu      ] GC(5) User=0.01s Sys=0.00s Real=0.05s
[2026-05-19T16:30:23.764+0000][gc,marking  ] GC(5) Concurrent Mark 146.452ms
[2026-05-19T16:30:23.764+0000][gc,marking  ] GC(5) Concurrent Rebuild Remembered Sets and Scrub Regions
[2026-05-19T16:30:23.896+0000][gc,marking  ] GC(5) Concurrent Rebuild Remembered Sets and Scrub Regions 131.328ms
[2026-05-19T16:30:23.901+0000][gc,start    ] GC(5) Pause Cleanup
[2026-05-19T16:30:23.901+0000][gc          ] GC(5) Pause Cleanup 18M->18M(1024M) 0.557ms
[2026-05-19T16:30:23.902+0000][gc,cpu      ] GC(5) User=0.00s Sys=0.00s Real=0.00s
[2026-05-19T16:30:23.904+0000][gc,marking  ] GC(5) Concurrent Clear Claimed Marks
[2026-05-19T16:30:23.905+0000][gc,marking  ] GC(5) Concurrent Clear Claimed Marks 0.320ms
[2026-05-19T16:30:23.905+0000][gc,marking  ] GC(5) Concurrent Cleanup for Next Mark
[2026-05-19T16:30:23.929+0000][gc,marking  ] GC(5) Concurrent Cleanup for Next Mark 23.897ms
[2026-05-19T16:30:23.929+0000][gc          ] GC(5) Concurrent Mark Cycle 350.948ms
[2026-05-19T16:30:29.681+0000][gc,start    ] GC(6) Pause Young (Normal) (G1 Evacuation Pause)
[2026-05-19T16:30:29.682+0000][gc,task     ] GC(6) Using 2 workers of 2 for evacuation
[2026-05-19T16:30:29.798+0000][gc,phases   ] GC(6)   Pre Evacuate Collection Set: 6.86ms
[2026-05-19T16:30:29.798+0000][gc,phases   ] GC(6)   Merge Heap Roots: 0.16ms
[2026-05-19T16:30:29.798+0000][gc,phases   ] GC(6)   Evacuate Collection Set: 104.26ms
[2026-05-19T16:30:29.798+0000][gc,phases   ] GC(6)   Post Evacuate Collection Set: 4.64ms
[2026-05-19T16:30:29.798+0000][gc,phases   ] GC(6)   Other: 0.44ms
[2026-05-19T16:30:29.798+0000][gc,heap     ] GC(6) Eden regions: 61->0(43)
[2026-05-19T16:30:29.798+0000][gc,heap     ] GC(6) Survivor regions: 2->8(8)
[2026-05-19T16:30:29.799+0000][gc,heap     ] GC(6) Old regions: 15->16
[2026-05-19T16:30:29.799+0000][gc,heap     ] GC(6) Humongous regions: 9->9
[2026-05-19T16:30:29.799+0000][gc,metaspace] GC(6) Metaspace: 43988K(44928K)->43988K(44928K) NonClass: 38818K(39360K)->38818K(39360K) Class: 5169K(5568K)->5169K(5568K)
[2026-05-19T16:30:29.799+0000][gc          ] GC(6) Pause Young (Normal) (G1 Evacuation Pause) 85M->32M(1024M) 117.128ms
[2026-05-19T16:30:29.799+0000][gc,cpu      ] GC(6) User=0.05s Sys=0.00s Real=0.11s
[2026-05-19T16:30:56.678+0000][gc,start    ] GC(7) Pause Young (Normal) (G1 Evacuation Pause)
[2026-05-19T16:30:56.678+0000][gc,task     ] GC(7) Using 2 workers of 2 for evacuation
[2026-05-19T16:30:56.719+0000][gc,phases   ] GC(7)   Pre Evacuate Collection Set: 1.01ms
[2026-05-19T16:30:56.720+0000][gc,phases   ] GC(7)   Merge Heap Roots: 0.10ms
[2026-05-19T16:30:56.720+0000][gc,phases   ] GC(7)   Evacuate Collection Set: 38.48ms
[2026-05-19T16:30:56.720+0000][gc,phases   ] GC(7)   Post Evacuate Collection Set: 1.79ms
[2026-05-19T16:30:56.720+0000][gc,phases   ] GC(7)   Other: 0.16ms
[2026-05-19T16:30:56.720+0000][gc,heap     ] GC(7) Eden regions: 43->0(115)
[2026-05-19T16:30:56.720+0000][gc,heap     ] GC(7) Survivor regions: 8->4(7)
[2026-05-19T16:30:56.720+0000][gc,heap     ] GC(7) Old regions: 16->24
[2026-05-19T16:30:56.720+0000][gc,heap     ] GC(7) Humongous regions: 147->147
[2026-05-19T16:30:56.720+0000][gc,metaspace] GC(7) Metaspace: 48109K(49216K)->48109K(49216K) NonClass: 42420K(43008K)->42420K(43008K) Class: 5689K(6208K)->5689K(6208K)
[2026-05-19T16:30:56.720+0000][gc          ] GC(7) Pause Young (Normal) (G1 Evacuation Pause) 213M->173M(1024M) 42.187ms
[2026-05-19T16:30:56.720+0000][gc,cpu      ] GC(7) User=0.03s Sys=0.01s Real=0.05s
[2026-05-19T16:34:17.823+0000][gc,heap,exit] Heap
[2026-05-19T16:34:17.845+0000][gc,heap,exit]  garbage-first heap   total 1048576K, used 269074K [0x00000000c0000000, 0x0000000100000000)
[2026-05-19T16:34:17.845+0000][gc,heap,exit]   region size 1024K, 93 young (95232K), 4 survivors (4096K)
[2026-05-19T16:34:17.845+0000][gc,heap,exit]  Metaspace       used 50273K, committed 51392K, reserved 1114112K
[2026-05-19T16:34:17.845+0000][gc,heap,exit]   class space    used 5963K, committed 6464K, reserved 1048576K
