[2026-05-18T16:33:06.096+0000][gc,init] CardTable entry size: 512
[2026-05-18T16:33:06.096+0000][gc     ] Using G1
[2026-05-18T16:33:06.124+0000][gc,init] Version: 21.0.10+7-LTS (release)
[2026-05-18T16:33:06.125+0000][gc,init] CPUs: 2 total, 2 available
[2026-05-18T16:33:06.125+0000][gc,init] Memory: 3732M
[2026-05-18T16:33:06.125+0000][gc,init] Large Page Support: Disabled
[2026-05-18T16:33:06.125+0000][gc,init] NUMA Support: Disabled
[2026-05-18T16:33:06.125+0000][gc,init] Compressed Oops: Enabled (32-bit)
[2026-05-18T16:33:06.125+0000][gc,init] Heap Region Size: 1M
[2026-05-18T16:33:06.126+0000][gc,init] Heap Min Capacity: 1G
[2026-05-18T16:33:06.126+0000][gc,init] Heap Initial Capacity: 1G
[2026-05-18T16:33:06.126+0000][gc,init] Heap Max Capacity: 1G
[2026-05-18T16:33:06.126+0000][gc,init] Pre-touch: Disabled
[2026-05-18T16:33:06.126+0000][gc,init] Parallel Workers: 2
[2026-05-18T16:33:06.127+0000][gc,init] Concurrent Workers: 1
[2026-05-18T16:33:06.127+0000][gc,init] Concurrent Refinement Workers: 2
[2026-05-18T16:33:06.127+0000][gc,init] Periodic GC: Disabled
[2026-05-18T16:33:07.016+0000][gc,metaspace] CDS archive(s) mapped at: [0x00007f8742000000-0x00007f8742bad000-0x00007f8742bad000), size 12242944, SharedBaseAddress: 0x00007f8742000000, ArchiveRelocationMode: 1.
[2026-05-18T16:33:07.018+0000][gc,metaspace] Compressed class space mapped at: 0x00007f8746000000-0x00007f8786000000, reserved size: 1073741824
[2026-05-18T16:33:07.018+0000][gc,metaspace] Narrow klass base: 0x00007f8742000000, Narrow klass shift: 0, Narrow klass range: 0x100000000
[2026-05-18T16:33:15.442+0000][gc,start    ] GC(0) Pause Young (Normal) (G1 Evacuation Pause)
[2026-05-18T16:33:15.443+0000][gc,task     ] GC(0) Using 2 workers of 2 for evacuation
[2026-05-18T16:33:15.587+0000][gc,phases   ] GC(0)   Pre Evacuate Collection Set: 0.25ms
[2026-05-18T16:33:15.588+0000][gc,phases   ] GC(0)   Merge Heap Roots: 0.10ms
[2026-05-18T16:33:15.588+0000][gc,phases   ] GC(0)   Evacuate Collection Set: 133.99ms
[2026-05-18T16:33:15.588+0000][gc,phases   ] GC(0)   Post Evacuate Collection Set: 9.79ms
[2026-05-18T16:33:15.588+0000][gc,phases   ] GC(0)   Other: 0.46ms
[2026-05-18T16:33:15.588+0000][gc,heap     ] GC(0) Eden regions: 51->0(44)
[2026-05-18T16:33:15.588+0000][gc,heap     ] GC(0) Survivor regions: 0->7(7)
[2026-05-18T16:33:15.588+0000][gc,heap     ] GC(0) Old regions: 1->2
[2026-05-18T16:33:15.588+0000][gc,heap     ] GC(0) Humongous regions: 0->0
[2026-05-18T16:33:15.588+0000][gc,metaspace] GC(0) Metaspace: 15402K(15680K)->15402K(15680K) NonClass: 13653K(13824K)->13653K(13824K) Class: 1749K(1856K)->1749K(1856K)
[2026-05-18T16:33:15.589+0000][gc          ] GC(0) Pause Young (Normal) (G1 Evacuation Pause) 51M->8M(1024M) 145.904ms
[2026-05-18T16:33:15.590+0000][gc,cpu      ] GC(0) User=0.02s Sys=0.00s Real=0.14s
[2026-05-18T16:33:18.238+0000][gc,start    ] GC(1) Pause Young (Concurrent Start) (Metadata GC Threshold)
[2026-05-18T16:33:18.239+0000][gc,task     ] GC(1) Using 2 workers of 2 for evacuation
[2026-05-18T16:33:18.263+0000][gc,phases   ] GC(1)   Pre Evacuate Collection Set: 0.29ms
[2026-05-18T16:33:18.263+0000][gc,phases   ] GC(1)   Merge Heap Roots: 0.05ms
[2026-05-18T16:33:18.263+0000][gc,phases   ] GC(1)   Evacuate Collection Set: 22.16ms
[2026-05-18T16:33:18.263+0000][gc,phases   ] GC(1)   Post Evacuate Collection Set: 1.18ms
[2026-05-18T16:33:18.263+0000][gc,phases   ] GC(1)   Other: 0.37ms
[2026-05-18T16:33:18.264+0000][gc,heap     ] GC(1) Eden regions: 17->0(50)
[2026-05-18T16:33:18.264+0000][gc,heap     ] GC(1) Survivor regions: 7->1(7)
[2026-05-18T16:33:18.265+0000][gc,heap     ] GC(1) Old regions: 2->9
[2026-05-18T16:33:18.265+0000][gc,heap     ] GC(1) Humongous regions: 0->0
[2026-05-18T16:33:18.265+0000][gc,metaspace] GC(1) Metaspace: 21297K(21504K)->21297K(21504K) NonClass: 18694K(18816K)->18694K(18816K) Class: 2602K(2688K)->2602K(2688K)
[2026-05-18T16:33:18.265+0000][gc          ] GC(1) Pause Young (Concurrent Start) (Metadata GC Threshold) 25M->9M(1024M) 26.955ms
[2026-05-18T16:33:18.265+0000][gc          ] GC(2) Concurrent Mark Cycle
[2026-05-18T16:33:18.266+0000][gc,cpu      ] GC(1) User=0.02s Sys=0.00s Real=0.03s
[2026-05-18T16:33:18.266+0000][gc,marking  ] GC(2) Concurrent Scan Root Regions
[2026-05-18T16:33:18.282+0000][gc,marking  ] GC(2) Concurrent Scan Root Regions 15.905ms
[2026-05-18T16:33:18.282+0000][gc,marking  ] GC(2) Concurrent Mark
[2026-05-18T16:33:18.282+0000][gc,marking  ] GC(2) Concurrent Mark From Roots
[2026-05-18T16:33:18.282+0000][gc,task     ] GC(2) Using 1 workers of 1 for marking
[2026-05-18T16:33:18.311+0000][gc,marking  ] GC(2) Concurrent Mark From Roots 29.114ms
[2026-05-18T16:33:18.312+0000][gc,marking  ] GC(2) Concurrent Preclean
[2026-05-18T16:33:18.312+0000][gc,marking  ] GC(2) Concurrent Preclean 0.174ms
[2026-05-18T16:33:18.312+0000][gc,start    ] GC(2) Pause Remark
[2026-05-18T16:33:18.319+0000][gc          ] GC(2) Pause Remark 10M->10M(1024M) 6.393ms
[2026-05-18T16:33:18.319+0000][gc,cpu      ] GC(2) User=0.01s Sys=0.00s Real=0.00s
[2026-05-18T16:33:18.321+0000][gc,marking  ] GC(2) Concurrent Mark 39.134ms
[2026-05-18T16:33:18.321+0000][gc,marking  ] GC(2) Concurrent Rebuild Remembered Sets and Scrub Regions
[2026-05-18T16:33:18.326+0000][gc,marking  ] GC(2) Concurrent Rebuild Remembered Sets and Scrub Regions 4.418ms
[2026-05-18T16:33:18.326+0000][gc,start    ] GC(2) Pause Cleanup
[2026-05-18T16:33:18.326+0000][gc          ] GC(2) Pause Cleanup 10M->10M(1024M) 0.202ms
[2026-05-18T16:33:18.327+0000][gc,cpu      ] GC(2) User=0.00s Sys=0.00s Real=0.00s
[2026-05-18T16:33:18.327+0000][gc,marking  ] GC(2) Concurrent Clear Claimed Marks
[2026-05-18T16:33:18.327+0000][gc,marking  ] GC(2) Concurrent Clear Claimed Marks 0.181ms
[2026-05-18T16:33:18.327+0000][gc,marking  ] GC(2) Concurrent Cleanup for Next Mark
[2026-05-18T16:33:18.377+0000][gc,marking  ] GC(2) Concurrent Cleanup for Next Mark 49.530ms
[2026-05-18T16:33:18.377+0000][gc          ] GC(2) Concurrent Mark Cycle 111.586ms
[2026-05-18T16:33:26.050+0000][gc,start    ] GC(3) Pause Young (Normal) (G1 Evacuation Pause)
[2026-05-18T16:33:26.051+0000][gc,task     ] GC(3) Using 2 workers of 2 for evacuation
[2026-05-18T16:33:26.154+0000][gc,phases   ] GC(3)   Pre Evacuate Collection Set: 2.62ms
[2026-05-18T16:33:26.154+0000][gc,phases   ] GC(3)   Merge Heap Roots: 0.52ms
[2026-05-18T16:33:26.154+0000][gc,phases   ] GC(3)   Evacuate Collection Set: 97.51ms
[2026-05-18T16:33:26.154+0000][gc,phases   ] GC(3)   Post Evacuate Collection Set: 2.97ms
[2026-05-18T16:33:26.154+0000][gc,phases   ] GC(3)   Other: 0.13ms
[2026-05-18T16:33:26.154+0000][gc,heap     ] GC(3) Eden regions: 50->0(45)
[2026-05-18T16:33:26.154+0000][gc,heap     ] GC(3) Survivor regions: 1->6(7)
[2026-05-18T16:33:26.154+0000][gc,heap     ] GC(3) Old regions: 9->9
[2026-05-18T16:33:26.154+0000][gc,heap     ] GC(3) Humongous regions: 0->0
[2026-05-18T16:33:26.154+0000][gc,metaspace] GC(3) Metaspace: 32415K(32832K)->32415K(32832K) NonClass: 28670K(28928K)->28670K(28928K) Class: 3744K(3904K)->3744K(3904K)
[2026-05-18T16:33:26.154+0000][gc          ] GC(3) Pause Young (Normal) (G1 Evacuation Pause) 59M->14M(1024M) 104.252ms
[2026-05-18T16:33:26.155+0000][gc,cpu      ] GC(3) User=0.06s Sys=0.00s Real=0.10s
[2026-05-18T16:33:29.450+0000][gc,start    ] GC(4) Pause Young (Concurrent Start) (Metadata GC Threshold)
[2026-05-18T16:33:29.450+0000][gc,task     ] GC(4) Using 2 workers of 2 for evacuation
[2026-05-18T16:33:29.508+0000][gc,phases   ] GC(4)   Pre Evacuate Collection Set: 0.28ms
[2026-05-18T16:33:29.508+0000][gc,phases   ] GC(4)   Merge Heap Roots: 0.05ms
[2026-05-18T16:33:29.508+0000][gc,phases   ] GC(4)   Evacuate Collection Set: 52.64ms
[2026-05-18T16:33:29.508+0000][gc,phases   ] GC(4)   Post Evacuate Collection Set: 4.81ms
[2026-05-18T16:33:29.509+0000][gc,phases   ] GC(4)   Other: 0.22ms
[2026-05-18T16:33:29.509+0000][gc,heap     ] GC(4) Eden regions: 14->0(69)
[2026-05-18T16:33:29.509+0000][gc,heap     ] GC(4) Survivor regions: 6->1(7)
[2026-05-18T16:33:29.509+0000][gc,heap     ] GC(4) Old regions: 9->14
[2026-05-18T16:33:29.509+0000][gc,heap     ] GC(4) Humongous regions: 0->0
[2026-05-18T16:33:29.509+0000][gc,metaspace] GC(4) Metaspace: 35525K(36096K)->35525K(36096K) NonClass: 31391K(31680K)->31391K(31680K) Class: 4133K(4416K)->4133K(4416K)
[2026-05-18T16:33:29.509+0000][gc          ] GC(4) Pause Young (Concurrent Start) (Metadata GC Threshold) 28M->14M(1024M) 58.929ms
[2026-05-18T16:33:29.509+0000][gc,cpu      ] GC(4) User=0.03s Sys=0.01s Real=0.05s
[2026-05-18T16:33:29.511+0000][gc          ] GC(5) Concurrent Mark Cycle
[2026-05-18T16:33:29.511+0000][gc,marking  ] GC(5) Concurrent Scan Root Regions
[2026-05-18T16:33:29.544+0000][gc,marking  ] GC(5) Concurrent Scan Root Regions 33.316ms
[2026-05-18T16:33:29.544+0000][gc,marking  ] GC(5) Concurrent Mark
[2026-05-18T16:33:29.544+0000][gc,marking  ] GC(5) Concurrent Mark From Roots
[2026-05-18T16:33:29.544+0000][gc,task     ] GC(5) Using 1 workers of 1 for marking
[2026-05-18T16:33:29.665+0000][gc,marking  ] GC(5) Concurrent Mark From Roots 120.558ms
[2026-05-18T16:33:29.665+0000][gc,marking  ] GC(5) Concurrent Preclean
[2026-05-18T16:33:29.665+0000][gc,marking  ] GC(5) Concurrent Preclean 0.092ms
[2026-05-18T16:33:29.670+0000][gc,start    ] GC(5) Pause Remark
[2026-05-18T16:33:29.689+0000][gc          ] GC(5) Pause Remark 17M->17M(1024M) 18.987ms
[2026-05-18T16:33:29.689+0000][gc,cpu      ] GC(5) User=0.01s Sys=0.00s Real=0.02s
[2026-05-18T16:33:29.689+0000][gc,marking  ] GC(5) Concurrent Mark 144.171ms
[2026-05-18T16:33:29.689+0000][gc,marking  ] GC(5) Concurrent Rebuild Remembered Sets and Scrub Regions
[2026-05-18T16:33:29.697+0000][gc,marking  ] GC(5) Concurrent Rebuild Remembered Sets and Scrub Regions 7.930ms
[2026-05-18T16:33:29.697+0000][gc,start    ] GC(5) Pause Cleanup
[2026-05-18T16:33:29.697+0000][gc          ] GC(5) Pause Cleanup 17M->17M(1024M) 0.054ms
[2026-05-18T16:33:29.697+0000][gc,cpu      ] GC(5) User=0.00s Sys=0.00s Real=0.00s
[2026-05-18T16:33:29.698+0000][gc,marking  ] GC(5) Concurrent Clear Claimed Marks
[2026-05-18T16:33:29.698+0000][gc,marking  ] GC(5) Concurrent Clear Claimed Marks 0.063ms
[2026-05-18T16:33:29.698+0000][gc,marking  ] GC(5) Concurrent Cleanup for Next Mark
[2026-05-18T16:33:29.701+0000][gc,marking  ] GC(5) Concurrent Cleanup for Next Mark 3.634ms
[2026-05-18T16:33:29.701+0000][gc          ] GC(5) Concurrent Mark Cycle 190.364ms
[2026-05-18T16:33:38.639+0000][gc,start    ] GC(6) Pause Young (Normal) (G1 Evacuation Pause)
[2026-05-18T16:33:38.640+0000][gc,task     ] GC(6) Using 2 workers of 2 for evacuation
[2026-05-18T16:33:38.855+0000][gc,mmu      ] GC(6) MMU target violated: 201.0ms (200.0ms/201.0ms)
[2026-05-18T16:33:38.855+0000][gc,phases   ] GC(6)   Pre Evacuate Collection Set: 0.36ms
[2026-05-18T16:33:38.855+0000][gc,phases   ] GC(6)   Merge Heap Roots: 0.08ms
[2026-05-18T16:33:38.855+0000][gc,phases   ] GC(6)   Evacuate Collection Set: 212.12ms
[2026-05-18T16:33:38.855+0000][gc,phases   ] GC(6)   Post Evacuate Collection Set: 2.37ms
[2026-05-18T16:33:38.855+0000][gc,phases   ] GC(6)   Other: 0.22ms
[2026-05-18T16:33:38.855+0000][gc,heap     ] GC(6) Eden regions: 66->0(42)
[2026-05-18T16:33:38.855+0000][gc,heap     ] GC(6) Survivor regions: 1->9(9)
[2026-05-18T16:33:38.855+0000][gc,heap     ] GC(6) Old regions: 14->15
[2026-05-18T16:33:38.855+0000][gc,heap     ] GC(6) Humongous regions: 0->0
[2026-05-18T16:33:38.856+0000][gc,metaspace] GC(6) Metaspace: 44469K(45376K)->44469K(45376K) NonClass: 39254K(39744K)->39254K(39744K) Class: 5215K(5632K)->5215K(5632K)
[2026-05-18T16:33:38.856+0000][gc          ] GC(6) Pause Young (Normal) (G1 Evacuation Pause) 80M->23M(1024M) 216.161ms
[2026-05-18T16:33:38.856+0000][gc,cpu      ] GC(6) User=0.04s Sys=0.04s Real=0.22s
[2026-05-18T16:34:23.261+0000][gc,start    ] GC(7) Pause Young (Normal) (G1 Evacuation Pause)
[2026-05-18T16:34:23.278+0000][gc,task     ] GC(7) Using 2 workers of 2 for evacuation
[2026-05-18T16:34:23.434+0000][gc,phases   ] GC(7)   Pre Evacuate Collection Set: 9.03ms
[2026-05-18T16:34:23.435+0000][gc,phases   ] GC(7)   Merge Heap Roots: 0.19ms
[2026-05-18T16:34:23.435+0000][gc,phases   ] GC(7)   Evacuate Collection Set: 133.65ms
[2026-05-18T16:34:23.436+0000][gc,phases   ] GC(7)   Post Evacuate Collection Set: 13.14ms
[2026-05-18T16:34:23.436+0000][gc,phases   ] GC(7)   Other: 0.47ms
[2026-05-18T16:34:23.436+0000][gc,heap     ] GC(7) Eden regions: 42->0(60)
[2026-05-18T16:34:23.436+0000][gc,heap     ] GC(7) Survivor regions: 9->3(7)
[2026-05-18T16:34:23.436+0000][gc,heap     ] GC(7) Old regions: 15->24
[2026-05-18T16:34:23.437+0000][gc,heap     ] GC(7) Humongous regions: 129->129
[2026-05-18T16:34:23.437+0000][gc,metaspace] GC(7) Metaspace: 47685K(48704K)->47685K(48704K) NonClass: 42040K(42624K)->42040K(42624K) Class: 5645K(6080K)->5645K(6080K)
[2026-05-18T16:34:23.437+0000][gc          ] GC(7) Pause Young (Normal) (G1 Evacuation Pause) 194M->154M(1024M) 176.418ms
[2026-05-18T16:34:23.438+0000][gc,cpu      ] GC(7) User=0.07s Sys=0.02s Real=0.17s
[2026-05-18T16:34:56.654+0000][gc,start    ] GC(8) Pause Young (Normal) (G1 Evacuation Pause)
[2026-05-18T16:34:56.685+0000][gc,task     ] GC(8) Using 2 workers of 2 for evacuation
[2026-05-18T16:34:56.747+0000][gc,phases   ] GC(8)   Pre Evacuate Collection Set: 30.48ms
[2026-05-18T16:34:56.747+0000][gc,phases   ] GC(8)   Merge Heap Roots: 0.98ms
[2026-05-18T16:34:56.747+0000][gc,phases   ] GC(8)   Evacuate Collection Set: 26.21ms
[2026-05-18T16:34:56.747+0000][gc,phases   ] GC(8)   Post Evacuate Collection Set: 4.23ms
[2026-05-18T16:34:56.747+0000][gc,phases   ] GC(8)   Other: 0.13ms
[2026-05-18T16:34:56.747+0000][gc,heap     ] GC(8) Eden regions: 57->0(149)
[2026-05-18T16:34:56.747+0000][gc,heap     ] GC(8) Survivor regions: 3->3(8)
[2026-05-18T16:34:56.747+0000][gc,heap     ] GC(8) Old regions: 24->24
[2026-05-18T16:34:56.747+0000][gc,heap     ] GC(8) Humongous regions: 129->129
[2026-05-18T16:34:56.747+0000][gc,metaspace] GC(8) Metaspace: 48004K(49024K)->48004K(49024K) NonClass: 42337K(42944K)->42337K(42944K) Class: 5666K(6080K)->5666K(6080K)
[2026-05-18T16:34:56.747+0000][gc          ] GC(8) Pause Young (Normal) (G1 Evacuation Pause) 211M->154M(1024M) 93.057ms
[2026-05-18T16:34:56.747+0000][gc,cpu      ] GC(8) User=0.01s Sys=0.01s Real=0.09s
[2026-05-18T16:41:49.794+0000][gc,start    ] GC(9) Pause Young (Normal) (G1 Evacuation Pause)
[2026-05-18T16:41:49.810+0000][gc,task     ] GC(9) Using 2 workers of 2 for evacuation
[2026-05-18T16:41:49.839+0000][gc,phases   ] GC(9)   Pre Evacuate Collection Set: 2.33ms
[2026-05-18T16:41:49.839+0000][gc,phases   ] GC(9)   Merge Heap Roots: 0.23ms
[2026-05-18T16:41:49.839+0000][gc,phases   ] GC(9)   Evacuate Collection Set: 23.32ms
[2026-05-18T16:41:49.839+0000][gc,phases   ] GC(9)   Post Evacuate Collection Set: 2.12ms
[2026-05-18T16:41:49.839+0000][gc,phases   ] GC(9)   Other: 0.27ms
[2026-05-18T16:41:49.839+0000][gc,heap     ] GC(9) Eden regions: 145->0(74)
[2026-05-18T16:41:49.839+0000][gc,heap     ] GC(9) Survivor regions: 3->8(19)
[2026-05-18T16:41:49.839+0000][gc,heap     ] GC(9) Old regions: 24->24
[2026-05-18T16:41:49.839+0000][gc,heap     ] GC(9) Humongous regions: 129->129
[2026-05-18T16:41:49.839+0000][gc,metaspace] GC(9) Metaspace: 50501K(51712K)->50501K(51712K) NonClass: 44612K(45248K)->44612K(45248K) Class: 5889K(6464K)->5889K(6464K)
[2026-05-18T16:41:49.839+0000][gc          ] GC(9) Pause Young (Normal) (G1 Evacuation Pause) 299M->160M(1024M) 45.228ms
[2026-05-18T16:41:49.839+0000][gc,cpu      ] GC(9) User=0.03s Sys=0.01s Real=0.04s
[2026-05-18T16:44:34.750+0000][gc,start    ] GC(10) Pause Young (Normal) (G1 Evacuation Pause)
[2026-05-18T16:44:34.750+0000][gc,task     ] GC(10) Using 2 workers of 2 for evacuation
[2026-05-18T16:44:34.791+0000][gc,phases   ] GC(10)   Pre Evacuate Collection Set: 0.50ms
[2026-05-18T16:44:34.792+0000][gc,phases   ] GC(10)   Merge Heap Roots: 0.12ms
[2026-05-18T16:44:34.792+0000][gc,phases   ] GC(10)   Evacuate Collection Set: 38.18ms
[2026-05-18T16:44:34.792+0000][gc,phases   ] GC(10)   Post Evacuate Collection Set: 1.73ms
[2026-05-18T16:44:34.792+0000][gc,phases   ] GC(10)   Other: 0.17ms
[2026-05-18T16:44:34.792+0000][gc,heap     ] GC(10) Eden regions: 73->0(371)
[2026-05-18T16:44:34.792+0000][gc,heap     ] GC(10) Survivor regions: 8->6(11)
[2026-05-18T16:44:34.792+0000][gc,heap     ] GC(10) Old regions: 24->26
[2026-05-18T16:44:34.792+0000][gc,heap     ] GC(10) Humongous regions: 129->129
[2026-05-18T16:44:34.792+0000][gc,metaspace] GC(10) Metaspace: 50579K(51840K)->50579K(51840K) NonClass: 44686K(45376K)->44686K(45376K) Class: 5893K(6464K)->5893K(6464K)
[2026-05-18T16:44:34.792+0000][gc          ] GC(10) Pause Young (Normal) (G1 Evacuation Pause) 233M->159M(1024M) 41.988ms
[2026-05-18T16:44:34.793+0000][gc,cpu      ] GC(10) User=0.03s Sys=0.00s Real=0.04s
[2026-05-18T16:51:44.912+0000][gc,heap,exit] Heap
[2026-05-18T16:51:44.912+0000][gc,heap,exit]  garbage-first heap   total 1048576K, used 368714K [0x00000000c0000000, 0x0000000100000000)
[2026-05-18T16:51:44.912+0000][gc,heap,exit]   region size 1024K, 198 young (202752K), 6 survivors (6144K)
[2026-05-18T16:51:44.912+0000][gc,heap,exit]  Metaspace       used 51773K, committed 52992K, reserved 1114112K
[2026-05-18T16:51:44.912+0000][gc,heap,exit]   class space    used 6138K, committed 6720K, reserved 1048576K
