[2026-05-13T23:47:05.045+0000][gc,init] CardTable entry size: 512
[2026-05-13T23:47:05.046+0000][gc     ] Using G1
[2026-05-13T23:47:05.072+0000][gc,init] Version: 21.0.10+7-LTS (release)
[2026-05-13T23:47:05.072+0000][gc,init] CPUs: 2 total, 2 available
[2026-05-13T23:47:05.072+0000][gc,init] Memory: 3732M
[2026-05-13T23:47:05.072+0000][gc,init] Large Page Support: Disabled
[2026-05-13T23:47:05.072+0000][gc,init] NUMA Support: Disabled
[2026-05-13T23:47:05.072+0000][gc,init] Compressed Oops: Enabled (32-bit)
[2026-05-13T23:47:05.072+0000][gc,init] Heap Region Size: 1M
[2026-05-13T23:47:05.072+0000][gc,init] Heap Min Capacity: 1G
[2026-05-13T23:47:05.072+0000][gc,init] Heap Initial Capacity: 1G
[2026-05-13T23:47:05.072+0000][gc,init] Heap Max Capacity: 1G
[2026-05-13T23:47:05.072+0000][gc,init] Pre-touch: Disabled
[2026-05-13T23:47:05.072+0000][gc,init] Parallel Workers: 2
[2026-05-13T23:47:05.072+0000][gc,init] Concurrent Workers: 1
[2026-05-13T23:47:05.072+0000][gc,init] Concurrent Refinement Workers: 2
[2026-05-13T23:47:05.072+0000][gc,init] Periodic GC: Disabled
[2026-05-13T23:47:05.685+0000][gc,metaspace] CDS archive(s) mapped at: [0x00007f4028000000-0x00007f4028bad000-0x00007f4028bad000), size 12242944, SharedBaseAddress: 0x00007f4028000000, ArchiveRelocationMode: 1.
[2026-05-13T23:47:05.687+0000][gc,metaspace] Compressed class space mapped at: 0x00007f402c000000-0x00007f406c000000, reserved size: 1073741824
[2026-05-13T23:47:05.687+0000][gc,metaspace] Narrow klass base: 0x00007f4028000000, Narrow klass shift: 0, Narrow klass range: 0x100000000
[2026-05-13T23:47:09.150+0000][gc,start    ] GC(0) Pause Young (Normal) (G1 Evacuation Pause)
[2026-05-13T23:47:09.150+0000][gc,task     ] GC(0) Using 2 workers of 2 for evacuation
[2026-05-13T23:47:09.175+0000][gc,phases   ] GC(0)   Pre Evacuate Collection Set: 0.39ms
[2026-05-13T23:47:09.176+0000][gc,phases   ] GC(0)   Merge Heap Roots: 0.14ms
[2026-05-13T23:47:09.176+0000][gc,phases   ] GC(0)   Evacuate Collection Set: 23.37ms
[2026-05-13T23:47:09.176+0000][gc,phases   ] GC(0)   Post Evacuate Collection Set: 1.21ms
[2026-05-13T23:47:09.176+0000][gc,phases   ] GC(0)   Other: 0.24ms
[2026-05-13T23:47:09.177+0000][gc,heap     ] GC(0) Eden regions: 51->0(44)
[2026-05-13T23:47:09.177+0000][gc,heap     ] GC(0) Survivor regions: 0->7(7)
[2026-05-13T23:47:09.177+0000][gc,heap     ] GC(0) Old regions: 1->2
[2026-05-13T23:47:09.177+0000][gc,heap     ] GC(0) Humongous regions: 0->0
[2026-05-13T23:47:09.178+0000][gc,metaspace] GC(0) Metaspace: 15482K(15744K)->15482K(15744K) NonClass: 13734K(13888K)->13734K(13888K) Class: 1748K(1856K)->1748K(1856K)
[2026-05-13T23:47:09.178+0000][gc          ] GC(0) Pause Young (Normal) (G1 Evacuation Pause) 51M->8M(1024M) 28.000ms
[2026-05-13T23:47:09.178+0000][gc,cpu      ] GC(0) User=0.02s Sys=0.01s Real=0.03s
[2026-05-13T23:47:09.973+0000][gc,start    ] GC(1) Pause Young (Concurrent Start) (Metadata GC Threshold)
[2026-05-13T23:47:09.974+0000][gc,task     ] GC(1) Using 2 workers of 2 for evacuation
[2026-05-13T23:47:09.988+0000][gc,phases   ] GC(1)   Pre Evacuate Collection Set: 0.43ms
[2026-05-13T23:47:09.988+0000][gc,phases   ] GC(1)   Merge Heap Roots: 0.06ms
[2026-05-13T23:47:09.988+0000][gc,phases   ] GC(1)   Evacuate Collection Set: 11.32ms
[2026-05-13T23:47:09.988+0000][gc,phases   ] GC(1)   Post Evacuate Collection Set: 1.51ms
[2026-05-13T23:47:09.988+0000][gc,phases   ] GC(1)   Other: 0.31ms
[2026-05-13T23:47:09.989+0000][gc,heap     ] GC(1) Eden regions: 17->0(49)
[2026-05-13T23:47:09.989+0000][gc,heap     ] GC(1) Survivor regions: 7->2(7)
[2026-05-13T23:47:09.989+0000][gc,heap     ] GC(1) Old regions: 2->9
[2026-05-13T23:47:09.989+0000][gc,heap     ] GC(1) Humongous regions: 0->0
[2026-05-13T23:47:09.989+0000][gc,metaspace] GC(1) Metaspace: 21244K(21504K)->21244K(21504K) NonClass: 18641K(18752K)->18641K(18752K) Class: 2603K(2752K)->2603K(2752K)
[2026-05-13T23:47:09.989+0000][gc          ] GC(1) Pause Young (Concurrent Start) (Metadata GC Threshold) 25M->10M(1024M) 16.161ms
[2026-05-13T23:47:09.990+0000][gc          ] GC(2) Concurrent Mark Cycle
[2026-05-13T23:47:09.990+0000][gc,marking  ] GC(2) Concurrent Scan Root Regions
[2026-05-13T23:47:09.990+0000][gc,cpu      ] GC(1) User=0.01s Sys=0.01s Real=0.01s
[2026-05-13T23:47:10.010+0000][gc,marking  ] GC(2) Concurrent Scan Root Regions 20.499ms
[2026-05-13T23:47:10.010+0000][gc,marking  ] GC(2) Concurrent Mark
[2026-05-13T23:47:10.010+0000][gc,marking  ] GC(2) Concurrent Mark From Roots
[2026-05-13T23:47:10.010+0000][gc,task     ] GC(2) Using 1 workers of 1 for marking
[2026-05-13T23:47:10.016+0000][gc,marking  ] GC(2) Concurrent Mark From Roots 5.536ms
[2026-05-13T23:47:10.016+0000][gc,marking  ] GC(2) Concurrent Preclean
[2026-05-13T23:47:10.018+0000][gc,marking  ] GC(2) Concurrent Preclean 1.816ms
[2026-05-13T23:47:10.018+0000][gc,start    ] GC(2) Pause Remark
[2026-05-13T23:47:10.024+0000][gc          ] GC(2) Pause Remark 10M->10M(1024M) 5.817ms
[2026-05-13T23:47:10.025+0000][gc,cpu      ] GC(2) User=0.01s Sys=0.00s Real=0.01s
[2026-05-13T23:47:10.026+0000][gc,marking  ] GC(2) Concurrent Mark 15.491ms
[2026-05-13T23:47:10.026+0000][gc,marking  ] GC(2) Concurrent Rebuild Remembered Sets and Scrub Regions
[2026-05-13T23:47:10.029+0000][gc,marking  ] GC(2) Concurrent Rebuild Remembered Sets and Scrub Regions 3.025ms
[2026-05-13T23:47:10.030+0000][gc,start    ] GC(2) Pause Cleanup
[2026-05-13T23:47:10.030+0000][gc          ] GC(2) Pause Cleanup 10M->10M(1024M) 0.193ms
[2026-05-13T23:47:10.030+0000][gc,cpu      ] GC(2) User=0.00s Sys=0.00s Real=0.00s
[2026-05-13T23:47:10.031+0000][gc,marking  ] GC(2) Concurrent Clear Claimed Marks
[2026-05-13T23:47:10.031+0000][gc,marking  ] GC(2) Concurrent Clear Claimed Marks 0.198ms
[2026-05-13T23:47:10.031+0000][gc,marking  ] GC(2) Concurrent Cleanup for Next Mark
[2026-05-13T23:47:10.049+0000][gc,marking  ] GC(2) Concurrent Cleanup for Next Mark 17.625ms
[2026-05-13T23:47:10.049+0000][gc          ] GC(2) Concurrent Mark Cycle 59.312ms
[2026-05-13T23:47:12.893+0000][gc,start    ] GC(3) Pause Young (Normal) (G1 Evacuation Pause)
[2026-05-13T23:47:12.894+0000][gc,task     ] GC(3) Using 2 workers of 2 for evacuation
[2026-05-13T23:47:12.905+0000][gc,phases   ] GC(3)   Pre Evacuate Collection Set: 0.28ms
[2026-05-13T23:47:12.905+0000][gc,phases   ] GC(3)   Merge Heap Roots: 0.07ms
[2026-05-13T23:47:12.905+0000][gc,phases   ] GC(3)   Evacuate Collection Set: 9.50ms
[2026-05-13T23:47:12.905+0000][gc,phases   ] GC(3)   Post Evacuate Collection Set: 0.86ms
[2026-05-13T23:47:12.905+0000][gc,phases   ] GC(3)   Other: 0.53ms
[2026-05-13T23:47:12.905+0000][gc,heap     ] GC(3) Eden regions: 49->0(45)
[2026-05-13T23:47:12.905+0000][gc,heap     ] GC(3) Survivor regions: 2->6(7)
[2026-05-13T23:47:12.905+0000][gc,heap     ] GC(3) Old regions: 9->9
[2026-05-13T23:47:12.905+0000][gc,heap     ] GC(3) Humongous regions: 0->0
[2026-05-13T23:47:12.905+0000][gc,metaspace] GC(3) Metaspace: 33605K(34048K)->33605K(34048K) NonClass: 29714K(29952K)->29714K(29952K) Class: 3890K(4096K)->3890K(4096K)
[2026-05-13T23:47:12.905+0000][gc          ] GC(3) Pause Young (Normal) (G1 Evacuation Pause) 59M->14M(1024M) 12.074ms
[2026-05-13T23:47:12.905+0000][gc,cpu      ] GC(3) User=0.02s Sys=0.00s Real=0.02s
[2026-05-13T23:47:13.685+0000][gc,start    ] GC(4) Pause Young (Concurrent Start) (Metadata GC Threshold)
[2026-05-13T23:47:13.686+0000][gc,task     ] GC(4) Using 2 workers of 2 for evacuation
[2026-05-13T23:47:13.725+0000][gc,phases   ] GC(4)   Pre Evacuate Collection Set: 0.31ms
[2026-05-13T23:47:13.725+0000][gc,phases   ] GC(4)   Merge Heap Roots: 0.05ms
[2026-05-13T23:47:13.725+0000][gc,phases   ] GC(4)   Evacuate Collection Set: 37.16ms
[2026-05-13T23:47:13.725+0000][gc,phases   ] GC(4)   Post Evacuate Collection Set: 1.49ms
[2026-05-13T23:47:13.725+0000][gc,phases   ] GC(4)   Other: 0.20ms
[2026-05-13T23:47:13.725+0000][gc,heap     ] GC(4) Eden regions: 11->0(76)
[2026-05-13T23:47:13.725+0000][gc,heap     ] GC(4) Survivor regions: 6->1(7)
[2026-05-13T23:47:13.725+0000][gc,heap     ] GC(4) Old regions: 9->15
[2026-05-13T23:47:13.725+0000][gc,heap     ] GC(4) Humongous regions: 0->0
[2026-05-13T23:47:13.725+0000][gc,metaspace] GC(4) Metaspace: 35629K(36096K)->35629K(36096K) NonClass: 31494K(31744K)->31494K(31744K) Class: 4135K(4352K)->4135K(4352K)
[2026-05-13T23:47:13.725+0000][gc          ] GC(4) Pause Young (Concurrent Start) (Metadata GC Threshold) 25M->15M(1024M) 39.545ms
[2026-05-13T23:47:13.725+0000][gc,cpu      ] GC(4) User=0.04s Sys=0.01s Real=0.04s
[2026-05-13T23:47:13.728+0000][gc          ] GC(5) Concurrent Mark Cycle
[2026-05-13T23:47:13.728+0000][gc,marking  ] GC(5) Concurrent Scan Root Regions
[2026-05-13T23:47:13.749+0000][gc,marking  ] GC(5) Concurrent Scan Root Regions 21.357ms
[2026-05-13T23:47:13.749+0000][gc,marking  ] GC(5) Concurrent Mark
[2026-05-13T23:47:13.749+0000][gc,marking  ] GC(5) Concurrent Mark From Roots
[2026-05-13T23:47:13.749+0000][gc,task     ] GC(5) Using 1 workers of 1 for marking
[2026-05-13T23:47:13.827+0000][gc,marking  ] GC(5) Concurrent Mark From Roots 78.087ms
[2026-05-13T23:47:13.827+0000][gc,marking  ] GC(5) Concurrent Preclean
[2026-05-13T23:47:13.827+0000][gc,marking  ] GC(5) Concurrent Preclean 0.111ms
[2026-05-13T23:47:13.828+0000][gc,start    ] GC(5) Pause Remark
[2026-05-13T23:47:13.845+0000][gc          ] GC(5) Pause Remark 18M->18M(1024M) 16.234ms
[2026-05-13T23:47:13.845+0000][gc,cpu      ] GC(5) User=0.01s Sys=0.01s Real=0.02s
[2026-05-13T23:47:13.847+0000][gc,marking  ] GC(5) Concurrent Mark 98.110ms
[2026-05-13T23:47:13.847+0000][gc,marking  ] GC(5) Concurrent Rebuild Remembered Sets and Scrub Regions
[2026-05-13T23:47:13.880+0000][gc,marking  ] GC(5) Concurrent Rebuild Remembered Sets and Scrub Regions 32.294ms
[2026-05-13T23:47:13.907+0000][gc,start    ] GC(5) Pause Cleanup
[2026-05-13T23:47:13.908+0000][gc          ] GC(5) Pause Cleanup 18M->18M(1024M) 0.778ms
[2026-05-13T23:47:13.908+0000][gc,cpu      ] GC(5) User=0.00s Sys=0.00s Real=0.00s
[2026-05-13T23:47:13.908+0000][gc,marking  ] GC(5) Concurrent Clear Claimed Marks
[2026-05-13T23:47:13.908+0000][gc,marking  ] GC(5) Concurrent Clear Claimed Marks 0.068ms
[2026-05-13T23:47:13.908+0000][gc,marking  ] GC(5) Concurrent Cleanup for Next Mark
[2026-05-13T23:47:13.923+0000][gc,marking  ] GC(5) Concurrent Cleanup for Next Mark 15.425ms
[2026-05-13T23:47:13.924+0000][gc          ] GC(5) Concurrent Mark Cycle 195.856ms
[2026-05-13T23:47:17.416+0000][gc,start    ] GC(6) Pause Young (Normal) (G1 Evacuation Pause)
[2026-05-13T23:47:17.417+0000][gc,task     ] GC(6) Using 2 workers of 2 for evacuation
[2026-05-13T23:47:17.450+0000][gc,phases   ] GC(6)   Pre Evacuate Collection Set: 0.34ms
[2026-05-13T23:47:17.450+0000][gc,phases   ] GC(6)   Merge Heap Roots: 0.10ms
[2026-05-13T23:47:17.450+0000][gc,phases   ] GC(6)   Evacuate Collection Set: 30.37ms
[2026-05-13T23:47:17.450+0000][gc,phases   ] GC(6)   Post Evacuate Collection Set: 1.65ms
[2026-05-13T23:47:17.450+0000][gc,phases   ] GC(6)   Other: 0.28ms
[2026-05-13T23:47:17.450+0000][gc,heap     ] GC(6) Eden regions: 70->0(46)
[2026-05-13T23:47:17.450+0000][gc,heap     ] GC(6) Survivor regions: 1->9(9)
[2026-05-13T23:47:17.450+0000][gc,heap     ] GC(6) Old regions: 15->15
[2026-05-13T23:47:17.450+0000][gc,heap     ] GC(6) Humongous regions: 0->0
[2026-05-13T23:47:17.450+0000][gc,metaspace] GC(6) Metaspace: 43755K(44544K)->43755K(44544K) NonClass: 38668K(39104K)->38668K(39104K) Class: 5087K(5440K)->5087K(5440K)
[2026-05-13T23:47:17.451+0000][gc          ] GC(6) Pause Young (Normal) (G1 Evacuation Pause) 85M->23M(1024M) 33.849ms
[2026-05-13T23:47:17.451+0000][gc,cpu      ] GC(6) User=0.03s Sys=0.00s Real=0.03s
[2026-05-13T23:48:56.065+0000][gc,start    ] GC(7) Pause Young (Normal) (G1 Evacuation Pause)
[2026-05-13T23:48:56.068+0000][gc,task     ] GC(7) Using 2 workers of 2 for evacuation
[2026-05-13T23:48:56.158+0000][gc,phases   ] GC(7)   Pre Evacuate Collection Set: 8.48ms
[2026-05-13T23:48:56.158+0000][gc,phases   ] GC(7)   Merge Heap Roots: 0.50ms
[2026-05-13T23:48:56.159+0000][gc,phases   ] GC(7)   Evacuate Collection Set: 50.16ms
[2026-05-13T23:48:56.159+0000][gc,phases   ] GC(7)   Post Evacuate Collection Set: 3.19ms
[2026-05-13T23:48:56.159+0000][gc,phases   ] GC(7)   Other: 28.44ms
[2026-05-13T23:48:56.159+0000][gc,heap     ] GC(7) Eden regions: 45->0(114)
[2026-05-13T23:48:56.159+0000][gc,heap     ] GC(7) Survivor regions: 9->3(7)
[2026-05-13T23:48:56.159+0000][gc,heap     ] GC(7) Old regions: 15->24
[2026-05-13T23:48:56.159+0000][gc,heap     ] GC(7) Humongous regions: 129->129
[2026-05-13T23:48:56.159+0000][gc,metaspace] GC(7) Metaspace: 47450K(48448K)->47450K(48448K) NonClass: 41877K(42432K)->41877K(42432K) Class: 5572K(6016K)->5572K(6016K)
[2026-05-13T23:48:56.159+0000][gc          ] GC(7) Pause Young (Normal) (G1 Evacuation Pause) 197M->155M(1024M) 94.311ms
[2026-05-13T23:48:56.159+0000][gc,cpu      ] GC(7) User=0.03s Sys=0.06s Real=0.09s
[2026-05-13T23:53:45.876+0000][gc,start    ] GC(8) Pause Young (Normal) (G1 Evacuation Pause)
[2026-05-13T23:53:45.892+0000][gc,task     ] GC(8) Using 2 workers of 2 for evacuation
[2026-05-13T23:53:45.936+0000][gc,phases   ] GC(8)   Pre Evacuate Collection Set: 5.98ms
[2026-05-13T23:53:45.936+0000][gc,phases   ] GC(8)   Merge Heap Roots: 0.56ms
[2026-05-13T23:53:45.936+0000][gc,phases   ] GC(8)   Evacuate Collection Set: 33.75ms
[2026-05-13T23:53:45.936+0000][gc,phases   ] GC(8)   Post Evacuate Collection Set: 2.92ms
[2026-05-13T23:53:45.936+0000][gc,phases   ] GC(8)   Other: 0.40ms
[2026-05-13T23:53:45.936+0000][gc,heap     ] GC(8) Eden regions: 109->0(235)
[2026-05-13T23:53:45.936+0000][gc,heap     ] GC(8) Survivor regions: 3->7(14)
[2026-05-13T23:53:45.936+0000][gc,heap     ] GC(8) Old regions: 24->24
[2026-05-13T23:53:45.936+0000][gc,heap     ] GC(8) Humongous regions: 136->130
[2026-05-13T23:53:45.936+0000][gc,metaspace] GC(8) Metaspace: 51351K(52608K)->51351K(52608K) NonClass: 45321K(46016K)->45321K(46016K) Class: 6029K(6592K)->6029K(6592K)
[2026-05-13T23:53:45.936+0000][gc          ] GC(8) Pause Young (Normal) (G1 Evacuation Pause) 271M->160M(1024M) 60.435ms
[2026-05-13T23:53:45.936+0000][gc,cpu      ] GC(8) User=0.03s Sys=0.03s Real=0.06s
[2026-05-14T00:02:23.329+0000][gc,start    ] GC(9) Pause Young (Normal) (G1 Evacuation Pause)
[2026-05-14T00:02:23.347+0000][gc,task     ] GC(9) Using 2 workers of 2 for evacuation
[2026-05-14T00:02:23.452+0000][gc,phases   ] GC(9)   Pre Evacuate Collection Set: 14.38ms
[2026-05-14T00:02:23.452+0000][gc,phases   ] GC(9)   Merge Heap Roots: 3.01ms
[2026-05-14T00:02:23.452+0000][gc,phases   ] GC(9)   Evacuate Collection Set: 81.05ms
[2026-05-14T00:02:23.452+0000][gc,phases   ] GC(9)   Post Evacuate Collection Set: 6.15ms
[2026-05-14T00:02:23.452+0000][gc,phases   ] GC(9)   Other: 0.94ms
[2026-05-14T00:02:23.452+0000][gc,heap     ] GC(9) Eden regions: 214->0(296)
[2026-05-14T00:02:23.452+0000][gc,heap     ] GC(9) Survivor regions: 7->9(28)
[2026-05-14T00:02:23.452+0000][gc,heap     ] GC(9) Old regions: 24->24
[2026-05-14T00:02:23.452+0000][gc,heap     ] GC(9) Humongous regions: 130->130
[2026-05-14T00:02:23.452+0000][gc,metaspace] GC(9) Metaspace: 51754K(52992K)->51754K(52992K) NonClass: 45663K(46336K)->45663K(46336K) Class: 6090K(6656K)->6090K(6656K)
[2026-05-14T00:02:23.452+0000][gc          ] GC(9) Pause Young (Normal) (G1 Evacuation Pause) 374M->162M(1024M) 122.886ms
[2026-05-14T00:02:23.452+0000][gc,cpu      ] GC(9) User=0.04s Sys=0.06s Real=0.12s
[2026-05-14T00:13:43.289+0000][gc,start    ] GC(10) Pause Young (Normal) (G1 Evacuation Pause)
[2026-05-14T00:13:43.289+0000][gc,task     ] GC(10) Using 2 workers of 2 for evacuation
[2026-05-14T00:13:43.372+0000][gc,phases   ] GC(10)   Pre Evacuate Collection Set: 7.76ms
[2026-05-14T00:13:43.372+0000][gc,phases   ] GC(10)   Merge Heap Roots: 0.30ms
[2026-05-14T00:13:43.372+0000][gc,phases   ] GC(10)   Evacuate Collection Set: 71.88ms
[2026-05-14T00:13:43.372+0000][gc,phases   ] GC(10)   Post Evacuate Collection Set: 2.42ms
[2026-05-14T00:13:43.372+0000][gc,phases   ] GC(10)   Other: 0.24ms
[2026-05-14T00:13:43.372+0000][gc,heap     ] GC(10) Eden regions: 271->0(606)
[2026-05-14T00:13:43.372+0000][gc,heap     ] GC(10) Survivor regions: 9->8(35)
[2026-05-14T00:13:43.372+0000][gc,heap     ] GC(10) Old regions: 24->24
[2026-05-14T00:13:43.372+0000][gc,heap     ] GC(10) Humongous regions: 130->130
[2026-05-14T00:13:43.372+0000][gc,metaspace] GC(10) Metaspace: 51895K(53120K)->51895K(53120K) NonClass: 45802K(46464K)->45802K(46464K) Class: 6093K(6656K)->6093K(6656K)
[2026-05-14T00:13:43.372+0000][gc          ] GC(10) Pause Young (Normal) (G1 Evacuation Pause) 433M->161M(1024M) 83.549ms
[2026-05-14T00:13:43.372+0000][gc,cpu      ] GC(10) User=0.04s Sys=0.03s Real=0.08s
[2026-05-14T00:16:00.212+0000][gc,heap,exit] Heap
[2026-05-14T00:16:00.212+0000][gc,heap,exit]  garbage-first heap   total 1048576K, used 242226K [0x00000000c0000000, 0x0000000100000000)
[2026-05-14T00:16:00.212+0000][gc,heap,exit]   region size 1024K, 84 young (86016K), 8 survivors (8192K)
[2026-05-14T00:16:00.212+0000][gc,heap,exit]  Metaspace       used 52718K, committed 53952K, reserved 1114112K
[2026-05-14T00:16:00.212+0000][gc,heap,exit]   class space    used 6293K, committed 6848K, reserved 1048576K
