[2026-05-14T00:33:52.424+0000][gc,init] CardTable entry size: 512
[2026-05-14T00:33:52.426+0000][gc     ] Using G1
[2026-05-14T00:33:52.457+0000][gc,init] Version: 21.0.10+7-LTS (release)
[2026-05-14T00:33:52.457+0000][gc,init] CPUs: 2 total, 2 available
[2026-05-14T00:33:52.457+0000][gc,init] Memory: 3732M
[2026-05-14T00:33:52.457+0000][gc,init] Large Page Support: Disabled
[2026-05-14T00:33:52.457+0000][gc,init] NUMA Support: Disabled
[2026-05-14T00:33:52.457+0000][gc,init] Compressed Oops: Enabled (32-bit)
[2026-05-14T00:33:52.457+0000][gc,init] Heap Region Size: 1M
[2026-05-14T00:33:52.457+0000][gc,init] Heap Min Capacity: 1G
[2026-05-14T00:33:52.457+0000][gc,init] Heap Initial Capacity: 1G
[2026-05-14T00:33:52.457+0000][gc,init] Heap Max Capacity: 1G
[2026-05-14T00:33:52.457+0000][gc,init] Pre-touch: Disabled
[2026-05-14T00:33:52.457+0000][gc,init] Parallel Workers: 2
[2026-05-14T00:33:52.457+0000][gc,init] Concurrent Workers: 1
[2026-05-14T00:33:52.457+0000][gc,init] Concurrent Refinement Workers: 2
[2026-05-14T00:33:52.457+0000][gc,init] Periodic GC: Disabled
[2026-05-14T00:33:52.794+0000][gc,metaspace] CDS archive(s) mapped at: [0x00007efbd9000000-0x00007efbd9bad000-0x00007efbd9bad000), size 12242944, SharedBaseAddress: 0x00007efbd9000000, ArchiveRelocationMode: 1.
[2026-05-14T00:33:52.794+0000][gc,metaspace] Compressed class space mapped at: 0x00007efbdd000000-0x00007efc1d000000, reserved size: 1073741824
[2026-05-14T00:33:52.794+0000][gc,metaspace] Narrow klass base: 0x00007efbd9000000, Narrow klass shift: 0, Narrow klass range: 0x100000000
[2026-05-14T00:33:59.726+0000][gc,start    ] GC(0) Pause Young (Normal) (G1 Evacuation Pause)
[2026-05-14T00:33:59.727+0000][gc,task     ] GC(0) Using 2 workers of 2 for evacuation
[2026-05-14T00:33:59.750+0000][gc,phases   ] GC(0)   Pre Evacuate Collection Set: 0.32ms
[2026-05-14T00:33:59.751+0000][gc,phases   ] GC(0)   Merge Heap Roots: 0.09ms
[2026-05-14T00:33:59.751+0000][gc,phases   ] GC(0)   Evacuate Collection Set: 21.14ms
[2026-05-14T00:33:59.751+0000][gc,phases   ] GC(0)   Post Evacuate Collection Set: 1.61ms
[2026-05-14T00:33:59.751+0000][gc,phases   ] GC(0)   Other: 0.51ms
[2026-05-14T00:33:59.751+0000][gc,heap     ] GC(0) Eden regions: 51->0(44)
[2026-05-14T00:33:59.751+0000][gc,heap     ] GC(0) Survivor regions: 0->7(7)
[2026-05-14T00:33:59.752+0000][gc,heap     ] GC(0) Old regions: 1->2
[2026-05-14T00:33:59.752+0000][gc,heap     ] GC(0) Humongous regions: 0->0
[2026-05-14T00:33:59.752+0000][gc,metaspace] GC(0) Metaspace: 15451K(15680K)->15451K(15680K) NonClass: 13706K(13824K)->13706K(13824K) Class: 1745K(1856K)->1745K(1856K)
[2026-05-14T00:33:59.752+0000][gc          ] GC(0) Pause Young (Normal) (G1 Evacuation Pause) 51M->8M(1024M) 25.994ms
[2026-05-14T00:33:59.752+0000][gc,cpu      ] GC(0) User=0.02s Sys=0.01s Real=0.02s
[2026-05-14T00:34:01.167+0000][gc,start    ] GC(1) Pause Young (Concurrent Start) (Metadata GC Threshold)
[2026-05-14T00:34:01.167+0000][gc,task     ] GC(1) Using 2 workers of 2 for evacuation
[2026-05-14T00:34:01.206+0000][gc,phases   ] GC(1)   Pre Evacuate Collection Set: 1.35ms
[2026-05-14T00:34:01.206+0000][gc,phases   ] GC(1)   Merge Heap Roots: 0.11ms
[2026-05-14T00:34:01.206+0000][gc,phases   ] GC(1)   Evacuate Collection Set: 35.70ms
[2026-05-14T00:34:01.206+0000][gc,phases   ] GC(1)   Post Evacuate Collection Set: 1.50ms
[2026-05-14T00:34:01.206+0000][gc,phases   ] GC(1)   Other: 0.25ms
[2026-05-14T00:34:01.206+0000][gc,heap     ] GC(1) Eden regions: 17->0(50)
[2026-05-14T00:34:01.206+0000][gc,heap     ] GC(1) Survivor regions: 7->1(7)
[2026-05-14T00:34:01.206+0000][gc,heap     ] GC(1) Old regions: 2->10
[2026-05-14T00:34:01.206+0000][gc,heap     ] GC(1) Humongous regions: 0->0
[2026-05-14T00:34:01.206+0000][gc,metaspace] GC(1) Metaspace: 21278K(21504K)->21278K(21504K) NonClass: 18685K(18816K)->18685K(18816K) Class: 2593K(2688K)->2593K(2688K)
[2026-05-14T00:34:01.206+0000][gc          ] GC(1) Pause Young (Concurrent Start) (Metadata GC Threshold) 25M->10M(1024M) 39.407ms
[2026-05-14T00:34:01.206+0000][gc,cpu      ] GC(1) User=0.02s Sys=0.01s Real=0.04s
[2026-05-14T00:34:01.206+0000][gc          ] GC(2) Concurrent Mark Cycle
[2026-05-14T00:34:01.206+0000][gc,marking  ] GC(2) Concurrent Scan Root Regions
[2026-05-14T00:34:01.241+0000][gc,marking  ] GC(2) Concurrent Scan Root Regions 35.018ms
[2026-05-14T00:34:01.241+0000][gc,marking  ] GC(2) Concurrent Mark
[2026-05-14T00:34:01.241+0000][gc,marking  ] GC(2) Concurrent Mark From Roots
[2026-05-14T00:34:01.241+0000][gc,task     ] GC(2) Using 1 workers of 1 for marking
[2026-05-14T00:34:01.268+0000][gc,marking  ] GC(2) Concurrent Mark From Roots 26.900ms
[2026-05-14T00:34:01.268+0000][gc,marking  ] GC(2) Concurrent Preclean
[2026-05-14T00:34:01.268+0000][gc,marking  ] GC(2) Concurrent Preclean 0.017ms
[2026-05-14T00:34:01.269+0000][gc,start    ] GC(2) Pause Remark
[2026-05-14T00:34:01.284+0000][gc          ] GC(2) Pause Remark 11M->11M(1024M) 14.794ms
[2026-05-14T00:34:01.284+0000][gc,cpu      ] GC(2) User=0.01s Sys=0.00s Real=0.02s
[2026-05-14T00:34:01.284+0000][gc,marking  ] GC(2) Concurrent Mark 42.945ms
[2026-05-14T00:34:01.284+0000][gc,marking  ] GC(2) Concurrent Rebuild Remembered Sets and Scrub Regions
[2026-05-14T00:34:01.308+0000][gc,marking  ] GC(2) Concurrent Rebuild Remembered Sets and Scrub Regions 23.956ms
[2026-05-14T00:34:01.309+0000][gc,start    ] GC(2) Pause Cleanup
[2026-05-14T00:34:01.309+0000][gc          ] GC(2) Pause Cleanup 11M->11M(1024M) 0.300ms
[2026-05-14T00:34:01.309+0000][gc,cpu      ] GC(2) User=0.00s Sys=0.00s Real=0.00s
[2026-05-14T00:34:01.310+0000][gc,marking  ] GC(2) Concurrent Clear Claimed Marks
[2026-05-14T00:34:01.311+0000][gc,marking  ] GC(2) Concurrent Clear Claimed Marks 0.250ms
[2026-05-14T00:34:01.311+0000][gc,marking  ] GC(2) Concurrent Cleanup for Next Mark
[2026-05-14T00:34:01.336+0000][gc,marking  ] GC(2) Concurrent Cleanup for Next Mark 24.896ms
[2026-05-14T00:34:01.336+0000][gc          ] GC(2) Concurrent Mark Cycle 129.701ms
[2026-05-14T00:34:06.799+0000][gc,start    ] GC(3) Pause Young (Normal) (G1 Evacuation Pause)
[2026-05-14T00:34:06.799+0000][gc,task     ] GC(3) Using 2 workers of 2 for evacuation
[2026-05-14T00:34:06.872+0000][gc,phases   ] GC(3)   Pre Evacuate Collection Set: 4.21ms
[2026-05-14T00:34:06.872+0000][gc,phases   ] GC(3)   Merge Heap Roots: 0.07ms
[2026-05-14T00:34:06.872+0000][gc,phases   ] GC(3)   Evacuate Collection Set: 67.13ms
[2026-05-14T00:34:06.872+0000][gc,phases   ] GC(3)   Post Evacuate Collection Set: 1.38ms
[2026-05-14T00:34:06.872+0000][gc,phases   ] GC(3)   Other: 0.35ms
[2026-05-14T00:34:06.872+0000][gc,heap     ] GC(3) Eden regions: 50->0(45)
[2026-05-14T00:34:06.872+0000][gc,heap     ] GC(3) Survivor regions: 1->6(7)
[2026-05-14T00:34:06.872+0000][gc,heap     ] GC(3) Old regions: 10->10
[2026-05-14T00:34:06.872+0000][gc,heap     ] GC(3) Humongous regions: 0->0
[2026-05-14T00:34:06.872+0000][gc,metaspace] GC(3) Metaspace: 34301K(34752K)->34301K(34752K) NonClass: 30341K(30592K)->30341K(30592K) Class: 3960K(4160K)->3960K(4160K)
[2026-05-14T00:34:06.872+0000][gc          ] GC(3) Pause Young (Normal) (G1 Evacuation Pause) 60M->15M(1024M) 73.695ms
[2026-05-14T00:34:06.873+0000][gc,cpu      ] GC(3) User=0.03s Sys=0.00s Real=0.07s
[2026-05-14T00:34:08.011+0000][gc,start    ] GC(4) Pause Young (Concurrent Start) (Metadata GC Threshold)
[2026-05-14T00:34:08.012+0000][gc,task     ] GC(4) Using 2 workers of 2 for evacuation
[2026-05-14T00:34:08.084+0000][gc,phases   ] GC(4)   Pre Evacuate Collection Set: 3.52ms
[2026-05-14T00:34:08.084+0000][gc,phases   ] GC(4)   Merge Heap Roots: 0.06ms
[2026-05-14T00:34:08.084+0000][gc,phases   ] GC(4)   Evacuate Collection Set: 66.15ms
[2026-05-14T00:34:08.084+0000][gc,phases   ] GC(4)   Post Evacuate Collection Set: 1.62ms
[2026-05-14T00:34:08.084+0000][gc,phases   ] GC(4)   Other: 0.34ms
[2026-05-14T00:34:08.085+0000][gc,heap     ] GC(4) Eden regions: 7->0(64)
[2026-05-14T00:34:08.085+0000][gc,heap     ] GC(4) Survivor regions: 6->1(7)
[2026-05-14T00:34:08.085+0000][gc,heap     ] GC(4) Old regions: 10->15
[2026-05-14T00:34:08.085+0000][gc,heap     ] GC(4) Humongous regions: 0->0
[2026-05-14T00:34:08.085+0000][gc,metaspace] GC(4) Metaspace: 35736K(36160K)->35736K(36160K) NonClass: 31616K(31872K)->31616K(31872K) Class: 4119K(4288K)->4119K(4288K)
[2026-05-14T00:34:08.086+0000][gc          ] GC(4) Pause Young (Concurrent Start) (Metadata GC Threshold) 21M->15M(1024M) 74.810ms
[2026-05-14T00:34:08.087+0000][gc,cpu      ] GC(4) User=0.05s Sys=0.01s Real=0.08s
[2026-05-14T00:34:08.087+0000][gc          ] GC(5) Concurrent Mark Cycle
[2026-05-14T00:34:08.087+0000][gc,marking  ] GC(5) Concurrent Scan Root Regions
[2026-05-14T00:34:08.108+0000][gc,marking  ] GC(5) Concurrent Scan Root Regions 20.785ms
[2026-05-14T00:34:08.108+0000][gc,marking  ] GC(5) Concurrent Mark
[2026-05-14T00:34:08.108+0000][gc,marking  ] GC(5) Concurrent Mark From Roots
[2026-05-14T00:34:08.108+0000][gc,task     ] GC(5) Using 1 workers of 1 for marking
[2026-05-14T00:34:08.145+0000][gc,marking  ] GC(5) Concurrent Mark From Roots 36.429ms
[2026-05-14T00:34:08.145+0000][gc,marking  ] GC(5) Concurrent Preclean
[2026-05-14T00:34:08.146+0000][gc,marking  ] GC(5) Concurrent Preclean 0.506ms
[2026-05-14T00:34:08.150+0000][gc,start    ] GC(5) Pause Remark
[2026-05-14T00:34:08.160+0000][gc          ] GC(5) Pause Remark 16M->16M(1024M) 10.032ms
[2026-05-14T00:34:08.160+0000][gc,cpu      ] GC(5) User=0.02s Sys=0.00s Real=0.01s
[2026-05-14T00:34:08.160+0000][gc,marking  ] GC(5) Concurrent Mark 52.018ms
[2026-05-14T00:34:08.160+0000][gc,marking  ] GC(5) Concurrent Rebuild Remembered Sets and Scrub Regions
[2026-05-14T00:34:08.184+0000][gc,marking  ] GC(5) Concurrent Rebuild Remembered Sets and Scrub Regions 24.006ms
[2026-05-14T00:34:08.189+0000][gc,start    ] GC(5) Pause Cleanup
[2026-05-14T00:34:08.190+0000][gc          ] GC(5) Pause Cleanup 17M->17M(1024M) 0.718ms
[2026-05-14T00:34:08.190+0000][gc,cpu      ] GC(5) User=0.00s Sys=0.00s Real=0.00s
[2026-05-14T00:34:08.190+0000][gc,marking  ] GC(5) Concurrent Clear Claimed Marks
[2026-05-14T00:34:08.190+0000][gc,marking  ] GC(5) Concurrent Clear Claimed Marks 0.200ms
[2026-05-14T00:34:08.190+0000][gc,marking  ] GC(5) Concurrent Cleanup for Next Mark
[2026-05-14T00:34:08.196+0000][gc,marking  ] GC(5) Concurrent Cleanup for Next Mark 5.622ms
[2026-05-14T00:34:08.196+0000][gc          ] GC(5) Concurrent Mark Cycle 109.556ms
[2026-05-14T00:34:18.418+0000][gc,start    ] GC(6) Pause Young (Prepare Mixed) (G1 Evacuation Pause)
[2026-05-14T00:34:18.418+0000][gc,task     ] GC(6) Using 2 workers of 2 for evacuation
[2026-05-14T00:34:18.501+0000][gc,phases   ] GC(6)   Pre Evacuate Collection Set: 1.18ms
[2026-05-14T00:34:18.501+0000][gc,phases   ] GC(6)   Merge Heap Roots: 0.08ms
[2026-05-14T00:34:18.501+0000][gc,phases   ] GC(6)   Evacuate Collection Set: 78.58ms
[2026-05-14T00:34:18.501+0000][gc,phases   ] GC(6)   Post Evacuate Collection Set: 2.89ms
[2026-05-14T00:34:18.501+0000][gc,phases   ] GC(6)   Other: 0.18ms
[2026-05-14T00:34:18.502+0000][gc,heap     ] GC(6) Eden regions: 55->0(44)
[2026-05-14T00:34:18.502+0000][gc,heap     ] GC(6) Survivor regions: 1->7(7)
[2026-05-14T00:34:18.502+0000][gc,heap     ] GC(6) Old regions: 15->17
[2026-05-14T00:34:18.502+0000][gc,heap     ] GC(6) Humongous regions: 129->129
[2026-05-14T00:34:18.502+0000][gc,metaspace] GC(6) Metaspace: 44156K(45056K)->44156K(45056K) NonClass: 38916K(39424K)->38916K(39424K) Class: 5239K(5632K)->5239K(5632K)
[2026-05-14T00:34:18.502+0000][gc          ] GC(6) Pause Young (Prepare Mixed) (G1 Evacuation Pause) 199M->152M(1024M) 84.882ms
[2026-05-14T00:34:18.503+0000][gc,cpu      ] GC(6) User=0.04s Sys=0.03s Real=0.08s
[2026-05-14T00:34:48.403+0000][gc,start    ] GC(7) Pause Young (Mixed) (G1 Evacuation Pause)
[2026-05-14T00:34:48.404+0000][gc,task     ] GC(7) Using 2 workers of 2 for evacuation
[2026-05-14T00:34:48.469+0000][gc,phases   ] GC(7)   Pre Evacuate Collection Set: 0.54ms
[2026-05-14T00:34:48.469+0000][gc,phases   ] GC(7)   Merge Heap Roots: 0.21ms
[2026-05-14T00:34:48.469+0000][gc,phases   ] GC(7)   Evacuate Collection Set: 62.31ms
[2026-05-14T00:34:48.470+0000][gc,phases   ] GC(7)   Post Evacuate Collection Set: 2.10ms
[2026-05-14T00:34:48.470+0000][gc,phases   ] GC(7)   Other: 0.22ms
[2026-05-14T00:34:48.470+0000][gc,heap     ] GC(7) Eden regions: 44->0(55)
[2026-05-14T00:34:48.470+0000][gc,heap     ] GC(7) Survivor regions: 7->3(7)
[2026-05-14T00:34:48.470+0000][gc,heap     ] GC(7) Old regions: 17->24
[2026-05-14T00:34:48.470+0000][gc,heap     ] GC(7) Humongous regions: 130->130
[2026-05-14T00:34:48.471+0000][gc,metaspace] GC(7) Metaspace: 48483K(49728K)->48483K(49728K) NonClass: 42651K(43328K)->42651K(43328K) Class: 5832K(6400K)->5832K(6400K)
[2026-05-14T00:34:48.471+0000][gc          ] GC(7) Pause Young (Mixed) (G1 Evacuation Pause) 197M->156M(1024M) 67.248ms
[2026-05-14T00:34:48.471+0000][gc,cpu      ] GC(7) User=0.04s Sys=0.02s Real=0.06s
[2026-05-14T00:36:46.336+0000][gc,start    ] GC(8) Pause Young (Normal) (G1 Evacuation Pause)
[2026-05-14T00:36:46.352+0000][gc,task     ] GC(8) Using 2 workers of 2 for evacuation
[2026-05-14T00:36:46.395+0000][gc,phases   ] GC(8)   Pre Evacuate Collection Set: 0.51ms
[2026-05-14T00:36:46.396+0000][gc,phases   ] GC(8)   Merge Heap Roots: 0.19ms
[2026-05-14T00:36:46.396+0000][gc,phases   ] GC(8)   Evacuate Collection Set: 40.28ms
[2026-05-14T00:36:46.396+0000][gc,phases   ] GC(8)   Post Evacuate Collection Set: 2.18ms
[2026-05-14T00:36:46.396+0000][gc,phases   ] GC(8)   Other: 0.16ms
[2026-05-14T00:36:46.396+0000][gc,heap     ] GC(8) Eden regions: 52->0(56)
[2026-05-14T00:36:46.396+0000][gc,heap     ] GC(8) Survivor regions: 3->6(7)
[2026-05-14T00:36:46.396+0000][gc,heap     ] GC(8) Old regions: 24->24
[2026-05-14T00:36:46.396+0000][gc,heap     ] GC(8) Humongous regions: 130->130
[2026-05-14T00:36:46.396+0000][gc,metaspace] GC(8) Metaspace: 49778K(50944K)->49778K(50944K) NonClass: 43935K(44544K)->43935K(44544K) Class: 5843K(6400K)->5843K(6400K)
[2026-05-14T00:36:46.396+0000][gc          ] GC(8) Pause Young (Normal) (G1 Evacuation Pause) 208M->159M(1024M) 59.772ms
[2026-05-14T00:36:46.396+0000][gc,cpu      ] GC(8) User=0.04s Sys=0.01s Real=0.06s
[2026-05-14T00:38:55.270+0000][gc,start    ] GC(9) Pause Young (Normal) (G1 Evacuation Pause)
[2026-05-14T00:38:55.271+0000][gc,task     ] GC(9) Using 2 workers of 2 for evacuation
[2026-05-14T00:38:55.294+0000][gc,phases   ] GC(9)   Pre Evacuate Collection Set: 1.06ms
[2026-05-14T00:38:55.294+0000][gc,phases   ] GC(9)   Merge Heap Roots: 0.20ms
[2026-05-14T00:38:55.294+0000][gc,phases   ] GC(9)   Evacuate Collection Set: 20.72ms
[2026-05-14T00:38:55.294+0000][gc,phases   ] GC(9)   Post Evacuate Collection Set: 0.96ms
[2026-05-14T00:38:55.294+0000][gc,phases   ] GC(9)   Other: 0.10ms
[2026-05-14T00:38:55.294+0000][gc,heap     ] GC(9) Eden regions: 55->0(121)
[2026-05-14T00:38:55.294+0000][gc,heap     ] GC(9) Survivor regions: 6->3(8)
[2026-05-14T00:38:55.294+0000][gc,heap     ] GC(9) Old regions: 24->27
[2026-05-14T00:38:55.294+0000][gc,heap     ] GC(9) Humongous regions: 130->130
[2026-05-14T00:38:55.294+0000][gc,metaspace] GC(9) Metaspace: 49997K(51200K)->49997K(51200K) NonClass: 44148K(44800K)->44148K(44800K) Class: 5849K(6400K)->5849K(6400K)
[2026-05-14T00:38:55.294+0000][gc          ] GC(9) Pause Young (Normal) (G1 Evacuation Pause) 214M->158M(1024M) 23.869ms
[2026-05-14T00:38:55.294+0000][gc,cpu      ] GC(9) User=0.03s Sys=0.01s Real=0.03s
[2026-05-14T00:42:50.225+0000][gc,start    ] GC(10) Pause Young (Normal) (G1 Evacuation Pause)
[2026-05-14T00:42:50.225+0000][gc,task     ] GC(10) Using 2 workers of 2 for evacuation
[2026-05-14T00:42:50.261+0000][gc,phases   ] GC(10)   Pre Evacuate Collection Set: 0.74ms
[2026-05-14T00:42:50.261+0000][gc,phases   ] GC(10)   Merge Heap Roots: 0.13ms
[2026-05-14T00:42:50.261+0000][gc,phases   ] GC(10)   Evacuate Collection Set: 32.93ms
[2026-05-14T00:42:50.261+0000][gc,phases   ] GC(10)   Post Evacuate Collection Set: 1.49ms
[2026-05-14T00:42:50.261+0000][gc,phases   ] GC(10)   Other: 0.24ms
[2026-05-14T00:42:50.261+0000][gc,heap     ] GC(10) Eden regions: 123->0(454)
[2026-05-14T00:42:50.261+0000][gc,heap     ] GC(10) Survivor regions: 3->6(16)
[2026-05-14T00:42:50.261+0000][gc,heap     ] GC(10) Old regions: 27->27
[2026-05-14T00:42:50.261+0000][gc,heap     ] GC(10) Humongous regions: 130->130
[2026-05-14T00:42:50.261+0000][gc,metaspace] GC(10) Metaspace: 50956K(52160K)->50956K(52160K) NonClass: 44964K(45632K)->44964K(45632K) Class: 5992K(6528K)->5992K(6528K)
[2026-05-14T00:42:50.261+0000][gc          ] GC(10) Pause Young (Normal) (G1 Evacuation Pause) 281M->162M(1024M) 35.877ms
[2026-05-14T00:42:50.261+0000][gc,cpu      ] GC(10) User=0.03s Sys=0.01s Real=0.03s
[2026-05-14T00:54:49.726+0000][gc,heap,exit] Heap
[2026-05-14T00:54:49.728+0000][gc,heap,exit]  garbage-first heap   total 1048576K, used 479471K [0x00000000c0000000, 0x0000000100000000)
[2026-05-14T00:54:49.728+0000][gc,heap,exit]   region size 1024K, 312 young (319488K), 6 survivors (6144K)
[2026-05-14T00:54:49.729+0000][gc,heap,exit]  Metaspace       used 52751K, committed 54016K, reserved 1114112K
[2026-05-14T00:54:49.729+0000][gc,heap,exit]   class space    used 6338K, committed 6912K, reserved 1048576K
