[2026-05-14T00:57:42.852+0000][gc,init] CardTable entry size: 512
[2026-05-14T00:57:42.853+0000][gc     ] Using G1
[2026-05-14T00:57:42.925+0000][gc,init] Version: 21.0.10+7-LTS (release)
[2026-05-14T00:57:42.925+0000][gc,init] CPUs: 2 total, 2 available
[2026-05-14T00:57:42.925+0000][gc,init] Memory: 3732M
[2026-05-14T00:57:42.925+0000][gc,init] Large Page Support: Disabled
[2026-05-14T00:57:42.925+0000][gc,init] NUMA Support: Disabled
[2026-05-14T00:57:42.925+0000][gc,init] Compressed Oops: Enabled (32-bit)
[2026-05-14T00:57:42.926+0000][gc,init] Heap Region Size: 1M
[2026-05-14T00:57:42.926+0000][gc,init] Heap Min Capacity: 1G
[2026-05-14T00:57:42.926+0000][gc,init] Heap Initial Capacity: 1G
[2026-05-14T00:57:42.926+0000][gc,init] Heap Max Capacity: 1G
[2026-05-14T00:57:42.926+0000][gc,init] Pre-touch: Disabled
[2026-05-14T00:57:42.926+0000][gc,init] Parallel Workers: 2
[2026-05-14T00:57:42.926+0000][gc,init] Concurrent Workers: 1
[2026-05-14T00:57:42.926+0000][gc,init] Concurrent Refinement Workers: 2
[2026-05-14T00:57:42.926+0000][gc,init] Periodic GC: Disabled
[2026-05-14T00:57:43.509+0000][gc,metaspace] CDS archive(s) mapped at: [0x00007f018b000000-0x00007f018bbad000-0x00007f018bbad000), size 12242944, SharedBaseAddress: 0x00007f018b000000, ArchiveRelocationMode: 1.
[2026-05-14T00:57:43.509+0000][gc,metaspace] Compressed class space mapped at: 0x00007f018f000000-0x00007f01cf000000, reserved size: 1073741824
[2026-05-14T00:57:43.509+0000][gc,metaspace] Narrow klass base: 0x00007f018b000000, Narrow klass shift: 0, Narrow klass range: 0x100000000
[2026-05-14T00:57:51.502+0000][gc,start    ] GC(0) Pause Young (Normal) (G1 Evacuation Pause)
[2026-05-14T00:57:51.503+0000][gc,task     ] GC(0) Using 2 workers of 2 for evacuation
[2026-05-14T00:57:51.587+0000][gc,phases   ] GC(0)   Pre Evacuate Collection Set: 0.25ms
[2026-05-14T00:57:51.587+0000][gc,phases   ] GC(0)   Merge Heap Roots: 0.13ms
[2026-05-14T00:57:51.587+0000][gc,phases   ] GC(0)   Evacuate Collection Set: 81.98ms
[2026-05-14T00:57:51.587+0000][gc,phases   ] GC(0)   Post Evacuate Collection Set: 1.42ms
[2026-05-14T00:57:51.588+0000][gc,phases   ] GC(0)   Other: 0.46ms
[2026-05-14T00:57:51.588+0000][gc,heap     ] GC(0) Eden regions: 51->0(44)
[2026-05-14T00:57:51.588+0000][gc,heap     ] GC(0) Survivor regions: 0->7(7)
[2026-05-14T00:57:51.588+0000][gc,heap     ] GC(0) Old regions: 1->2
[2026-05-14T00:57:51.588+0000][gc,heap     ] GC(0) Humongous regions: 0->0
[2026-05-14T00:57:51.588+0000][gc,metaspace] GC(0) Metaspace: 15431K(15616K)->15431K(15616K) NonClass: 13679K(13760K)->13679K(13760K) Class: 1751K(1856K)->1751K(1856K)
[2026-05-14T00:57:51.589+0000][gc          ] GC(0) Pause Young (Normal) (G1 Evacuation Pause) 51M->8M(1024M) 86.508ms
[2026-05-14T00:57:51.589+0000][gc,cpu      ] GC(0) User=0.02s Sys=0.00s Real=0.09s
[2026-05-14T00:57:53.191+0000][gc,start    ] GC(1) Pause Young (Concurrent Start) (Metadata GC Threshold)
[2026-05-14T00:57:53.191+0000][gc,task     ] GC(1) Using 2 workers of 2 for evacuation
[2026-05-14T00:57:53.233+0000][gc,phases   ] GC(1)   Pre Evacuate Collection Set: 0.32ms
[2026-05-14T00:57:53.233+0000][gc,phases   ] GC(1)   Merge Heap Roots: 0.06ms
[2026-05-14T00:57:53.233+0000][gc,phases   ] GC(1)   Evacuate Collection Set: 36.39ms
[2026-05-14T00:57:53.233+0000][gc,phases   ] GC(1)   Post Evacuate Collection Set: 4.57ms
[2026-05-14T00:57:53.233+0000][gc,phases   ] GC(1)   Other: 0.17ms
[2026-05-14T00:57:53.234+0000][gc,heap     ] GC(1) Eden regions: 17->0(50)
[2026-05-14T00:57:53.234+0000][gc,heap     ] GC(1) Survivor regions: 7->1(7)
[2026-05-14T00:57:53.234+0000][gc,heap     ] GC(1) Old regions: 2->10
[2026-05-14T00:57:53.234+0000][gc,heap     ] GC(1) Humongous regions: 0->0
[2026-05-14T00:57:53.234+0000][gc,metaspace] GC(1) Metaspace: 21273K(21504K)->21273K(21504K) NonClass: 18674K(18816K)->18674K(18816K) Class: 2598K(2688K)->2598K(2688K)
[2026-05-14T00:57:53.234+0000][gc          ] GC(1) Pause Young (Concurrent Start) (Metadata GC Threshold) 25M->10M(1024M) 43.505ms
[2026-05-14T00:57:53.235+0000][gc,cpu      ] GC(1) User=0.02s Sys=0.01s Real=0.05s
[2026-05-14T00:57:53.235+0000][gc          ] GC(2) Concurrent Mark Cycle
[2026-05-14T00:57:53.235+0000][gc,marking  ] GC(2) Concurrent Scan Root Regions
[2026-05-14T00:57:53.246+0000][gc,marking  ] GC(2) Concurrent Scan Root Regions 11.121ms
[2026-05-14T00:57:53.246+0000][gc,marking  ] GC(2) Concurrent Mark
[2026-05-14T00:57:53.246+0000][gc,marking  ] GC(2) Concurrent Mark From Roots
[2026-05-14T00:57:53.246+0000][gc,task     ] GC(2) Using 1 workers of 1 for marking
[2026-05-14T00:57:53.251+0000][gc,marking  ] GC(2) Concurrent Mark From Roots 5.280ms
[2026-05-14T00:57:53.251+0000][gc,marking  ] GC(2) Concurrent Preclean
[2026-05-14T00:57:53.251+0000][gc,marking  ] GC(2) Concurrent Preclean 0.017ms
[2026-05-14T00:57:53.252+0000][gc,start    ] GC(2) Pause Remark
[2026-05-14T00:57:53.258+0000][gc          ] GC(2) Pause Remark 10M->10M(1024M) 6.505ms
[2026-05-14T00:57:53.259+0000][gc,cpu      ] GC(2) User=0.00s Sys=0.00s Real=0.01s
[2026-05-14T00:57:53.259+0000][gc,marking  ] GC(2) Concurrent Mark 13.192ms
[2026-05-14T00:57:53.259+0000][gc,marking  ] GC(2) Concurrent Rebuild Remembered Sets and Scrub Regions
[2026-05-14T00:57:53.278+0000][gc,marking  ] GC(2) Concurrent Rebuild Remembered Sets and Scrub Regions 18.919ms
[2026-05-14T00:57:53.280+0000][gc,start    ] GC(2) Pause Cleanup
[2026-05-14T00:57:53.281+0000][gc          ] GC(2) Pause Cleanup 10M->10M(1024M) 0.967ms
[2026-05-14T00:57:53.283+0000][gc,cpu      ] GC(2) User=0.00s Sys=0.00s Real=0.00s
[2026-05-14T00:57:53.286+0000][gc,marking  ] GC(2) Concurrent Clear Claimed Marks
[2026-05-14T00:57:53.287+0000][gc,marking  ] GC(2) Concurrent Clear Claimed Marks 0.299ms
[2026-05-14T00:57:53.287+0000][gc,marking  ] GC(2) Concurrent Cleanup for Next Mark
[2026-05-14T00:57:53.386+0000][gc,marking  ] GC(2) Concurrent Cleanup for Next Mark 99.519ms
[2026-05-14T00:57:53.387+0000][gc          ] GC(2) Concurrent Mark Cycle 152.245ms
[2026-05-14T00:58:00.107+0000][gc,start    ] GC(3) Pause Young (Normal) (G1 Evacuation Pause)
[2026-05-14T00:58:00.107+0000][gc,task     ] GC(3) Using 2 workers of 2 for evacuation
[2026-05-14T00:58:00.195+0000][gc,phases   ] GC(3)   Pre Evacuate Collection Set: 0.29ms
[2026-05-14T00:58:00.196+0000][gc,phases   ] GC(3)   Merge Heap Roots: 0.07ms
[2026-05-14T00:58:00.196+0000][gc,phases   ] GC(3)   Evacuate Collection Set: 80.64ms
[2026-05-14T00:58:00.196+0000][gc,phases   ] GC(3)   Post Evacuate Collection Set: 7.37ms
[2026-05-14T00:58:00.196+0000][gc,phases   ] GC(3)   Other: 0.14ms
[2026-05-14T00:58:00.196+0000][gc,heap     ] GC(3) Eden regions: 50->0(45)
[2026-05-14T00:58:00.197+0000][gc,heap     ] GC(3) Survivor regions: 1->6(7)
[2026-05-14T00:58:00.197+0000][gc,heap     ] GC(3) Old regions: 10->10
[2026-05-14T00:58:00.197+0000][gc,heap     ] GC(3) Humongous regions: 0->0
[2026-05-14T00:58:00.197+0000][gc,metaspace] GC(3) Metaspace: 34305K(34752K)->34305K(34752K) NonClass: 30337K(30592K)->30337K(30592K) Class: 3967K(4160K)->3967K(4160K)
[2026-05-14T00:58:00.197+0000][gc          ] GC(3) Pause Young (Normal) (G1 Evacuation Pause) 60M->14M(1024M) 90.450ms
[2026-05-14T00:58:00.197+0000][gc,cpu      ] GC(3) User=0.02s Sys=0.00s Real=0.09s
[2026-05-14T00:58:00.941+0000][gc,start    ] GC(4) Pause Young (Concurrent Start) (Metadata GC Threshold)
[2026-05-14T00:58:00.941+0000][gc,task     ] GC(4) Using 2 workers of 2 for evacuation
[2026-05-14T00:58:01.004+0000][gc,phases   ] GC(4)   Pre Evacuate Collection Set: 1.57ms
[2026-05-14T00:58:01.004+0000][gc,phases   ] GC(4)   Merge Heap Roots: 0.07ms
[2026-05-14T00:58:01.004+0000][gc,phases   ] GC(4)   Evacuate Collection Set: 57.91ms
[2026-05-14T00:58:01.004+0000][gc,phases   ] GC(4)   Post Evacuate Collection Set: 2.26ms
[2026-05-14T00:58:01.004+0000][gc,phases   ] GC(4)   Other: 1.13ms
[2026-05-14T00:58:01.005+0000][gc,heap     ] GC(4) Eden regions: 7->0(61)
[2026-05-14T00:58:01.005+0000][gc,heap     ] GC(4) Survivor regions: 6->1(7)
[2026-05-14T00:58:01.005+0000][gc,heap     ] GC(4) Old regions: 10->15
[2026-05-14T00:58:01.005+0000][gc,heap     ] GC(4) Humongous regions: 0->0
[2026-05-14T00:58:01.005+0000][gc,metaspace] GC(4) Metaspace: 35672K(36096K)->35672K(36096K) NonClass: 31560K(31808K)->31560K(31808K) Class: 4111K(4288K)->4111K(4288K)
[2026-05-14T00:58:01.005+0000][gc          ] GC(4) Pause Young (Concurrent Start) (Metadata GC Threshold) 21M->15M(1024M) 64.903ms
[2026-05-14T00:58:01.006+0000][gc          ] GC(5) Concurrent Mark Cycle
[2026-05-14T00:58:01.006+0000][gc,marking  ] GC(5) Concurrent Scan Root Regions
[2026-05-14T00:58:01.006+0000][gc,cpu      ] GC(4) User=0.02s Sys=0.01s Real=0.07s
[2026-05-14T00:58:01.046+0000][gc,marking  ] GC(5) Concurrent Scan Root Regions 40.504ms
[2026-05-14T00:58:01.046+0000][gc,marking  ] GC(5) Concurrent Mark
[2026-05-14T00:58:01.046+0000][gc,marking  ] GC(5) Concurrent Mark From Roots
[2026-05-14T00:58:01.046+0000][gc,task     ] GC(5) Using 1 workers of 1 for marking
[2026-05-14T00:58:01.081+0000][gc,marking  ] GC(5) Concurrent Mark From Roots 34.132ms
[2026-05-14T00:58:01.092+0000][gc,marking  ] GC(5) Concurrent Preclean
[2026-05-14T00:58:01.092+0000][gc,marking  ] GC(5) Concurrent Preclean 0.105ms
[2026-05-14T00:58:01.114+0000][gc,start    ] GC(5) Pause Remark
[2026-05-14T00:58:01.132+0000][gc          ] GC(5) Pause Remark 17M->17M(1024M) 18.463ms
[2026-05-14T00:58:01.133+0000][gc,cpu      ] GC(5) User=0.01s Sys=0.00s Real=0.01s
[2026-05-14T00:58:01.137+0000][gc,marking  ] GC(5) Concurrent Mark 90.529ms
[2026-05-14T00:58:01.137+0000][gc,marking  ] GC(5) Concurrent Rebuild Remembered Sets and Scrub Regions
[2026-05-14T00:58:01.255+0000][gc,marking  ] GC(5) Concurrent Rebuild Remembered Sets and Scrub Regions 118.036ms
[2026-05-14T00:58:01.257+0000][gc,start    ] GC(5) Pause Cleanup
[2026-05-14T00:58:01.258+0000][gc          ] GC(5) Pause Cleanup 19M->19M(1024M) 0.264ms
[2026-05-14T00:58:01.258+0000][gc,cpu      ] GC(5) User=0.00s Sys=0.00s Real=0.00s
[2026-05-14T00:58:01.259+0000][gc,marking  ] GC(5) Concurrent Clear Claimed Marks
[2026-05-14T00:58:01.259+0000][gc,marking  ] GC(5) Concurrent Clear Claimed Marks 0.124ms
[2026-05-14T00:58:01.259+0000][gc,marking  ] GC(5) Concurrent Cleanup for Next Mark
[2026-05-14T00:58:01.287+0000][gc,marking  ] GC(5) Concurrent Cleanup for Next Mark 27.385ms
[2026-05-14T00:58:01.287+0000][gc          ] GC(5) Concurrent Mark Cycle 281.071ms
[2026-05-14T00:58:11.550+0000][gc,start    ] GC(6) Pause Young (Prepare Mixed) (G1 Evacuation Pause)
[2026-05-14T00:58:11.553+0000][gc,task     ] GC(6) Using 2 workers of 2 for evacuation
[2026-05-14T00:58:11.638+0000][gc,phases   ] GC(6)   Pre Evacuate Collection Set: 4.47ms
[2026-05-14T00:58:11.639+0000][gc,phases   ] GC(6)   Merge Heap Roots: 0.23ms
[2026-05-14T00:58:11.639+0000][gc,phases   ] GC(6)   Evacuate Collection Set: 77.51ms
[2026-05-14T00:58:11.639+0000][gc,phases   ] GC(6)   Post Evacuate Collection Set: 3.41ms
[2026-05-14T00:58:11.639+0000][gc,phases   ] GC(6)   Other: 0.21ms
[2026-05-14T00:58:11.639+0000][gc,heap     ] GC(6) Eden regions: 50->0(44)
[2026-05-14T00:58:11.639+0000][gc,heap     ] GC(6) Survivor regions: 1->7(7)
[2026-05-14T00:58:11.639+0000][gc,heap     ] GC(6) Old regions: 15->17
[2026-05-14T00:58:11.639+0000][gc,heap     ] GC(6) Humongous regions: 129->129
[2026-05-14T00:58:11.639+0000][gc,metaspace] GC(6) Metaspace: 43293K(44160K)->43293K(44160K) NonClass: 38231K(38720K)->38231K(38720K) Class: 5061K(5440K)->5061K(5440K)
[2026-05-14T00:58:11.639+0000][gc          ] GC(6) Pause Young (Prepare Mixed) (G1 Evacuation Pause) 194M->152M(1024M) 88.849ms
[2026-05-14T00:58:11.639+0000][gc,cpu      ] GC(6) User=0.03s Sys=0.00s Real=0.09s
[2026-05-14T01:00:01.641+0000][gc,start    ] GC(7) Pause Young (Mixed) (G1 Evacuation Pause)
[2026-05-14T01:00:01.850+0000][gc,task     ] GC(7) Using 2 workers of 2 for evacuation
[2026-05-14T01:00:02.198+0000][gc,mmu      ] GC(7) MMU target violated: 201.0ms (200.0ms/201.0ms)
[2026-05-14T01:00:02.198+0000][gc,phases   ] GC(7)   Pre Evacuate Collection Set: 3.85ms
[2026-05-14T01:00:02.198+0000][gc,phases   ] GC(7)   Merge Heap Roots: 0.33ms
[2026-05-14T01:00:02.198+0000][gc,phases   ] GC(7)   Evacuate Collection Set: 333.68ms
[2026-05-14T01:00:02.198+0000][gc,phases   ] GC(7)   Post Evacuate Collection Set: 9.38ms
[2026-05-14T01:00:02.198+0000][gc,phases   ] GC(7)   Other: 207.60ms
[2026-05-14T01:00:02.198+0000][gc,heap     ] GC(7) Eden regions: 44->0(49)
[2026-05-14T01:00:02.198+0000][gc,heap     ] GC(7) Survivor regions: 7->3(7)
[2026-05-14T01:00:02.198+0000][gc,heap     ] GC(7) Old regions: 17->24
[2026-05-14T01:00:02.198+0000][gc,heap     ] GC(7) Humongous regions: 129->129
[2026-05-14T01:00:02.198+0000][gc,metaspace] GC(7) Metaspace: 47352K(48384K)->47352K(48384K) NonClass: 41767K(42368K)->41767K(42368K) Class: 5584K(6016K)->5584K(6016K)
[2026-05-14T01:00:02.198+0000][gc          ] GC(7) Pause Young (Mixed) (G1 Evacuation Pause) 196M->155M(1024M) 556.965ms
[2026-05-14T01:00:02.198+0000][gc,cpu      ] GC(7) User=0.14s Sys=0.03s Real=0.56s
[2026-05-14T01:01:28.813+0000][gc,start    ] GC(8) Pause Young (Normal) (G1 Evacuation Pause)
[2026-05-14T01:01:28.815+0000][gc,task     ] GC(8) Using 2 workers of 2 for evacuation
[2026-05-14T01:01:28.842+0000][gc,phases   ] GC(8)   Pre Evacuate Collection Set: 0.47ms
[2026-05-14T01:01:28.842+0000][gc,phases   ] GC(8)   Merge Heap Roots: 0.17ms
[2026-05-14T01:01:28.842+0000][gc,phases   ] GC(8)   Evacuate Collection Set: 24.50ms
[2026-05-14T01:01:28.842+0000][gc,phases   ] GC(8)   Post Evacuate Collection Set: 1.58ms
[2026-05-14T01:01:28.842+0000][gc,phases   ] GC(8)   Other: 0.25ms
[2026-05-14T01:01:28.842+0000][gc,heap     ] GC(8) Eden regions: 48->0(64)
[2026-05-14T01:01:28.842+0000][gc,heap     ] GC(8) Survivor regions: 3->5(7)
[2026-05-14T01:01:28.842+0000][gc,heap     ] GC(8) Old regions: 24->24
[2026-05-14T01:01:28.842+0000][gc,heap     ] GC(8) Humongous regions: 129->129
[2026-05-14T01:01:28.842+0000][gc,metaspace] GC(8) Metaspace: 49149K(50304K)->49149K(50304K) NonClass: 43429K(44096K)->43429K(44096K) Class: 5720K(6208K)->5720K(6208K)
[2026-05-14T01:01:28.842+0000][gc          ] GC(8) Pause Young (Normal) (G1 Evacuation Pause) 203M->157M(1024M) 28.958ms
[2026-05-14T01:01:28.842+0000][gc,cpu      ] GC(8) User=0.02s Sys=0.01s Real=0.03s
[2026-05-14T01:03:54.324+0000][gc,start    ] GC(9) Pause Young (Normal) (G1 Evacuation Pause)
[2026-05-14T01:03:54.324+0000][gc,task     ] GC(9) Using 2 workers of 2 for evacuation
[2026-05-14T01:03:54.368+0000][gc,phases   ] GC(9)   Pre Evacuate Collection Set: 0.42ms
[2026-05-14T01:03:54.368+0000][gc,phases   ] GC(9)   Merge Heap Roots: 0.14ms
[2026-05-14T01:03:54.368+0000][gc,phases   ] GC(9)   Evacuate Collection Set: 41.26ms
[2026-05-14T01:03:54.368+0000][gc,phases   ] GC(9)   Post Evacuate Collection Set: 1.50ms
[2026-05-14T01:03:54.368+0000][gc,phases   ] GC(9)   Other: 0.12ms
[2026-05-14T01:03:54.368+0000][gc,heap     ] GC(9) Eden regions: 61->0(91)
[2026-05-14T01:03:54.368+0000][gc,heap     ] GC(9) Survivor regions: 5->7(9)
[2026-05-14T01:03:54.368+0000][gc,heap     ] GC(9) Old regions: 24->26
[2026-05-14T01:03:54.368+0000][gc,heap     ] GC(9) Humongous regions: 129->129
[2026-05-14T01:03:54.368+0000][gc,metaspace] GC(9) Metaspace: 49489K(50560K)->49489K(50560K) NonClass: 43752K(44352K)->43752K(44352K) Class: 5736K(6208K)->5736K(6208K)
[2026-05-14T01:03:54.368+0000][gc          ] GC(9) Pause Young (Normal) (G1 Evacuation Pause) 218M->161M(1024M) 44.052ms
[2026-05-14T01:03:54.368+0000][gc,cpu      ] GC(9) User=0.04s Sys=0.00s Real=0.04s
[2026-05-14T01:04:53.310+0000][gc,start    ] GC(10) Pause Young (Normal) (G1 Evacuation Pause)
[2026-05-14T01:04:53.310+0000][gc,task     ] GC(10) Using 2 workers of 2 for evacuation
[2026-05-14T01:04:53.359+0000][gc,phases   ] GC(10)   Pre Evacuate Collection Set: 3.18ms
[2026-05-14T01:04:53.359+0000][gc,phases   ] GC(10)   Merge Heap Roots: 0.13ms
[2026-05-14T01:04:53.359+0000][gc,phases   ] GC(10)   Evacuate Collection Set: 43.15ms
[2026-05-14T01:04:53.359+0000][gc,phases   ] GC(10)   Post Evacuate Collection Set: 2.09ms
[2026-05-14T01:04:53.359+0000][gc,phases   ] GC(10)   Other: 0.16ms
[2026-05-14T01:04:53.359+0000][gc,heap     ] GC(10) Eden regions: 93->0(254)
[2026-05-14T01:04:53.359+0000][gc,heap     ] GC(10) Survivor regions: 7->8(13)
[2026-05-14T01:04:53.359+0000][gc,heap     ] GC(10) Old regions: 26->26
[2026-05-14T01:04:53.359+0000][gc,heap     ] GC(10) Humongous regions: 129->129
[2026-05-14T01:04:53.359+0000][gc,metaspace] GC(10) Metaspace: 50112K(51264K)->50112K(51264K) NonClass: 44308K(44928K)->44308K(44928K) Class: 5804K(6336K)->5804K(6336K)
[2026-05-14T01:04:53.360+0000][gc          ] GC(10) Pause Young (Normal) (G1 Evacuation Pause) 254M->162M(1024M) 49.144ms
[2026-05-14T01:04:53.360+0000][gc,cpu      ] GC(10) User=0.03s Sys=0.01s Real=0.05s
[2026-05-14T01:15:52.913+0000][gc,start    ] GC(11) Pause Young (Normal) (G1 Evacuation Pause)
[2026-05-14T01:15:52.931+0000][gc,task     ] GC(11) Using 2 workers of 2 for evacuation
[2026-05-14T01:15:52.997+0000][gc,phases   ] GC(11)   Pre Evacuate Collection Set: 11.10ms
[2026-05-14T01:15:52.997+0000][gc,phases   ] GC(11)   Merge Heap Roots: 0.23ms
[2026-05-14T01:15:52.997+0000][gc,phases   ] GC(11)   Evacuate Collection Set: 51.99ms
[2026-05-14T01:15:52.997+0000][gc,phases   ] GC(11)   Post Evacuate Collection Set: 1.96ms
[2026-05-14T01:15:52.997+0000][gc,phases   ] GC(11)   Other: 0.32ms
[2026-05-14T01:15:52.997+0000][gc,heap     ] GC(11) Eden regions: 254->0(260)
[2026-05-14T01:15:52.997+0000][gc,heap     ] GC(11) Survivor regions: 8->11(33)
[2026-05-14T01:15:52.997+0000][gc,heap     ] GC(11) Old regions: 26->26
[2026-05-14T01:15:52.997+0000][gc,heap     ] GC(11) Humongous regions: 129->129
[2026-05-14T01:15:52.997+0000][gc,metaspace] GC(11) Metaspace: 50275K(51392K)->50275K(51392K) NonClass: 44466K(45056K)->44466K(45056K) Class: 5809K(6336K)->5809K(6336K)
[2026-05-14T01:15:52.997+0000][gc          ] GC(11) Pause Young (Normal) (G1 Evacuation Pause) 416M->165M(1024M) 84.504ms
[2026-05-14T01:15:52.997+0000][gc,cpu      ] GC(11) User=0.06s Sys=0.03s Real=0.09s
[2026-05-14T01:27:21.595+0000][gc,start    ] GC(12) Pause Young (Normal) (G1 Evacuation Pause)
[2026-05-14T01:27:21.601+0000][gc,task     ] GC(12) Using 2 workers of 2 for evacuation
[2026-05-14T01:27:21.699+0000][gc,phases   ] GC(12)   Pre Evacuate Collection Set: 5.57ms
[2026-05-14T01:27:21.699+0000][gc,phases   ] GC(12)   Merge Heap Roots: 0.21ms
[2026-05-14T01:27:21.699+0000][gc,phases   ] GC(12)   Evacuate Collection Set: 89.67ms
[2026-05-14T01:27:21.699+0000][gc,phases   ] GC(12)   Post Evacuate Collection Set: 2.17ms
[2026-05-14T01:27:21.699+0000][gc,phases   ] GC(12)   Other: 0.54ms
[2026-05-14T01:27:21.699+0000][gc,heap     ] GC(12) Eden regions: 257->0(503)
[2026-05-14T01:27:21.699+0000][gc,heap     ] GC(12) Survivor regions: 11->15(34)
[2026-05-14T01:27:21.699+0000][gc,heap     ] GC(12) Old regions: 26->26
[2026-05-14T01:27:21.699+0000][gc,heap     ] GC(12) Humongous regions: 129->129
[2026-05-14T01:27:21.699+0000][gc,metaspace] GC(12) Metaspace: 50341K(51456K)->50341K(51456K) NonClass: 44532K(45120K)->44532K(45120K) Class: 5809K(6336K)->5809K(6336K)
[2026-05-14T01:27:21.699+0000][gc          ] GC(12) Pause Young (Normal) (G1 Evacuation Pause) 422M->169M(1024M) 104.327ms
[2026-05-14T01:27:21.699+0000][gc,cpu      ] GC(12) User=0.06s Sys=0.09s Real=0.10s
[2026-05-14T01:49:30.035+0000][gc,start    ] GC(13) Pause Young (Normal) (G1 Evacuation Pause)
[2026-05-14T01:49:30.052+0000][gc,task     ] GC(13) Using 2 workers of 2 for evacuation
[2026-05-14T01:49:30.273+0000][gc,mmu      ] GC(13) MMU target violated: 201.0ms (200.0ms/201.0ms)
[2026-05-14T01:49:30.273+0000][gc,phases   ] GC(13)   Pre Evacuate Collection Set: 26.64ms
[2026-05-14T01:49:30.273+0000][gc,phases   ] GC(13)   Merge Heap Roots: 0.79ms
[2026-05-14T01:49:30.273+0000][gc,phases   ] GC(13)   Evacuate Collection Set: 187.06ms
[2026-05-14T01:49:30.273+0000][gc,phases   ] GC(13)   Post Evacuate Collection Set: 5.07ms
[2026-05-14T01:49:30.273+0000][gc,phases   ] GC(13)   Other: 0.85ms
[2026-05-14T01:49:30.273+0000][gc,heap     ] GC(13) Eden regions: 486->0(124)
[2026-05-14T01:49:30.273+0000][gc,heap     ] GC(13) Survivor regions: 15->25(63)
[2026-05-14T01:49:30.273+0000][gc,heap     ] GC(13) Old regions: 26->26
[2026-05-14T01:49:30.273+0000][gc,heap     ] GC(13) Humongous regions: 129->129
[2026-05-14T01:49:30.273+0000][gc,metaspace] GC(13) Metaspace: 50426K(51584K)->50426K(51584K) NonClass: 44616K(45248K)->44616K(45248K) Class: 5809K(6336K)->5809K(6336K)
[2026-05-14T01:49:30.273+0000][gc          ] GC(13) Pause Young (Normal) (G1 Evacuation Pause) 655M->179M(1024M) 238.098ms
[2026-05-14T01:49:30.273+0000][gc,cpu      ] GC(13) User=0.10s Sys=0.15s Real=0.23s
[2026-05-14T01:54:54.345+0000][gc,start    ] GC(14) Pause Young (Normal) (G1 Evacuation Pause)
[2026-05-14T01:54:54.346+0000][gc,task     ] GC(14) Using 2 workers of 2 for evacuation
[2026-05-14T01:54:54.451+0000][gc,phases   ] GC(14)   Pre Evacuate Collection Set: 1.51ms
[2026-05-14T01:54:54.451+0000][gc,phases   ] GC(14)   Merge Heap Roots: 0.25ms
[2026-05-14T01:54:54.451+0000][gc,phases   ] GC(14)   Evacuate Collection Set: 96.44ms
[2026-05-14T01:54:54.451+0000][gc,phases   ] GC(14)   Post Evacuate Collection Set: 6.14ms
[2026-05-14T01:54:54.452+0000][gc,phases   ] GC(14)   Other: 0.24ms
[2026-05-14T01:54:54.452+0000][gc,heap     ] GC(14) Eden regions: 122->0(420)
[2026-05-14T01:54:54.452+0000][gc,heap     ] GC(14) Survivor regions: 25->7(19)
[2026-05-14T01:54:54.452+0000][gc,heap     ] GC(14) Old regions: 26->47
[2026-05-14T01:54:54.452+0000][gc,heap     ] GC(14) Humongous regions: 129->129
[2026-05-14T01:54:54.452+0000][gc,metaspace] GC(14) Metaspace: 50427K(51584K)->50427K(51584K) NonClass: 44618K(45248K)->44618K(45248K) Class: 5809K(6336K)->5809K(6336K)
[2026-05-14T01:54:54.453+0000][gc          ] GC(14) Pause Young (Normal) (G1 Evacuation Pause) 301M->182M(1024M) 107.330ms
[2026-05-14T01:54:54.453+0000][gc,cpu      ] GC(14) User=0.09s Sys=0.04s Real=0.10s
[2026-05-14T02:13:20.476+0000][gc,start    ] GC(15) Pause Young (Normal) (G1 Evacuation Pause)
[2026-05-14T02:13:20.477+0000][gc,task     ] GC(15) Using 2 workers of 2 for evacuation
[2026-05-14T02:13:21.910+0000][gc,mmu      ] GC(15) MMU target violated: 201.0ms (200.0ms/201.0ms)
[2026-05-14T02:13:21.910+0000][gc,phases   ] GC(15)   Pre Evacuate Collection Set: 53.56ms
[2026-05-14T02:13:21.910+0000][gc,phases   ] GC(15)   Merge Heap Roots: 0.90ms
[2026-05-14T02:13:21.910+0000][gc,phases   ] GC(15)   Evacuate Collection Set: 1189.26ms
[2026-05-14T02:13:21.911+0000][gc,phases   ] GC(15)   Post Evacuate Collection Set: 189.36ms
[2026-05-14T02:13:21.911+0000][gc,phases   ] GC(15)   Other: 0.47ms
[2026-05-14T02:13:21.911+0000][gc,heap     ] GC(15) Eden regions: 407->0(43)
[2026-05-14T02:13:21.911+0000][gc,heap     ] GC(15) Survivor regions: 7->8(52)
[2026-05-14T02:13:21.911+0000][gc,heap     ] GC(15) Old regions: 47->47
[2026-05-14T02:13:21.911+0000][gc,heap     ] GC(15) Humongous regions: 147->147
[2026-05-14T02:13:21.911+0000][gc,metaspace] GC(15) Metaspace: 50683K(51776K)->50683K(51776K) NonClass: 44837K(45440K)->44837K(45440K) Class: 5845K(6336K)->5845K(6336K)
[2026-05-14T02:13:21.916+0000][gc          ] GC(15) Pause Young (Normal) (G1 Evacuation Pause) 607M->200M(1024M) 1434.739ms
[2026-05-14T02:13:21.916+0000][gc,cpu      ] GC(15) User=0.03s Sys=0.77s Real=1.44s
[2026-05-14T02:15:10.395+0000][gc,start    ] GC(16) Pause Young (Normal) (G1 Evacuation Pause)
[2026-05-14T02:15:10.395+0000][gc,task     ] GC(16) Using 2 workers of 2 for evacuation
[2026-05-14T02:15:10.425+0000][gc,phases   ] GC(16)   Pre Evacuate Collection Set: 0.67ms
[2026-05-14T02:15:10.425+0000][gc,phases   ] GC(16)   Merge Heap Roots: 0.15ms
[2026-05-14T02:15:10.425+0000][gc,phases   ] GC(16)   Evacuate Collection Set: 25.00ms
[2026-05-14T02:15:10.425+0000][gc,phases   ] GC(16)   Post Evacuate Collection Set: 3.25ms
[2026-05-14T02:15:10.425+0000][gc,phases   ] GC(16)   Other: 0.16ms
[2026-05-14T02:15:10.425+0000][gc,heap     ] GC(16) Eden regions: 43->0(48)
[2026-05-14T02:15:10.425+0000][gc,heap     ] GC(16) Survivor regions: 8->3(7)
[2026-05-14T02:15:10.425+0000][gc,heap     ] GC(16) Old regions: 47->54
[2026-05-14T02:15:10.425+0000][gc,heap     ] GC(16) Humongous regions: 147->147
[2026-05-14T02:15:10.425+0000][gc,metaspace] GC(16) Metaspace: 50690K(51776K)->50690K(51776K) NonClass: 44845K(45440K)->44845K(45440K) Class: 5845K(6336K)->5845K(6336K)
[2026-05-14T02:15:10.425+0000][gc          ] GC(16) Pause Young (Normal) (G1 Evacuation Pause) 243M->203M(1024M) 29.740ms
[2026-05-14T02:15:10.425+0000][gc,cpu      ] GC(16) User=0.03s Sys=0.01s Real=0.03s
[2026-05-14T02:17:19.130+0000][gc,start    ] GC(17) Pause Young (Normal) (G1 Evacuation Pause)
[2026-05-14T02:17:19.147+0000][gc,task     ] GC(17) Using 2 workers of 2 for evacuation
[2026-05-14T02:17:19.169+0000][gc,phases   ] GC(17)   Pre Evacuate Collection Set: 0.41ms
[2026-05-14T02:17:19.170+0000][gc,phases   ] GC(17)   Merge Heap Roots: 0.14ms
[2026-05-14T02:17:19.170+0000][gc,phases   ] GC(17)   Evacuate Collection Set: 21.19ms
[2026-05-14T02:17:19.170+0000][gc,phases   ] GC(17)   Post Evacuate Collection Set: 0.66ms
[2026-05-14T02:17:19.170+0000][gc,phases   ] GC(17)   Other: 0.18ms
[2026-05-14T02:17:19.170+0000][gc,heap     ] GC(17) Eden regions: 48->0(47)
[2026-05-14T02:17:19.170+0000][gc,heap     ] GC(17) Survivor regions: 3->4(7)
[2026-05-14T02:17:19.171+0000][gc,heap     ] GC(17) Old regions: 54->54
[2026-05-14T02:17:19.171+0000][gc,heap     ] GC(17) Humongous regions: 147->147
[2026-05-14T02:17:19.171+0000][gc,metaspace] GC(17) Metaspace: 50697K(51776K)->50697K(51776K) NonClass: 44851K(45440K)->44851K(45440K) Class: 5845K(6336K)->5845K(6336K)
[2026-05-14T02:17:19.171+0000][gc          ] GC(17) Pause Young (Normal) (G1 Evacuation Pause) 251M->203M(1024M) 40.223ms
[2026-05-14T02:17:19.171+0000][gc,cpu      ] GC(17) User=0.02s Sys=0.02s Real=0.04s
[2026-05-14T02:19:26.195+0000][gc,start    ] GC(18) Pause Young (Normal) (G1 Evacuation Pause)
[2026-05-14T02:19:26.196+0000][gc,task     ] GC(18) Using 2 workers of 2 for evacuation
[2026-05-14T02:19:26.216+0000][gc,phases   ] GC(18)   Pre Evacuate Collection Set: 0.30ms
[2026-05-14T02:19:26.216+0000][gc,phases   ] GC(18)   Merge Heap Roots: 0.17ms
[2026-05-14T02:19:26.216+0000][gc,phases   ] GC(18)   Evacuate Collection Set: 18.39ms
[2026-05-14T02:19:26.216+0000][gc,phases   ] GC(18)   Post Evacuate Collection Set: 1.10ms
[2026-05-14T02:19:26.216+0000][gc,phases   ] GC(18)   Other: 0.22ms
[2026-05-14T02:19:26.216+0000][gc,heap     ] GC(18) Eden regions: 47->0(44)
[2026-05-14T02:19:26.216+0000][gc,heap     ] GC(18) Survivor regions: 4->7(7)
[2026-05-14T02:19:26.216+0000][gc,heap     ] GC(18) Old regions: 54->54
[2026-05-14T02:19:26.216+0000][gc,heap     ] GC(18) Humongous regions: 147->147
[2026-05-14T02:19:26.216+0000][gc,metaspace] GC(18) Metaspace: 50697K(51776K)->50697K(51776K) NonClass: 44851K(45440K)->44851K(45440K) Class: 5845K(6336K)->5845K(6336K)
[2026-05-14T02:19:26.216+0000][gc          ] GC(18) Pause Young (Normal) (G1 Evacuation Pause) 250M->206M(1024M) 21.061ms
[2026-05-14T02:19:26.216+0000][gc,cpu      ] GC(18) User=0.02s Sys=0.02s Real=0.02s
[2026-05-14T02:21:23.741+0000][gc,start    ] GC(19) Pause Young (Normal) (G1 Evacuation Pause)
[2026-05-14T02:21:23.741+0000][gc,task     ] GC(19) Using 2 workers of 2 for evacuation
[2026-05-14T02:21:23.770+0000][gc,phases   ] GC(19)   Pre Evacuate Collection Set: 0.60ms
[2026-05-14T02:21:23.771+0000][gc,phases   ] GC(19)   Merge Heap Roots: 0.26ms
[2026-05-14T02:21:23.771+0000][gc,phases   ] GC(19)   Evacuate Collection Set: 27.34ms
[2026-05-14T02:21:23.771+0000][gc,phases   ] GC(19)   Post Evacuate Collection Set: 0.65ms
[2026-05-14T02:21:23.771+0000][gc,phases   ] GC(19)   Other: 0.23ms
[2026-05-14T02:21:23.771+0000][gc,heap     ] GC(19) Eden regions: 44->0(47)
[2026-05-14T02:21:23.771+0000][gc,heap     ] GC(19) Survivor regions: 7->4(7)
[2026-05-14T02:21:23.771+0000][gc,heap     ] GC(19) Old regions: 54->56
[2026-05-14T02:21:23.771+0000][gc,heap     ] GC(19) Humongous regions: 147->147
[2026-05-14T02:21:23.771+0000][gc,metaspace] GC(19) Metaspace: 50699K(51840K)->50699K(51840K) NonClass: 44854K(45504K)->44854K(45504K) Class: 5845K(6336K)->5845K(6336K)
[2026-05-14T02:21:23.771+0000][gc          ] GC(19) Pause Young (Normal) (G1 Evacuation Pause) 250M->205M(1024M) 30.474ms
[2026-05-14T02:21:23.771+0000][gc,cpu      ] GC(19) User=0.03s Sys=0.00s Real=0.03s
[2026-05-14T02:23:30.100+0000][gc,start    ] GC(20) Pause Young (Normal) (G1 Evacuation Pause)
[2026-05-14T02:23:30.101+0000][gc,task     ] GC(20) Using 2 workers of 2 for evacuation
[2026-05-14T02:23:30.116+0000][gc,phases   ] GC(20)   Pre Evacuate Collection Set: 0.35ms
[2026-05-14T02:23:30.116+0000][gc,phases   ] GC(20)   Merge Heap Roots: 0.48ms
[2026-05-14T02:23:30.116+0000][gc,phases   ] GC(20)   Evacuate Collection Set: 13.87ms
[2026-05-14T02:23:30.116+0000][gc,phases   ] GC(20)   Post Evacuate Collection Set: 0.68ms
[2026-05-14T02:23:30.116+0000][gc,phases   ] GC(20)   Other: 0.18ms
[2026-05-14T02:23:30.116+0000][gc,heap     ] GC(20) Eden regions: 47->0(44)
[2026-05-14T02:23:30.116+0000][gc,heap     ] GC(20) Survivor regions: 4->7(7)
[2026-05-14T02:23:30.116+0000][gc,heap     ] GC(20) Old regions: 56->56
[2026-05-14T02:23:30.116+0000][gc,heap     ] GC(20) Humongous regions: 147->147
[2026-05-14T02:23:30.116+0000][gc,metaspace] GC(20) Metaspace: 50700K(51840K)->50700K(51840K) NonClass: 44854K(45504K)->44854K(45504K) Class: 5845K(6336K)->5845K(6336K)
[2026-05-14T02:23:30.117+0000][gc          ] GC(20) Pause Young (Normal) (G1 Evacuation Pause) 252M->208M(1024M) 16.281ms
[2026-05-14T02:23:30.117+0000][gc,cpu      ] GC(20) User=0.02s Sys=0.01s Real=0.02s
[2026-05-14T02:25:27.441+0000][gc,start    ] GC(21) Pause Young (Normal) (G1 Evacuation Pause)
[2026-05-14T02:25:27.457+0000][gc,task     ] GC(21) Using 2 workers of 2 for evacuation
[2026-05-14T02:25:27.477+0000][gc,phases   ] GC(21)   Pre Evacuate Collection Set: 1.11ms
[2026-05-14T02:25:27.477+0000][gc,phases   ] GC(21)   Merge Heap Roots: 0.19ms
[2026-05-14T02:25:27.477+0000][gc,phases   ] GC(21)   Evacuate Collection Set: 16.30ms
[2026-05-14T02:25:27.477+0000][gc,phases   ] GC(21)   Post Evacuate Collection Set: 2.14ms
[2026-05-14T02:25:27.477+0000][gc,phases   ] GC(21)   Other: 0.39ms
[2026-05-14T02:25:27.477+0000][gc,heap     ] GC(21) Eden regions: 44->0(79)
[2026-05-14T02:25:27.477+0000][gc,heap     ] GC(21) Survivor regions: 7->3(7)
[2026-05-14T02:25:27.477+0000][gc,heap     ] GC(21) Old regions: 56->57
[2026-05-14T02:25:27.477+0000][gc,heap     ] GC(21) Humongous regions: 147->147
[2026-05-14T02:25:27.477+0000][gc,metaspace] GC(21) Metaspace: 50701K(51840K)->50701K(51840K) NonClass: 44856K(45504K)->44856K(45504K) Class: 5845K(6336K)->5845K(6336K)
[2026-05-14T02:25:27.477+0000][gc          ] GC(21) Pause Young (Normal) (G1 Evacuation Pause) 252M->206M(1024M) 36.675ms
[2026-05-14T02:25:27.477+0000][gc,cpu      ] GC(21) User=0.03s Sys=0.00s Real=0.04s
[2026-05-14T02:28:39.881+0000][gc,start    ] GC(22) Pause Young (Normal) (G1 Evacuation Pause)
[2026-05-14T02:28:39.897+0000][gc,task     ] GC(22) Using 2 workers of 2 for evacuation
[2026-05-14T02:28:39.922+0000][gc,phases   ] GC(22)   Pre Evacuate Collection Set: 0.72ms
[2026-05-14T02:28:39.922+0000][gc,phases   ] GC(22)   Merge Heap Roots: 0.39ms
[2026-05-14T02:28:39.922+0000][gc,phases   ] GC(22)   Evacuate Collection Set: 21.86ms
[2026-05-14T02:28:39.922+0000][gc,phases   ] GC(22)   Post Evacuate Collection Set: 1.09ms
[2026-05-14T02:28:39.922+0000][gc,phases   ] GC(22)   Other: 0.42ms
[2026-05-14T02:28:39.922+0000][gc,heap     ] GC(22) Eden regions: 71->0(43)
[2026-05-14T02:28:39.922+0000][gc,heap     ] GC(22) Survivor regions: 3->8(10)
[2026-05-14T02:28:39.922+0000][gc,heap     ] GC(22) Old regions: 57->57
[2026-05-14T02:28:39.922+0000][gc,heap     ] GC(22) Humongous regions: 147->147
[2026-05-14T02:28:39.922+0000][gc,metaspace] GC(22) Metaspace: 50701K(51840K)->50701K(51840K) NonClass: 44856K(45504K)->44856K(45504K) Class: 5845K(6336K)->5845K(6336K)
[2026-05-14T02:28:39.922+0000][gc          ] GC(22) Pause Young (Normal) (G1 Evacuation Pause) 277M->211M(1024M) 41.214ms
[2026-05-14T02:28:39.922+0000][gc,cpu      ] GC(22) User=0.03s Sys=0.02s Real=0.04s
[2026-05-14T02:30:34.686+0000][gc,start    ] GC(23) Pause Young (Normal) (G1 Evacuation Pause)
[2026-05-14T02:30:34.702+0000][gc,task     ] GC(23) Using 2 workers of 2 for evacuation
[2026-05-14T02:30:34.724+0000][gc,phases   ] GC(23)   Pre Evacuate Collection Set: 0.76ms
[2026-05-14T02:30:34.724+0000][gc,phases   ] GC(23)   Merge Heap Roots: 0.42ms
[2026-05-14T02:30:34.724+0000][gc,phases   ] GC(23)   Evacuate Collection Set: 19.51ms
[2026-05-14T02:30:34.724+0000][gc,phases   ] GC(23)   Post Evacuate Collection Set: 0.70ms
[2026-05-14T02:30:34.724+0000][gc,phases   ] GC(23)   Other: 0.46ms
[2026-05-14T02:30:34.724+0000][gc,heap     ] GC(23) Eden regions: 43->0(131)
[2026-05-14T02:30:34.724+0000][gc,heap     ] GC(23) Survivor regions: 8->3(7)
[2026-05-14T02:30:34.724+0000][gc,heap     ] GC(23) Old regions: 57->61
[2026-05-14T02:30:34.724+0000][gc,heap     ] GC(23) Humongous regions: 147->147
[2026-05-14T02:30:34.724+0000][gc,metaspace] GC(23) Metaspace: 50701K(51840K)->50701K(51840K) NonClass: 44856K(45504K)->44856K(45504K) Class: 5845K(6336K)->5845K(6336K)
[2026-05-14T02:30:34.724+0000][gc          ] GC(23) Pause Young (Normal) (G1 Evacuation Pause) 254M->210M(1024M) 37.997ms
[2026-05-14T02:30:34.724+0000][gc,cpu      ] GC(23) User=0.03s Sys=0.01s Real=0.04s
[2026-05-14T02:36:42.646+0000][gc,start    ] GC(24) Pause Young (Normal) (G1 Evacuation Pause)
[2026-05-14T02:36:42.663+0000][gc,task     ] GC(24) Using 2 workers of 2 for evacuation
[2026-05-14T02:36:42.703+0000][gc,phases   ] GC(24)   Pre Evacuate Collection Set: 1.81ms
[2026-05-14T02:36:42.703+0000][gc,phases   ] GC(24)   Merge Heap Roots: 0.47ms
[2026-05-14T02:36:42.703+0000][gc,phases   ] GC(24)   Evacuate Collection Set: 36.44ms
[2026-05-14T02:36:42.703+0000][gc,phases   ] GC(24)   Post Evacuate Collection Set: 0.95ms
[2026-05-14T02:36:42.703+0000][gc,phases   ] GC(24)   Other: 0.31ms
[2026-05-14T02:36:42.703+0000][gc,heap     ] GC(24) Eden regions: 136->0(115)
[2026-05-14T02:36:42.703+0000][gc,heap     ] GC(24) Survivor regions: 3->8(18)
[2026-05-14T02:36:42.703+0000][gc,heap     ] GC(24) Old regions: 61->61
[2026-05-14T02:36:42.703+0000][gc,heap     ] GC(24) Humongous regions: 147->147
[2026-05-14T02:36:42.703+0000][gc,metaspace] GC(24) Metaspace: 50717K(51840K)->50717K(51840K) NonClass: 44872K(45504K)->44872K(45504K) Class: 5845K(6336K)->5845K(6336K)
[2026-05-14T02:36:42.703+0000][gc          ] GC(24) Pause Young (Normal) (G1 Evacuation Pause) 346M->215M(1024M) 56.846ms
[2026-05-14T02:36:42.703+0000][gc,cpu      ] GC(24) User=0.04s Sys=0.03s Real=0.06s
[2026-05-14T02:42:03.131+0000][gc,start    ] GC(25) Pause Young (Normal) (G1 Evacuation Pause)
[2026-05-14T02:42:03.134+0000][gc,task     ] GC(25) Using 2 workers of 2 for evacuation
[2026-05-14T02:42:03.160+0000][gc,phases   ] GC(25)   Pre Evacuate Collection Set: 0.69ms
[2026-05-14T02:42:03.160+0000][gc,phases   ] GC(25)   Merge Heap Roots: 0.23ms
[2026-05-14T02:42:03.160+0000][gc,phases   ] GC(25)   Evacuate Collection Set: 23.48ms
[2026-05-14T02:42:03.160+0000][gc,phases   ] GC(25)   Post Evacuate Collection Set: 1.04ms
[2026-05-14T02:42:03.160+0000][gc,phases   ] GC(25)   Other: 0.17ms
[2026-05-14T02:42:03.160+0000][gc,heap     ] GC(25) Eden regions: 118->0(221)
[2026-05-14T02:42:03.160+0000][gc,heap     ] GC(25) Survivor regions: 8->7(16)
[2026-05-14T02:42:03.160+0000][gc,heap     ] GC(25) Old regions: 61->61
[2026-05-14T02:42:03.160+0000][gc,heap     ] GC(25) Humongous regions: 147->147
[2026-05-14T02:42:03.160+0000][gc,metaspace] GC(25) Metaspace: 50722K(51840K)->50722K(51840K) NonClass: 44876K(45504K)->44876K(45504K) Class: 5845K(6336K)->5845K(6336K)
[2026-05-14T02:42:03.160+0000][gc          ] GC(25) Pause Young (Normal) (G1 Evacuation Pause) 333M->213M(1024M) 28.491ms
[2026-05-14T02:42:03.160+0000][gc,cpu      ] GC(25) User=0.03s Sys=0.00s Real=0.03s
[2026-05-14T02:52:17.603+0000][gc,start    ] GC(26) Pause Young (Normal) (G1 Evacuation Pause)
[2026-05-14T02:52:17.630+0000][gc,task     ] GC(26) Using 2 workers of 2 for evacuation
[2026-05-14T02:52:17.708+0000][gc,phases   ] GC(26)   Pre Evacuate Collection Set: 4.31ms
[2026-05-14T02:52:17.709+0000][gc,phases   ] GC(26)   Merge Heap Roots: 0.23ms
[2026-05-14T02:52:17.709+0000][gc,phases   ] GC(26)   Evacuate Collection Set: 72.68ms
[2026-05-14T02:52:17.709+0000][gc,phases   ] GC(26)   Post Evacuate Collection Set: 0.69ms
[2026-05-14T02:52:17.710+0000][gc,phases   ] GC(26)   Other: 0.42ms
[2026-05-14T02:52:17.710+0000][gc,heap     ] GC(26) Eden regions: 225->0(125)
[2026-05-14T02:52:17.710+0000][gc,heap     ] GC(26) Survivor regions: 7->13(29)
[2026-05-14T02:52:17.710+0000][gc,heap     ] GC(26) Old regions: 61->61
[2026-05-14T02:52:17.710+0000][gc,heap     ] GC(26) Humongous regions: 147->147
[2026-05-14T02:52:17.710+0000][gc,metaspace] GC(26) Metaspace: 50727K(51840K)->50727K(51840K) NonClass: 44882K(45504K)->44882K(45504K) Class: 5845K(6336K)->5845K(6336K)
[2026-05-14T02:52:17.710+0000][gc          ] GC(26) Pause Young (Normal) (G1 Evacuation Pause) 438M->220M(1024M) 107.149ms
[2026-05-14T02:52:17.710+0000][gc,cpu      ] GC(26) User=0.06s Sys=0.08s Real=0.11s
[2026-05-14T02:58:01.769+0000][gc,start    ] GC(27) Pause Young (Normal) (G1 Evacuation Pause)
[2026-05-14T02:58:01.769+0000][gc,task     ] GC(27) Using 2 workers of 2 for evacuation
[2026-05-14T02:58:01.811+0000][gc,phases   ] GC(27)   Pre Evacuate Collection Set: 1.04ms
[2026-05-14T02:58:01.811+0000][gc,phases   ] GC(27)   Merge Heap Roots: 0.39ms
[2026-05-14T02:58:01.811+0000][gc,phases   ] GC(27)   Evacuate Collection Set: 38.38ms
[2026-05-14T02:58:01.811+0000][gc,phases   ] GC(27)   Post Evacuate Collection Set: 1.37ms
[2026-05-14T02:58:01.811+0000][gc,phases   ] GC(27)   Other: 0.28ms
[2026-05-14T02:58:01.811+0000][gc,heap     ] GC(27) Eden regions: 129->0(335)
[2026-05-14T02:58:01.811+0000][gc,heap     ] GC(27) Survivor regions: 13->9(18)
[2026-05-14T02:58:01.811+0000][gc,heap     ] GC(27) Old regions: 61->66
[2026-05-14T02:58:01.811+0000][gc,heap     ] GC(27) Humongous regions: 147->147
[2026-05-14T02:58:01.811+0000][gc,metaspace] GC(27) Metaspace: 50729K(51840K)->50729K(51840K) NonClass: 44884K(45504K)->44884K(45504K) Class: 5845K(6336K)->5845K(6336K)
[2026-05-14T02:58:01.811+0000][gc          ] GC(27) Pause Young (Normal) (G1 Evacuation Pause) 349M->221M(1024M) 42.175ms
[2026-05-14T02:58:01.811+0000][gc,cpu      ] GC(27) User=0.06s Sys=0.02s Real=0.04s
[2026-05-14T03:13:32.741+0000][gc,start    ] GC(28) Pause Young (Normal) (G1 Evacuation Pause)
[2026-05-14T03:13:32.760+0000][gc,task     ] GC(28) Using 2 workers of 2 for evacuation
[2026-05-14T03:13:32.837+0000][gc,phases   ] GC(28)   Pre Evacuate Collection Set: 4.75ms
[2026-05-14T03:13:32.837+0000][gc,phases   ] GC(28)   Merge Heap Roots: 0.27ms
[2026-05-14T03:13:32.837+0000][gc,phases   ] GC(28)   Evacuate Collection Set: 68.97ms
[2026-05-14T03:13:32.837+0000][gc,phases   ] GC(28)   Post Evacuate Collection Set: 1.57ms
[2026-05-14T03:13:32.837+0000][gc,phases   ] GC(28)   Other: 0.49ms
[2026-05-14T03:13:32.837+0000][gc,heap     ] GC(28) Eden regions: 341->0(334)
[2026-05-14T03:13:32.837+0000][gc,heap     ] GC(28) Survivor regions: 9->12(44)
[2026-05-14T03:13:32.837+0000][gc,heap     ] GC(28) Old regions: 66->66
[2026-05-14T03:13:32.837+0000][gc,heap     ] GC(28) Humongous regions: 147->147
[2026-05-14T03:13:32.837+0000][gc,metaspace] GC(28) Metaspace: 50836K(51968K)->50836K(51968K) NonClass: 44975K(45568K)->44975K(45568K) Class: 5861K(6400K)->5861K(6400K)
[2026-05-14T03:13:32.838+0000][gc          ] GC(28) Pause Young (Normal) (G1 Evacuation Pause) 562M->224M(1024M) 96.862ms
[2026-05-14T03:13:32.838+0000][gc,cpu      ] GC(28) User=0.03s Sys=0.11s Real=0.10s
[2026-05-14T03:29:01.769+0000][gc,start    ] GC(29) Pause Young (Normal) (G1 Evacuation Pause)
[2026-05-14T03:29:01.790+0000][gc,task     ] GC(29) Using 2 workers of 2 for evacuation
[2026-05-14T03:29:01.858+0000][gc,phases   ] GC(29)   Pre Evacuate Collection Set: 2.18ms
[2026-05-14T03:29:01.859+0000][gc,phases   ] GC(29)   Merge Heap Roots: 0.16ms
[2026-05-14T03:29:01.859+0000][gc,phases   ] GC(29)   Evacuate Collection Set: 64.83ms
[2026-05-14T03:29:01.859+0000][gc,phases   ] GC(29)   Post Evacuate Collection Set: 1.14ms
[2026-05-14T03:29:01.859+0000][gc,phases   ] GC(29)   Other: 0.53ms
[2026-05-14T03:29:01.859+0000][gc,heap     ] GC(29) Eden regions: 339->0(536)
[2026-05-14T03:29:01.859+0000][gc,heap     ] GC(29) Survivor regions: 12->11(44)
[2026-05-14T03:29:01.859+0000][gc,heap     ] GC(29) Old regions: 66->66
[2026-05-14T03:29:01.859+0000][gc,heap     ] GC(29) Humongous regions: 147->147
[2026-05-14T03:29:01.859+0000][gc,metaspace] GC(29) Metaspace: 50840K(51968K)->50840K(51968K) NonClass: 44979K(45568K)->44979K(45568K) Class: 5861K(6400K)->5861K(6400K)
[2026-05-14T03:29:01.859+0000][gc          ] GC(29) Pause Young (Normal) (G1 Evacuation Pause) 563M->222M(1024M) 90.057ms
[2026-05-14T03:29:01.859+0000][gc,cpu      ] GC(29) User=0.05s Sys=0.08s Real=0.09s
[2026-05-14T03:53:45.739+0000][gc,start    ] GC(30) Pause Young (Normal) (G1 Evacuation Pause)
[2026-05-14T03:53:45.757+0000][gc,task     ] GC(30) Using 2 workers of 2 for evacuation
[2026-05-14T03:53:45.811+0000][gc,phases   ] GC(30)   Pre Evacuate Collection Set: 5.26ms
[2026-05-14T03:53:45.811+0000][gc,phases   ] GC(30)   Merge Heap Roots: 0.39ms
[2026-05-14T03:53:45.811+0000][gc,phases   ] GC(30)   Evacuate Collection Set: 46.47ms
[2026-05-14T03:53:45.811+0000][gc,phases   ] GC(30)   Post Evacuate Collection Set: 1.67ms
[2026-05-14T03:53:45.811+0000][gc,phases   ] GC(30)   Other: 0.86ms
[2026-05-14T03:53:45.811+0000][gc,heap     ] GC(30) Eden regions: 541->0(604)
[2026-05-14T03:53:45.811+0000][gc,heap     ] GC(30) Survivor regions: 11->10(69)
[2026-05-14T03:53:45.811+0000][gc,heap     ] GC(30) Old regions: 66->66
[2026-05-14T03:53:45.811+0000][gc,heap     ] GC(30) Humongous regions: 147->147
[2026-05-14T03:53:45.811+0000][gc,metaspace] GC(30) Metaspace: 50852K(51968K)->50852K(51968K) NonClass: 44990K(45568K)->44990K(45568K) Class: 5861K(6400K)->5861K(6400K)
[2026-05-14T03:53:45.811+0000][gc          ] GC(30) Pause Young (Normal) (G1 Evacuation Pause) 763M->222M(1024M) 72.986ms
[2026-05-14T03:53:45.812+0000][gc,cpu      ] GC(30) User=0.04s Sys=0.06s Real=0.07s
[2026-05-14T04:04:40.483+0000][gc,heap,exit] Heap
[2026-05-14T04:04:40.484+0000][gc,heap,exit]  garbage-first heap   total 1048576K, used 495791K [0x00000000c0000000, 0x0000000100000000)
[2026-05-14T04:04:40.484+0000][gc,heap,exit]   region size 1024K, 272 young (278528K), 10 survivors (10240K)
[2026-05-14T04:04:40.484+0000][gc,heap,exit]  Metaspace       used 52271K, committed 53440K, reserved 1114112K
[2026-05-14T04:04:40.484+0000][gc,heap,exit]   class space    used 6139K, committed 6656K, reserved 1048576K
