[2026-05-13T16:54:39.883+0000][gc,init] CardTable entry size: 512
[2026-05-13T16:54:39.884+0000][gc     ] Using G1
[2026-05-13T16:54:39.904+0000][gc,init] Version: 21.0.10+7-LTS (release)
[2026-05-13T16:54:39.904+0000][gc,init] CPUs: 2 total, 2 available
[2026-05-13T16:54:39.904+0000][gc,init] Memory: 3732M
[2026-05-13T16:54:39.904+0000][gc,init] Large Page Support: Disabled
[2026-05-13T16:54:39.904+0000][gc,init] NUMA Support: Disabled
[2026-05-13T16:54:39.904+0000][gc,init] Compressed Oops: Enabled (32-bit)
[2026-05-13T16:54:39.904+0000][gc,init] Heap Region Size: 1M
[2026-05-13T16:54:39.904+0000][gc,init] Heap Min Capacity: 1G
[2026-05-13T16:54:39.904+0000][gc,init] Heap Initial Capacity: 1G
[2026-05-13T16:54:39.904+0000][gc,init] Heap Max Capacity: 1G
[2026-05-13T16:54:39.904+0000][gc,init] Pre-touch: Disabled
[2026-05-13T16:54:39.904+0000][gc,init] Parallel Workers: 2
[2026-05-13T16:54:39.905+0000][gc,init] Concurrent Workers: 1
[2026-05-13T16:54:39.905+0000][gc,init] Concurrent Refinement Workers: 2
[2026-05-13T16:54:39.905+0000][gc,init] Periodic GC: Disabled
[2026-05-13T16:54:40.117+0000][gc,metaspace] CDS archive(s) mapped at: [0x00007f26f9000000-0x00007f26f9bad000-0x00007f26f9bad000), size 12242944, SharedBaseAddress: 0x00007f26f9000000, ArchiveRelocationMode: 1.
[2026-05-13T16:54:40.117+0000][gc,metaspace] Compressed class space mapped at: 0x00007f26fd000000-0x00007f273d000000, reserved size: 1073741824
[2026-05-13T16:54:40.117+0000][gc,metaspace] Narrow klass base: 0x00007f26f9000000, Narrow klass shift: 0, Narrow klass range: 0x100000000
[2026-05-13T16:54:42.951+0000][gc,start    ] GC(0) Pause Young (Normal) (G1 Evacuation Pause)
[2026-05-13T16:54:42.952+0000][gc,task     ] GC(0) Using 2 workers of 2 for evacuation
[2026-05-13T16:54:42.969+0000][gc,phases   ] GC(0)   Pre Evacuate Collection Set: 0.32ms
[2026-05-13T16:54:42.969+0000][gc,phases   ] GC(0)   Merge Heap Roots: 0.13ms
[2026-05-13T16:54:42.969+0000][gc,phases   ] GC(0)   Evacuate Collection Set: 14.55ms
[2026-05-13T16:54:42.969+0000][gc,phases   ] GC(0)   Post Evacuate Collection Set: 1.28ms
[2026-05-13T16:54:42.969+0000][gc,phases   ] GC(0)   Other: 1.31ms
[2026-05-13T16:54:42.969+0000][gc,heap     ] GC(0) Eden regions: 51->0(44)
[2026-05-13T16:54:42.969+0000][gc,heap     ] GC(0) Survivor regions: 0->7(7)
[2026-05-13T16:54:42.969+0000][gc,heap     ] GC(0) Old regions: 1->2
[2026-05-13T16:54:42.969+0000][gc,heap     ] GC(0) Humongous regions: 0->0
[2026-05-13T16:54:42.969+0000][gc,metaspace] GC(0) Metaspace: 15097K(15360K)->15097K(15360K) NonClass: 13367K(13504K)->13367K(13504K) Class: 1730K(1856K)->1730K(1856K)
[2026-05-13T16:54:42.970+0000][gc          ] GC(0) Pause Young (Normal) (G1 Evacuation Pause) 51M->8M(1024M) 18.242ms
[2026-05-13T16:54:42.970+0000][gc,cpu      ] GC(0) User=0.02s Sys=0.00s Real=0.02s
[2026-05-13T16:54:43.894+0000][gc,start    ] GC(1) Pause Young (Concurrent Start) (Metadata GC Threshold)
[2026-05-13T16:54:43.894+0000][gc,task     ] GC(1) Using 2 workers of 2 for evacuation
[2026-05-13T16:54:43.958+0000][gc,phases   ] GC(1)   Pre Evacuate Collection Set: 0.34ms
[2026-05-13T16:54:43.958+0000][gc,phases   ] GC(1)   Merge Heap Roots: 0.12ms
[2026-05-13T16:54:43.958+0000][gc,phases   ] GC(1)   Evacuate Collection Set: 61.44ms
[2026-05-13T16:54:43.958+0000][gc,phases   ] GC(1)   Post Evacuate Collection Set: 1.46ms
[2026-05-13T16:54:43.958+0000][gc,phases   ] GC(1)   Other: 0.17ms
[2026-05-13T16:54:43.958+0000][gc,heap     ] GC(1) Eden regions: 18->0(49)
[2026-05-13T16:54:43.958+0000][gc,heap     ] GC(1) Survivor regions: 7->2(7)
[2026-05-13T16:54:43.958+0000][gc,heap     ] GC(1) Old regions: 2->9
[2026-05-13T16:54:43.958+0000][gc,heap     ] GC(1) Humongous regions: 0->0
[2026-05-13T16:54:43.958+0000][gc,metaspace] GC(1) Metaspace: 21241K(21504K)->21241K(21504K) NonClass: 18637K(18752K)->18637K(18752K) Class: 2603K(2752K)->2603K(2752K)
[2026-05-13T16:54:43.958+0000][gc          ] GC(1) Pause Young (Concurrent Start) (Metadata GC Threshold) 26M->10M(1024M) 63.922ms
[2026-05-13T16:54:43.958+0000][gc,cpu      ] GC(1) User=0.02s Sys=0.00s Real=0.07s
[2026-05-13T16:54:43.958+0000][gc          ] GC(2) Concurrent Mark Cycle
[2026-05-13T16:54:43.960+0000][gc,marking  ] GC(2) Concurrent Scan Root Regions
[2026-05-13T16:54:43.978+0000][gc,marking  ] GC(2) Concurrent Scan Root Regions 18.571ms
[2026-05-13T16:54:43.978+0000][gc,marking  ] GC(2) Concurrent Mark
[2026-05-13T16:54:43.978+0000][gc,marking  ] GC(2) Concurrent Mark From Roots
[2026-05-13T16:54:43.978+0000][gc,task     ] GC(2) Using 1 workers of 1 for marking
[2026-05-13T16:54:43.997+0000][gc,marking  ] GC(2) Concurrent Mark From Roots 18.322ms
[2026-05-13T16:54:43.997+0000][gc,marking  ] GC(2) Concurrent Preclean
[2026-05-13T16:54:43.997+0000][gc,marking  ] GC(2) Concurrent Preclean 0.019ms
[2026-05-13T16:54:43.999+0000][gc,start    ] GC(2) Pause Remark
[2026-05-13T16:54:44.005+0000][gc          ] GC(2) Pause Remark 10M->10M(1024M) 6.133ms
[2026-05-13T16:54:44.005+0000][gc,cpu      ] GC(2) User=0.00s Sys=0.00s Real=0.00s
[2026-05-13T16:54:44.006+0000][gc,marking  ] GC(2) Concurrent Mark 27.363ms
[2026-05-13T16:54:44.006+0000][gc,marking  ] GC(2) Concurrent Rebuild Remembered Sets and Scrub Regions
[2026-05-13T16:54:44.013+0000][gc,marking  ] GC(2) Concurrent Rebuild Remembered Sets and Scrub Regions 7.120ms
[2026-05-13T16:54:44.014+0000][gc,start    ] GC(2) Pause Cleanup
[2026-05-13T16:54:44.014+0000][gc          ] GC(2) Pause Cleanup 10M->10M(1024M) 0.069ms
[2026-05-13T16:54:44.014+0000][gc,cpu      ] GC(2) User=0.00s Sys=0.00s Real=0.00s
[2026-05-13T16:54:44.014+0000][gc,marking  ] GC(2) Concurrent Clear Claimed Marks
[2026-05-13T16:54:44.014+0000][gc,marking  ] GC(2) Concurrent Clear Claimed Marks 0.036ms
[2026-05-13T16:54:44.014+0000][gc,marking  ] GC(2) Concurrent Cleanup for Next Mark
[2026-05-13T16:54:44.063+0000][gc,marking  ] GC(2) Concurrent Cleanup for Next Mark 48.881ms
[2026-05-13T16:54:44.063+0000][gc          ] GC(2) Concurrent Mark Cycle 104.955ms
[2026-05-13T16:54:46.116+0000][gc,start    ] GC(3) Pause Young (Normal) (G1 Evacuation Pause)
[2026-05-13T16:54:46.116+0000][gc,task     ] GC(3) Using 2 workers of 2 for evacuation
[2026-05-13T16:54:46.130+0000][gc,phases   ] GC(3)   Pre Evacuate Collection Set: 0.28ms
[2026-05-13T16:54:46.130+0000][gc,phases   ] GC(3)   Merge Heap Roots: 0.06ms
[2026-05-13T16:54:46.130+0000][gc,phases   ] GC(3)   Evacuate Collection Set: 11.88ms
[2026-05-13T16:54:46.130+0000][gc,phases   ] GC(3)   Post Evacuate Collection Set: 1.59ms
[2026-05-13T16:54:46.130+0000][gc,phases   ] GC(3)   Other: 0.45ms
[2026-05-13T16:54:46.130+0000][gc,heap     ] GC(3) Eden regions: 49->0(45)
[2026-05-13T16:54:46.130+0000][gc,heap     ] GC(3) Survivor regions: 2->6(7)
[2026-05-13T16:54:46.130+0000][gc,heap     ] GC(3) Old regions: 9->9
[2026-05-13T16:54:46.130+0000][gc,heap     ] GC(3) Humongous regions: 0->0
[2026-05-13T16:54:46.130+0000][gc,metaspace] GC(3) Metaspace: 33846K(34304K)->33846K(34304K) NonClass: 29937K(30208K)->29937K(30208K) Class: 3908K(4096K)->3908K(4096K)
[2026-05-13T16:54:46.130+0000][gc          ] GC(3) Pause Young (Normal) (G1 Evacuation Pause) 59M->14M(1024M) 14.818ms
[2026-05-13T16:54:46.130+0000][gc,cpu      ] GC(3) User=0.02s Sys=0.00s Real=0.02s
[2026-05-13T16:54:46.653+0000][gc,start    ] GC(4) Pause Young (Concurrent Start) (Metadata GC Threshold)
[2026-05-13T16:54:46.653+0000][gc,task     ] GC(4) Using 2 workers of 2 for evacuation
[2026-05-13T16:54:46.786+0000][gc,phases   ] GC(4)   Pre Evacuate Collection Set: 0.47ms
[2026-05-13T16:54:46.786+0000][gc,phases   ] GC(4)   Merge Heap Roots: 0.06ms
[2026-05-13T16:54:46.786+0000][gc,phases   ] GC(4)   Evacuate Collection Set: 128.76ms
[2026-05-13T16:54:46.787+0000][gc,phases   ] GC(4)   Post Evacuate Collection Set: 3.10ms
[2026-05-13T16:54:46.787+0000][gc,phases   ] GC(4)   Other: 0.49ms
[2026-05-13T16:54:46.787+0000][gc,heap     ] GC(4) Eden regions: 8->0(54)
[2026-05-13T16:54:46.787+0000][gc,heap     ] GC(4) Survivor regions: 6->1(7)
[2026-05-13T16:54:46.787+0000][gc,heap     ] GC(4) Old regions: 9->15
[2026-05-13T16:54:46.787+0000][gc,heap     ] GC(4) Humongous regions: 0->0
[2026-05-13T16:54:46.788+0000][gc,metaspace] GC(4) Metaspace: 35593K(35968K)->35593K(35968K) NonClass: 31453K(31680K)->31453K(31680K) Class: 4139K(4288K)->4139K(4288K)
[2026-05-13T16:54:46.788+0000][gc          ] GC(4) Pause Young (Concurrent Start) (Metadata GC Threshold) 21M->15M(1024M) 135.301ms
[2026-05-13T16:54:46.788+0000][gc,cpu      ] GC(4) User=0.05s Sys=0.01s Real=0.14s
[2026-05-13T16:54:46.788+0000][gc          ] GC(5) Concurrent Mark Cycle
[2026-05-13T16:54:46.789+0000][gc,marking  ] GC(5) Concurrent Scan Root Regions
[2026-05-13T16:54:46.804+0000][gc,marking  ] GC(5) Concurrent Scan Root Regions 15.524ms
[2026-05-13T16:54:46.805+0000][gc,marking  ] GC(5) Concurrent Mark
[2026-05-13T16:54:46.805+0000][gc,marking  ] GC(5) Concurrent Mark From Roots
[2026-05-13T16:54:46.805+0000][gc,task     ] GC(5) Using 1 workers of 1 for marking
[2026-05-13T16:54:46.884+0000][gc,marking  ] GC(5) Concurrent Mark From Roots 79.366ms
[2026-05-13T16:54:46.885+0000][gc,marking  ] GC(5) Concurrent Preclean
[2026-05-13T16:54:46.885+0000][gc,marking  ] GC(5) Concurrent Preclean 0.300ms
[2026-05-13T16:54:46.886+0000][gc,start    ] GC(5) Pause Remark
[2026-05-13T16:54:46.900+0000][gc          ] GC(5) Pause Remark 16M->16M(1024M) 14.380ms
[2026-05-13T16:54:46.900+0000][gc,cpu      ] GC(5) User=0.01s Sys=0.00s Real=0.02s
[2026-05-13T16:54:46.902+0000][gc,marking  ] GC(5) Concurrent Mark 97.468ms
[2026-05-13T16:54:46.903+0000][gc,marking  ] GC(5) Concurrent Rebuild Remembered Sets and Scrub Regions
[2026-05-13T16:54:46.972+0000][gc,marking  ] GC(5) Concurrent Rebuild Remembered Sets and Scrub Regions 69.737ms
[2026-05-13T16:54:46.981+0000][gc,start    ] GC(5) Pause Cleanup
[2026-05-13T16:54:46.981+0000][gc          ] GC(5) Pause Cleanup 17M->17M(1024M) 0.437ms
[2026-05-13T16:54:46.981+0000][gc,cpu      ] GC(5) User=0.00s Sys=0.00s Real=0.00s
[2026-05-13T16:54:46.983+0000][gc,marking  ] GC(5) Concurrent Clear Claimed Marks
[2026-05-13T16:54:46.983+0000][gc,marking  ] GC(5) Concurrent Clear Claimed Marks 0.257ms
[2026-05-13T16:54:46.983+0000][gc,marking  ] GC(5) Concurrent Cleanup for Next Mark
[2026-05-13T16:54:46.996+0000][gc,marking  ] GC(5) Concurrent Cleanup for Next Mark 12.818ms
[2026-05-13T16:54:46.996+0000][gc          ] GC(5) Concurrent Mark Cycle 208.181ms
[2026-05-13T16:54:49.267+0000][gc,start    ] GC(6) Pause Young (Normal) (G1 Evacuation Pause)
[2026-05-13T16:54:49.267+0000][gc,task     ] GC(6) Using 2 workers of 2 for evacuation
[2026-05-13T16:54:49.289+0000][gc,phases   ] GC(6)   Pre Evacuate Collection Set: 1.72ms
[2026-05-13T16:54:49.289+0000][gc,phases   ] GC(6)   Merge Heap Roots: 0.12ms
[2026-05-13T16:54:49.289+0000][gc,phases   ] GC(6)   Evacuate Collection Set: 18.94ms
[2026-05-13T16:54:49.289+0000][gc,phases   ] GC(6)   Post Evacuate Collection Set: 1.27ms
[2026-05-13T16:54:49.289+0000][gc,phases   ] GC(6)   Other: 0.10ms
[2026-05-13T16:54:49.289+0000][gc,heap     ] GC(6) Eden regions: 50->0(44)
[2026-05-13T16:54:49.289+0000][gc,heap     ] GC(6) Survivor regions: 1->7(7)
[2026-05-13T16:54:49.289+0000][gc,heap     ] GC(6) Old regions: 15->17
[2026-05-13T16:54:49.289+0000][gc,heap     ] GC(6) Humongous regions: 129->129
[2026-05-13T16:54:49.289+0000][gc,metaspace] GC(6) Metaspace: 42895K(43712K)->42895K(43712K) NonClass: 37850K(38336K)->37850K(38336K) Class: 5045K(5376K)->5045K(5376K)
[2026-05-13T16:54:49.289+0000][gc          ] GC(6) Pause Young (Normal) (G1 Evacuation Pause) 194M->152M(1024M) 22.531ms
[2026-05-13T16:54:49.289+0000][gc,cpu      ] GC(6) User=0.03s Sys=0.00s Real=0.02s
