[2026-05-14T00:18:14.857+0000][gc,init] CardTable entry size: 512
[2026-05-14T00:18:14.857+0000][gc     ] Using G1
[2026-05-14T00:18:14.882+0000][gc,init] Version: 21.0.10+7-LTS (release)
[2026-05-14T00:18:14.882+0000][gc,init] CPUs: 2 total, 2 available
[2026-05-14T00:18:14.882+0000][gc,init] Memory: 3732M
[2026-05-14T00:18:14.882+0000][gc,init] Large Page Support: Disabled
[2026-05-14T00:18:14.882+0000][gc,init] NUMA Support: Disabled
[2026-05-14T00:18:14.882+0000][gc,init] Compressed Oops: Enabled (32-bit)
[2026-05-14T00:18:14.882+0000][gc,init] Heap Region Size: 1M
[2026-05-14T00:18:14.882+0000][gc,init] Heap Min Capacity: 1G
[2026-05-14T00:18:14.882+0000][gc,init] Heap Initial Capacity: 1G
[2026-05-14T00:18:14.882+0000][gc,init] Heap Max Capacity: 1G
[2026-05-14T00:18:14.882+0000][gc,init] Pre-touch: Disabled
[2026-05-14T00:18:14.882+0000][gc,init] Parallel Workers: 2
[2026-05-14T00:18:14.883+0000][gc,init] Concurrent Workers: 1
[2026-05-14T00:18:14.883+0000][gc,init] Concurrent Refinement Workers: 2
[2026-05-14T00:18:14.883+0000][gc,init] Periodic GC: Disabled
[2026-05-14T00:18:15.197+0000][gc,metaspace] CDS archive(s) mapped at: [0x00007f00e9000000-0x00007f00e9bad000-0x00007f00e9bad000), size 12242944, SharedBaseAddress: 0x00007f00e9000000, ArchiveRelocationMode: 1.
[2026-05-14T00:18:15.197+0000][gc,metaspace] Compressed class space mapped at: 0x00007f00ed000000-0x00007f012d000000, reserved size: 1073741824
[2026-05-14T00:18:15.199+0000][gc,metaspace] Narrow klass base: 0x00007f00e9000000, Narrow klass shift: 0, Narrow klass range: 0x100000000
[2026-05-14T00:18:22.296+0000][gc,start    ] GC(0) Pause Young (Normal) (G1 Evacuation Pause)
[2026-05-14T00:18:22.297+0000][gc,task     ] GC(0) Using 2 workers of 2 for evacuation
[2026-05-14T00:18:22.357+0000][gc,phases   ] GC(0)   Pre Evacuate Collection Set: 11.94ms
[2026-05-14T00:18:22.357+0000][gc,phases   ] GC(0)   Merge Heap Roots: 0.22ms
[2026-05-14T00:18:22.357+0000][gc,phases   ] GC(0)   Evacuate Collection Set: 39.94ms
[2026-05-14T00:18:22.357+0000][gc,phases   ] GC(0)   Post Evacuate Collection Set: 8.03ms
[2026-05-14T00:18:22.357+0000][gc,phases   ] GC(0)   Other: 0.45ms
[2026-05-14T00:18:22.357+0000][gc,heap     ] GC(0) Eden regions: 51->0(44)
[2026-05-14T00:18:22.358+0000][gc,heap     ] GC(0) Survivor regions: 0->7(7)
[2026-05-14T00:18:22.358+0000][gc,heap     ] GC(0) Old regions: 1->2
[2026-05-14T00:18:22.358+0000][gc,heap     ] GC(0) Humongous regions: 0->0
[2026-05-14T00:18:22.358+0000][gc,metaspace] GC(0) Metaspace: 15520K(15744K)->15520K(15744K) NonClass: 13763K(13888K)->13763K(13888K) Class: 1757K(1856K)->1757K(1856K)
[2026-05-14T00:18:22.358+0000][gc          ] GC(0) Pause Young (Normal) (G1 Evacuation Pause) 51M->8M(1024M) 61.509ms
[2026-05-14T00:18:22.358+0000][gc,cpu      ] GC(0) User=0.01s Sys=0.01s Real=0.06s
[2026-05-14T00:18:23.994+0000][gc,start    ] GC(1) Pause Young (Concurrent Start) (Metadata GC Threshold)
[2026-05-14T00:18:23.995+0000][gc,task     ] GC(1) Using 2 workers of 2 for evacuation
[2026-05-14T00:18:24.027+0000][gc,phases   ] GC(1)   Pre Evacuate Collection Set: 3.01ms
[2026-05-14T00:18:24.027+0000][gc,phases   ] GC(1)   Merge Heap Roots: 0.05ms
[2026-05-14T00:18:24.027+0000][gc,phases   ] GC(1)   Evacuate Collection Set: 26.98ms
[2026-05-14T00:18:24.027+0000][gc,phases   ] GC(1)   Post Evacuate Collection Set: 1.00ms
[2026-05-14T00:18:24.027+0000][gc,phases   ] GC(1)   Other: 0.36ms
[2026-05-14T00:18:24.028+0000][gc,heap     ] GC(1) Eden regions: 17->0(49)
[2026-05-14T00:18:24.028+0000][gc,heap     ] GC(1) Survivor regions: 7->2(7)
[2026-05-14T00:18:24.028+0000][gc,heap     ] GC(1) Old regions: 2->10
[2026-05-14T00:18:24.028+0000][gc,heap     ] GC(1) Humongous regions: 0->0
[2026-05-14T00:18:24.028+0000][gc,metaspace] GC(1) Metaspace: 21265K(21504K)->21265K(21504K) NonClass: 18671K(18816K)->18671K(18816K) Class: 2594K(2688K)->2594K(2688K)
[2026-05-14T00:18:24.028+0000][gc          ] GC(1) Pause Young (Concurrent Start) (Metadata GC Threshold) 25M->10M(1024M) 34.122ms
[2026-05-14T00:18:24.029+0000][gc,cpu      ] GC(1) User=0.03s Sys=0.00s Real=0.03s
[2026-05-14T00:18:24.029+0000][gc          ] GC(2) Concurrent Mark Cycle
[2026-05-14T00:18:24.029+0000][gc,marking  ] GC(2) Concurrent Scan Root Regions
[2026-05-14T00:18:24.040+0000][gc,marking  ] GC(2) Concurrent Scan Root Regions 11.281ms
[2026-05-14T00:18:24.041+0000][gc,marking  ] GC(2) Concurrent Mark
[2026-05-14T00:18:24.041+0000][gc,marking  ] GC(2) Concurrent Mark From Roots
[2026-05-14T00:18:24.041+0000][gc,task     ] GC(2) Using 1 workers of 1 for marking
[2026-05-14T00:18:24.062+0000][gc,marking  ] GC(2) Concurrent Mark From Roots 21.557ms
[2026-05-14T00:18:24.062+0000][gc,marking  ] GC(2) Concurrent Preclean
[2026-05-14T00:18:24.062+0000][gc,marking  ] GC(2) Concurrent Preclean 0.017ms
[2026-05-14T00:18:24.063+0000][gc,start    ] GC(2) Pause Remark
[2026-05-14T00:18:24.067+0000][gc          ] GC(2) Pause Remark 11M->11M(1024M) 3.771ms
[2026-05-14T00:18:24.067+0000][gc,cpu      ] GC(2) User=0.01s Sys=0.00s Real=0.01s
[2026-05-14T00:18:24.068+0000][gc,marking  ] GC(2) Concurrent Mark 27.812ms
[2026-05-14T00:18:24.069+0000][gc,marking  ] GC(2) Concurrent Rebuild Remembered Sets and Scrub Regions
[2026-05-14T00:18:24.143+0000][gc,marking  ] GC(2) Concurrent Rebuild Remembered Sets and Scrub Regions 74.805ms
[2026-05-14T00:18:24.144+0000][gc,start    ] GC(2) Pause Cleanup
[2026-05-14T00:18:24.146+0000][gc          ] GC(2) Pause Cleanup 12M->12M(1024M) 2.436ms
[2026-05-14T00:18:24.147+0000][gc,cpu      ] GC(2) User=0.00s Sys=0.00s Real=0.00s
[2026-05-14T00:18:24.147+0000][gc,marking  ] GC(2) Concurrent Clear Claimed Marks
[2026-05-14T00:18:24.147+0000][gc,marking  ] GC(2) Concurrent Clear Claimed Marks 0.193ms
[2026-05-14T00:18:24.148+0000][gc,marking  ] GC(2) Concurrent Cleanup for Next Mark
[2026-05-14T00:18:24.218+0000][gc,marking  ] GC(2) Concurrent Cleanup for Next Mark 70.829ms
[2026-05-14T00:18:24.222+0000][gc          ] GC(2) Concurrent Mark Cycle 192.895ms
[2026-05-14T00:18:29.198+0000][gc,start    ] GC(3) Pause Young (Normal) (G1 Evacuation Pause)
[2026-05-14T00:18:29.199+0000][gc,task     ] GC(3) Using 2 workers of 2 for evacuation
[2026-05-14T00:18:29.227+0000][gc,phases   ] GC(3)   Pre Evacuate Collection Set: 0.29ms
[2026-05-14T00:18:29.227+0000][gc,phases   ] GC(3)   Merge Heap Roots: 0.07ms
[2026-05-14T00:18:29.227+0000][gc,phases   ] GC(3)   Evacuate Collection Set: 25.41ms
[2026-05-14T00:18:29.227+0000][gc,phases   ] GC(3)   Post Evacuate Collection Set: 1.74ms
[2026-05-14T00:18:29.227+0000][gc,phases   ] GC(3)   Other: 0.24ms
[2026-05-14T00:18:29.227+0000][gc,heap     ] GC(3) Eden regions: 49->0(45)
[2026-05-14T00:18:29.228+0000][gc,heap     ] GC(3) Survivor regions: 2->6(7)
[2026-05-14T00:18:29.228+0000][gc,heap     ] GC(3) Old regions: 10->10
[2026-05-14T00:18:29.228+0000][gc,heap     ] GC(3) Humongous regions: 0->0
[2026-05-14T00:18:29.228+0000][gc,metaspace] GC(3) Metaspace: 33888K(34368K)->33888K(34368K) NonClass: 29981K(30272K)->29981K(30272K) Class: 3907K(4096K)->3907K(4096K)
[2026-05-14T00:18:29.228+0000][gc          ] GC(3) Pause Young (Normal) (G1 Evacuation Pause) 59M->14M(1024M) 29.828ms
[2026-05-14T00:18:29.228+0000][gc,cpu      ] GC(3) User=0.02s Sys=0.00s Real=0.03s
[2026-05-14T00:18:30.147+0000][gc,start    ] GC(4) Pause Young (Concurrent Start) (Metadata GC Threshold)
[2026-05-14T00:18:30.148+0000][gc,task     ] GC(4) Using 2 workers of 2 for evacuation
[2026-05-14T00:18:30.185+0000][gc,phases   ] GC(4)   Pre Evacuate Collection Set: 1.25ms
[2026-05-14T00:18:30.186+0000][gc,phases   ] GC(4)   Merge Heap Roots: 0.07ms
[2026-05-14T00:18:30.186+0000][gc,phases   ] GC(4)   Evacuate Collection Set: 34.56ms
[2026-05-14T00:18:30.188+0000][gc,phases   ] GC(4)   Post Evacuate Collection Set: 1.64ms
[2026-05-14T00:18:30.188+0000][gc,phases   ] GC(4)   Other: 0.33ms
[2026-05-14T00:18:30.189+0000][gc,heap     ] GC(4) Eden regions: 8->0(69)
[2026-05-14T00:18:30.189+0000][gc,heap     ] GC(4) Survivor regions: 6->1(7)
[2026-05-14T00:18:30.190+0000][gc,heap     ] GC(4) Old regions: 10->15
[2026-05-14T00:18:30.190+0000][gc,heap     ] GC(4) Humongous regions: 0->0
[2026-05-14T00:18:30.190+0000][gc,metaspace] GC(4) Metaspace: 35660K(36096K)->35660K(36096K) NonClass: 31547K(31808K)->31547K(31808K) Class: 4112K(4288K)->4112K(4288K)
[2026-05-14T00:18:30.190+0000][gc          ] GC(4) Pause Young (Concurrent Start) (Metadata GC Threshold) 22M->15M(1024M) 42.979ms
[2026-05-14T00:18:30.190+0000][gc,cpu      ] GC(4) User=0.02s Sys=0.00s Real=0.04s
[2026-05-14T00:18:30.191+0000][gc          ] GC(5) Concurrent Mark Cycle
[2026-05-14T00:18:30.191+0000][gc,marking  ] GC(5) Concurrent Scan Root Regions
[2026-05-14T00:18:30.214+0000][gc,marking  ] GC(5) Concurrent Scan Root Regions 23.480ms
[2026-05-14T00:18:30.217+0000][gc,marking  ] GC(5) Concurrent Mark
[2026-05-14T00:18:30.219+0000][gc,marking  ] GC(5) Concurrent Mark From Roots
[2026-05-14T00:18:30.219+0000][gc,task     ] GC(5) Using 1 workers of 1 for marking
[2026-05-14T00:18:30.291+0000][gc,marking  ] GC(5) Concurrent Mark From Roots 72.139ms
[2026-05-14T00:18:30.291+0000][gc,marking  ] GC(5) Concurrent Preclean
[2026-05-14T00:18:30.292+0000][gc,marking  ] GC(5) Concurrent Preclean 0.246ms
[2026-05-14T00:18:30.294+0000][gc,start    ] GC(5) Pause Remark
[2026-05-14T00:18:30.320+0000][gc          ] GC(5) Pause Remark 17M->17M(1024M) 25.249ms
[2026-05-14T00:18:30.320+0000][gc,cpu      ] GC(5) User=0.01s Sys=0.00s Real=0.02s
[2026-05-14T00:18:30.321+0000][gc,marking  ] GC(5) Concurrent Mark 104.243ms
[2026-05-14T00:18:30.322+0000][gc,marking  ] GC(5) Concurrent Rebuild Remembered Sets and Scrub Regions
[2026-05-14T00:18:30.343+0000][gc,marking  ] GC(5) Concurrent Rebuild Remembered Sets and Scrub Regions 21.325ms
[2026-05-14T00:18:30.343+0000][gc,start    ] GC(5) Pause Cleanup
[2026-05-14T00:18:30.343+0000][gc          ] GC(5) Pause Cleanup 17M->17M(1024M) 0.057ms
[2026-05-14T00:18:30.343+0000][gc,cpu      ] GC(5) User=0.00s Sys=0.00s Real=0.00s
[2026-05-14T00:18:30.344+0000][gc,marking  ] GC(5) Concurrent Clear Claimed Marks
[2026-05-14T00:18:30.344+0000][gc,marking  ] GC(5) Concurrent Clear Claimed Marks 0.066ms
[2026-05-14T00:18:30.344+0000][gc,marking  ] GC(5) Concurrent Cleanup for Next Mark
[2026-05-14T00:18:30.359+0000][gc,marking  ] GC(5) Concurrent Cleanup for Next Mark 15.331ms
[2026-05-14T00:18:30.361+0000][gc          ] GC(5) Concurrent Mark Cycle 170.041ms
[2026-05-14T00:18:48.457+0000][gc,start    ] GC(6) Pause Young (Normal) (G1 Evacuation Pause)
[2026-05-14T00:18:48.457+0000][gc,task     ] GC(6) Using 2 workers of 2 for evacuation
[2026-05-14T00:18:48.549+0000][gc,phases   ] GC(6)   Pre Evacuate Collection Set: 0.49ms
[2026-05-14T00:18:48.549+0000][gc,phases   ] GC(6)   Merge Heap Roots: 0.89ms
[2026-05-14T00:18:48.549+0000][gc,phases   ] GC(6)   Evacuate Collection Set: 70.24ms
[2026-05-14T00:18:48.549+0000][gc,phases   ] GC(6)   Post Evacuate Collection Set: 19.31ms
[2026-05-14T00:18:48.549+0000][gc,phases   ] GC(6)   Other: 1.11ms
[2026-05-14T00:18:48.549+0000][gc,heap     ] GC(6) Eden regions: 66->0(44)
[2026-05-14T00:18:48.549+0000][gc,heap     ] GC(6) Survivor regions: 1->9(9)
[2026-05-14T00:18:48.549+0000][gc,heap     ] GC(6) Old regions: 15->16
[2026-05-14T00:18:48.550+0000][gc,heap     ] GC(6) Humongous regions: 129->129
[2026-05-14T00:18:48.550+0000][gc,metaspace] GC(6) Metaspace: 45091K(46080K)->45091K(46080K) NonClass: 39735K(40320K)->39735K(40320K) Class: 5355K(5760K)->5355K(5760K)
[2026-05-14T00:18:48.550+0000][gc          ] GC(6) Pause Young (Normal) (G1 Evacuation Pause) 210M->153M(1024M) 92.523ms
[2026-05-14T00:18:48.550+0000][gc,cpu      ] GC(6) User=0.05s Sys=0.01s Real=0.09s
[2026-05-14T00:19:37.510+0000][gc,start    ] GC(7) Pause Young (Normal) (G1 Evacuation Pause)
[2026-05-14T00:19:37.510+0000][gc,task     ] GC(7) Using 2 workers of 2 for evacuation
[2026-05-14T00:19:37.557+0000][gc,phases   ] GC(7)   Pre Evacuate Collection Set: 0.49ms
[2026-05-14T00:19:37.557+0000][gc,phases   ] GC(7)   Merge Heap Roots: 0.10ms
[2026-05-14T00:19:37.557+0000][gc,phases   ] GC(7)   Evacuate Collection Set: 43.48ms
[2026-05-14T00:19:37.557+0000][gc,phases   ] GC(7)   Post Evacuate Collection Set: 2.61ms
[2026-05-14T00:19:37.557+0000][gc,phases   ] GC(7)   Other: 0.17ms
[2026-05-14T00:19:37.557+0000][gc,heap     ] GC(7) Eden regions: 42->0(78)
[2026-05-14T00:19:37.557+0000][gc,heap     ] GC(7) Survivor regions: 9->3(7)
[2026-05-14T00:19:37.557+0000][gc,heap     ] GC(7) Old regions: 16->25
[2026-05-14T00:19:37.557+0000][gc,heap     ] GC(7) Humongous regions: 129->129
[2026-05-14T00:19:37.557+0000][gc,metaspace] GC(7) Metaspace: 48070K(49152K)->48070K(49152K) NonClass: 42375K(43008K)->42375K(43008K) Class: 5695K(6144K)->5695K(6144K)
[2026-05-14T00:19:37.557+0000][gc          ] GC(7) Pause Young (Normal) (G1 Evacuation Pause) 195M->156M(1024M) 47.285ms
[2026-05-14T00:19:37.557+0000][gc,cpu      ] GC(7) User=0.04s Sys=0.01s Real=0.05s
[2026-05-14T00:22:45.317+0000][gc,start    ] GC(8) Pause Young (Normal) (G1 Evacuation Pause)
[2026-05-14T00:22:45.333+0000][gc,task     ] GC(8) Using 2 workers of 2 for evacuation
[2026-05-14T00:22:45.365+0000][gc,phases   ] GC(8)   Pre Evacuate Collection Set: 0.55ms
[2026-05-14T00:22:45.365+0000][gc,phases   ] GC(8)   Merge Heap Roots: 0.62ms
[2026-05-14T00:22:45.365+0000][gc,phases   ] GC(8)   Evacuate Collection Set: 29.49ms
[2026-05-14T00:22:45.365+0000][gc,phases   ] GC(8)   Post Evacuate Collection Set: 0.81ms
[2026-05-14T00:22:45.366+0000][gc,phases   ] GC(8)   Other: 0.21ms
[2026-05-14T00:22:45.366+0000][gc,heap     ] GC(8) Eden regions: 77->0(92)
[2026-05-14T00:22:45.366+0000][gc,heap     ] GC(8) Survivor regions: 3->7(10)
[2026-05-14T00:22:45.366+0000][gc,heap     ] GC(8) Old regions: 25->25
[2026-05-14T00:22:45.366+0000][gc,heap     ] GC(8) Humongous regions: 129->129
[2026-05-14T00:22:45.366+0000][gc,metaspace] GC(8) Metaspace: 49085K(50112K)->49085K(50112K) NonClass: 43379K(43968K)->43379K(43968K) Class: 5705K(6144K)->5705K(6144K)
[2026-05-14T00:22:45.366+0000][gc          ] GC(8) Pause Young (Normal) (G1 Evacuation Pause) 233M->160M(1024M) 48.777ms
[2026-05-14T00:22:45.366+0000][gc,cpu      ] GC(8) User=0.03s Sys=0.01s Real=0.05s
[2026-05-14T00:26:41.635+0000][gc,start    ] GC(9) Pause Young (Normal) (G1 Evacuation Pause)
[2026-05-14T00:26:41.651+0000][gc,task     ] GC(9) Using 2 workers of 2 for evacuation
[2026-05-14T00:26:41.692+0000][gc,phases   ] GC(9)   Pre Evacuate Collection Set: 7.24ms
[2026-05-14T00:26:41.692+0000][gc,phases   ] GC(9)   Merge Heap Roots: 0.16ms
[2026-05-14T00:26:41.692+0000][gc,phases   ] GC(9)   Evacuate Collection Set: 30.97ms
[2026-05-14T00:26:41.692+0000][gc,phases   ] GC(9)   Post Evacuate Collection Set: 2.21ms
[2026-05-14T00:26:41.692+0000][gc,phases   ] GC(9)   Other: 0.44ms
[2026-05-14T00:26:41.692+0000][gc,heap     ] GC(9) Eden regions: 93->0(481)
[2026-05-14T00:26:41.692+0000][gc,heap     ] GC(9) Survivor regions: 7->9(13)
[2026-05-14T00:26:41.692+0000][gc,heap     ] GC(9) Old regions: 25->25
[2026-05-14T00:26:41.692+0000][gc,heap     ] GC(9) Humongous regions: 129->129
[2026-05-14T00:26:41.692+0000][gc,metaspace] GC(9) Metaspace: 49273K(50304K)->49273K(50304K) NonClass: 43559K(44160K)->43559K(44160K) Class: 5714K(6144K)->5714K(6144K)
[2026-05-14T00:26:41.692+0000][gc          ] GC(9) Pause Young (Normal) (G1 Evacuation Pause) 253M->162M(1024M) 57.363ms
[2026-05-14T00:26:41.692+0000][gc,cpu      ] GC(9) User=0.04s Sys=0.01s Real=0.05s
[2026-05-14T00:28:09.731+0000][gc,heap,exit] Heap
[2026-05-14T00:28:09.731+0000][gc,heap,exit]  garbage-first heap   total 1048576K, used 220448K [0x00000000c0000000, 0x0000000100000000)
[2026-05-14T00:28:09.731+0000][gc,heap,exit]   region size 1024K, 62 young (63488K), 9 survivors (9216K)
[2026-05-14T00:28:09.731+0000][gc,heap,exit]  Metaspace       used 50716K, committed 51904K, reserved 1114112K
[2026-05-14T00:28:09.731+0000][gc,heap,exit]   class space    used 5977K, committed 6528K, reserved 1048576K
