[2026-05-13T17:04:58.933+0000][gc,init] CardTable entry size: 512
[2026-05-13T17:04:58.933+0000][gc     ] Using G1
[2026-05-13T17:04:58.964+0000][gc,init] Version: 21.0.10+7-LTS (release)
[2026-05-13T17:04:58.965+0000][gc,init] CPUs: 2 total, 2 available
[2026-05-13T17:04:58.965+0000][gc,init] Memory: 3732M
[2026-05-13T17:04:58.965+0000][gc,init] Large Page Support: Disabled
[2026-05-13T17:04:58.965+0000][gc,init] NUMA Support: Disabled
[2026-05-13T17:04:58.965+0000][gc,init] Compressed Oops: Enabled (32-bit)
[2026-05-13T17:04:58.965+0000][gc,init] Heap Region Size: 1M
[2026-05-13T17:04:58.965+0000][gc,init] Heap Min Capacity: 1G
[2026-05-13T17:04:58.965+0000][gc,init] Heap Initial Capacity: 1G
[2026-05-13T17:04:58.965+0000][gc,init] Heap Max Capacity: 1G
[2026-05-13T17:04:58.965+0000][gc,init] Pre-touch: Disabled
[2026-05-13T17:04:58.965+0000][gc,init] Parallel Workers: 2
[2026-05-13T17:04:58.965+0000][gc,init] Concurrent Workers: 1
[2026-05-13T17:04:58.965+0000][gc,init] Concurrent Refinement Workers: 2
[2026-05-13T17:04:58.965+0000][gc,init] Periodic GC: Disabled
[2026-05-13T17:04:59.463+0000][gc,metaspace] CDS archive(s) mapped at: [0x00007f680b000000-0x00007f680bbad000-0x00007f680bbad000), size 12242944, SharedBaseAddress: 0x00007f680b000000, ArchiveRelocationMode: 1.
[2026-05-13T17:04:59.464+0000][gc,metaspace] Compressed class space mapped at: 0x00007f680f000000-0x00007f684f000000, reserved size: 1073741824
[2026-05-13T17:04:59.464+0000][gc,metaspace] Narrow klass base: 0x00007f680b000000, Narrow klass shift: 0, Narrow klass range: 0x100000000
[2026-05-13T17:05:10.530+0000][gc,start    ] GC(0) Pause Young (Normal) (G1 Evacuation Pause)
[2026-05-13T17:05:10.531+0000][gc,task     ] GC(0) Using 2 workers of 2 for evacuation
[2026-05-13T17:05:10.560+0000][gc,phases   ] GC(0)   Pre Evacuate Collection Set: 0.30ms
[2026-05-13T17:05:10.560+0000][gc,phases   ] GC(0)   Merge Heap Roots: 0.08ms
[2026-05-13T17:05:10.560+0000][gc,phases   ] GC(0)   Evacuate Collection Set: 23.55ms
[2026-05-13T17:05:10.560+0000][gc,phases   ] GC(0)   Post Evacuate Collection Set: 4.87ms
[2026-05-13T17:05:10.560+0000][gc,phases   ] GC(0)   Other: 1.10ms
[2026-05-13T17:05:10.560+0000][gc,heap     ] GC(0) Eden regions: 51->0(44)
[2026-05-13T17:05:10.560+0000][gc,heap     ] GC(0) Survivor regions: 0->7(7)
[2026-05-13T17:05:10.560+0000][gc,heap     ] GC(0) Old regions: 1->3
[2026-05-13T17:05:10.560+0000][gc,heap     ] GC(0) Humongous regions: 0->0
[2026-05-13T17:05:10.560+0000][gc,metaspace] GC(0) Metaspace: 15252K(15488K)->15252K(15488K) NonClass: 13518K(13632K)->13518K(13632K) Class: 1734K(1856K)->1734K(1856K)
[2026-05-13T17:05:10.561+0000][gc          ] GC(0) Pause Young (Normal) (G1 Evacuation Pause) 51M->9M(1024M) 30.406ms
[2026-05-13T17:05:10.561+0000][gc,cpu      ] GC(0) User=0.02s Sys=0.00s Real=0.03s
[2026-05-13T17:05:12.895+0000][gc,start    ] GC(1) Pause Young (Concurrent Start) (Metadata GC Threshold)
[2026-05-13T17:05:12.895+0000][gc,task     ] GC(1) Using 2 workers of 2 for evacuation
[2026-05-13T17:05:13.230+0000][gc,mmu      ] GC(1) MMU target violated: 201.0ms (200.0ms/201.0ms)
[2026-05-13T17:05:13.230+0000][gc,phases   ] GC(1)   Pre Evacuate Collection Set: 5.77ms
[2026-05-13T17:05:13.230+0000][gc,phases   ] GC(1)   Merge Heap Roots: 0.07ms
[2026-05-13T17:05:13.230+0000][gc,phases   ] GC(1)   Evacuate Collection Set: 327.30ms
[2026-05-13T17:05:13.231+0000][gc,phases   ] GC(1)   Post Evacuate Collection Set: 2.33ms
[2026-05-13T17:05:13.231+0000][gc,phases   ] GC(1)   Other: 0.28ms
[2026-05-13T17:05:13.231+0000][gc,heap     ] GC(1) Eden regions: 18->0(49)
[2026-05-13T17:05:13.231+0000][gc,heap     ] GC(1) Survivor regions: 7->2(7)
[2026-05-13T17:05:13.231+0000][gc,heap     ] GC(1) Old regions: 3->9
[2026-05-13T17:05:13.231+0000][gc,heap     ] GC(1) Humongous regions: 0->0
[2026-05-13T17:05:13.231+0000][gc,metaspace] GC(1) Metaspace: 21294K(21504K)->21294K(21504K) NonClass: 18692K(18816K)->18692K(18816K) Class: 2602K(2688K)->2602K(2688K)
[2026-05-13T17:05:13.231+0000][gc          ] GC(1) Pause Young (Concurrent Start) (Metadata GC Threshold) 26M->10M(1024M) 336.015ms
[2026-05-13T17:05:13.231+0000][gc,cpu      ] GC(1) User=0.02s Sys=0.04s Real=0.33s
[2026-05-13T17:05:13.236+0000][gc          ] GC(2) Concurrent Mark Cycle
[2026-05-13T17:05:13.236+0000][gc,marking  ] GC(2) Concurrent Scan Root Regions
[2026-05-13T17:05:13.496+0000][gc,marking  ] GC(2) Concurrent Scan Root Regions 61.456ms
[2026-05-13T17:05:13.501+0000][gc,marking  ] GC(2) Concurrent Mark
[2026-05-13T17:05:13.501+0000][gc,marking  ] GC(2) Concurrent Mark From Roots
[2026-05-13T17:05:13.501+0000][gc,task     ] GC(2) Using 1 workers of 1 for marking
[2026-05-13T17:05:13.781+0000][gc,marking  ] GC(2) Concurrent Mark From Roots 279.316ms
[2026-05-13T17:05:13.781+0000][gc,marking  ] GC(2) Concurrent Preclean
[2026-05-13T17:05:13.781+0000][gc,marking  ] GC(2) Concurrent Preclean 0.030ms
[2026-05-13T17:05:13.987+0000][gc,start    ] GC(2) Pause Remark
[2026-05-13T17:05:13.994+0000][gc          ] GC(2) Pause Remark 10M->10M(1024M) 6.596ms
[2026-05-13T17:05:13.994+0000][gc,cpu      ] GC(2) User=0.01s Sys=0.00s Real=0.01s
[2026-05-13T17:05:13.996+0000][gc,marking  ] GC(2) Concurrent Mark 494.987ms
[2026-05-13T17:05:13.996+0000][gc,marking  ] GC(2) Concurrent Rebuild Remembered Sets and Scrub Regions
[2026-05-13T17:05:14.139+0000][gc,marking  ] GC(2) Concurrent Rebuild Remembered Sets and Scrub Regions 143.205ms
[2026-05-13T17:05:14.143+0000][gc,start    ] GC(2) Pause Cleanup
[2026-05-13T17:05:14.147+0000][gc          ] GC(2) Pause Cleanup 10M->10M(1024M) 3.223ms
[2026-05-13T17:05:14.147+0000][gc,cpu      ] GC(2) User=0.00s Sys=0.00s Real=0.00s
[2026-05-13T17:05:14.166+0000][gc,marking  ] GC(2) Concurrent Clear Claimed Marks
[2026-05-13T17:05:14.166+0000][gc,marking  ] GC(2) Concurrent Clear Claimed Marks 0.108ms
[2026-05-13T17:05:14.166+0000][gc,marking  ] GC(2) Concurrent Cleanup for Next Mark
[2026-05-13T17:05:14.387+0000][gc,marking  ] GC(2) Concurrent Cleanup for Next Mark 220.234ms
[2026-05-13T17:05:14.389+0000][gc          ] GC(2) Concurrent Mark Cycle 1153.584ms
[2026-05-13T17:05:31.078+0000][gc,start    ] GC(3) Pause Young (Normal) (G1 Evacuation Pause)
[2026-05-13T17:05:31.079+0000][gc,task     ] GC(3) Using 2 workers of 2 for evacuation
[2026-05-13T17:05:31.268+0000][gc,phases   ] GC(3)   Pre Evacuate Collection Set: 0.40ms
[2026-05-13T17:05:31.268+0000][gc,phases   ] GC(3)   Merge Heap Roots: 0.21ms
[2026-05-13T17:05:31.268+0000][gc,phases   ] GC(3)   Evacuate Collection Set: 184.22ms
[2026-05-13T17:05:31.268+0000][gc,phases   ] GC(3)   Post Evacuate Collection Set: 3.75ms
[2026-05-13T17:05:31.268+0000][gc,phases   ] GC(3)   Other: 0.43ms
[2026-05-13T17:05:31.268+0000][gc,heap     ] GC(3) Eden regions: 49->0(45)
[2026-05-13T17:05:31.268+0000][gc,heap     ] GC(3) Survivor regions: 2->6(7)
[2026-05-13T17:05:31.268+0000][gc,heap     ] GC(3) Old regions: 9->9
[2026-05-13T17:05:31.268+0000][gc,heap     ] GC(3) Humongous regions: 0->0
[2026-05-13T17:05:31.268+0000][gc,metaspace] GC(3) Metaspace: 33984K(34432K)->33984K(34432K) NonClass: 30058K(30336K)->30058K(30336K) Class: 3925K(4096K)->3925K(4096K)
[2026-05-13T17:05:31.268+0000][gc          ] GC(3) Pause Young (Normal) (G1 Evacuation Pause) 59M->14M(1024M) 190.340ms
[2026-05-13T17:05:31.268+0000][gc,cpu      ] GC(3) User=0.02s Sys=0.01s Real=0.19s
[2026-05-13T17:05:32.852+0000][gc,start    ] GC(4) Pause Young (Concurrent Start) (Metadata GC Threshold)
[2026-05-13T17:05:32.852+0000][gc,task     ] GC(4) Using 2 workers of 2 for evacuation
[2026-05-13T17:05:32.920+0000][gc,phases   ] GC(4)   Pre Evacuate Collection Set: 0.38ms
[2026-05-13T17:05:32.920+0000][gc,phases   ] GC(4)   Merge Heap Roots: 0.06ms
[2026-05-13T17:05:32.920+0000][gc,phases   ] GC(4)   Evacuate Collection Set: 65.34ms
[2026-05-13T17:05:32.920+0000][gc,phases   ] GC(4)   Post Evacuate Collection Set: 1.70ms
[2026-05-13T17:05:32.920+0000][gc,phases   ] GC(4)   Other: 0.41ms
[2026-05-13T17:05:32.920+0000][gc,heap     ] GC(4) Eden regions: 7->0(50)
[2026-05-13T17:05:32.920+0000][gc,heap     ] GC(4) Survivor regions: 6->1(7)
[2026-05-13T17:05:32.920+0000][gc,heap     ] GC(4) Old regions: 9->15
[2026-05-13T17:05:32.920+0000][gc,heap     ] GC(4) Humongous regions: 0->0
[2026-05-13T17:05:32.920+0000][gc,metaspace] GC(4) Metaspace: 35635K(36160K)->35635K(36160K) NonClass: 31502K(31744K)->31502K(31744K) Class: 4132K(4416K)->4132K(4416K)
[2026-05-13T17:05:32.920+0000][gc          ] GC(4) Pause Young (Concurrent Start) (Metadata GC Threshold) 21M->15M(1024M) 68.267ms
[2026-05-13T17:05:32.920+0000][gc          ] GC(5) Concurrent Mark Cycle
[2026-05-13T17:05:32.920+0000][gc,marking  ] GC(5) Concurrent Scan Root Regions
[2026-05-13T17:05:32.921+0000][gc,cpu      ] GC(4) User=0.02s Sys=0.01s Real=0.07s
[2026-05-13T17:05:32.949+0000][gc,marking  ] GC(5) Concurrent Scan Root Regions 28.790ms
[2026-05-13T17:05:32.949+0000][gc,marking  ] GC(5) Concurrent Mark
[2026-05-13T17:05:32.949+0000][gc,marking  ] GC(5) Concurrent Mark From Roots
[2026-05-13T17:05:32.949+0000][gc,task     ] GC(5) Using 1 workers of 1 for marking
[2026-05-13T17:05:33.167+0000][gc,marking  ] GC(5) Concurrent Mark From Roots 218.364ms
[2026-05-13T17:05:33.167+0000][gc,marking  ] GC(5) Concurrent Preclean
[2026-05-13T17:05:33.168+0000][gc,marking  ] GC(5) Concurrent Preclean 0.248ms
[2026-05-13T17:05:33.169+0000][gc,start    ] GC(5) Pause Remark
[2026-05-13T17:05:33.220+0000][gc          ] GC(5) Pause Remark 16M->16M(1024M) 50.927ms
[2026-05-13T17:05:33.221+0000][gc,cpu      ] GC(5) User=0.01s Sys=0.00s Real=0.05s
[2026-05-13T17:05:33.223+0000][gc,marking  ] GC(5) Concurrent Mark 274.479ms
[2026-05-13T17:05:33.224+0000][gc,marking  ] GC(5) Concurrent Rebuild Remembered Sets and Scrub Regions
[2026-05-13T17:05:33.407+0000][gc,marking  ] GC(5) Concurrent Rebuild Remembered Sets and Scrub Regions 183.276ms
[2026-05-13T17:05:33.414+0000][gc,start    ] GC(5) Pause Cleanup
[2026-05-13T17:05:33.415+0000][gc          ] GC(5) Pause Cleanup 17M->17M(1024M) 1.133ms
[2026-05-13T17:05:33.416+0000][gc,cpu      ] GC(5) User=0.00s Sys=0.00s Real=0.00s
[2026-05-13T17:05:33.423+0000][gc,marking  ] GC(5) Concurrent Clear Claimed Marks
[2026-05-13T17:05:33.424+0000][gc,marking  ] GC(5) Concurrent Clear Claimed Marks 0.151ms
[2026-05-13T17:05:33.424+0000][gc,marking  ] GC(5) Concurrent Cleanup for Next Mark
[2026-05-13T17:05:33.457+0000][gc,marking  ] GC(5) Concurrent Cleanup for Next Mark 33.503ms
[2026-05-13T17:05:33.457+0000][gc          ] GC(5) Concurrent Mark Cycle 537.569ms
[2026-05-13T17:05:39.633+0000][gc,start    ] GC(6) Pause Young (Prepare Mixed) (G1 Evacuation Pause)
[2026-05-13T17:05:39.633+0000][gc,task     ] GC(6) Using 2 workers of 2 for evacuation
[2026-05-13T17:05:39.696+0000][gc,phases   ] GC(6)   Pre Evacuate Collection Set: 4.05ms
[2026-05-13T17:05:39.696+0000][gc,phases   ] GC(6)   Merge Heap Roots: 0.13ms
[2026-05-13T17:05:39.696+0000][gc,phases   ] GC(6)   Evacuate Collection Set: 56.10ms
[2026-05-13T17:05:39.696+0000][gc,phases   ] GC(6)   Post Evacuate Collection Set: 2.50ms
[2026-05-13T17:05:39.696+0000][gc,phases   ] GC(6)   Other: 0.14ms
[2026-05-13T17:05:39.696+0000][gc,heap     ] GC(6) Eden regions: 50->0(44)
[2026-05-13T17:05:39.696+0000][gc,heap     ] GC(6) Survivor regions: 1->7(7)
[2026-05-13T17:05:39.696+0000][gc,heap     ] GC(6) Old regions: 15->16
[2026-05-13T17:05:39.696+0000][gc,heap     ] GC(6) Humongous regions: 9->9
[2026-05-13T17:05:39.696+0000][gc,metaspace] GC(6) Metaspace: 43267K(44160K)->43267K(44160K) NonClass: 38189K(38720K)->38189K(38720K) Class: 5078K(5440K)->5078K(5440K)
[2026-05-13T17:05:39.696+0000][gc          ] GC(6) Pause Young (Prepare Mixed) (G1 Evacuation Pause) 74M->31M(1024M) 63.259ms
[2026-05-13T17:05:39.696+0000][gc,cpu      ] GC(6) User=0.03s Sys=0.00s Real=0.07s
[2026-05-13T17:07:40.980+0000][gc,start    ] GC(7) Pause Young (Mixed) (G1 Evacuation Pause)
[2026-05-13T17:07:41.002+0000][gc,task     ] GC(7) Using 2 workers of 2 for evacuation
[2026-05-13T17:07:41.122+0000][gc,phases   ] GC(7)   Pre Evacuate Collection Set: 0.56ms
[2026-05-13T17:07:41.123+0000][gc,phases   ] GC(7)   Merge Heap Roots: 0.39ms
[2026-05-13T17:07:41.123+0000][gc,phases   ] GC(7)   Evacuate Collection Set: 112.22ms
[2026-05-13T17:07:41.123+0000][gc,phases   ] GC(7)   Post Evacuate Collection Set: 7.12ms
[2026-05-13T17:07:41.123+0000][gc,phases   ] GC(7)   Other: 0.28ms
[2026-05-13T17:07:41.123+0000][gc,heap     ] GC(7) Eden regions: 44->0(47)
[2026-05-13T17:07:41.123+0000][gc,heap     ] GC(7) Survivor regions: 7->4(7)
[2026-05-13T17:07:41.123+0000][gc,heap     ] GC(7) Old regions: 16->23
[2026-05-13T17:07:41.123+0000][gc,heap     ] GC(7) Humongous regions: 138->138
[2026-05-13T17:07:41.123+0000][gc,metaspace] GC(7) Metaspace: 47609K(48704K)->47609K(48704K) NonClass: 41936K(42560K)->41936K(42560K) Class: 5673K(6144K)->5673K(6144K)
[2026-05-13T17:07:41.123+0000][gc          ] GC(7) Pause Young (Mixed) (G1 Evacuation Pause) 204M->164M(1024M) 143.025ms
[2026-05-13T17:07:41.123+0000][gc,cpu      ] GC(7) User=0.06s Sys=0.01s Real=0.14s
[2026-05-13T17:09:32.246+0000][gc,start    ] GC(8) Pause Young (Normal) (G1 Evacuation Pause)
[2026-05-13T17:09:32.248+0000][gc,task     ] GC(8) Using 2 workers of 2 for evacuation
[2026-05-13T17:09:32.318+0000][gc,phases   ] GC(8)   Pre Evacuate Collection Set: 1.24ms
[2026-05-13T17:09:32.318+0000][gc,phases   ] GC(8)   Merge Heap Roots: 0.17ms
[2026-05-13T17:09:32.318+0000][gc,phases   ] GC(8)   Evacuate Collection Set: 66.33ms
[2026-05-13T17:09:32.318+0000][gc,phases   ] GC(8)   Post Evacuate Collection Set: 1.46ms
[2026-05-13T17:09:32.318+0000][gc,phases   ] GC(8)   Other: 0.30ms
[2026-05-13T17:09:32.318+0000][gc,heap     ] GC(8) Eden regions: 47->0(44)
[2026-05-13T17:09:32.318+0000][gc,heap     ] GC(8) Survivor regions: 4->7(7)
[2026-05-13T17:09:32.318+0000][gc,heap     ] GC(8) Old regions: 23->24
[2026-05-13T17:09:32.318+0000][gc,heap     ] GC(8) Humongous regions: 138->138
[2026-05-13T17:09:32.318+0000][gc,metaspace] GC(8) Metaspace: 49201K(50368K)->49201K(50368K) NonClass: 43407K(44096K)->43407K(44096K) Class: 5793K(6272K)->5793K(6272K)
[2026-05-13T17:09:32.318+0000][gc          ] GC(8) Pause Young (Normal) (G1 Evacuation Pause) 211M->168M(1024M) 72.021ms
[2026-05-13T17:09:32.318+0000][gc,cpu      ] GC(8) User=0.03s Sys=0.00s Real=0.07s
[2026-05-13T17:10:34.018+0000][gc,start    ] GC(9) Pause Young (Normal) (G1 Evacuation Pause)
[2026-05-13T17:10:34.018+0000][gc,task     ] GC(9) Using 2 workers of 2 for evacuation
[2026-05-13T17:10:34.066+0000][gc,phases   ] GC(9)   Pre Evacuate Collection Set: 0.41ms
[2026-05-13T17:10:34.066+0000][gc,phases   ] GC(9)   Merge Heap Roots: 0.18ms
[2026-05-13T17:10:34.066+0000][gc,phases   ] GC(9)   Evacuate Collection Set: 44.05ms
[2026-05-13T17:10:34.067+0000][gc,phases   ] GC(9)   Post Evacuate Collection Set: 2.60ms
[2026-05-13T17:10:34.067+0000][gc,phases   ] GC(9)   Other: 0.26ms
[2026-05-13T17:10:34.067+0000][gc,heap     ] GC(9) Eden regions: 44->0(63)
[2026-05-13T17:10:34.067+0000][gc,heap     ] GC(9) Survivor regions: 7->4(7)
[2026-05-13T17:10:34.067+0000][gc,heap     ] GC(9) Old regions: 24->31
[2026-05-13T17:10:34.067+0000][gc,heap     ] GC(9) Humongous regions: 139->139
[2026-05-13T17:10:34.068+0000][gc,metaspace] GC(9) Metaspace: 50959K(52160K)->50959K(52160K) NonClass: 44966K(45632K)->44966K(45632K) Class: 5992K(6528K)->5992K(6528K)
[2026-05-13T17:10:34.068+0000][gc          ] GC(9) Pause Young (Normal) (G1 Evacuation Pause) 213M->173M(1024M) 49.964ms
[2026-05-13T17:10:34.068+0000][gc,cpu      ] GC(9) User=0.04s Sys=0.00s Real=0.05s
[2026-05-13T17:11:26.215+0000][gc,start    ] GC(10) Pause Young (Normal) (G1 Evacuation Pause)
[2026-05-13T17:11:26.216+0000][gc,task     ] GC(10) Using 2 workers of 2 for evacuation
[2026-05-13T17:11:26.244+0000][gc,phases   ] GC(10)   Pre Evacuate Collection Set: 0.80ms
[2026-05-13T17:11:26.244+0000][gc,phases   ] GC(10)   Merge Heap Roots: 0.20ms
[2026-05-13T17:11:26.244+0000][gc,phases   ] GC(10)   Evacuate Collection Set: 25.60ms
[2026-05-13T17:11:26.244+0000][gc,phases   ] GC(10)   Post Evacuate Collection Set: 1.10ms
[2026-05-13T17:11:26.244+0000][gc,phases   ] GC(10)   Other: 0.11ms
[2026-05-13T17:11:26.244+0000][gc,heap     ] GC(10) Eden regions: 56->0(77)
[2026-05-13T17:11:26.244+0000][gc,heap     ] GC(10) Survivor regions: 4->6(8)
[2026-05-13T17:11:26.244+0000][gc,heap     ] GC(10) Old regions: 31->31
[2026-05-13T17:11:26.244+0000][gc,heap     ] GC(10) Humongous regions: 139->139
[2026-05-13T17:11:26.244+0000][gc,metaspace] GC(10) Metaspace: 51465K(52736K)->51465K(52736K) NonClass: 45414K(46144K)->45414K(46144K) Class: 6051K(6592K)->6051K(6592K)
[2026-05-13T17:11:26.244+0000][gc          ] GC(10) Pause Young (Normal) (G1 Evacuation Pause) 229M->175M(1024M) 28.560ms
[2026-05-13T17:11:26.244+0000][gc,cpu      ] GC(10) User=0.03s Sys=0.00s Real=0.03s
[2026-05-13T17:14:08.279+0000][gc,start    ] GC(11) Pause Young (Normal) (G1 Evacuation Pause)
[2026-05-13T17:14:08.280+0000][gc,task     ] GC(11) Using 2 workers of 2 for evacuation
[2026-05-13T17:14:08.330+0000][gc,phases   ] GC(11)   Pre Evacuate Collection Set: 2.87ms
[2026-05-13T17:14:08.331+0000][gc,phases   ] GC(11)   Merge Heap Roots: 0.18ms
[2026-05-13T17:14:08.331+0000][gc,phases   ] GC(11)   Evacuate Collection Set: 41.32ms
[2026-05-13T17:14:08.331+0000][gc,phases   ] GC(11)   Post Evacuate Collection Set: 6.27ms
[2026-05-13T17:14:08.331+0000][gc,phases   ] GC(11)   Other: 0.21ms
[2026-05-13T17:14:08.331+0000][gc,heap     ] GC(11) Eden regions: 73->0(83)
[2026-05-13T17:14:08.332+0000][gc,heap     ] GC(11) Survivor regions: 6->10(10)
[2026-05-13T17:14:08.332+0000][gc,heap     ] GC(11) Old regions: 31->34
[2026-05-13T17:14:08.332+0000][gc,heap     ] GC(11) Humongous regions: 139->139
[2026-05-13T17:14:08.332+0000][gc,metaspace] GC(11) Metaspace: 51586K(52800K)->51586K(52800K) NonClass: 45534K(46208K)->45534K(46208K) Class: 6051K(6592K)->6051K(6592K)
[2026-05-13T17:14:08.332+0000][gc          ] GC(11) Pause Young (Normal) (G1 Evacuation Pause) 248M->181M(1024M) 52.973ms
[2026-05-13T17:14:08.332+0000][gc,cpu      ] GC(11) User=0.05s Sys=0.01s Real=0.05s
[2026-05-13T17:14:44.728+0000][gc,heap,exit] Heap
[2026-05-13T17:14:44.728+0000][gc,heap,exit]  garbage-first heap   total 1048576K, used 228870K [0x00000000c0000000, 0x0000000100000000)
[2026-05-13T17:14:44.728+0000][gc,heap,exit]   region size 1024K, 43 young (44032K), 10 survivors (10240K)
[2026-05-13T17:14:44.728+0000][gc,heap,exit]  Metaspace       used 52917K, committed 54208K, reserved 1114112K
[2026-05-13T17:14:44.728+0000][gc,heap,exit]   class space    used 6307K, committed 6848K, reserved 1048576K
