[2026-05-13T23:28:26.021+0000][gc,init] CardTable entry size: 512
[2026-05-13T23:28:26.021+0000][gc     ] Using G1
[2026-05-13T23:28:26.052+0000][gc,init] Version: 21.0.10+7-LTS (release)
[2026-05-13T23:28:26.052+0000][gc,init] CPUs: 2 total, 2 available
[2026-05-13T23:28:26.052+0000][gc,init] Memory: 3732M
[2026-05-13T23:28:26.052+0000][gc,init] Large Page Support: Disabled
[2026-05-13T23:28:26.052+0000][gc,init] NUMA Support: Disabled
[2026-05-13T23:28:26.052+0000][gc,init] Compressed Oops: Enabled (32-bit)
[2026-05-13T23:28:26.052+0000][gc,init] Heap Region Size: 1M
[2026-05-13T23:28:26.053+0000][gc,init] Heap Min Capacity: 1G
[2026-05-13T23:28:26.053+0000][gc,init] Heap Initial Capacity: 1G
[2026-05-13T23:28:26.053+0000][gc,init] Heap Max Capacity: 1G
[2026-05-13T23:28:26.053+0000][gc,init] Pre-touch: Disabled
[2026-05-13T23:28:26.053+0000][gc,init] Parallel Workers: 2
[2026-05-13T23:28:26.053+0000][gc,init] Concurrent Workers: 1
[2026-05-13T23:28:26.053+0000][gc,init] Concurrent Refinement Workers: 2
[2026-05-13T23:28:26.053+0000][gc,init] Periodic GC: Disabled
[2026-05-13T23:28:26.604+0000][gc,metaspace] CDS archive(s) mapped at: [0x00007f5d15000000-0x00007f5d15bad000-0x00007f5d15bad000), size 12242944, SharedBaseAddress: 0x00007f5d15000000, ArchiveRelocationMode: 1.
[2026-05-13T23:28:26.604+0000][gc,metaspace] Compressed class space mapped at: 0x00007f5d19000000-0x00007f5d59000000, reserved size: 1073741824
[2026-05-13T23:28:26.604+0000][gc,metaspace] Narrow klass base: 0x00007f5d15000000, Narrow klass shift: 0, Narrow klass range: 0x100000000
[2026-05-13T23:28:33.017+0000][gc,start    ] GC(0) Pause Young (Normal) (G1 Evacuation Pause)
[2026-05-13T23:28:33.017+0000][gc,task     ] GC(0) Using 2 workers of 2 for evacuation
[2026-05-13T23:28:33.046+0000][gc,phases   ] GC(0)   Pre Evacuate Collection Set: 0.48ms
[2026-05-13T23:28:33.046+0000][gc,phases   ] GC(0)   Merge Heap Roots: 0.83ms
[2026-05-13T23:28:33.046+0000][gc,phases   ] GC(0)   Evacuate Collection Set: 25.81ms
[2026-05-13T23:28:33.046+0000][gc,phases   ] GC(0)   Post Evacuate Collection Set: 2.04ms
[2026-05-13T23:28:33.046+0000][gc,phases   ] GC(0)   Other: 0.27ms
[2026-05-13T23:28:33.046+0000][gc,heap     ] GC(0) Eden regions: 51->0(44)
[2026-05-13T23:28:33.046+0000][gc,heap     ] GC(0) Survivor regions: 0->7(7)
[2026-05-13T23:28:33.046+0000][gc,heap     ] GC(0) Old regions: 1->2
[2026-05-13T23:28:33.046+0000][gc,heap     ] GC(0) Humongous regions: 0->0
[2026-05-13T23:28:33.046+0000][gc,metaspace] GC(0) Metaspace: 15551K(15808K)->15551K(15808K) NonClass: 13791K(13952K)->13791K(13952K) Class: 1759K(1856K)->1759K(1856K)
[2026-05-13T23:28:33.048+0000][gc          ] GC(0) Pause Young (Normal) (G1 Evacuation Pause) 51M->8M(1024M) 29.896ms
[2026-05-13T23:28:33.048+0000][gc,cpu      ] GC(0) User=0.01s Sys=0.01s Real=0.03s
[2026-05-13T23:28:34.882+0000][gc,start    ] GC(1) Pause Young (Concurrent Start) (Metadata GC Threshold)
[2026-05-13T23:28:34.883+0000][gc,task     ] GC(1) Using 2 workers of 2 for evacuation
[2026-05-13T23:28:34.910+0000][gc,phases   ] GC(1)   Pre Evacuate Collection Set: 0.31ms
[2026-05-13T23:28:34.910+0000][gc,phases   ] GC(1)   Merge Heap Roots: 0.06ms
[2026-05-13T23:28:34.910+0000][gc,phases   ] GC(1)   Evacuate Collection Set: 25.11ms
[2026-05-13T23:28:34.910+0000][gc,phases   ] GC(1)   Post Evacuate Collection Set: 1.29ms
[2026-05-13T23:28:34.910+0000][gc,phases   ] GC(1)   Other: 0.31ms
[2026-05-13T23:28:34.911+0000][gc,heap     ] GC(1) Eden regions: 17->0(49)
[2026-05-13T23:28:34.911+0000][gc,heap     ] GC(1) Survivor regions: 7->2(7)
[2026-05-13T23:28:34.911+0000][gc,heap     ] GC(1) Old regions: 2->10
[2026-05-13T23:28:34.911+0000][gc,heap     ] GC(1) Humongous regions: 0->0
[2026-05-13T23:28:34.911+0000][gc,metaspace] GC(1) Metaspace: 21300K(21504K)->21300K(21504K) NonClass: 18703K(18816K)->18703K(18816K) Class: 2596K(2688K)->2596K(2688K)
[2026-05-13T23:28:34.911+0000][gc          ] GC(1) Pause Young (Concurrent Start) (Metadata GC Threshold) 25M->10M(1024M) 29.198ms
[2026-05-13T23:28:34.912+0000][gc,cpu      ] GC(1) User=0.02s Sys=0.01s Real=0.03s
[2026-05-13T23:28:34.912+0000][gc          ] GC(2) Concurrent Mark Cycle
[2026-05-13T23:28:34.912+0000][gc,marking  ] GC(2) Concurrent Scan Root Regions
[2026-05-13T23:28:34.925+0000][gc,marking  ] GC(2) Concurrent Scan Root Regions 12.455ms
[2026-05-13T23:28:34.925+0000][gc,marking  ] GC(2) Concurrent Mark
[2026-05-13T23:28:34.927+0000][gc,marking  ] GC(2) Concurrent Mark From Roots
[2026-05-13T23:28:34.928+0000][gc,task     ] GC(2) Using 1 workers of 1 for marking
[2026-05-13T23:28:34.948+0000][gc,marking  ] GC(2) Concurrent Mark From Roots 20.255ms
[2026-05-13T23:28:34.948+0000][gc,marking  ] GC(2) Concurrent Preclean
[2026-05-13T23:28:34.948+0000][gc,marking  ] GC(2) Concurrent Preclean 0.167ms
[2026-05-13T23:28:34.949+0000][gc,start    ] GC(2) Pause Remark
[2026-05-13T23:28:34.958+0000][gc          ] GC(2) Pause Remark 11M->11M(1024M) 9.308ms
[2026-05-13T23:28:34.963+0000][gc,cpu      ] GC(2) User=0.01s Sys=0.00s Real=0.02s
[2026-05-13T23:28:34.965+0000][gc,marking  ] GC(2) Concurrent Mark 40.373ms
[2026-05-13T23:28:34.965+0000][gc,marking  ] GC(2) Concurrent Rebuild Remembered Sets and Scrub Regions
[2026-05-13T23:28:34.974+0000][gc,marking  ] GC(2) Concurrent Rebuild Remembered Sets and Scrub Regions 8.539ms
[2026-05-13T23:28:34.974+0000][gc,start    ] GC(2) Pause Cleanup
[2026-05-13T23:28:34.975+0000][gc          ] GC(2) Pause Cleanup 11M->11M(1024M) 0.300ms
[2026-05-13T23:28:34.975+0000][gc,cpu      ] GC(2) User=0.00s Sys=0.00s Real=0.00s
[2026-05-13T23:28:34.975+0000][gc,marking  ] GC(2) Concurrent Clear Claimed Marks
[2026-05-13T23:28:34.975+0000][gc,marking  ] GC(2) Concurrent Clear Claimed Marks 0.209ms
[2026-05-13T23:28:34.976+0000][gc,marking  ] GC(2) Concurrent Cleanup for Next Mark
[2026-05-13T23:28:35.003+0000][gc,marking  ] GC(2) Concurrent Cleanup for Next Mark 27.625ms
[2026-05-13T23:28:35.004+0000][gc          ] GC(2) Concurrent Mark Cycle 91.664ms
[2026-05-13T23:28:41.564+0000][gc,start    ] GC(3) Pause Young (Normal) (G1 Evacuation Pause)
[2026-05-13T23:28:41.564+0000][gc,task     ] GC(3) Using 2 workers of 2 for evacuation
[2026-05-13T23:28:41.624+0000][gc,phases   ] GC(3)   Pre Evacuate Collection Set: 0.28ms
[2026-05-13T23:28:41.624+0000][gc,phases   ] GC(3)   Merge Heap Roots: 0.07ms
[2026-05-13T23:28:41.624+0000][gc,phases   ] GC(3)   Evacuate Collection Set: 57.29ms
[2026-05-13T23:28:41.625+0000][gc,phases   ] GC(3)   Post Evacuate Collection Set: 1.94ms
[2026-05-13T23:28:41.625+0000][gc,phases   ] GC(3)   Other: 0.34ms
[2026-05-13T23:28:41.625+0000][gc,heap     ] GC(3) Eden regions: 49->0(45)
[2026-05-13T23:28:41.626+0000][gc,heap     ] GC(3) Survivor regions: 2->6(7)
[2026-05-13T23:28:41.626+0000][gc,heap     ] GC(3) Old regions: 10->10
[2026-05-13T23:28:41.627+0000][gc,heap     ] GC(3) Humongous regions: 0->0
[2026-05-13T23:28:41.627+0000][gc,metaspace] GC(3) Metaspace: 33910K(34304K)->33910K(34304K) NonClass: 29996K(30208K)->29996K(30208K) Class: 3914K(4096K)->3914K(4096K)
[2026-05-13T23:28:41.627+0000][gc          ] GC(3) Pause Young (Normal) (G1 Evacuation Pause) 59M->15M(1024M) 63.312ms
[2026-05-13T23:28:41.627+0000][gc,cpu      ] GC(3) User=0.03s Sys=0.00s Real=0.06s
[2026-05-13T23:28:43.262+0000][gc,start    ] GC(4) Pause Young (Concurrent Start) (Metadata GC Threshold)
[2026-05-13T23:28:43.263+0000][gc,task     ] GC(4) Using 2 workers of 2 for evacuation
[2026-05-13T23:28:43.330+0000][gc,phases   ] GC(4)   Pre Evacuate Collection Set: 2.42ms
[2026-05-13T23:28:43.330+0000][gc,phases   ] GC(4)   Merge Heap Roots: 0.06ms
[2026-05-13T23:28:43.330+0000][gc,phases   ] GC(4)   Evacuate Collection Set: 58.69ms
[2026-05-13T23:28:43.330+0000][gc,phases   ] GC(4)   Post Evacuate Collection Set: 5.75ms
[2026-05-13T23:28:43.330+0000][gc,phases   ] GC(4)   Other: 0.53ms
[2026-05-13T23:28:43.331+0000][gc,heap     ] GC(4) Eden regions: 9->0(71)
[2026-05-13T23:28:43.331+0000][gc,heap     ] GC(4) Survivor regions: 6->1(7)
[2026-05-13T23:28:43.331+0000][gc,heap     ] GC(4) Old regions: 10->15
[2026-05-13T23:28:43.331+0000][gc,heap     ] GC(4) Humongous regions: 0->0
[2026-05-13T23:28:43.331+0000][gc,metaspace] GC(4) Metaspace: 35719K(36160K)->35719K(36160K) NonClass: 31588K(31808K)->31588K(31808K) Class: 4131K(4352K)->4131K(4352K)
[2026-05-13T23:28:43.331+0000][gc          ] GC(4) Pause Young (Concurrent Start) (Metadata GC Threshold) 23M->15M(1024M) 68.227ms
[2026-05-13T23:28:43.331+0000][gc,cpu      ] GC(4) User=0.02s Sys=0.00s Real=0.07s
[2026-05-13T23:28:43.331+0000][gc          ] GC(5) Concurrent Mark Cycle
[2026-05-13T23:28:43.331+0000][gc,marking  ] GC(5) Concurrent Scan Root Regions
[2026-05-13T23:28:43.460+0000][gc,marking  ] GC(5) Concurrent Scan Root Regions 129.661ms
[2026-05-13T23:28:43.460+0000][gc,marking  ] GC(5) Concurrent Mark
[2026-05-13T23:28:43.460+0000][gc,marking  ] GC(5) Concurrent Mark From Roots
[2026-05-13T23:28:43.460+0000][gc,task     ] GC(5) Using 1 workers of 1 for marking
[2026-05-13T23:28:43.610+0000][gc,marking  ] GC(5) Concurrent Mark From Roots 149.850ms
[2026-05-13T23:28:43.610+0000][gc,marking  ] GC(5) Concurrent Preclean
[2026-05-13T23:28:43.610+0000][gc,marking  ] GC(5) Concurrent Preclean 0.094ms
[2026-05-13T23:28:43.613+0000][gc,start    ] GC(5) Pause Remark
[2026-05-13T23:28:43.630+0000][gc          ] GC(5) Pause Remark 18M->18M(1024M) 17.167ms
[2026-05-13T23:28:43.631+0000][gc,cpu      ] GC(5) User=0.01s Sys=0.00s Real=0.01s
[2026-05-13T23:28:43.632+0000][gc,marking  ] GC(5) Concurrent Mark 171.669ms
[2026-05-13T23:28:43.632+0000][gc,marking  ] GC(5) Concurrent Rebuild Remembered Sets and Scrub Regions
[2026-05-13T23:28:43.661+0000][gc,marking  ] GC(5) Concurrent Rebuild Remembered Sets and Scrub Regions 28.805ms
[2026-05-13T23:28:43.661+0000][gc,start    ] GC(5) Pause Cleanup
[2026-05-13T23:28:43.661+0000][gc          ] GC(5) Pause Cleanup 18M->18M(1024M) 0.267ms
[2026-05-13T23:28:43.661+0000][gc,cpu      ] GC(5) User=0.00s Sys=0.00s Real=0.00s
[2026-05-13T23:28:43.662+0000][gc,marking  ] GC(5) Concurrent Clear Claimed Marks
[2026-05-13T23:28:43.662+0000][gc,marking  ] GC(5) Concurrent Clear Claimed Marks 0.071ms
[2026-05-13T23:28:43.662+0000][gc,marking  ] GC(5) Concurrent Cleanup for Next Mark
[2026-05-13T23:28:43.692+0000][gc,marking  ] GC(5) Concurrent Cleanup for Next Mark 30.357ms
[2026-05-13T23:28:43.692+0000][gc          ] GC(5) Concurrent Mark Cycle 361.755ms
[2026-05-13T23:28:50.049+0000][gc,start    ] GC(6) Pause Young (Prepare Mixed) (G1 Evacuation Pause)
[2026-05-13T23:28:50.049+0000][gc,task     ] GC(6) Using 2 workers of 2 for evacuation
[2026-05-13T23:28:50.201+0000][gc,phases   ] GC(6)   Pre Evacuate Collection Set: 1.78ms
[2026-05-13T23:28:50.201+0000][gc,phases   ] GC(6)   Merge Heap Roots: 0.18ms
[2026-05-13T23:28:50.201+0000][gc,phases   ] GC(6)   Evacuate Collection Set: 145.47ms
[2026-05-13T23:28:50.201+0000][gc,phases   ] GC(6)   Post Evacuate Collection Set: 4.15ms
[2026-05-13T23:28:50.201+0000][gc,phases   ] GC(6)   Other: 0.31ms
[2026-05-13T23:28:50.201+0000][gc,heap     ] GC(6) Eden regions: 59->0(43)
[2026-05-13T23:28:50.202+0000][gc,heap     ] GC(6) Survivor regions: 1->8(8)
[2026-05-13T23:28:50.202+0000][gc,heap     ] GC(6) Old regions: 15->16
[2026-05-13T23:28:50.202+0000][gc,heap     ] GC(6) Humongous regions: 27->27
[2026-05-13T23:28:50.202+0000][gc,metaspace] GC(6) Metaspace: 44554K(45440K)->44554K(45440K) NonClass: 39295K(39808K)->39295K(39808K) Class: 5259K(5632K)->5259K(5632K)
[2026-05-13T23:28:50.202+0000][gc          ] GC(6) Pause Young (Prepare Mixed) (G1 Evacuation Pause) 101M->50M(1024M) 152.620ms
[2026-05-13T23:28:50.202+0000][gc,cpu      ] GC(6) User=0.03s Sys=0.00s Real=0.15s
[2026-05-13T23:29:01.474+0000][gc,start    ] GC(7) Pause Young (Mixed) (G1 Evacuation Pause)
[2026-05-13T23:29:01.474+0000][gc,task     ] GC(7) Using 2 workers of 2 for evacuation
[2026-05-13T23:29:01.520+0000][gc,phases   ] GC(7)   Pre Evacuate Collection Set: 0.46ms
[2026-05-13T23:29:01.520+0000][gc,phases   ] GC(7)   Merge Heap Roots: 0.54ms
[2026-05-13T23:29:01.520+0000][gc,phases   ] GC(7)   Evacuate Collection Set: 39.56ms
[2026-05-13T23:29:01.520+0000][gc,phases   ] GC(7)   Post Evacuate Collection Set: 5.00ms
[2026-05-13T23:29:01.520+0000][gc,phases   ] GC(7)   Other: 0.18ms
[2026-05-13T23:29:01.520+0000][gc,heap     ] GC(7) Eden regions: 43->0(47)
[2026-05-13T23:29:01.520+0000][gc,heap     ] GC(7) Survivor regions: 8->4(7)
[2026-05-13T23:29:01.520+0000][gc,heap     ] GC(7) Old regions: 16->24
[2026-05-13T23:29:01.520+0000][gc,heap     ] GC(7) Humongous regions: 162->156
[2026-05-13T23:29:01.520+0000][gc,metaspace] GC(7) Metaspace: 48678K(49792K)->48678K(49792K) NonClass: 42846K(43456K)->42846K(43456K) Class: 5831K(6336K)->5831K(6336K)
[2026-05-13T23:29:01.520+0000][gc          ] GC(7) Pause Young (Mixed) (G1 Evacuation Pause) 228M->183M(1024M) 46.128ms
[2026-05-13T23:29:01.520+0000][gc,cpu      ] GC(7) User=0.04s Sys=0.00s Real=0.04s
[2026-05-13T23:29:43.614+0000][gc,start    ] GC(8) Pause Young (Normal) (G1 Evacuation Pause)
[2026-05-13T23:29:43.614+0000][gc,task     ] GC(8) Using 2 workers of 2 for evacuation
[2026-05-13T23:29:43.641+0000][gc,phases   ] GC(8)   Pre Evacuate Collection Set: 1.80ms
[2026-05-13T23:29:43.641+0000][gc,phases   ] GC(8)   Merge Heap Roots: 0.50ms
[2026-05-13T23:29:43.641+0000][gc,phases   ] GC(8)   Evacuate Collection Set: 23.51ms
[2026-05-13T23:29:43.641+0000][gc,phases   ] GC(8)   Post Evacuate Collection Set: 1.30ms
[2026-05-13T23:29:43.641+0000][gc,phases   ] GC(8)   Other: 0.10ms
[2026-05-13T23:29:43.641+0000][gc,heap     ] GC(8) Eden regions: 47->0(49)
[2026-05-13T23:29:43.641+0000][gc,heap     ] GC(8) Survivor regions: 4->7(7)
[2026-05-13T23:29:43.641+0000][gc,heap     ] GC(8) Old regions: 24->24
[2026-05-13T23:29:43.641+0000][gc,heap     ] GC(8) Humongous regions: 157->157
[2026-05-13T23:29:43.641+0000][gc,metaspace] GC(8) Metaspace: 50019K(51200K)->50019K(51200K) NonClass: 44095K(44736K)->44095K(44736K) Class: 5923K(6464K)->5923K(6464K)
[2026-05-13T23:29:43.642+0000][gc          ] GC(8) Pause Young (Normal) (G1 Evacuation Pause) 231M->187M(1024M) 27.995ms
[2026-05-13T23:29:43.642+0000][gc,cpu      ] GC(8) User=0.02s Sys=0.00s Real=0.02s
[2026-05-13T23:30:36.433+0000][gc,start    ] GC(9) Pause Young (Normal) (G1 Evacuation Pause)
[2026-05-13T23:30:36.450+0000][gc,task     ] GC(9) Using 2 workers of 2 for evacuation
[2026-05-13T23:30:36.501+0000][gc,phases   ] GC(9)   Pre Evacuate Collection Set: 1.52ms
[2026-05-13T23:30:36.501+0000][gc,phases   ] GC(9)   Merge Heap Roots: 0.30ms
[2026-05-13T23:30:36.501+0000][gc,phases   ] GC(9)   Evacuate Collection Set: 47.12ms
[2026-05-13T23:30:36.501+0000][gc,phases   ] GC(9)   Post Evacuate Collection Set: 1.59ms
[2026-05-13T23:30:36.501+0000][gc,phases   ] GC(9)   Other: 0.28ms
[2026-05-13T23:30:36.501+0000][gc,heap     ] GC(9) Eden regions: 47->0(105)
[2026-05-13T23:30:36.501+0000][gc,heap     ] GC(9) Survivor regions: 7->7(7)
[2026-05-13T23:30:36.501+0000][gc,heap     ] GC(9) Old regions: 24->28
[2026-05-13T23:30:36.501+0000][gc,heap     ] GC(9) Humongous regions: 157->157
[2026-05-13T23:30:36.501+0000][gc,metaspace] GC(9) Metaspace: 50322K(51520K)->50322K(51520K) NonClass: 44392K(45056K)->44392K(45056K) Class: 5929K(6464K)->5929K(6464K)
[2026-05-13T23:30:36.501+0000][gc          ] GC(9) Pause Young (Normal) (G1 Evacuation Pause) 234M->191M(1024M) 67.882ms
[2026-05-13T23:30:36.501+0000][gc,cpu      ] GC(9) User=0.07s Sys=0.02s Real=0.07s
[2026-05-13T23:32:36.352+0000][gc,start    ] GC(10) Pause Young (Normal) (G1 Evacuation Pause)
[2026-05-13T23:32:36.355+0000][gc,task     ] GC(10) Using 2 workers of 2 for evacuation
[2026-05-13T23:32:36.411+0000][gc,phases   ] GC(10)   Pre Evacuate Collection Set: 2.41ms
[2026-05-13T23:32:36.411+0000][gc,phases   ] GC(10)   Merge Heap Roots: 0.27ms
[2026-05-13T23:32:36.411+0000][gc,phases   ] GC(10)   Evacuate Collection Set: 50.85ms
[2026-05-13T23:32:36.411+0000][gc,phases   ] GC(10)   Post Evacuate Collection Set: 1.50ms
[2026-05-13T23:32:36.411+0000][gc,phases   ] GC(10)   Other: 0.31ms
[2026-05-13T23:32:36.411+0000][gc,heap     ] GC(10) Eden regions: 103->0(91)
[2026-05-13T23:32:36.411+0000][gc,heap     ] GC(10) Survivor regions: 7->14(14)
[2026-05-13T23:32:36.411+0000][gc,heap     ] GC(10) Old regions: 28->28
[2026-05-13T23:32:36.411+0000][gc,heap     ] GC(10) Humongous regions: 157->157
[2026-05-13T23:32:36.411+0000][gc,metaspace] GC(10) Metaspace: 50850K(52032K)->50850K(52032K) NonClass: 44917K(45568K)->44917K(45568K) Class: 5932K(6464K)->5932K(6464K)
[2026-05-13T23:32:36.411+0000][gc          ] GC(10) Pause Young (Normal) (G1 Evacuation Pause) 294M->198M(1024M) 58.518ms
[2026-05-13T23:32:36.411+0000][gc,cpu      ] GC(10) User=0.05s Sys=0.02s Real=0.06s
[2026-05-13T23:34:41.443+0000][gc,start    ] GC(11) Pause Young (Normal) (G1 Evacuation Pause)
[2026-05-13T23:34:41.450+0000][gc,task     ] GC(11) Using 2 workers of 2 for evacuation
[2026-05-13T23:34:41.541+0000][gc,phases   ] GC(11)   Pre Evacuate Collection Set: 0.76ms
[2026-05-13T23:34:41.541+0000][gc,phases   ] GC(11)   Merge Heap Roots: 0.11ms
[2026-05-13T23:34:41.541+0000][gc,phases   ] GC(11)   Evacuate Collection Set: 86.93ms
[2026-05-13T23:34:41.541+0000][gc,phases   ] GC(11)   Post Evacuate Collection Set: 2.85ms
[2026-05-13T23:34:41.541+0000][gc,phases   ] GC(11)   Other: 0.14ms
[2026-05-13T23:34:41.541+0000][gc,heap     ] GC(11) Eden regions: 91->0(152)
[2026-05-13T23:34:41.541+0000][gc,heap     ] GC(11) Survivor regions: 14->6(14)
[2026-05-13T23:34:41.541+0000][gc,heap     ] GC(11) Old regions: 28->33
[2026-05-13T23:34:41.541+0000][gc,heap     ] GC(11) Humongous regions: 157->157
[2026-05-13T23:34:41.541+0000][gc,metaspace] GC(11) Metaspace: 51553K(52736K)->51553K(52736K) NonClass: 45552K(46208K)->45552K(46208K) Class: 6000K(6528K)->6000K(6528K)
[2026-05-13T23:34:41.541+0000][gc          ] GC(11) Pause Young (Normal) (G1 Evacuation Pause) 289M->195M(1024M) 97.577ms
[2026-05-13T23:34:41.541+0000][gc,cpu      ] GC(11) User=0.04s Sys=0.01s Real=0.09s
[2026-05-13T23:39:43.706+0000][gc,start    ] GC(12) Pause Young (Normal) (G1 Evacuation Pause)
[2026-05-13T23:39:43.707+0000][gc,task     ] GC(12) Using 2 workers of 2 for evacuation
[2026-05-13T23:39:43.752+0000][gc,phases   ] GC(12)   Pre Evacuate Collection Set: 0.99ms
[2026-05-13T23:39:43.753+0000][gc,phases   ] GC(12)   Merge Heap Roots: 0.30ms
[2026-05-13T23:39:43.753+0000][gc,phases   ] GC(12)   Evacuate Collection Set: 42.29ms
[2026-05-13T23:39:43.753+0000][gc,phases   ] GC(12)   Post Evacuate Collection Set: 1.12ms
[2026-05-13T23:39:43.753+0000][gc,phases   ] GC(12)   Other: 0.43ms
[2026-05-13T23:39:43.753+0000][gc,heap     ] GC(12) Eden regions: 141->0(136)
[2026-05-13T23:39:43.754+0000][gc,heap     ] GC(12) Survivor regions: 6->12(19)
[2026-05-13T23:39:43.754+0000][gc,heap     ] GC(12) Old regions: 33->33
[2026-05-13T23:39:43.754+0000][gc,heap     ] GC(12) Humongous regions: 157->157
[2026-05-13T23:39:43.754+0000][gc,metaspace] GC(12) Metaspace: 51775K(53056K)->51775K(53056K) NonClass: 45761K(46464K)->45761K(46464K) Class: 6014K(6592K)->6014K(6592K)
[2026-05-13T23:39:43.754+0000][gc          ] GC(12) Pause Young (Normal) (G1 Evacuation Pause) 336M->200M(1024M) 48.441ms
[2026-05-13T23:39:43.755+0000][gc,cpu      ] GC(12) User=0.05s Sys=0.02s Real=0.05s
[2026-05-13T23:44:33.354+0000][gc,start    ] GC(13) Pause Young (Normal) (G1 Evacuation Pause)
[2026-05-13T23:44:33.355+0000][gc,task     ] GC(13) Using 2 workers of 2 for evacuation
[2026-05-13T23:44:33.395+0000][gc,phases   ] GC(13)   Pre Evacuate Collection Set: 0.73ms
[2026-05-13T23:44:33.395+0000][gc,phases   ] GC(13)   Merge Heap Roots: 0.20ms
[2026-05-13T23:44:33.395+0000][gc,phases   ] GC(13)   Evacuate Collection Set: 37.99ms
[2026-05-13T23:44:33.395+0000][gc,phases   ] GC(13)   Post Evacuate Collection Set: 0.92ms
[2026-05-13T23:44:33.395+0000][gc,phases   ] GC(13)   Other: 0.29ms
[2026-05-13T23:44:33.395+0000][gc,heap     ] GC(13) Eden regions: 131->0(175)
[2026-05-13T23:44:33.395+0000][gc,heap     ] GC(13) Survivor regions: 12->15(18)
[2026-05-13T23:44:33.395+0000][gc,heap     ] GC(13) Old regions: 33->36
[2026-05-13T23:44:33.395+0000][gc,heap     ] GC(13) Humongous regions: 157->157
[2026-05-13T23:44:33.395+0000][gc,metaspace] GC(13) Metaspace: 51817K(53056K)->51817K(53056K) NonClass: 45803K(46464K)->45803K(46464K) Class: 6014K(6592K)->6014K(6592K)
[2026-05-13T23:44:33.396+0000][gc          ] GC(13) Pause Young (Normal) (G1 Evacuation Pause) 331M->207M(1024M) 41.074ms
[2026-05-13T23:44:33.396+0000][gc,cpu      ] GC(13) User=0.07s Sys=0.00s Real=0.04s
[2026-05-13T23:46:04.960+0000][gc,heap,exit] Heap
[2026-05-13T23:46:04.960+0000][gc,heap,exit]  garbage-first heap   total 1048576K, used 333297K [0x00000000c0000000, 0x0000000100000000)
[2026-05-13T23:46:04.961+0000][gc,heap,exit]   region size 1024K, 133 young (136192K), 15 survivors (15360K)
[2026-05-13T23:46:04.961+0000][gc,heap,exit]  Metaspace       used 53810K, committed 55168K, reserved 1114112K
[2026-05-13T23:46:04.961+0000][gc,heap,exit]   class space    used 6418K, committed 7040K, reserved 1048576K
